#
# There is insufficient memory for the Java Runtime Environment to continue.
# Native memory allocation (malloc) failed to allocate 1789296 bytes. Error detail: Chunk::new
# Possible reasons:
#   The system is out of physical RAM or swap space
#   This process is running with CompressedOops enabled, and the Java Heap may be blocking the growth of the native heap
# Possible solutions:
#   Reduce memory load on the system
#   Increase physical memory or swap space
#   Check if swap backing store is full
#   Decrease Java heap size (-Xmx/-Xms)
#   Decrease number of Java threads
#   Decrease Java thread stack sizes (-Xss)
#   Set larger code cache with -XX:ReservedCodeCacheSize=
#   JVM is running with Unscaled Compressed Oops mode in which the Java heap is
#     placed in the first 4GB address space. The Java Heap base address is the
#     maximum limit for the native heap growth. Please use -XX:HeapBaseMinAddress
#     to set the Java Heap base and to place the Java Heap above 4GB virtual address.
# This output file may be truncated or incomplete.
#
#  Out of Memory Error (arena.cpp:191), pid=25996, tid=11800
#
# JRE version: OpenJDK Runtime Environment Temurin-17.0.20+8 (17.0.20+8) (build 17.0.20+8)
# Java VM: OpenJDK 64-Bit Server VM Temurin-17.0.20+8 (17.0.20+8, mixed mode, sharing, tiered, compressed oops, compressed class ptrs, g1 gc, windows-amd64)
# No core dump will be written. Minidumps are not enabled by default on client versions of Windows
#

---------------  S U M M A R Y ------------

Command Line: --add-opens=java.base/java.lang=ALL-UNNAMED --add-opens=java.base/java.lang.invoke=ALL-UNNAMED --add-opens=java.base/java.util=ALL-UNNAMED --add-opens=java.prefs/java.util.prefs=ALL-UNNAMED --add-exports=jdk.compiler/com.sun.tools.javac.api=ALL-UNNAMED --add-exports=jdk.compiler/com.sun.tools.javac.util=ALL-UNNAMED --add-opens=java.base/java.util=ALL-UNNAMED --add-opens=java.prefs/java.util.prefs=ALL-UNNAMED --add-opens=java.base/java.nio.charset=ALL-UNNAMED --add-opens=java.base/java.net=ALL-UNNAMED --add-opens=java.base/java.util.concurrent.atomic=ALL-UNNAMED --add-opens=java.xml/javax.xml.namespace=ALL-UNNAMED -XX:MaxMetaspaceSize=256m -XX:ReservedCodeCacheSize=128m -XX:+HeapDumpOnOutOfMemoryError -Xss1m -Xmx1024m -Dfile.encoding=UTF-8 -Duser.country=FR -Duser.language=fr -Duser.variant -javaagent:C:\Users\berro\.gradle\wrapper\dists\gradle-8.14-all\c2qonpi39x1mddn7hk5gh9iqj\gradle-8.14\lib\agents\gradle-instrumentation-agent-8.14.jar org.gradle.launcher.daemon.bootstrap.GradleDaemon 8.14

Host: 13th Gen Intel(R) Core(TM) i5-13400, 16 cores, 15G,  Windows 11 , 64 bit Build 26100 (10.0.26100.9168)
Time: Mon Aug 24 15:15:40 2026 Afr. centrale Ouest elapsed time: 10.819441 seconds (0d 0h 0m 10s)

---------------  T H R E A D  ---------------

Current thread (0x0000027d471fba10):  JavaThread "C2 CompilerThread1" daemon [_thread_in_native, id=11800, stack(0x000000f0bb800000,0x000000f0bb900000)]


Current CompileTask:
C2:10819 10194       4       org.gradle.internal.service.DefaultServiceRegistry$OwnServices::getService (317 bytes)

Stack: [0x000000f0bb800000,0x000000f0bb900000]
Native frames: (J=compiled Java code, j=interpreted, Vv=VM code, C=native code)
V  [jvm.dll+0x684d39]
V  [jvm.dll+0x83a565]
V  [jvm.dll+0x83bfde]
V  [jvm.dll+0x83c663]
V  [jvm.dll+0x2490cf]
V  [jvm.dll+0xad536]
V  [jvm.dll+0xadbdc]
V  [jvm.dll+0x2b07af]
V  [jvm.dll+0x58b025]
V  [jvm.dll+0x223054]
V  [jvm.dll+0x22344d]
V  [jvm.dll+0x21c0fb]
V  [jvm.dll+0x219212]
V  [jvm.dll+0x1a49e0]
V  [jvm.dll+0x229a6a]
V  [jvm.dll+0x227c1b]
V  [jvm.dll+0x7f0d18]
V  [jvm.dll+0x7eb17c]
V  [jvm.dll+0x683c07]
C  [ucrtbase.dll+0x2cd30]
C  [KERNEL32.DLL+0x2ccb7]
C  [ntdll.dll+0xaad6c]


---------------  P R O C E S S  ---------------

Threads class SMR info:
_java_thread_list=0x0000027d44da8780, length=56, elements={
0x0000027d18d4ddd0, 0x0000027d2e61a830, 0x0000027d2e61f320, 0x0000027d2e77a610,
0x0000027d2e77aee0, 0x0000027d2e77b7b0, 0x0000027d2e77e090, 0x0000027d2e77ec90,
0x0000027d2e7835c0, 0x0000027d2e783ed0, 0x0000027d2e6024d0, 0x0000027d2e89bff0,
0x0000027d2e89c510, 0x0000027d2e89ca30, 0x0000027d2ea15d40, 0x0000027d42c87e80,
0x0000027d42c85600, 0x0000027d42c888a0, 0x0000027d42c85b10, 0x0000027d42c88390,
0x0000027d42c87460, 0x0000027d42c87970, 0x0000027d42c86020, 0x0000027d42c88db0,
0x0000027d42c86530, 0x0000027d42c86a40, 0x0000027d42c86f50, 0x0000027d430774b0,
0x0000027d43076fa0, 0x0000027d43079820, 0x0000027d43078e00, 0x0000027d430788f0,
0x0000027d430783e0, 0x0000027d43079310, 0x0000027d43076070, 0x0000027d4307a240,
0x0000027d43076a90, 0x0000027d4307a750, 0x0000027d4307b170, 0x0000027d4307cfd0,
0x0000027d4307d4e0, 0x0000027d4307d9f0, 0x0000027d4655ede0, 0x0000027d46561150,
0x0000027d46561b70, 0x0000027d46560730, 0x0000027d46560220, 0x0000027d46560c40,
0x0000027d46561660, 0x0000027d471fba10, 0x0000027d2e986e80, 0x0000027d2e985a40,
0x0000027d471fdf40, 0x0000027d2e986970, 0x0000027d471fef30, 0x0000027d471ff480
}

Java Threads: ( => current thread )
  0x0000027d18d4ddd0 JavaThread "main" [_thread_blocked, id=23968, stack(0x000000f0ba400000,0x000000f0ba500000)]
  0x0000027d2e61a830 JavaThread "Reference Handler" daemon [_thread_blocked, id=17240, stack(0x000000f0bab00000,0x000000f0bac00000)]
  0x0000027d2e61f320 JavaThread "Finalizer" daemon [_thread_blocked, id=28788, stack(0x000000f0bac00000,0x000000f0bad00000)]
  0x0000027d2e77a610 JavaThread "Signal Dispatcher" daemon [_thread_blocked, id=14544, stack(0x000000f0bad00000,0x000000f0bae00000)]
  0x0000027d2e77aee0 JavaThread "Attach Listener" daemon [_thread_blocked, id=25756, stack(0x000000f0bae00000,0x000000f0baf00000)]
  0x0000027d2e77b7b0 JavaThread "Service Thread" daemon [_thread_blocked, id=29584, stack(0x000000f0baf00000,0x000000f0bb000000)]
  0x0000027d2e77e090 JavaThread "Monitor Deflation Thread" daemon [_thread_blocked, id=5228, stack(0x000000f0bb000000,0x000000f0bb100000)]
  0x0000027d2e77ec90 JavaThread "C2 CompilerThread0" daemon [_thread_in_native, id=10860, stack(0x000000f0bb100000,0x000000f0bb200000)]
  0x0000027d2e7835c0 JavaThread "C1 CompilerThread0" daemon [_thread_in_native, id=14396, stack(0x000000f0bb200000,0x000000f0bb300000)]
  0x0000027d2e783ed0 JavaThread "Sweeper thread" daemon [_thread_blocked, id=24208, stack(0x000000f0bb300000,0x000000f0bb400000)]
  0x0000027d2e6024d0 JavaThread "Common-Cleaner" daemon [_thread_blocked, id=15424, stack(0x000000f0bb400000,0x000000f0bb500000)]
  0x0000027d2e89bff0 JavaThread "C1 CompilerThread1" daemon [_thread_blocked, id=11384, stack(0x000000f0bb500000,0x000000f0bb600000)]
  0x0000027d2e89c510 JavaThread "C1 CompilerThread2" daemon [_thread_blocked, id=25736, stack(0x000000f0bb600000,0x000000f0bb700000)]
  0x0000027d2e89ca30 JavaThread "C1 CompilerThread3" daemon [_thread_in_native, id=18804, stack(0x000000f0bb700000,0x000000f0bb800000)]
  0x0000027d2ea15d40 JavaThread "Notification Thread" daemon [_thread_blocked, id=22804, stack(0x000000f0bb900000,0x000000f0bba00000)]
  0x0000027d42c87e80 JavaThread "Daemon health stats" [_thread_blocked, id=14888, stack(0x000000f0bc200000,0x000000f0bc300000)]
  0x0000027d42c85600 JavaThread "Incoming local TCP Connector on port 51388" [_thread_in_native, id=23632, stack(0x000000f0bc300000,0x000000f0bc400000)]
  0x0000027d42c888a0 JavaThread "Daemon periodic checks" [_thread_blocked, id=21020, stack(0x000000f0bc400000,0x000000f0bc500000)]
  0x0000027d42c85b10 JavaThread "Daemon" [_thread_blocked, id=16752, stack(0x000000f0bc500000,0x000000f0bc600000)]
  0x0000027d42c88390 JavaThread "Handler for socket connection from /127.0.0.1:51388 to /127.0.0.1:51389" [_thread_in_native, id=28032, stack(0x000000f0bc600000,0x000000f0bc700000)]
  0x0000027d42c87460 JavaThread "Cancel handler" [_thread_blocked, id=8236, stack(0x000000f0bc700000,0x000000f0bc800000)]
  0x0000027d42c87970 JavaThread "Daemon worker" [_thread_in_native, id=28384, stack(0x000000f0bc800000,0x000000f0bc900000)]
  0x0000027d42c86020 JavaThread "Asynchronous log dispatcher for DefaultDaemonConnection: socket connection from /127.0.0.1:51388 to /127.0.0.1:51389" [_thread_blocked, id=25796, stack(0x000000f0bc900000,0x000000f0bca00000)]
  0x0000027d42c88db0 JavaThread "Stdin handler" [_thread_blocked, id=5976, stack(0x000000f0bca00000,0x000000f0bcb00000)]
  0x0000027d42c86530 JavaThread "Daemon client event forwarder" [_thread_blocked, id=3236, stack(0x000000f0bcb00000,0x000000f0bcc00000)]
  0x0000027d42c86a40 JavaThread "Cache worker for journal cache (C:\Users\berro\.gradle\caches\journal-1)" [_thread_blocked, id=25136, stack(0x000000f0bcc00000,0x000000f0bcd00000)]
  0x0000027d42c86f50 JavaThread "File lock request listener" [_thread_in_native, id=27076, stack(0x000000f0bcd00000,0x000000f0bce00000)]
  0x0000027d430774b0 JavaThread "Cache worker for file hash cache (C:\Users\berro\.gradle\caches\8.14\fileHashes)" [_thread_blocked, id=16248, stack(0x000000f0bce00000,0x000000f0bcf00000)]
  0x0000027d43076fa0 JavaThread "Cache worker for file hash cache (C:\Users\berro\Desktop\SmartLab\smartlaboratory\android\.gradle\8.14\fileHashes)" [_thread_blocked, id=14908, stack(0x000000f0bcf00000,0x000000f0bd000000)]
  0x0000027d43079820 JavaThread "Cache worker for Build Output Cleanup Cache (C:\Users\berro\Desktop\SmartLab\smartlaboratory\android\.gradle\buildOutputCleanup)" [_thread_blocked, id=24620, stack(0x000000f0bd000000,0x000000f0bd100000)]
  0x0000027d43078e00 JavaThread "File watcher server" daemon [_thread_in_native, id=2428, stack(0x000000f0bda00000,0x000000f0bdb00000)]
  0x0000027d430788f0 JavaThread "File watcher consumer" daemon [_thread_blocked, id=11544, stack(0x000000f0bdb00000,0x000000f0bdc00000)]
  0x0000027d430783e0 JavaThread "jar transforms" [_thread_blocked, id=21616, stack(0x000000f0bdc00000,0x000000f0bdd00000)]
  0x0000027d43079310 JavaThread "jar transforms Thread 2" [_thread_blocked, id=23768, stack(0x000000f0bdd00000,0x000000f0bde00000)]
  0x0000027d43076070 JavaThread "jar transforms Thread 3" [_thread_blocked, id=9956, stack(0x000000f0bde00000,0x000000f0bdf00000)]
  0x0000027d4307a240 JavaThread "jar transforms Thread 4" [_thread_blocked, id=2520, stack(0x000000f0bdf00000,0x000000f0be000000)]
  0x0000027d43076a90 JavaThread "jar transforms Thread 5" [_thread_blocked, id=23376, stack(0x000000f0be000000,0x000000f0be100000)]
  0x0000027d4307a750 JavaThread "Cache worker for checksums cache (C:\Users\berro\Desktop\SmartLab\smartlaboratory\android\.gradle\8.14\checksums)" [_thread_blocked, id=25680, stack(0x000000f0be100000,0x000000f0be200000)]
  0x0000027d4307b170 JavaThread "Cache worker for file content cache (C:\Users\berro\.gradle\caches\8.14\fileContent)" [_thread_blocked, id=27044, stack(0x000000f0be200000,0x000000f0be300000)]
  0x0000027d4307cfd0 JavaThread "jar transforms Thread 6" [_thread_blocked, id=27020, stack(0x000000f0be300000,0x000000f0be400000)]
  0x0000027d4307d4e0 JavaThread "jar transforms Thread 7" [_thread_blocked, id=11812, stack(0x000000f0be400000,0x000000f0be500000)]
  0x0000027d4307d9f0 JavaThread "jar transforms Thread 8" [_thread_blocked, id=9976, stack(0x000000f0be500000,0x000000f0be600000)]
  0x0000027d4655ede0 JavaThread "jar transforms Thread 9" [_thread_blocked, id=468, stack(0x000000f0be600000,0x000000f0be700000)]
  0x0000027d46561150 JavaThread "jar transforms Thread 10" [_thread_blocked, id=4844, stack(0x000000f0be700000,0x000000f0be800000)]
  0x0000027d46561b70 JavaThread "jar transforms Thread 11" [_thread_blocked, id=424, stack(0x000000f0be800000,0x000000f0be900000)]
  0x0000027d46560730 JavaThread "jar transforms Thread 12" [_thread_blocked, id=11420, stack(0x000000f0be900000,0x000000f0bea00000)]
  0x0000027d46560220 JavaThread "jar transforms Thread 13" [_thread_blocked, id=25464, stack(0x000000f0bea00000,0x000000f0beb00000)]
  0x0000027d46560c40 JavaThread "jar transforms Thread 14" [_thread_blocked, id=22720, stack(0x000000f0beb00000,0x000000f0bec00000)]
  0x0000027d46561660 JavaThread "jar transforms Thread 15" [_thread_blocked, id=28472, stack(0x000000f0bec00000,0x000000f0bed00000)]
=>0x0000027d471fba10 JavaThread "C2 CompilerThread1" daemon [_thread_in_native, id=11800, stack(0x000000f0bb800000,0x000000f0bb900000)]
  0x0000027d2e986e80 JavaThread "Cache worker for cache directory md-supplier (C:\Users\berro\.gradle\caches\8.14\md-supplier)" [_thread_blocked, id=26504, stack(0x000000f0bbb00000,0x000000f0bbc00000)]
  0x0000027d2e985a40 JavaThread "Cache worker for cache directory md-rule (C:\Users\berro\.gradle\caches\8.14\md-rule)" [_thread_blocked, id=20672, stack(0x000000f0bbc00000,0x000000f0bbd00000)]
  0x0000027d471fdf40 JavaThread "C2 CompilerThread2" daemon [_thread_in_native, id=1796, stack(0x000000f0bf000000,0x000000f0bf100000)]
  0x0000027d2e986970 JavaThread "Cache worker for Build Output Cleanup Cache (C:\flutter\packages\flutter_tools\gradle\.gradle\buildOutputCleanup)" [_thread_blocked, id=26344, stack(0x000000f0bf100000,0x000000f0bf200000)]
  0x0000027d471fef30 JavaThread "C2 CompilerThread3" daemon [_thread_in_native, id=23388, stack(0x000000f0bf200000,0x000000f0bf300000)]
  0x0000027d471ff480 JavaThread "C2 CompilerThread4" daemon [_thread_in_native, id=21312, stack(0x000000f0bf300000,0x000000f0bf400000)]

Other Threads:
  0x0000027d2e613840 VMThread "VM Thread" [stack: 0x000000f0baa00000,0x000000f0bab00000] [id=21420]
  0x0000027d18d4e900 WatcherThread [stack: 0x000000f0bba00000,0x000000f0bbb00000] [id=27088]
  0x0000027d18d8be70 GCTaskThread "GC Thread#0" [stack: 0x000000f0ba500000,0x000000f0ba600000] [id=19100]
  0x0000027d2eb68ee0 GCTaskThread "GC Thread#1" [stack: 0x000000f0bbd00000,0x000000f0bbe00000] [id=28492]
  0x0000027d2eb691a0 GCTaskThread "GC Thread#2" [stack: 0x000000f0bbe00000,0x000000f0bbf00000] [id=20852]
  0x0000027d41726980 GCTaskThread "GC Thread#3" [stack: 0x000000f0bbf00000,0x000000f0bc000000] [id=27784]
  0x0000027d41726c40 GCTaskThread "GC Thread#4" [stack: 0x000000f0bc000000,0x000000f0bc100000] [id=22404]
  0x0000027d414d40d0 GCTaskThread "GC Thread#5" [stack: 0x000000f0bc100000,0x000000f0bc200000] [id=27424]
  0x0000027d434f1400 GCTaskThread "GC Thread#6" [stack: 0x000000f0bd100000,0x000000f0bd200000] [id=15740]
  0x0000027d434f2a00 GCTaskThread "GC Thread#7" [stack: 0x000000f0bd200000,0x000000f0bd300000] [id=26912]
  0x0000027d434f16c0 GCTaskThread "GC Thread#8" [stack: 0x000000f0bd300000,0x000000f0bd400000] [id=19832]
  0x0000027d434f0e80 GCTaskThread "GC Thread#9" [stack: 0x000000f0bd400000,0x000000f0bd500000] [id=19148]
  0x0000027d434f2480 GCTaskThread "GC Thread#10" [stack: 0x000000f0bd500000,0x000000f0bd600000] [id=5628]
  0x0000027d434f1980 GCTaskThread "GC Thread#11" [stack: 0x000000f0bd600000,0x000000f0bd700000] [id=9352]
  0x0000027d434f1f00 GCTaskThread "GC Thread#12" [stack: 0x000000f0bd700000,0x000000f0bd800000] [id=20416]
  0x0000027d18d94e30 ConcurrentGCThread "G1 Main Marker" [stack: 0x000000f0ba600000,0x000000f0ba700000] [id=19344]
  0x0000027d18d97180 ConcurrentGCThread "G1 Conc#0" [stack: 0x000000f0ba700000,0x000000f0ba800000] [id=28752]
  0x0000027d434f2740 ConcurrentGCThread "G1 Conc#1" [stack: 0x000000f0bd800000,0x000000f0bd900000] [id=9916]
  0x0000027d434f1140 ConcurrentGCThread "G1 Conc#2" [stack: 0x000000f0bd900000,0x000000f0bda00000] [id=19092]
  0x0000027d18dfe560 ConcurrentGCThread "G1 Refine#0" [stack: 0x000000f0ba800000,0x000000f0ba900000] [id=4272]
  0x0000027d45525540 ConcurrentGCThread "G1 Refine#1" [stack: 0x000000f0bed00000,0x000000f0bee00000] [id=2508]
  0x0000027d45525830 ConcurrentGCThread "G1 Refine#2" [stack: 0x000000f0bee00000,0x000000f0bef00000] [id=18100]
  0x0000027d455263f0 ConcurrentGCThread "G1 Refine#3" [stack: 0x000000f0bef00000,0x000000f0bf000000] [id=26536]
  0x0000027d2e4cf1f0 ConcurrentGCThread "G1 Service" [stack: 0x000000f0ba900000,0x000000f0baa00000] [id=15592]

Threads with active compile tasks:
C2 CompilerThread0  10854 10451       4       org.jetbrains.kotlin.metadata.ProtoBuf$Type::writeTo (354 bytes)
C2 CompilerThread1  10854 10194       4       org.gradle.internal.service.DefaultServiceRegistry$OwnServices::getService (317 bytes)
C2 CompilerThread2  10854 10264       4       org.jetbrains.kotlin.com.intellij.openapi.vfs.VirtualFile::getNameSequence (13 bytes)
C2 CompilerThread3  10854 10448       4       org.jetbrains.kotlin.protobuf.GeneratedMessageLite$ExtendableMessage$ExtensionWriter::<init> (57 bytes)
C2 CompilerThread4  10855 10230       4       java.util.Properties::getProperty (50 bytes)

VM state: not at safepoint (normal execution)

VM Mutex/Monitor currently owned by a thread: None

Heap address: 0x00000000c0000000, size: 1024 MB, Compressed Oops mode: 32-bit

CDS archive(s) mapped at: [0x0000027d2f000000-0x0000027d2fbb0000-0x0000027d2fbb0000), size 12255232, SharedBaseAddress: 0x0000027d2f000000, ArchiveRelocationMode: 1.
Compressed class space mapped at: 0x0000027d30000000-0x0000027d3d000000, reserved size: 218103808
Narrow klass base: 0x0000027d2f000000, Narrow klass shift: 0, Narrow klass range: 0x100000000

GC Precious Log:
 CPUs: 16 total, 16 available
 Memory: 15998M
 Large Page Support: Disabled
 NUMA Support: Disabled
 Compressed Oops: Enabled (32-bit)
 Heap Region Size: 1M
 Heap Min Capacity: 8M
 Heap Initial Capacity: 250M
 Heap Max Capacity: 1G
 Pre-touch: Disabled
 Parallel Workers: 13
 Concurrent Workers: 3
 Concurrent Refinement Workers: 13
 Periodic GC: Disabled

Heap:
 garbage-first heap   total 175104K, used 135796K [0x00000000c0000000, 0x0000000100000000)
  region size 1024K, 55 young (56320K), 6 survivors (6144K)
 Metaspace       used 108023K, committed 108800K, reserved 344064K
  class space    used 13618K, committed 13952K, reserved 212992K

Heap Regions: E=young(eden), S=young(survivor), O=old, HS=humongous(starts), HC=humongous(continues), CS=collection set, F=free, OA=open archive, CA=closed archive, TAMS=top-at-mark-start (previous, next)
|   0|0x00000000c0000000, 0x00000000c0100000, 0x00000000c0100000|100%|HS|  |TAMS 0x00000000c0100000, 0x00000000c0000000| Complete 
|   1|0x00000000c0100000, 0x00000000c0200000, 0x00000000c0200000|100%|HC|  |TAMS 0x00000000c0200000, 0x00000000c0100000| Complete 
|   2|0x00000000c0200000, 0x00000000c0300000, 0x00000000c0300000|100%|HC|  |TAMS 0x00000000c0300000, 0x00000000c0200000| Complete 
|   3|0x00000000c0300000, 0x00000000c0400000, 0x00000000c0400000|100%| O|  |TAMS 0x00000000c0400000, 0x00000000c0300000| Untracked 
|   4|0x00000000c0400000, 0x00000000c0500000, 0x00000000c0500000|100%| O|  |TAMS 0x00000000c0500000, 0x00000000c0400000| Untracked 
|   5|0x00000000c0500000, 0x00000000c0600000, 0x00000000c0600000|100%| O|  |TAMS 0x00000000c0600000, 0x00000000c0500000| Untracked 
|   6|0x00000000c0600000, 0x00000000c0700000, 0x00000000c0700000|100%|HS|  |TAMS 0x00000000c0700000, 0x00000000c0600000| Complete 
|   7|0x00000000c0700000, 0x00000000c0800000, 0x00000000c0800000|100%| O|  |TAMS 0x00000000c0800000, 0x00000000c0700000| Untracked 
|   8|0x00000000c0800000, 0x00000000c0900000, 0x00000000c0900000|100%| O|  |TAMS 0x00000000c0900000, 0x00000000c0800000| Untracked 
|   9|0x00000000c0900000, 0x00000000c0a00000, 0x00000000c0a00000|100%| O|  |TAMS 0x00000000c0a00000, 0x00000000c0900000| Untracked 
|  10|0x00000000c0a00000, 0x00000000c0b00000, 0x00000000c0b00000|100%| O|  |TAMS 0x00000000c0b00000, 0x00000000c0a00000| Untracked 
|  11|0x00000000c0b00000, 0x00000000c0c00000, 0x00000000c0c00000|100%| O|  |TAMS 0x00000000c0c00000, 0x00000000c0b00000| Untracked 
|  12|0x00000000c0c00000, 0x00000000c0d00000, 0x00000000c0d00000|100%| O|  |TAMS 0x00000000c0d00000, 0x00000000c0c00000| Untracked 
|  13|0x00000000c0d00000, 0x00000000c0e00000, 0x00000000c0e00000|100%| O|  |TAMS 0x00000000c0e00000, 0x00000000c0d00000| Untracked 
|  14|0x00000000c0e00000, 0x00000000c0f00000, 0x00000000c0f00000|100%| O|  |TAMS 0x00000000c0f00000, 0x00000000c0e00000| Untracked 
|  15|0x00000000c0f00000, 0x00000000c1000000, 0x00000000c1000000|100%| O|  |TAMS 0x00000000c1000000, 0x00000000c0f00000| Untracked 
|  16|0x00000000c1000000, 0x00000000c1100000, 0x00000000c1100000|100%| O|  |TAMS 0x00000000c1100000, 0x00000000c1000000| Untracked 
|  17|0x00000000c1100000, 0x00000000c1200000, 0x00000000c1200000|100%| O|  |TAMS 0x00000000c1200000, 0x00000000c1100000| Untracked 
|  18|0x00000000c1200000, 0x00000000c1300000, 0x00000000c1300000|100%| O|  |TAMS 0x00000000c1300000, 0x00000000c1200000| Untracked 
|  19|0x00000000c1300000, 0x00000000c1400000, 0x00000000c1400000|100%| O|  |TAMS 0x00000000c1400000, 0x00000000c1300000| Untracked 
|  20|0x00000000c1400000, 0x00000000c1500000, 0x00000000c1500000|100%| O|  |TAMS 0x00000000c1500000, 0x00000000c1400000| Untracked 
|  21|0x00000000c1500000, 0x00000000c1600000, 0x00000000c1600000|100%| O|  |TAMS 0x00000000c1600000, 0x00000000c1500000| Untracked 
|  22|0x00000000c1600000, 0x00000000c1700000, 0x00000000c1700000|100%| O|  |TAMS 0x00000000c1700000, 0x00000000c1600000| Untracked 
|  23|0x00000000c1700000, 0x00000000c1800000, 0x00000000c1800000|100%| O|  |TAMS 0x00000000c1800000, 0x00000000c1700000| Untracked 
|  24|0x00000000c1800000, 0x00000000c1900000, 0x00000000c1900000|100%| O|  |TAMS 0x00000000c1900000, 0x00000000c1800000| Untracked 
|  25|0x00000000c1900000, 0x00000000c1a00000, 0x00000000c1a00000|100%| O|  |TAMS 0x00000000c1a00000, 0x00000000c1900000| Untracked 
|  26|0x00000000c1a00000, 0x00000000c1b00000, 0x00000000c1b00000|100%| O|  |TAMS 0x00000000c1b00000, 0x00000000c1a00000| Untracked 
|  27|0x00000000c1b00000, 0x00000000c1c00000, 0x00000000c1c00000|100%| O|  |TAMS 0x00000000c1c00000, 0x00000000c1b00000| Untracked 
|  28|0x00000000c1c00000, 0x00000000c1d00000, 0x00000000c1d00000|100%| O|  |TAMS 0x00000000c1d00000, 0x00000000c1c00000| Untracked 
|  29|0x00000000c1d00000, 0x00000000c1e00000, 0x00000000c1e00000|100%| O|  |TAMS 0x00000000c1e00000, 0x00000000c1d00000| Untracked 
|  30|0x00000000c1e00000, 0x00000000c1f00000, 0x00000000c1f00000|100%| O|  |TAMS 0x00000000c1f00000, 0x00000000c1e00000| Untracked 
|  31|0x00000000c1f00000, 0x00000000c2000000, 0x00000000c2000000|100%| O|  |TAMS 0x00000000c2000000, 0x00000000c1f00000| Untracked 
|  32|0x00000000c2000000, 0x00000000c2100000, 0x00000000c2100000|100%| O|  |TAMS 0x00000000c2100000, 0x00000000c2000000| Untracked 
|  33|0x00000000c2100000, 0x00000000c2200000, 0x00000000c2200000|100%| O|  |TAMS 0x00000000c2200000, 0x00000000c2100000| Untracked 
|  34|0x00000000c2200000, 0x00000000c2300000, 0x00000000c2300000|100%| O|  |TAMS 0x00000000c2300000, 0x00000000c2200000| Untracked 
|  35|0x00000000c2300000, 0x00000000c2400000, 0x00000000c2400000|100%| O|  |TAMS 0x00000000c2400000, 0x00000000c2300000| Untracked 
|  36|0x00000000c2400000, 0x00000000c2500000, 0x00000000c2500000|100%| O|  |TAMS 0x00000000c2500000, 0x00000000c2400000| Untracked 
|  37|0x00000000c2500000, 0x00000000c2600000, 0x00000000c2600000|100%| O|  |TAMS 0x00000000c2600000, 0x00000000c2500000| Untracked 
|  38|0x00000000c2600000, 0x00000000c2700000, 0x00000000c2700000|100%| O|  |TAMS 0x00000000c2700000, 0x00000000c2600000| Untracked 
|  39|0x00000000c2700000, 0x00000000c2800000, 0x00000000c2800000|100%| O|  |TAMS 0x00000000c2800000, 0x00000000c2700000| Untracked 
|  40|0x00000000c2800000, 0x00000000c2900000, 0x00000000c2900000|100%| O|  |TAMS 0x00000000c2900000, 0x00000000c2800000| Untracked 
|  41|0x00000000c2900000, 0x00000000c2a00000, 0x00000000c2a00000|100%| O|  |TAMS 0x00000000c2a00000, 0x00000000c2900000| Untracked 
|  42|0x00000000c2a00000, 0x00000000c2b00000, 0x00000000c2b00000|100%|HS|  |TAMS 0x00000000c2b00000, 0x00000000c2a00000| Complete 
|  43|0x00000000c2b00000, 0x00000000c2c00000, 0x00000000c2c00000|100%| O|  |TAMS 0x00000000c2c00000, 0x00000000c2b00000| Untracked 
|  44|0x00000000c2c00000, 0x00000000c2d00000, 0x00000000c2d00000|100%| O|  |TAMS 0x00000000c2d00000, 0x00000000c2c00000| Untracked 
|  45|0x00000000c2d00000, 0x00000000c2e00000, 0x00000000c2e00000|100%| O|  |TAMS 0x00000000c2e00000, 0x00000000c2d00000| Untracked 
|  46|0x00000000c2e00000, 0x00000000c2f00000, 0x00000000c2f00000|100%| O|  |TAMS 0x00000000c2f00000, 0x00000000c2e00000| Untracked 
|  47|0x00000000c2f00000, 0x00000000c3000000, 0x00000000c3000000|100%| O|  |TAMS 0x00000000c3000000, 0x00000000c2f00000| Untracked 
|  48|0x00000000c3000000, 0x00000000c3100000, 0x00000000c3100000|100%| O|  |TAMS 0x00000000c30c9400, 0x00000000c3000000| Untracked 
|  49|0x00000000c3100000, 0x00000000c3200000, 0x00000000c3200000|100%| O|  |TAMS 0x00000000c3100000, 0x00000000c3100000| Untracked 
|  50|0x00000000c3200000, 0x00000000c3300000, 0x00000000c3300000|100%| O|  |TAMS 0x00000000c3200000, 0x00000000c3200000| Untracked 
|  51|0x00000000c3300000, 0x00000000c3400000, 0x00000000c3400000|100%| O|  |TAMS 0x00000000c3300000, 0x00000000c3300000| Untracked 
|  52|0x00000000c3400000, 0x00000000c3500000, 0x00000000c3500000|100%| O|  |TAMS 0x00000000c3400000, 0x00000000c3400000| Untracked 
|  53|0x00000000c3500000, 0x00000000c3600000, 0x00000000c3600000|100%| O|  |TAMS 0x00000000c3600000, 0x00000000c3500000| Untracked 
|  54|0x00000000c3600000, 0x00000000c3700000, 0x00000000c3700000|100%| O|  |TAMS 0x00000000c3700000, 0x00000000c3600000| Untracked 
|  55|0x00000000c3700000, 0x00000000c3800000, 0x00000000c3800000|100%| O|  |TAMS 0x00000000c3800000, 0x00000000c3700000| Untracked 
|  56|0x00000000c3800000, 0x00000000c3900000, 0x00000000c3900000|100%| O|  |TAMS 0x00000000c3900000, 0x00000000c3800000| Untracked 
|  57|0x00000000c3900000, 0x00000000c3a00000, 0x00000000c3a00000|100%|HS|  |TAMS 0x00000000c3a00000, 0x00000000c3900000| Complete 
|  58|0x00000000c3a00000, 0x00000000c3b00000, 0x00000000c3b00000|100%|HC|  |TAMS 0x00000000c3b00000, 0x00000000c3a00000| Complete 
|  59|0x00000000c3b00000, 0x00000000c3c00000, 0x00000000c3c00000|100%|HC|  |TAMS 0x00000000c3c00000, 0x00000000c3b00000| Complete 
|  60|0x00000000c3c00000, 0x00000000c3d00000, 0x00000000c3d00000|100%|HC|  |TAMS 0x00000000c3d00000, 0x00000000c3c00000| Complete 
|  61|0x00000000c3d00000, 0x00000000c3e00000, 0x00000000c3e00000|100%|HC|  |TAMS 0x00000000c3e00000, 0x00000000c3d00000| Complete 
|  62|0x00000000c3e00000, 0x00000000c3f00000, 0x00000000c3f00000|100%|HC|  |TAMS 0x00000000c3f00000, 0x00000000c3e00000| Complete 
|  63|0x00000000c3f00000, 0x00000000c4000000, 0x00000000c4000000|100%| O|  |TAMS 0x00000000c3f00000, 0x00000000c3f00000| Untracked 
|  64|0x00000000c4000000, 0x00000000c4100000, 0x00000000c4100000|100%| O|  |TAMS 0x00000000c4000000, 0x00000000c4000000| Untracked 
|  65|0x00000000c4100000, 0x00000000c4200000, 0x00000000c4200000|100%| O|  |TAMS 0x00000000c4100000, 0x00000000c4100000| Untracked 
|  66|0x00000000c4200000, 0x00000000c4300000, 0x00000000c4300000|100%| O|  |TAMS 0x00000000c4200000, 0x00000000c4200000| Untracked 
|  67|0x00000000c4300000, 0x00000000c4400000, 0x00000000c4400000|100%| O|  |TAMS 0x00000000c4300000, 0x00000000c4300000| Untracked 
|  68|0x00000000c4400000, 0x00000000c4500000, 0x00000000c4500000|100%| O|  |TAMS 0x00000000c4400000, 0x00000000c4400000| Untracked 
|  69|0x00000000c4500000, 0x00000000c4600000, 0x00000000c4600000|100%| O|  |TAMS 0x00000000c4500000, 0x00000000c4500000| Untracked 
|  70|0x00000000c4600000, 0x00000000c4700000, 0x00000000c4700000|100%| O|  |TAMS 0x00000000c4600000, 0x00000000c4600000| Untracked 
|  71|0x00000000c4700000, 0x00000000c4800000, 0x00000000c4800000|100%| O|  |TAMS 0x00000000c4700000, 0x00000000c4700000| Untracked 
|  72|0x00000000c4800000, 0x00000000c4900000, 0x00000000c4900000|100%| O|  |TAMS 0x00000000c4800000, 0x00000000c4800000| Untracked 
|  73|0x00000000c4900000, 0x00000000c496ee00, 0x00000000c4a00000| 43%| O|  |TAMS 0x00000000c4900000, 0x00000000c4900000| Untracked 
|  74|0x00000000c4a00000, 0x00000000c4b00000, 0x00000000c4b00000|100%|HS|  |TAMS 0x00000000c4a00000, 0x00000000c4a00000| Complete 
|  75|0x00000000c4b00000, 0x00000000c4b00000, 0x00000000c4c00000|  0%| F|  |TAMS 0x00000000c4b00000, 0x00000000c4b00000| Untracked 
|  76|0x00000000c4c00000, 0x00000000c4c00000, 0x00000000c4d00000|  0%| F|  |TAMS 0x00000000c4c00000, 0x00000000c4c00000| Untracked 
|  77|0x00000000c4d00000, 0x00000000c4d00000, 0x00000000c4e00000|  0%| F|  |TAMS 0x00000000c4d00000, 0x00000000c4d00000| Untracked 
|  78|0x00000000c4e00000, 0x00000000c4e00000, 0x00000000c4f00000|  0%| F|  |TAMS 0x00000000c4e00000, 0x00000000c4e00000| Untracked 
|  79|0x00000000c4f00000, 0x00000000c4f00000, 0x00000000c5000000|  0%| F|  |TAMS 0x00000000c4f00000, 0x00000000c4f00000| Untracked 
|  80|0x00000000c5000000, 0x00000000c5000000, 0x00000000c5100000|  0%| F|  |TAMS 0x00000000c5000000, 0x00000000c5000000| Untracked 
|  81|0x00000000c5100000, 0x00000000c5100000, 0x00000000c5200000|  0%| F|  |TAMS 0x00000000c5100000, 0x00000000c5100000| Untracked 
|  82|0x00000000c5200000, 0x00000000c5200000, 0x00000000c5300000|  0%| F|  |TAMS 0x00000000c5200000, 0x00000000c5200000| Untracked 
|  83|0x00000000c5300000, 0x00000000c5300000, 0x00000000c5400000|  0%| F|  |TAMS 0x00000000c5300000, 0x00000000c5300000| Untracked 
|  84|0x00000000c5400000, 0x00000000c5400000, 0x00000000c5500000|  0%| F|  |TAMS 0x00000000c5400000, 0x00000000c5400000| Untracked 
|  85|0x00000000c5500000, 0x00000000c5500000, 0x00000000c5600000|  0%| F|  |TAMS 0x00000000c5500000, 0x00000000c5500000| Untracked 
|  86|0x00000000c5600000, 0x00000000c5600000, 0x00000000c5700000|  0%| F|  |TAMS 0x00000000c5600000, 0x00000000c5600000| Untracked 
|  87|0x00000000c5700000, 0x00000000c5700000, 0x00000000c5800000|  0%| F|  |TAMS 0x00000000c5700000, 0x00000000c5700000| Untracked 
|  88|0x00000000c5800000, 0x00000000c5800000, 0x00000000c5900000|  0%| F|  |TAMS 0x00000000c5800000, 0x00000000c5800000| Untracked 
|  89|0x00000000c5900000, 0x00000000c5900000, 0x00000000c5a00000|  0%| F|  |TAMS 0x00000000c5900000, 0x00000000c5900000| Untracked 
|  90|0x00000000c5a00000, 0x00000000c5a00000, 0x00000000c5b00000|  0%| F|  |TAMS 0x00000000c5a00000, 0x00000000c5a00000| Untracked 
|  91|0x00000000c5b00000, 0x00000000c5b00000, 0x00000000c5c00000|  0%| F|  |TAMS 0x00000000c5b00000, 0x00000000c5b00000| Untracked 
|  92|0x00000000c5c00000, 0x00000000c5c00000, 0x00000000c5d00000|  0%| F|  |TAMS 0x00000000c5c00000, 0x00000000c5c00000| Untracked 
|  93|0x00000000c5d00000, 0x00000000c5d00000, 0x00000000c5e00000|  0%| F|  |TAMS 0x00000000c5d00000, 0x00000000c5d00000| Untracked 
|  94|0x00000000c5e00000, 0x00000000c5e00000, 0x00000000c5f00000|  0%| F|  |TAMS 0x00000000c5e00000, 0x00000000c5e00000| Untracked 
|  95|0x00000000c5f00000, 0x00000000c5f00000, 0x00000000c6000000|  0%| F|  |TAMS 0x00000000c5f00000, 0x00000000c5f00000| Untracked 
|  96|0x00000000c6000000, 0x00000000c6000000, 0x00000000c6100000|  0%| F|  |TAMS 0x00000000c6000000, 0x00000000c6000000| Untracked 
|  97|0x00000000c6100000, 0x00000000c6100000, 0x00000000c6200000|  0%| F|  |TAMS 0x00000000c6100000, 0x00000000c6100000| Untracked 
|  98|0x00000000c6200000, 0x00000000c622e250, 0x00000000c6300000| 18%| S|CS|TAMS 0x00000000c6200000, 0x00000000c6200000| Complete 
|  99|0x00000000c6300000, 0x00000000c6400000, 0x00000000c6400000|100%| S|CS|TAMS 0x00000000c6300000, 0x00000000c6300000| Complete 
| 100|0x00000000c6400000, 0x00000000c6500000, 0x00000000c6500000|100%| S|CS|TAMS 0x00000000c6400000, 0x00000000c6400000| Complete 
| 101|0x00000000c6500000, 0x00000000c6600000, 0x00000000c6600000|100%| S|CS|TAMS 0x00000000c6500000, 0x00000000c6500000| Complete 
| 102|0x00000000c6600000, 0x00000000c6600000, 0x00000000c6700000|  0%| F|  |TAMS 0x00000000c6600000, 0x00000000c6600000| Untracked 
| 103|0x00000000c6700000, 0x00000000c6700000, 0x00000000c6800000|  0%| F|  |TAMS 0x00000000c6700000, 0x00000000c6700000| Untracked 
| 104|0x00000000c6800000, 0x00000000c6800000, 0x00000000c6900000|  0%| F|  |TAMS 0x00000000c6800000, 0x00000000c6800000| Untracked 
| 105|0x00000000c6900000, 0x00000000c6900000, 0x00000000c6a00000|  0%| F|  |TAMS 0x00000000c6900000, 0x00000000c6900000| Untracked 
| 106|0x00000000c6a00000, 0x00000000c6b00000, 0x00000000c6b00000|100%| S|CS|TAMS 0x00000000c6a00000, 0x00000000c6a00000| Complete 
| 107|0x00000000c6b00000, 0x00000000c6c00000, 0x00000000c6c00000|100%| S|CS|TAMS 0x00000000c6b00000, 0x00000000c6b00000| Complete 
| 108|0x00000000c6c00000, 0x00000000c6c00000, 0x00000000c6d00000|  0%| F|  |TAMS 0x00000000c6c00000, 0x00000000c6c00000| Untracked 
| 109|0x00000000c6d00000, 0x00000000c6d00000, 0x00000000c6e00000|  0%| F|  |TAMS 0x00000000c6d00000, 0x00000000c6d00000| Untracked 
| 110|0x00000000c6e00000, 0x00000000c6e00000, 0x00000000c6f00000|  0%| F|  |TAMS 0x00000000c6e00000, 0x00000000c6e00000| Untracked 
| 111|0x00000000c6f00000, 0x00000000c6f00000, 0x00000000c7000000|  0%| F|  |TAMS 0x00000000c6f00000, 0x00000000c6f00000| Untracked 
| 112|0x00000000c7000000, 0x00000000c7000000, 0x00000000c7100000|  0%| F|  |TAMS 0x00000000c7000000, 0x00000000c7000000| Untracked 
| 113|0x00000000c7100000, 0x00000000c7100000, 0x00000000c7200000|  0%| F|  |TAMS 0x00000000c7100000, 0x00000000c7100000| Untracked 
| 114|0x00000000c7200000, 0x00000000c7280090, 0x00000000c7300000| 50%| E|  |TAMS 0x00000000c7200000, 0x00000000c7200000| Complete 
| 115|0x00000000c7300000, 0x00000000c7400000, 0x00000000c7400000|100%| E|CS|TAMS 0x00000000c7300000, 0x00000000c7300000| Complete 
| 116|0x00000000c7400000, 0x00000000c7500000, 0x00000000c7500000|100%| E|CS|TAMS 0x00000000c7400000, 0x00000000c7400000| Complete 
| 117|0x00000000c7500000, 0x00000000c7600000, 0x00000000c7600000|100%| E|CS|TAMS 0x00000000c7500000, 0x00000000c7500000| Complete 
| 118|0x00000000c7600000, 0x00000000c7700000, 0x00000000c7700000|100%| E|CS|TAMS 0x00000000c7600000, 0x00000000c7600000| Complete 
| 119|0x00000000c7700000, 0x00000000c7800000, 0x00000000c7800000|100%| E|CS|TAMS 0x00000000c7700000, 0x00000000c7700000| Complete 
| 120|0x00000000c7800000, 0x00000000c7900000, 0x00000000c7900000|100%| E|CS|TAMS 0x00000000c7800000, 0x00000000c7800000| Complete 
| 121|0x00000000c7900000, 0x00000000c7a00000, 0x00000000c7a00000|100%| E|CS|TAMS 0x00000000c7900000, 0x00000000c7900000| Complete 
| 122|0x00000000c7a00000, 0x00000000c7b00000, 0x00000000c7b00000|100%| E|CS|TAMS 0x00000000c7a00000, 0x00000000c7a00000| Complete 
| 123|0x00000000c7b00000, 0x00000000c7c00000, 0x00000000c7c00000|100%| E|CS|TAMS 0x00000000c7b00000, 0x00000000c7b00000| Complete 
| 124|0x00000000c7c00000, 0x00000000c7d00000, 0x00000000c7d00000|100%| E|CS|TAMS 0x00000000c7c00000, 0x00000000c7c00000| Complete 
| 125|0x00000000c7d00000, 0x00000000c7e00000, 0x00000000c7e00000|100%| E|CS|TAMS 0x00000000c7d00000, 0x00000000c7d00000| Complete 
| 126|0x00000000c7e00000, 0x00000000c7f00000, 0x00000000c7f00000|100%| E|CS|TAMS 0x00000000c7e00000, 0x00000000c7e00000| Complete 
| 127|0x00000000c7f00000, 0x00000000c8000000, 0x00000000c8000000|100%| E|CS|TAMS 0x00000000c7f00000, 0x00000000c7f00000| Complete 
| 128|0x00000000c8000000, 0x00000000c8100000, 0x00000000c8100000|100%| E|CS|TAMS 0x00000000c8000000, 0x00000000c8000000| Complete 
| 129|0x00000000c8100000, 0x00000000c8200000, 0x00000000c8200000|100%| E|CS|TAMS 0x00000000c8100000, 0x00000000c8100000| Complete 
| 130|0x00000000c8200000, 0x00000000c8300000, 0x00000000c8300000|100%| E|CS|TAMS 0x00000000c8200000, 0x00000000c8200000| Complete 
| 131|0x00000000c8300000, 0x00000000c8400000, 0x00000000c8400000|100%| E|CS|TAMS 0x00000000c8300000, 0x00000000c8300000| Complete 
| 132|0x00000000c8400000, 0x00000000c8500000, 0x00000000c8500000|100%| E|CS|TAMS 0x00000000c8400000, 0x00000000c8400000| Complete 
| 133|0x00000000c8500000, 0x00000000c8600000, 0x00000000c8600000|100%| E|CS|TAMS 0x00000000c8500000, 0x00000000c8500000| Complete 
| 134|0x00000000c8600000, 0x00000000c8700000, 0x00000000c8700000|100%| E|CS|TAMS 0x00000000c8600000, 0x00000000c8600000| Complete 
| 135|0x00000000c8700000, 0x00000000c8800000, 0x00000000c8800000|100%| E|CS|TAMS 0x00000000c8700000, 0x00000000c8700000| Complete 
| 136|0x00000000c8800000, 0x00000000c8900000, 0x00000000c8900000|100%| E|CS|TAMS 0x00000000c8800000, 0x00000000c8800000| Complete 
| 137|0x00000000c8900000, 0x00000000c8a00000, 0x00000000c8a00000|100%| E|CS|TAMS 0x00000000c8900000, 0x00000000c8900000| Complete 
| 138|0x00000000c8a00000, 0x00000000c8b00000, 0x00000000c8b00000|100%| E|CS|TAMS 0x00000000c8a00000, 0x00000000c8a00000| Complete 
| 139|0x00000000c8b00000, 0x00000000c8c00000, 0x00000000c8c00000|100%| E|CS|TAMS 0x00000000c8b00000, 0x00000000c8b00000| Complete 
| 140|0x00000000c8c00000, 0x00000000c8d00000, 0x00000000c8d00000|100%| E|CS|TAMS 0x00000000c8c00000, 0x00000000c8c00000| Complete 
| 141|0x00000000c8d00000, 0x00000000c8e00000, 0x00000000c8e00000|100%| E|CS|TAMS 0x00000000c8d00000, 0x00000000c8d00000| Complete 
| 142|0x00000000c8e00000, 0x00000000c8f00000, 0x00000000c8f00000|100%| E|CS|TAMS 0x00000000c8e00000, 0x00000000c8e00000| Complete 
| 143|0x00000000c8f00000, 0x00000000c9000000, 0x00000000c9000000|100%| E|CS|TAMS 0x00000000c8f00000, 0x00000000c8f00000| Complete 
| 144|0x00000000c9000000, 0x00000000c9100000, 0x00000000c9100000|100%| E|CS|TAMS 0x00000000c9000000, 0x00000000c9000000| Complete 
| 145|0x00000000c9100000, 0x00000000c9200000, 0x00000000c9200000|100%| E|CS|TAMS 0x00000000c9100000, 0x00000000c9100000| Complete 
| 146|0x00000000c9200000, 0x00000000c9300000, 0x00000000c9300000|100%| E|CS|TAMS 0x00000000c9200000, 0x00000000c9200000| Complete 
| 147|0x00000000c9300000, 0x00000000c9400000, 0x00000000c9400000|100%| E|CS|TAMS 0x00000000c9300000, 0x00000000c9300000| Complete 
| 148|0x00000000c9400000, 0x00000000c9500000, 0x00000000c9500000|100%| E|CS|TAMS 0x00000000c9400000, 0x00000000c9400000| Complete 
| 149|0x00000000c9500000, 0x00000000c9600000, 0x00000000c9600000|100%| E|CS|TAMS 0x00000000c9500000, 0x00000000c9500000| Complete 
| 150|0x00000000c9600000, 0x00000000c9700000, 0x00000000c9700000|100%| E|CS|TAMS 0x00000000c9600000, 0x00000000c9600000| Complete 
| 151|0x00000000c9700000, 0x00000000c9800000, 0x00000000c9800000|100%| E|CS|TAMS 0x00000000c9700000, 0x00000000c9700000| Complete 
| 152|0x00000000c9800000, 0x00000000c9900000, 0x00000000c9900000|100%| E|CS|TAMS 0x00000000c9800000, 0x00000000c9800000| Complete 
| 153|0x00000000c9900000, 0x00000000c9a00000, 0x00000000c9a00000|100%| E|CS|TAMS 0x00000000c9900000, 0x00000000c9900000| Complete 
| 154|0x00000000c9a00000, 0x00000000c9b00000, 0x00000000c9b00000|100%| E|CS|TAMS 0x00000000c9a00000, 0x00000000c9a00000| Complete 
| 155|0x00000000c9b00000, 0x00000000c9c00000, 0x00000000c9c00000|100%| E|CS|TAMS 0x00000000c9b00000, 0x00000000c9b00000| Complete 
| 156|0x00000000c9c00000, 0x00000000c9d00000, 0x00000000c9d00000|100%| E|CS|TAMS 0x00000000c9c00000, 0x00000000c9c00000| Complete 
| 157|0x00000000c9d00000, 0x00000000c9e00000, 0x00000000c9e00000|100%| E|CS|TAMS 0x00000000c9d00000, 0x00000000c9d00000| Complete 
| 158|0x00000000c9e00000, 0x00000000c9f00000, 0x00000000c9f00000|100%| E|CS|TAMS 0x00000000c9e00000, 0x00000000c9e00000| Complete 
| 159|0x00000000c9f00000, 0x00000000ca000000, 0x00000000ca000000|100%| E|CS|TAMS 0x00000000c9f00000, 0x00000000c9f00000| Complete 
| 160|0x00000000ca000000, 0x00000000ca100000, 0x00000000ca100000|100%| E|CS|TAMS 0x00000000ca000000, 0x00000000ca000000| Complete 
| 161|0x00000000ca100000, 0x00000000ca200000, 0x00000000ca200000|100%| E|CS|TAMS 0x00000000ca100000, 0x00000000ca100000| Complete 
| 162|0x00000000ca200000, 0x00000000ca300000, 0x00000000ca300000|100%| E|CS|TAMS 0x00000000ca200000, 0x00000000ca200000| Complete 
| 249|0x00000000cf900000, 0x00000000cfa00000, 0x00000000cfa00000|100%| E|CS|TAMS 0x00000000cf900000, 0x00000000cf900000| Complete 
|1017|0x00000000ff900000, 0x00000000ffa00000, 0x00000000ffa00000|100%| O|  |TAMS 0x00000000ffa00000, 0x00000000ff900000| Untracked 
|1018|0x00000000ffa00000, 0x00000000ffb00000, 0x00000000ffb00000|100%| E|CS|TAMS 0x00000000ffa00000, 0x00000000ffa00000| Complete 
|1019|0x00000000ffb00000, 0x00000000ffc00000, 0x00000000ffc00000|100%| E|CS|TAMS 0x00000000ffb00000, 0x00000000ffb00000| Complete 
|1020|0x00000000ffc00000, 0x00000000ffd00000, 0x00000000ffd00000|100%| O|  |TAMS 0x00000000ffd00000, 0x00000000ffc00000| Untracked 
|1021|0x00000000ffd00000, 0x00000000ffe00000, 0x00000000ffe00000|100%| O|  |TAMS 0x00000000ffe00000, 0x00000000ffd00000| Untracked 
|1022|0x00000000ffe00000, 0x00000000fff00000, 0x00000000fff00000|100%| O|  |TAMS 0x00000000fff00000, 0x00000000ffe00000| Untracked 
|1023|0x00000000fff00000, 0x0000000100000000, 0x0000000100000000|100%| O|  |TAMS 0x0000000100000000, 0x00000000fff00000| Untracked 

Card table byte_map: [0x0000027d29240000,0x0000027d29440000] _byte_map_base: 0x0000027d28c40000

Marking Bits (Prev, Next): (CMBitMap*) 0x0000027d18d8c3a0, (CMBitMap*) 0x0000027d18d8c3e0
 Prev Bits: [0x0000027d29640000, 0x0000027d2a640000)
 Next Bits: [0x0000027d2a640000, 0x0000027d2b640000)

Polling page: 0x0000027d16e80000

Metaspace:

Usage:
  Non-class:     92.20 MB used.
      Class:     13.30 MB used.
       Both:    105.49 MB used.

Virtual space:
  Non-class space:      128.00 MB reserved,      92.62 MB ( 72%) committed,  2 nodes.
      Class space:      208.00 MB reserved,      13.62 MB (  7%) committed,  1 nodes.
             Both:      336.00 MB reserved,     106.25 MB ( 32%) committed. 

Chunk freelists:
   Non-Class:  2.64 MB
       Class:  2.34 MB
        Both:  4.98 MB

MaxMetaspaceSize: 256.00 MB
CompressedClassSpaceSize: 208.00 MB
Initial GC threshold: 21.00 MB
Current GC threshold: 117.75 MB
CDS: on
MetaspaceReclaimPolicy: balanced
 - commit_granule_bytes: 65536.
 - commit_granule_words: 8192.
 - virtual_space_node_default_size: 8388608.
 - enlarge_chunks_in_place: 1.
 - new_chunks_are_fully_committed: 0.
 - uncommit_free_chunks: 1.
 - use_allocation_guard: 0.
 - handle_deallocations: 1.


Internal statistics:

num_allocs_failed_limit: 6.
num_arena_births: 958.
num_arena_deaths: 0.
num_vsnodes_births: 3.
num_vsnodes_deaths: 0.
num_space_committed: 1698.
num_space_uncommitted: 0.
num_chunks_returned_to_freelist: 6.
num_chunks_taken_from_freelist: 4903.
num_chunk_merges: 3.
num_chunk_splits: 3710.
num_chunks_enlarged: 3033.
num_inconsistent_stats: 0.

CodeCache: size=131072Kb used=30535Kb max_used=30552Kb free=100536Kb
 bounds [0x0000027d208d0000, 0x0000027d226b0000, 0x0000027d288d0000]
 total_blobs=10237 nmethods=9154 adapters=989
 compilation: enabled
              stopped_count=0, restarted_count=0
 full_count=0

Compilation events (20 events):
Event: 9.799 Thread 0x0000027d2e89ca30 10569       3       org.jetbrains.kotlin.descriptors.annotations.Annotations$DefaultImpls::findAnnotation (74 bytes)
Event: 9.799 Thread 0x0000027d2e7835c0 10571       3       org.jetbrains.kotlin.descriptors.impl.FunctionDescriptorImpl::doSubstitute (1003 bytes)
Event: 9.799 Thread 0x0000027d2e89c510 nmethod 10566 0x0000027d22667390 code [0x0000027d22667620, 0x0000027d22668458]
Event: 9.799 Thread 0x0000027d2e89c510 10568       3       org.jetbrains.kotlin.resolve.OverridingUtil$5::invoke (33 bytes)
Event: 9.800 Thread 0x0000027d2e89c510 nmethod 10568 0x0000027d2266af10 code [0x0000027d2266b140, 0x0000027d2266b7a8]
Event: 9.800 Thread 0x0000027d2e89c510 10580       3       org.jetbrains.kotlin.com.intellij.psi.impl.source.tree.TreeElement::rawRemoveUpToWithoutNotifications (247 bytes)
Event: 9.800 Thread 0x0000027d2e89ca30 nmethod 10569 0x0000027d2266b990 code [0x0000027d2266bc40, 0x0000027d2266ca88]
Event: 9.800 Thread 0x0000027d2e89bff0 nmethod 10573 0x0000027d22668790 code [0x0000027d22668b40, 0x0000027d2266a6a8]
Event: 9.800 Thread 0x0000027d2e89ca30 10581       3       org.jetbrains.kotlin.com.intellij.psi.impl.source.tree.LeafElement::getCachedLength (10 bytes)
Event: 9.800 Thread 0x0000027d2e89bff0 10579       3       org.jetbrains.kotlin.com.intellij.psi.impl.source.tree.TreeElement::<init> (23 bytes)
Event: 9.800 Thread 0x0000027d2e89ca30 nmethod 10581 0x0000027d2266cf10 code [0x0000027d2266d0c0, 0x0000027d2266d288]
Event: 9.800 Thread 0x0000027d2e89ca30 10570       3       org.jetbrains.kotlin.descriptors.impl.FunctionDescriptorImpl$CopyConfiguration::build (9 bytes)
Event: 9.801 Thread 0x0000027d2e89bff0 nmethod 10579 0x0000027d2266d390 code [0x0000027d2266d560, 0x0000027d2266d948]
Event: 9.801 Thread 0x0000027d2e89ca30 nmethod 10570 0x0000027d2266da90 code [0x0000027d2266dc40, 0x0000027d2266de28]
Event: 9.801 Thread 0x0000027d2e89bff0 10572       3       org.jetbrains.kotlin.descriptors.impl.FunctionDescriptorImpl::getSourceToUseForCopy (37 bytes)
Event: 9.801 Thread 0x0000027d2e89ca30 10574       3       org.jetbrains.kotlin.descriptors.impl.SimpleFunctionDescriptorImpl::initialize (18 bytes)
Event: 9.801 Thread 0x0000027d2e89ca30 nmethod 10574 0x0000027d2266df10 code [0x0000027d2266e0c0, 0x0000027d2266e2a8]
Event: 9.801 Thread 0x0000027d2e89ca30 10575       3       org.jetbrains.kotlin.parsing.KotlinExpressionParsing$Precedence::parseHigherPrecedence (30 bytes)
Event: 9.801 Thread 0x0000027d2e89bff0 nmethod 10572 0x0000027d2266e390 code [0x0000027d2266e560, 0x0000027d2266e908]
Event: 9.801 Thread 0x0000027d2e89bff0 10576       3       org.jetbrains.kotlin.parsing.KotlinExpressionParsing::access$300 (6 bytes)

GC Heap History (20 events):
Event: 5.949 GC heap before
{Heap before GC invocations=29 (full 0):
 garbage-first heap   total 116736K, used 83199K [0x00000000c0000000, 0x0000000100000000)
  region size 1024K, 20 young (20480K), 2 survivors (2048K)
 Metaspace       used 68103K, committed 68736K, reserved 278528K
  class space    used 9107K, committed 9408K, reserved 212992K
}
Event: 5.951 GC heap after
{Heap after GC invocations=30 (full 0):
 garbage-first heap   total 116736K, used 66995K [0x00000000c0000000, 0x0000000100000000)
  region size 1024K, 3 young (3072K), 3 survivors (3072K)
 Metaspace       used 68103K, committed 68736K, reserved 278528K
  class space    used 9107K, committed 9408K, reserved 212992K
}
Event: 5.969 GC heap before
{Heap before GC invocations=30 (full 0):
 garbage-first heap   total 116736K, used 69043K [0x00000000c0000000, 0x0000000100000000)
  region size 1024K, 5 young (5120K), 3 survivors (3072K)
 Metaspace       used 68325K, committed 68928K, reserved 278528K
  class space    used 9131K, committed 9408K, reserved 212992K
}
Event: 5.970 GC heap after
{Heap after GC invocations=31 (full 0):
 garbage-first heap   total 116736K, used 66797K [0x00000000c0000000, 0x0000000100000000)
  region size 1024K, 1 young (1024K), 1 survivors (1024K)
 Metaspace       used 68325K, committed 68928K, reserved 278528K
  class space    used 9131K, committed 9408K, reserved 212992K
}
Event: 6.219 GC heap before
{Heap before GC invocations=31 (full 0):
 garbage-first heap   total 116736K, used 93421K [0x00000000c0000000, 0x0000000100000000)
  region size 1024K, 27 young (27648K), 1 survivors (1024K)
 Metaspace       used 71400K, committed 72000K, reserved 278528K
  class space    used 9511K, committed 9792K, reserved 212992K
}
Event: 6.221 GC heap after
{Heap after GC invocations=32 (full 0):
 garbage-first heap   total 175104K, used 67359K [0x00000000c0000000, 0x0000000100000000)
  region size 1024K, 1 young (1024K), 1 survivors (1024K)
 Metaspace       used 71400K, committed 72000K, reserved 278528K
  class space    used 9511K, committed 9792K, reserved 212992K
}
Event: 6.656 GC heap before
{Heap before GC invocations=33 (full 0):
 garbage-first heap   total 175104K, used 134943K [0x00000000c0000000, 0x0000000100000000)
  region size 1024K, 66 young (67584K), 1 survivors (1024K)
 Metaspace       used 76860K, committed 77504K, reserved 344064K
  class space    used 10209K, committed 10496K, reserved 212992K
}
Event: 6.659 GC heap after
{Heap after GC invocations=34 (full 0):
 garbage-first heap   total 175104K, used 70882K [0x00000000c0000000, 0x0000000100000000)
  region size 1024K, 5 young (5120K), 5 survivors (5120K)
 Metaspace       used 76860K, committed 77504K, reserved 344064K
  class space    used 10209K, committed 10496K, reserved 212992K
}
Event: 6.680 GC heap before
{Heap before GC invocations=34 (full 0):
 garbage-first heap   total 175104K, used 73954K [0x00000000c0000000, 0x0000000100000000)
  region size 1024K, 8 young (8192K), 5 survivors (5120K)
 Metaspace       used 77021K, committed 77632K, reserved 344064K
  class space    used 10223K, committed 10496K, reserved 212992K
}
Event: 6.683 GC heap after
{Heap after GC invocations=35 (full 0):
 garbage-first heap   total 175104K, used 71438K [0x00000000c0000000, 0x0000000100000000)
  region size 1024K, 1 young (1024K), 1 survivors (1024K)
 Metaspace       used 77021K, committed 77632K, reserved 344064K
  class space    used 10223K, committed 10496K, reserved 212992K
}
Event: 7.335 GC heap before
{Heap before GC invocations=35 (full 0):
 garbage-first heap   total 175104K, used 136974K [0x00000000c0000000, 0x0000000100000000)
  region size 1024K, 65 young (66560K), 1 survivors (1024K)
 Metaspace       used 81706K, committed 82368K, reserved 344064K
  class space    used 10739K, committed 11072K, reserved 212992K
}
Event: 7.338 GC heap after
{Heap after GC invocations=36 (full 0):
 garbage-first heap   total 175104K, used 76373K [0x00000000c0000000, 0x0000000100000000)
  region size 1024K, 6 young (6144K), 6 survivors (6144K)
 Metaspace       used 81706K, committed 82368K, reserved 344064K
  class space    used 10739K, committed 11072K, reserved 212992K
}
Event: 8.046 GC heap before
{Heap before GC invocations=36 (full 0):
 garbage-first heap   total 175104K, used 137813K [0x00000000c0000000, 0x0000000100000000)
  region size 1024K, 66 young (67584K), 6 survivors (6144K)
 Metaspace       used 88424K, committed 89024K, reserved 344064K
  class space    used 11416K, committed 11712K, reserved 212992K
}
Event: 8.049 GC heap after
{Heap after GC invocations=37 (full 0):
 garbage-first heap   total 175104K, used 80781K [0x00000000c0000000, 0x0000000100000000)
  region size 1024K, 5 young (5120K), 5 survivors (5120K)
 Metaspace       used 88424K, committed 89024K, reserved 344064K
  class space    used 11416K, committed 11712K, reserved 212992K
}
Event: 8.520 GC heap before
{Heap before GC invocations=37 (full 0):
 garbage-first heap   total 175104K, used 138125K [0x00000000c0000000, 0x0000000100000000)
  region size 1024K, 62 young (63488K), 5 survivors (5120K)
 Metaspace       used 96723K, committed 97472K, reserved 344064K
  class space    used 12282K, committed 12608K, reserved 212992K
}
Event: 8.522 GC heap after
{Heap after GC invocations=38 (full 0):
 garbage-first heap   total 175104K, used 82875K [0x00000000c0000000, 0x0000000100000000)
  region size 1024K, 7 young (7168K), 7 survivors (7168K)
 Metaspace       used 96723K, committed 97472K, reserved 344064K
  class space    used 12282K, committed 12608K, reserved 212992K
}
Event: 9.047 GC heap before
{Heap before GC invocations=38 (full 0):
 garbage-first heap   total 175104K, used 141243K [0x00000000c0000000, 0x0000000100000000)
  region size 1024K, 64 young (65536K), 7 survivors (7168K)
 Metaspace       used 104245K, committed 104960K, reserved 344064K
  class space    used 13063K, committed 13376K, reserved 212992K
}
Event: 9.049 GC heap after
{Heap after GC invocations=39 (full 0):
 garbage-first heap   total 175104K, used 83902K [0x00000000c0000000, 0x0000000100000000)
  region size 1024K, 4 young (4096K), 4 survivors (4096K)
 Metaspace       used 104245K, committed 104960K, reserved 344064K
  class space    used 13063K, committed 13376K, reserved 212992K
}
Event: 9.507 GC heap before
{Heap before GC invocations=39 (full 0):
 garbage-first heap   total 175104K, used 143294K [0x00000000c0000000, 0x0000000100000000)
  region size 1024K, 62 young (63488K), 4 survivors (4096K)
 Metaspace       used 107740K, committed 108480K, reserved 344064K
  class space    used 13617K, committed 13952K, reserved 212992K
}
Event: 9.510 GC heap after
{Heap after GC invocations=40 (full 0):
 garbage-first heap   total 175104K, used 85620K [0x00000000c0000000, 0x0000000100000000)
  region size 1024K, 6 young (6144K), 6 survivors (6144K)
 Metaspace       used 107740K, committed 108480K, reserved 344064K
  class space    used 13617K, committed 13952K, reserved 212992K
}

Dll operation events (15 events):
Event: 0.008 Loaded shared library C:\Program Files\Eclipse Adoptium\jdk-17.0.20.8-hotspot\bin\java.dll
Event: 0.023 Loaded shared library C:\Program Files\Eclipse Adoptium\jdk-17.0.20.8-hotspot\bin\jsvml.dll
Event: 0.060 Loaded shared library C:\Program Files\Eclipse Adoptium\jdk-17.0.20.8-hotspot\bin\zip.dll
Event: 0.061 Loaded shared library C:\Program Files\Eclipse Adoptium\jdk-17.0.20.8-hotspot\bin\instrument.dll
Event: 0.066 Loaded shared library C:\Program Files\Eclipse Adoptium\jdk-17.0.20.8-hotspot\bin\net.dll
Event: 0.069 Loaded shared library C:\Program Files\Eclipse Adoptium\jdk-17.0.20.8-hotspot\bin\nio.dll
Event: 0.071 Loaded shared library C:\Program Files\Eclipse Adoptium\jdk-17.0.20.8-hotspot\bin\zip.dll
Event: 0.243 Loaded shared library C:\Program Files\Eclipse Adoptium\jdk-17.0.20.8-hotspot\bin\jimage.dll
Event: 0.359 Loaded shared library C:\Program Files\Eclipse Adoptium\jdk-17.0.20.8-hotspot\bin\verify.dll
Event: 0.443 Loaded shared library C:\Users\berro\.gradle\native\1def1411415f61bf3af743bc5b6707747c0891f09f0c88961ee8f79bc544acac\windows-amd64\native-platform.dll
Event: 0.453 Loaded shared library C:\Users\berro\.gradle\native\0.2.7\x86_64-windows-gnu\gradle-fileevents.dll
Event: 1.076 Loaded shared library C:\Program Files\Eclipse Adoptium\jdk-17.0.20.8-hotspot\bin\management.dll
Event: 1.080 Loaded shared library C:\Program Files\Eclipse Adoptium\jdk-17.0.20.8-hotspot\bin\management_ext.dll
Event: 1.227 Loaded shared library C:\Program Files\Eclipse Adoptium\jdk-17.0.20.8-hotspot\bin\extnet.dll
Event: 1.364 Loaded shared library C:\Program Files\Eclipse Adoptium\jdk-17.0.20.8-hotspot\bin\sunmscapi.dll

Deoptimization events (20 events):
Event: 9.498 Thread 0x0000027d42c87970 DEOPT PACKING pc=0x0000027d21d766d4 sp=0x000000f0bc8f2f00
Event: 9.498 Thread 0x0000027d42c87970 DEOPT UNPACKING pc=0x0000027d209269a3 sp=0x000000f0bc8f2eb0 mode 2
Event: 9.498 Thread 0x0000027d42c87970 Uncommon trap: trap_request=0xffffffc6 fr.pc=0x0000027d21d766d4 relative=0x0000000000000e94
Event: 9.498 Thread 0x0000027d42c87970 Uncommon trap: reason=bimorphic_or_optimized_type_check action=maybe_recompile pc=0x0000027d21d766d4 method=org.jetbrains.kotlin.storage.LockBasedStorageManager$MapBasedMemoizedFunction.invoke(Ljava/lang/Object;)Ljava/lang/Object; @ 235 c2
Event: 9.498 Thread 0x0000027d42c87970 DEOPT PACKING pc=0x0000027d21d766d4 sp=0x000000f0bc8f2f00
Event: 9.498 Thread 0x0000027d42c87970 DEOPT UNPACKING pc=0x0000027d209269a3 sp=0x000000f0bc8f2eb0 mode 2
Event: 9.522 Thread 0x0000027d42c87970 DEOPT PACKING pc=0x0000027d2117311b sp=0x000000f0bc8f1ea0
Event: 9.522 Thread 0x0000027d42c87970 DEOPT UNPACKING pc=0x0000027d20927143 sp=0x000000f0bc8f13c0 mode 0
Event: 9.539 Thread 0x0000027d42c87970 Uncommon trap: trap_request=0xffffffde fr.pc=0x0000027d216007e4 relative=0x0000000000001164
Event: 9.539 Thread 0x0000027d42c87970 Uncommon trap: reason=class_check action=maybe_recompile pc=0x0000027d216007e4 method=java.util.HashMap.computeIfAbsent(Ljava/lang/Object;Ljava/util/function/Function;)Ljava/lang/Object; @ 142 c2
Event: 9.539 Thread 0x0000027d42c87970 DEOPT PACKING pc=0x0000027d216007e4 sp=0x000000f0bc8f2010
Event: 9.539 Thread 0x0000027d42c87970 DEOPT UNPACKING pc=0x0000027d209269a3 sp=0x000000f0bc8f1fd0 mode 2
Event: 9.544 Thread 0x0000027d42c87970 Uncommon trap: trap_request=0xffffffde fr.pc=0x0000027d216007e4 relative=0x0000000000001164
Event: 9.544 Thread 0x0000027d42c87970 Uncommon trap: reason=class_check action=maybe_recompile pc=0x0000027d216007e4 method=java.util.HashMap.computeIfAbsent(Ljava/lang/Object;Ljava/util/function/Function;)Ljava/lang/Object; @ 142 c2
Event: 9.544 Thread 0x0000027d42c87970 DEOPT PACKING pc=0x0000027d216007e4 sp=0x000000f0bc8f2010
Event: 9.544 Thread 0x0000027d42c87970 DEOPT UNPACKING pc=0x0000027d209269a3 sp=0x000000f0bc8f1fd0 mode 2
Event: 9.554 Thread 0x0000027d42c87970 Uncommon trap: trap_request=0xffffffde fr.pc=0x0000027d21d67ca0 relative=0x0000000000002740
Event: 9.554 Thread 0x0000027d42c87970 Uncommon trap: reason=class_check action=maybe_recompile pc=0x0000027d21d67ca0 method=org.jetbrains.org.objectweb.asm.ClassReader.readElementValue(Lorg/jetbrains/org/objectweb/asm/AnnotationVisitor;ILjava/lang/String;[C)I @ 536 c2
Event: 9.554 Thread 0x0000027d42c87970 DEOPT PACKING pc=0x0000027d21d67ca0 sp=0x000000f0bc8f1fb0
Event: 9.554 Thread 0x0000027d42c87970 DEOPT UNPACKING pc=0x0000027d209269a3 sp=0x000000f0bc8f1f30 mode 2

Classes loaded (20 events):
Event: 8.791 Loading class java/util/Vector$Itr
Event: 8.792 Loading class java/util/Vector$Itr done
Event: 8.914 Loading class java/util/zip/ZipInputStream
Event: 8.914 Loading class java/util/zip/ZipInputStream done
Event: 8.916 Loading class java/nio/channels/Channels$1
Event: 8.916 Loading class java/nio/channels/Channels$1 done
Event: 8.945 Loading class java/io/CharArrayWriter
Event: 8.945 Loading class java/io/CharArrayWriter done
Event: 8.964 Loading class java/nio/file/StandardCopyOption
Event: 8.964 Loading class java/nio/file/StandardCopyOption done
Event: 8.964 Loading class sun/nio/fs/WindowsFileCopy
Event: 8.965 Loading class sun/nio/fs/WindowsFileCopy done
Event: 9.347 Loading class java/util/concurrent/RecursiveAction
Event: 9.347 Loading class java/util/concurrent/RecursiveAction done
Event: 9.410 Loading class java/util/DualPivotQuicksort
Event: 9.410 Loading class java/util/DualPivotQuicksort done
Event: 9.430 Loading class java/util/stream/ReduceOps$2
Event: 9.430 Loading class java/util/stream/ReduceOps$2 done
Event: 9.430 Loading class java/util/stream/ReduceOps$2ReducingSink
Event: 9.431 Loading class java/util/stream/ReduceOps$2ReducingSink done

Classes unloaded (0 events):
No events

Classes redefined (0 events):
No events

Internal exceptions (20 events):
Event: 9.067 Thread 0x0000027d42c87970 Exception <a 'java/lang/NoSuchMethodError'{0x00000000ffaafd50}: 'java.lang.Object java.lang.invoke.DirectMethodHandle$Holder.invokeSpecial(java.lang.Object, java.lang.Object, java.lang.Object, java.lang.Object, java.lang.Object, java.lang.Object, java.lang.Object, java.lang.Object, java.lang.Object, java.lang.Object, java.lang.Object, java.lang.Object, java.lang.Object)'> (0x00000000ffaafd50) 
thrown [s\src\hotspot\share\interpreter\linkResolver.cpp, line 759]
Event: 9.068 Thread 0x0000027d42c87970 Exception <a 'java/lang/NoSuchMethodError'{0x00000000ffab57d0}: 'java.lang.Object java.lang.invoke.Invokers$Holder.linkToTargetMethod(java.lang.Object, java.lang.Object, java.lang.Object, java.lang.Object, java.lang.Object, java.lang.Object, java.lang.Object, java.lang.Object, java.lang.Object, java.lang.Object, java.lang.Object, java.lang.Object)'> (0x00000000ffab57d0) 
thrown [s\src\hotspot\share\interpreter\linkResolver.cpp, line 759]
Event: 9.212 Thread 0x0000027d42c87970 Exception <a 'java/lang/NoSuchMethodError'{0x00000000c99d99f0}: 'java.lang.Object java.lang.invoke.DirectMethodHandle$Holder.invokeSpecial(java.lang.Object, java.lang.Object, java.lang.Object, java.lang.Object, int, java.lang.Object)'> (0x00000000c99d99f0) 
thrown [s\src\hotspot\share\interpreter\linkResolver.cpp, line 759]
Event: 9.222 Thread 0x0000027d42c87970 Exception <a 'java/lang/NoSuchMethodError'{0x00000000c988bbe8}: 'void java.lang.invoke.DirectMethodHandle$Holder.invokeStatic(java.lang.Object, java.lang.Object, long, java.lang.Object)'> (0x00000000c988bbe8) 
thrown [s\src\hotspot\share\interpreter\linkResolver.cpp, line 759]
Event: 9.233 Thread 0x0000027d42c87970 Exception <a 'java/lang/NoSuchMethodError'{0x00000000c9731c08}: 'void java.lang.invoke.DirectMethodHandle$Holder.invokeSpecial(java.lang.Object, java.lang.Object, java.lang.Object, java.lang.Object, java.lang.Object, java.lang.Object)'> (0x00000000c9731c08) 
thrown [s\src\hotspot\share\interpreter\linkResolver.cpp, line 759]
Event: 9.247 Thread 0x0000027d42c87970 Exception <a 'java/lang/NoSuchMethodError'{0x00000000c96281d0}: 'int java.lang.invoke.DirectMethodHandle$Holder.invokeInterface(java.lang.Object, java.lang.Object, java.lang.Object, java.lang.Object)'> (0x00000000c96281d0) 
thrown [s\src\hotspot\share\interpreter\linkResolver.cpp, line 759]
Event: 9.282 Thread 0x0000027d42c87970 Exception <a 'java/lang/NoSuchMethodError'{0x00000000c9495078}: 'java.lang.Object java.lang.invoke.DirectMethodHandle$Holder.invokeStatic(java.lang.Object, long, java.lang.Object)'> (0x00000000c9495078) 
thrown [s\src\hotspot\share\interpreter\linkResolver.cpp, line 759]
Event: 9.283 Thread 0x0000027d42c87970 Exception <a 'java/lang/NoSuchMethodError'{0x00000000c949cef8}: 'java.lang.Object java.lang.invoke.DirectMethodHandle$Holder.newInvokeSpecial(java.lang.Object, long)'> (0x00000000c949cef8) 
thrown [s\src\hotspot\share\interpreter\linkResolver.cpp, line 759]
Event: 9.288 Thread 0x0000027d42c87970 Exception <a 'java/lang/NoSuchMethodError'{0x00000000c930eed0}: 'java.lang.Object java.lang.invoke.Invokers$Holder.linkToTargetMethod(java.lang.Object, java.lang.Object, java.lang.Object, java.lang.Object, long, java.lang.Object, java.lang.Object)'> (0x00000000c930eed0) 
thrown [s\src\hotspot\share\interpreter\linkResolver.cpp, line 759]
Event: 9.290 Thread 0x0000027d42c87970 Exception <a 'java/lang/NoSuchMethodError'{0x00000000c93552f0}: 'java.lang.Object java.lang.invoke.DirectMethodHandle$Holder.newInvokeSpecial(java.lang.Object, java.lang.Object, java.lang.Object, long, java.lang.Object)'> (0x00000000c93552f0) 
thrown [s\src\hotspot\share\interpreter\linkResolver.cpp, line 759]
Event: 9.290 Thread 0x0000027d42c87970 Exception <a 'java/lang/NoSuchMethodError'{0x00000000c935a190}: 'java.lang.Object java.lang.invoke.DirectMethodHandle$Holder.invokeSpecial(java.lang.Object, java.lang.Object, java.lang.Object, java.lang.Object, long, java.lang.Object)'> (0x00000000c935a190) 
thrown [s\src\hotspot\share\interpreter\linkResolver.cpp, line 759]
Event: 9.290 Thread 0x0000027d42c87970 Exception <a 'java/lang/NoSuchMethodError'{0x00000000c935e978}: 'java.lang.Object java.lang.invoke.Invokers$Holder.linkToTargetMethod(java.lang.Object, java.lang.Object, long, java.lang.Object, java.lang.Object)'> (0x00000000c935e978) 
thrown [s\src\hotspot\share\interpreter\linkResolver.cpp, line 759]
Event: 9.406 Thread 0x0000027d42c87970 Exception <a 'java/lang/NoSuchMethodError'{0x00000000c890d448}: 'void java.lang.invoke.DirectMethodHandle$Holder.invokeInterface(java.lang.Object, java.lang.Object)'> (0x00000000c890d448) 
thrown [s\src\hotspot\share\interpreter\linkResolver.cpp, line 759]
Event: 9.413 Thread 0x0000027d42c87970 Exception <a 'java/lang/IncompatibleClassChangeError'{0x00000000c896b3e0}: Found class java.lang.Object, but interface was expected> (0x00000000c896b3e0) 
thrown [s\src\hotspot\share\interpreter\linkResolver.cpp, line 826]
Event: 9.456 Thread 0x0000027d42c87970 Exception <a 'sun/nio/fs/WindowsException'{0x00000000c87d7cc0}> (0x00000000c87d7cc0) 
thrown [s\src\hotspot\share\prims\jni.cpp, line 516]
Event: 9.456 Thread 0x0000027d42c87970 Exception <a 'sun/nio/fs/WindowsException'{0x00000000c87d9988}> (0x00000000c87d9988) 
thrown [s\src\hotspot\share\prims\jni.cpp, line 516]
Event: 9.457 Thread 0x0000027d42c87970 Exception <a 'sun/nio/fs/WindowsException'{0x00000000c87db640}> (0x00000000c87db640) 
thrown [s\src\hotspot\share\prims\jni.cpp, line 516]
Event: 9.457 Thread 0x0000027d42c87970 Exception <a 'sun/nio/fs/WindowsException'{0x00000000c87dcee8}> (0x00000000c87dcee8) 
thrown [s\src\hotspot\share\prims\jni.cpp, line 516]
Event: 9.495 Thread 0x0000027d42c87970 Exception <a 'sun/nio/fs/WindowsException'{0x00000000c708cc18}> (0x00000000c708cc18) 
thrown [s\src\hotspot\share\prims\jni.cpp, line 516]
Event: 9.495 Thread 0x0000027d42c87970 Exception <a 'sun/nio/fs/WindowsException'{0x00000000c708ef60}> (0x00000000c708ef60) 
thrown [s\src\hotspot\share\prims\jni.cpp, line 516]

VM Operations (20 events):
Event: 8.732 Executing VM operation: HandshakeAllThreads done
Event: 8.759 Executing VM operation: ICBufferFull
Event: 8.759 Executing VM operation: ICBufferFull done
Event: 8.813 Executing VM operation: HandshakeAllThreads
Event: 8.813 Executing VM operation: HandshakeAllThreads done
Event: 8.863 Executing VM operation: ICBufferFull
Event: 8.863 Executing VM operation: ICBufferFull done
Event: 8.885 Executing VM operation: HandshakeAllThreads
Event: 8.885 Executing VM operation: HandshakeAllThreads done
Event: 8.953 Executing VM operation: HandshakeAllThreads
Event: 8.953 Executing VM operation: HandshakeAllThreads done
Event: 9.047 Executing VM operation: G1CollectForAllocation
Event: 9.049 Executing VM operation: G1CollectForAllocation done
Event: 9.206 Executing VM operation: HandshakeAllThreads
Event: 9.207 Executing VM operation: HandshakeAllThreads done
Event: 9.246 Executing VM operation: HandshakeAllThreads
Event: 9.246 Executing VM operation: HandshakeAllThreads done
Event: 9.507 Executing VM operation: G1CollectForAllocation
Event: 9.510 Executing VM operation: G1CollectForAllocation done
Event: 10.109 Executing VM operation: ICBufferFull

Memory protections (0 events):
No events

Nmethod flushes (20 events):
Event: 8.600 Thread 0x0000027d2e783ed0 flushing  nmethod 0x0000027d21e1ac90
Event: 8.600 Thread 0x0000027d2e783ed0 flushing  nmethod 0x0000027d21e22510
Event: 8.600 Thread 0x0000027d2e783ed0 flushing  nmethod 0x0000027d21e31490
Event: 8.600 Thread 0x0000027d2e783ed0 flushing  nmethod 0x0000027d21e3ac90
Event: 8.600 Thread 0x0000027d2e783ed0 flushing  nmethod 0x0000027d21ea1290
Event: 8.600 Thread 0x0000027d2e783ed0 flushing  nmethod 0x0000027d21ecbf90
Event: 8.600 Thread 0x0000027d2e783ed0 flushing  nmethod 0x0000027d21f0fd90
Event: 8.600 Thread 0x0000027d2e783ed0 flushing  nmethod 0x0000027d21f12b10
Event: 8.600 Thread 0x0000027d2e783ed0 flushing  nmethod 0x0000027d21f2c090
Event: 8.601 Thread 0x0000027d2e783ed0 flushing  nmethod 0x0000027d21fe2b90
Event: 8.601 Thread 0x0000027d2e783ed0 flushing  nmethod 0x0000027d21ff5710
Event: 8.601 Thread 0x0000027d2e783ed0 flushing  nmethod 0x0000027d22010990
Event: 8.601 Thread 0x0000027d2e783ed0 flushing  nmethod 0x0000027d2204b710
Event: 8.601 Thread 0x0000027d2e783ed0 flushing  nmethod 0x0000027d22079510
Event: 8.601 Thread 0x0000027d2e783ed0 flushing  nmethod 0x0000027d220ab190
Event: 8.601 Thread 0x0000027d2e783ed0 flushing  nmethod 0x0000027d220b3190
Event: 8.601 Thread 0x0000027d2e783ed0 flushing  nmethod 0x0000027d220b3990
Event: 8.601 Thread 0x0000027d2e783ed0 flushing  nmethod 0x0000027d2213a390
Event: 8.601 Thread 0x0000027d2e783ed0 flushing  nmethod 0x0000027d2216a110
Event: 8.601 Thread 0x0000027d2e783ed0 flushing  nmethod 0x0000027d22191b90

Events (20 events):
Event: 4.091 Thread 0x0000027d2eb69460 Thread exited: 0x0000027d2eb69460
Event: 4.091 Thread 0x0000027d2eabdd30 Thread exited: 0x0000027d2eabdd30
Event: 4.696 Thread 0x0000027d2e8f6150 Thread exited: 0x0000027d2e8f6150
Event: 4.813 Thread 0x0000027d2e7835c0 Thread added: 0x0000027d433ed1a0
Event: 4.942 Thread 0x0000027d433ed1a0 Thread exited: 0x0000027d433ed1a0
Event: 4.956 Thread 0x0000027d2e89c510 Thread added: 0x0000027d421df930
Event: 5.019 Thread 0x0000027d2e77ec90 Thread added: 0x0000027d471faf70
Event: 5.019 Thread 0x0000027d2e77ec90 Thread added: 0x0000027d471f94e0
Event: 5.829 Thread 0x0000027d471f94e0 Thread exited: 0x0000027d471f94e0
Event: 5.848 Thread 0x0000027d471faf70 Thread exited: 0x0000027d471faf70
Event: 5.857 Thread 0x0000027d421df930 Thread exited: 0x0000027d421df930
Event: 5.972 Thread 0x0000027d2e77ec90 Thread added: 0x0000027d471fa4d0
Event: 6.585 Thread 0x0000027d2e89ca30 Thread added: 0x0000027d471fba10
Event: 8.164 Thread 0x0000027d471fba10 Thread exited: 0x0000027d471fba10
Event: 8.702 Thread 0x0000027d471fa4d0 Thread exited: 0x0000027d471fa4d0
Event: 9.026 Thread 0x0000027d2e89bff0 Thread added: 0x0000027d471fba10
Event: 9.074 Thread 0x0000027d42c87970 Thread added: 0x0000027d2e986e80
Event: 9.107 Thread 0x0000027d42c87970 Thread added: 0x0000027d2e985a40
Event: 9.118 Thread 0x0000027d2e89bff0 Thread added: 0x0000027d471fdf40
Event: 9.438 Thread 0x0000027d42c87970 Thread added: 0x0000027d2e986970


Dynamic libraries:
0x00007ff6c2000000 - 0x00007ff6c200e000 	C:\Program Files\Eclipse Adoptium\jdk-17.0.20.8-hotspot\bin\java.exe
0x00007ffcd07e0000 - 0x00007ffcd0a46000 	C:\WINDOWS\SYSTEM32\ntdll.dll
0x00007ffcce510000 - 0x00007ffcce5d9000 	C:\WINDOWS\System32\KERNEL32.DLL
0x00007ffccdb90000 - 0x00007ffccdf8f000 	C:\WINDOWS\System32\KERNELBASE.dll
0x00007ffcce280000 - 0x00007ffcce3cc000 	C:\WINDOWS\System32\ucrtbase.dll
0x00007ffcb8710000 - 0x00007ffcb8728000 	C:\Program Files\Eclipse Adoptium\jdk-17.0.20.8-hotspot\bin\jli.dll
0x00007ffcb86f0000 - 0x00007ffcb870e000 	C:\Program Files\Eclipse Adoptium\jdk-17.0.20.8-hotspot\bin\VCRUNTIME140.dll
0x00007ffcce820000 - 0x00007ffcce9e6000 	C:\WINDOWS\System32\USER32.dll
0x00007ffccdb60000 - 0x00007ffccdb87000 	C:\WINDOWS\System32\win32u.dll
0x00007ffcd06a0000 - 0x00007ffcd06cb000 	C:\WINDOWS\System32\GDI32.dll
0x00007ffc7c5a0000 - 0x00007ffc7c831000 	C:\WINDOWS\WinSxS\amd64_microsoft.windows.common-controls_6595b64144ccf1df_6.0.26100.8972_none_3e0da176e32f9d4b\COMCTL32.dll
0x00007ffcce3e0000 - 0x00007ffcce509000 	C:\WINDOWS\System32\gdi32full.dll
0x00007ffccece0000 - 0x00007ffcced89000 	C:\WINDOWS\System32\msvcrt.dll
0x00007ffccdab0000 - 0x00007ffccdb53000 	C:\WINDOWS\System32\msvcp_win.dll
0x00007ffcd05c0000 - 0x00007ffcd05f2000 	C:\WINDOWS\System32\IMM32.DLL
0x00007ffcc8350000 - 0x00007ffcc835c000 	C:\Program Files\Eclipse Adoptium\jdk-17.0.20.8-hotspot\bin\vcruntime140_1.dll
0x00007ffc9c180000 - 0x00007ffc9c20d000 	C:\Program Files\Eclipse Adoptium\jdk-17.0.20.8-hotspot\bin\msvcp140.dll
0x00007ffc2b6a0000 - 0x00007ffc2c30c000 	C:\Program Files\Eclipse Adoptium\jdk-17.0.20.8-hotspot\bin\server\jvm.dll
0x00007ffcce9f0000 - 0x00007ffcceaac000 	C:\WINDOWS\System32\ADVAPI32.dll
0x00007ffcce740000 - 0x00007ffcce7ea000 	C:\WINDOWS\System32\sechost.dll
0x00007ffccf620000 - 0x00007ffccf738000 	C:\WINDOWS\System32\RPCRT4.dll
0x00007ffcd0700000 - 0x00007ffcd0782000 	C:\WINDOWS\System32\WS2_32.dll
0x00007ffccd850000 - 0x00007ffccd8ae000 	C:\WINDOWS\SYSTEM32\POWRPROF.dll
0x00007ffcc3960000 - 0x00007ffcc3996000 	C:\WINDOWS\SYSTEM32\WINMM.dll
0x00007ffcc7540000 - 0x00007ffcc754b000 	C:\WINDOWS\SYSTEM32\VERSION.dll
0x00007ffccd830000 - 0x00007ffccd845000 	C:\WINDOWS\SYSTEM32\UMPDC.dll
0x00007ffccc6a0000 - 0x00007ffccc6bb000 	C:\WINDOWS\SYSTEM32\kernel.appcore.dll
0x00007ffcbcc20000 - 0x00007ffcbcc2a000 	C:\Program Files\Eclipse Adoptium\jdk-17.0.20.8-hotspot\bin\jimage.dll
0x00007ffccac00000 - 0x00007ffccae42000 	C:\WINDOWS\SYSTEM32\DBGHELP.DLL
0x00007ffccf8b0000 - 0x00007ffccfc35000 	C:\WINDOWS\System32\combase.dll
0x00007ffccf740000 - 0x00007ffccf819000 	C:\WINDOWS\System32\OLEAUT32.dll
0x00007ffcbc900000 - 0x00007ffcbc93b000 	C:\WINDOWS\SYSTEM32\dbgcore.DLL
0x00007ffccd9f0000 - 0x00007ffccda9c000 	C:\WINDOWS\System32\bcryptPrimitives.dll
0x00007ffcba0d0000 - 0x00007ffcba0de000 	C:\Program Files\Eclipse Adoptium\jdk-17.0.20.8-hotspot\bin\instrument.dll
0x00007ffcb86c0000 - 0x00007ffcb86e5000 	C:\Program Files\Eclipse Adoptium\jdk-17.0.20.8-hotspot\bin\java.dll
0x00007ffc4d190000 - 0x00007ffc4d267000 	C:\Program Files\Eclipse Adoptium\jdk-17.0.20.8-hotspot\bin\jsvml.dll
0x00007ffccee90000 - 0x00007ffccf618000 	C:\WINDOWS\System32\SHELL32.dll
0x00007ffccb480000 - 0x00007ffccbd1b000 	C:\WINDOWS\SYSTEM32\windows.storage.dll
0x00007ffcced90000 - 0x00007ffccee89000 	C:\WINDOWS\System32\SHCORE.dll
0x00007ffcd0350000 - 0x00007ffcd03b6000 	C:\WINDOWS\System32\shlwapi.dll
0x00007ffccd910000 - 0x00007ffccd939000 	C:\WINDOWS\SYSTEM32\profapi.dll
0x00007ffcb37c0000 - 0x00007ffcb37d8000 	C:\Program Files\Eclipse Adoptium\jdk-17.0.20.8-hotspot\bin\zip.dll
0x00007ffcabcd0000 - 0x00007ffcabcea000 	C:\Program Files\Eclipse Adoptium\jdk-17.0.20.8-hotspot\bin\net.dll
0x00007ffcc61c0000 - 0x00007ffcc62e8000 	C:\WINDOWS\SYSTEM32\WINHTTP.dll
0x00007ffcccc30000 - 0x00007ffcccc9c000 	C:\WINDOWS\system32\mswsock.dll
0x00007ffca93e0000 - 0x00007ffca93f6000 	C:\Program Files\Eclipse Adoptium\jdk-17.0.20.8-hotspot\bin\nio.dll
0x00007ffcb9d00000 - 0x00007ffcb9d10000 	C:\Program Files\Eclipse Adoptium\jdk-17.0.20.8-hotspot\bin\verify.dll
0x00007ffcb8580000 - 0x00007ffcb85a7000 	C:\Users\berro\.gradle\native\1def1411415f61bf3af743bc5b6707747c0891f09f0c88961ee8f79bc544acac\windows-amd64\native-platform.dll
0x00007ffcb38e0000 - 0x00007ffcb3958000 	C:\Users\berro\.gradle\native\0.2.7\x86_64-windows-gnu\gradle-fileevents.dll
0x00007ffcb9900000 - 0x00007ffcb990a000 	C:\Program Files\Eclipse Adoptium\jdk-17.0.20.8-hotspot\bin\management.dll
0x00007ffcb98c0000 - 0x00007ffcb98cc000 	C:\Program Files\Eclipse Adoptium\jdk-17.0.20.8-hotspot\bin\management_ext.dll
0x00007ffcd0690000 - 0x00007ffcd0698000 	C:\WINDOWS\System32\PSAPI.DLL
0x00007ffccc050000 - 0x00007ffccc083000 	C:\WINDOWS\SYSTEM32\IPHLPAPI.DLL
0x00007ffcd0790000 - 0x00007ffcd079a000 	C:\WINDOWS\System32\NSI.dll
0x00007ffcc6190000 - 0x00007ffcc61ad000 	C:\WINDOWS\SYSTEM32\dhcpcsvc6.DLL
0x00007ffcc6160000 - 0x00007ffcc6185000 	C:\WINDOWS\SYSTEM32\dhcpcsvc.DLL
0x00007ffccc0e0000 - 0x00007ffccc238000 	C:\WINDOWS\SYSTEM32\DNSAPI.dll
0x00007ffccca30000 - 0x00007ffccca3d000 	C:\WINDOWS\SYSTEM32\DSPARSE.dll
0x00007ffcb8ba0000 - 0x00007ffcb8ba9000 	C:\Program Files\Eclipse Adoptium\jdk-17.0.20.8-hotspot\bin\extnet.dll
0x00007ffccd050000 - 0x00007ffccd06b000 	C:\WINDOWS\SYSTEM32\CRYPTSP.dll
0x00007ffccc600000 - 0x00007ffccc639000 	C:\WINDOWS\system32\rsaenh.dll
0x00007ffcccce0000 - 0x00007ffcccd12000 	C:\WINDOWS\SYSTEM32\USERENV.dll
0x00007ffccd8e0000 - 0x00007ffccd90a000 	C:\WINDOWS\SYSTEM32\bcrypt.dll
0x00007ffccce90000 - 0x00007ffccce9c000 	C:\WINDOWS\SYSTEM32\CRYPTBASE.dll
0x00007ffcb8690000 - 0x00007ffcb869e000 	C:\Program Files\Eclipse Adoptium\jdk-17.0.20.8-hotspot\bin\sunmscapi.dll
0x00007ffcce0f0000 - 0x00007ffcce26e000 	C:\WINDOWS\System32\CRYPT32.dll
0x00007ffccd1c0000 - 0x00007ffccd1f0000 	C:\WINDOWS\SYSTEM32\ncrypt.dll
0x00007ffccd170000 - 0x00007ffccd1af000 	C:\WINDOWS\SYSTEM32\NTASN1.dll
0x00007ffc89be0000 - 0x00007ffc89be8000 	C:\WINDOWS\system32\wshunix.dll

dbghelp: loaded successfully - version: 4.0.5 - missing functions: none
symbol engine: initialized successfully - sym options: 0x614 - pdb path: .;C:\Program Files\Eclipse Adoptium\jdk-17.0.20.8-hotspot\bin;C:\WINDOWS\SYSTEM32;C:\WINDOWS\WinSxS\amd64_microsoft.windows.common-controls_6595b64144ccf1df_6.0.26100.8972_none_3e0da176e32f9d4b;C:\Program Files\Eclipse Adoptium\jdk-17.0.20.8-hotspot\bin\server;C:\Users\berro\.gradle\native\1def1411415f61bf3af743bc5b6707747c0891f09f0c88961ee8f79bc544acac\windows-amd64;C:\Users\berro\.gradle\native\0.2.7\x86_64-windows-gnu

VM Arguments:
jvm_args: --add-opens=java.base/java.lang=ALL-UNNAMED --add-opens=java.base/java.lang.invoke=ALL-UNNAMED --add-opens=java.base/java.util=ALL-UNNAMED --add-opens=java.prefs/java.util.prefs=ALL-UNNAMED --add-exports=jdk.compiler/com.sun.tools.javac.api=ALL-UNNAMED --add-exports=jdk.compiler/com.sun.tools.javac.util=ALL-UNNAMED --add-opens=java.base/java.util=ALL-UNNAMED --add-opens=java.prefs/java.util.prefs=ALL-UNNAMED --add-opens=java.base/java.nio.charset=ALL-UNNAMED --add-opens=java.base/java.net=ALL-UNNAMED --add-opens=java.base/java.util.concurrent.atomic=ALL-UNNAMED --add-opens=java.xml/javax.xml.namespace=ALL-UNNAMED -XX:MaxMetaspaceSize=256m -XX:ReservedCodeCacheSize=128m -XX:+HeapDumpOnOutOfMemoryError -Xss1m -Xmx1024m -Dfile.encoding=UTF-8 -Duser.country=FR -Duser.language=fr -Duser.variant -javaagent:C:\Users\berro\.gradle\wrapper\dists\gradle-8.14-all\c2qonpi39x1mddn7hk5gh9iqj\gradle-8.14\lib\agents\gradle-instrumentation-agent-8.14.jar 
java_command: org.gradle.launcher.daemon.bootstrap.GradleDaemon 8.14
java_class_path (initial): C:\Users\berro\.gradle\wrapper\dists\gradle-8.14-all\c2qonpi39x1mddn7hk5gh9iqj\gradle-8.14\lib\gradle-daemon-main-8.14.jar
Launcher Type: SUN_STANDARD

[Global flags]
     intx CICompilerCount                          = 12                                        {product} {ergonomic}
   size_t CompressedClassSpaceSize                 = 218103808                                 {product} {ergonomic}
     uint ConcGCThreads                            = 3                                         {product} {ergonomic}
     uint G1ConcRefinementThreads                  = 13                                        {product} {ergonomic}
   size_t G1HeapRegionSize                         = 1048576                                   {product} {ergonomic}
    uintx GCDrainStackTargetSize                   = 64                                        {product} {ergonomic}
     bool HeapDumpOnOutOfMemoryError               = true                                   {manageable} {command line}
   size_t InitialHeapSize                          = 262144000                                 {product} {ergonomic}
   size_t MarkStackSize                            = 4194304                                   {product} {ergonomic}
   size_t MaxHeapSize                              = 1073741824                                {product} {command line}
   size_t MaxMetaspaceSize                         = 268435456                                 {product} {command line}
   size_t MaxNewSize                               = 643825664                                 {product} {ergonomic}
   size_t MinHeapDeltaBytes                        = 1048576                                   {product} {ergonomic}
   size_t MinHeapSize                              = 8388608                                   {product} {ergonomic}
    uintx NonProfiledCodeHeapSize                  = 0                                      {pd product} {ergonomic}
    uintx ProfiledCodeHeapSize                     = 0                                      {pd product} {ergonomic}
    uintx ReservedCodeCacheSize                    = 134217728                              {pd product} {command line}
   size_t SoftMaxHeapSize                          = 1073741824                             {manageable} {ergonomic}
     intx ThreadStackSize                          = 1024                                   {pd product} {command line}
     bool UseCompressedClassPointers               = true                           {product lp64_product} {ergonomic}
     bool UseCompressedOops                        = true                           {product lp64_product} {ergonomic}
     bool UseG1GC                                  = true                                      {product} {ergonomic}
     bool UseLargePagesIndividualAllocation        = false                                  {pd product} {ergonomic}

Logging:
Log output configuration:
 #0: stdout all=warning uptime,level,tags
 #1: stderr all=off uptime,level,tags

Environment Variables:
PATH=C:\Python314\Scripts\;C:\Python314\;C:\Program Files\Common Files\Oracle\Java\javapath;C:\WINDOWS\system32;C:\WINDOWS;C:\WINDOWS\System32\Wbem;C:\WINDOWS\System32\WindowsPowerShell\v1.0\;C:\WINDOWS\System32\OpenSSH\;C:\Program Files\Git\cmd;C:\MinGW\bin;C:\flutter;C:\Program Files\nodejs\;C:\ProgramData\chocolatey\bin;C:\Program Files\nodejs\node_modules\npm\bin;C:\Program Files\PostgreSQL\18\bin;C:\Users\berro\AppData\Local\Programs\Python\Launcher\;C:\Users\berro\AppData\Local\Microsoft\WindowsApps;C:\Users\berro\AppData\Local\Programs\Microsoft VS Code\bin;C:\flutter\bin;C:\Users\berro\AppData\Local\Kingsoft\WPS Office\12.1.0.27458\clitool;C:\Users\berro\AppData\Roaming\npm;
USERNAME=berro
OS=Windows_NT
PROCESSOR_IDENTIFIER=Intel64 Family 6 Model 183 Stepping 1, GenuineIntel
TMP=C:\Users\berro\AppData\Local\Temp
TEMP=C:\Users\berro\AppData\Local\Temp



Periodic native trim disabled


---------------  S Y S T E M  ---------------

OS:
 Windows 11 , 64 bit Build 26100 (10.0.26100.9168)
OS uptime: 2 days 13:24 hours
Hyper-V role detected

CPU: total 16 (initial active 16) (8 cores per cpu, 2 threads per core) family 6 model 183 stepping 1 microcode 0x12b, cx8, cmov, fxsr, ht, mmx, 3dnowpref, sse, sse2, sse3, ssse3, sse4.1, sse4.2, popcnt, lzcnt, tsc, tscinvbit, avx, avx2, aes, erms, clmul, bmi1, bmi2, adx, sha, fma, vzeroupper, clflush, clflushopt, clwb, hv
Processor Information for processor 0
  Max Mhz: 2500, Current Mhz: 2500, Mhz Limit: 2500
Processor Information for processor 1
  Max Mhz: 2500, Current Mhz: 2500, Mhz Limit: 2500
Processor Information for processor 2
  Max Mhz: 2500, Current Mhz: 2500, Mhz Limit: 2500
Processor Information for processor 3
  Max Mhz: 2500, Current Mhz: 2500, Mhz Limit: 2500
Processor Information for processor 4
  Max Mhz: 2500, Current Mhz: 2500, Mhz Limit: 2500
Processor Information for processor 5
  Max Mhz: 2500, Current Mhz: 2500, Mhz Limit: 2500
Processor Information for processor 6
  Max Mhz: 2500, Current Mhz: 2500, Mhz Limit: 2500
Processor Information for processor 7
  Max Mhz: 2500, Current Mhz: 2500, Mhz Limit: 2500
Processor Information for processor 8
  Max Mhz: 2500, Current Mhz: 2500, Mhz Limit: 2500
Processor Information for processor 9
  Max Mhz: 2500, Current Mhz: 2500, Mhz Limit: 2500
Processor Information for processor 10
  Max Mhz: 2500, Current Mhz: 2500, Mhz Limit: 2500
Processor Information for processor 11
  Max Mhz: 2500, Current Mhz: 2500, Mhz Limit: 2500
Processor Information for processor 12
  Max Mhz: 2500, Current Mhz: 1800, Mhz Limit: 1800
Processor Information for processor 13
  Max Mhz: 2500, Current Mhz: 1800, Mhz Limit: 1800
Processor Information for processor 14
  Max Mhz: 2500, Current Mhz: 1800, Mhz Limit: 1800
Processor Information for processor 15
  Max Mhz: 2500, Current Mhz: 1800, Mhz Limit: 1800

Memory: 4k page, system-wide physical 15998M (1011M free)
TotalPageFile size 25990M (AvailPageFile size 197M)
current process WorkingSet (physical memory assigned to process): 461M, peak: 495M
current process commit charge ("private bytes"): 514M, peak: 544M

vm_info: OpenJDK 64-Bit Server VM (17.0.20+8) for windows-amd64 JRE (17.0.20+8), built on Jul 22 2026 00:41:45 by "admin" with MS VC++ 17.12 (VS2022)

END.
