#
# There is insufficient memory for the Java Runtime Environment to continue.
# Native memory allocation (malloc) failed to allocate 1161456 bytes for Chunk::new
# Possible reasons:
#   The system is out of physical RAM or swap space
#   The process is running with CompressedOops enabled, and the Java Heap may be blocking the growth of the native heap
# Possible solutions:
#   Reduce memory load on the system
#   Increase physical memory or swap space
#   Check if swap backing store is full
#   Decrease Java heap size (-Xmx/-Xms)
#   Decrease number of Java threads
#   Decrease Java thread stack sizes (-Xss)
#   Set larger code cache with -XX:ReservedCodeCacheSize=
#   JVM is running with Zero Based Compressed Oops mode in which the Java heap is
#     placed in the first 32GB address space. The Java Heap base address is the
#     maximum limit for the native heap growth. Please use -XX:HeapBaseMinAddress
#     to set the Java Heap base and to place the Java Heap above 32GB virtual address.
# This output file may be truncated or incomplete.
#
#  Out of Memory Error (arena.cpp:168), pid=10568, tid=11876
#
# JRE version: Java(TM) SE Runtime Environment (21.0.11+9) (build 21.0.11+9-LTS-211)
# Java VM: Java HotSpot(TM) 64-Bit Server VM (21.0.11+9-LTS-211, mixed mode, sharing, tiered, compressed oops, compressed class ptrs, g1 gc, windows-amd64)
# No core dump will be written. Minidumps are not enabled by default on client versions of Windows
#

---------------  S U M M A R Y ------------

Command Line: org.jetbrains.kotlin.cli.jvm.K2JVMCompiler @C:\flutter\packages\flutter_tools\gradle\build\20260824_14553489953215893538.compiler.options

Host: 13th Gen Intel(R) Core(TM) i5-13400, 16 cores, 15G,  Windows 11 , 64 bit Build 26100 (10.0.26100.9168)
Time: Mon Aug 24 14:56:38 2026 Afr. centrale Ouest elapsed time: 8.509750 seconds (0d 0h 0m 8s)

---------------  T H R E A D  ---------------

Current thread (0x000001ef6daee390):  JavaThread "C2 CompilerThread0" daemon [_thread_in_native, id=11876, stack(0x00000010ace00000,0x00000010acf00000) (1024K)]


Current CompileTask:
C2:   8509 12644       4       org.jetbrains.kotlin.resolve.calls.inference.components.ConstraintInjector$TypeCheckerStateForConstraintInjector::runIsSubtypeOf$isSubtypeOf (21 bytes)

Stack: [0x00000010ace00000,0x00000010acf00000]
Native frames: (J=compiled Java code, j=interpreted, Vv=VM code, C=native code)
V  [jvm.dll+0x6d0ef9]
V  [jvm.dll+0x860126]
V  [jvm.dll+0x86261e]
V  [jvm.dll+0x862cf3]
V  [jvm.dll+0x282bc6]
V  [jvm.dll+0xc67ad]
V  [jvm.dll+0xc6cf1]
V  [jvm.dll+0x2f81be]
V  [jvm.dll+0x5fb0e7]
V  [jvm.dll+0x254b87]
V  [jvm.dll+0x24cf14]
V  [jvm.dll+0x24a9fe]
V  [jvm.dll+0x1cae7e]
V  [jvm.dll+0x25a7d9]
V  [jvm.dll+0x258d65]
V  [jvm.dll+0x3f50d1]
V  [jvm.dll+0x80ac0d]
V  [jvm.dll+0x6cf79d]
C  [ucrtbase.dll+0x2cd30]
C  [KERNEL32.DLL+0x2ccb7]
C  [ntdll.dll+0xaad6c]


---------------  P R O C E S S  ---------------

Threads class SMR info:
_java_thread_list=0x000001ef755e0ce0, length=17, elements={
0x000001ef4c750b80, 0x000001ef6dada260, 0x000001ef6dae0ce0, 0x000001ef6dae28e0,
0x000001ef6dae55b0, 0x000001ef6dae7150, 0x000001ef6daead20, 0x000001ef6daee390,
0x000001ef6e6d5590, 0x000001ef6e78e1c0, 0x000001ef6e796d80, 0x000001ef6e874650,
0x000001ef6e8c8350, 0x000001ef732803f0, 0x000001ef7344d730, 0x000001ef74c9ff30,
0x000001ef741bfed0
}

Java Threads: ( => current thread )
  0x000001ef4c750b80 JavaThread "main"                              [_thread_blocked, id=9804, stack(0x00000010ac000000,0x00000010ac100000) (1024K)]
  0x000001ef6dada260 JavaThread "Reference Handler"          daemon [_thread_blocked, id=13680, stack(0x00000010ac800000,0x00000010ac900000) (1024K)]
  0x000001ef6dae0ce0 JavaThread "Finalizer"                  daemon [_thread_blocked, id=25992, stack(0x00000010ac900000,0x00000010aca00000) (1024K)]
  0x000001ef6dae28e0 JavaThread "Signal Dispatcher"          daemon [_thread_blocked, id=10988, stack(0x00000010aca00000,0x00000010acb00000) (1024K)]
  0x000001ef6dae55b0 JavaThread "Attach Listener"            daemon [_thread_blocked, id=1680, stack(0x00000010acb00000,0x00000010acc00000) (1024K)]
  0x000001ef6dae7150 JavaThread "Service Thread"             daemon [_thread_blocked, id=6400, stack(0x00000010acc00000,0x00000010acd00000) (1024K)]
  0x000001ef6daead20 JavaThread "Monitor Deflation Thread"   daemon [_thread_blocked, id=18180, stack(0x00000010acd00000,0x00000010ace00000) (1024K)]
=>0x000001ef6daee390 JavaThread "C2 CompilerThread0"         daemon [_thread_in_native, id=11876, stack(0x00000010ace00000,0x00000010acf00000) (1024K)]
  0x000001ef6e6d5590 JavaThread "C1 CompilerThread0"         daemon [_thread_blocked, id=28176, stack(0x00000010acf00000,0x00000010ad000000) (1024K)]
  0x000001ef6e78e1c0 JavaThread "C1 CompilerThread1"         daemon [_thread_blocked, id=16776, stack(0x00000010ad000000,0x00000010ad100000) (1024K)]
  0x000001ef6e796d80 JavaThread "C1 CompilerThread2"         daemon [_thread_blocked, id=9172, stack(0x00000010ad100000,0x00000010ad200000) (1024K)]
  0x000001ef6e874650 JavaThread "Notification Thread"        daemon [_thread_blocked, id=19200, stack(0x00000010ad200000,0x00000010ad300000) (1024K)]
  0x000001ef6e8c8350 JavaThread "Common-Cleaner"             daemon [_thread_blocked, id=19932, stack(0x00000010ad300000,0x00000010ad400000) (1024K)]
  0x000001ef732803f0 JavaThread "C1 CompilerThread3"         daemon [_thread_blocked, id=23528, stack(0x00000010ad600000,0x00000010ad700000) (1024K)]
  0x000001ef7344d730 JavaThread "C2 CompilerThread1"         daemon [_thread_in_native, id=28736, stack(0x00000010add00000,0x00000010ade00000) (1024K)]
  0x000001ef74c9ff30 JavaThread "C2 CompilerThread2"         daemon [_thread_blocked, id=9808, stack(0x00000010ae300000,0x00000010ae400000) (1024K)]
  0x000001ef741bfed0 JavaThread "C2 CompilerThread3"         daemon [_thread_in_native, id=24948, stack(0x00000010ae400000,0x00000010ae500000) (1024K)]
Total: 17

Other Threads:
  0x000001ef6dac0610 VMThread "VM Thread"                           [id=26076, stack(0x00000010ac700000,0x00000010ac800000) (1024K)] _threads_hazard_ptr=0x000001ef755e0ce0
  0x000001ef6daaa4f0 WatcherThread "VM Periodic Task Thread"        [id=21188, stack(0x00000010ac600000,0x00000010ac700000) (1024K)]
  0x000001ef4cacea10 WorkerThread "GC Thread#0"                     [id=23360, stack(0x00000010ac100000,0x00000010ac200000) (1024K)]
  0x000001ef7332c790 WorkerThread "GC Thread#1"                     [id=19296, stack(0x00000010ad500000,0x00000010ad600000) (1024K)]
  0x000001ef7332cf50 WorkerThread "GC Thread#2"                     [id=29108, stack(0x00000010ad700000,0x00000010ad800000) (1024K)]
  0x000001ef7332d700 WorkerThread "GC Thread#3"                     [id=3648, stack(0x00000010ad800000,0x00000010ad900000) (1024K)]
  0x000001ef733a2840 WorkerThread "GC Thread#4"                     [id=26576, stack(0x00000010ad900000,0x00000010ada00000) (1024K)]
  0x000001ef733a2bf0 WorkerThread "GC Thread#5"                     [id=13052, stack(0x00000010ada00000,0x00000010adb00000) (1024K)]
  0x000001ef73a9e520 WorkerThread "GC Thread#6"                     [id=6756, stack(0x00000010ad400000,0x00000010ad500000) (1024K)]
  0x000001ef73a9d2b0 WorkerThread "GC Thread#7"                     [id=11756, stack(0x00000010adb00000,0x00000010adc00000) (1024K)]
  0x000001ef73a9e8d0 WorkerThread "GC Thread#8"                     [id=25168, stack(0x00000010adc00000,0x00000010add00000) (1024K)]
  0x000001ef73a9d660 WorkerThread "GC Thread#9"                     [id=29492, stack(0x00000010ade00000,0x00000010adf00000) (1024K)]
  0x000001ef73a9ec80 WorkerThread "GC Thread#10"                    [id=29564, stack(0x00000010adf00000,0x00000010ae000000) (1024K)]
  0x000001ef74a3aa00 WorkerThread "GC Thread#11"                    [id=29256, stack(0x00000010ae000000,0x00000010ae100000) (1024K)]
  0x000001ef74a3a2a0 WorkerThread "GC Thread#12"                    [id=14000, stack(0x00000010ae700000,0x00000010ae800000) (1024K)]
  0x000001ef4cae0280 ConcurrentGCThread "G1 Main Marker"            [id=11012, stack(0x00000010ac200000,0x00000010ac300000) (1024K)]
  0x000001ef4cae15a0 WorkerThread "G1 Conc#0"                       [id=27920, stack(0x00000010ac300000,0x00000010ac400000) (1024K)]
  0x000001ef74a39790 WorkerThread "G1 Conc#1"                       [id=18268, stack(0x00000010ae100000,0x00000010ae200000) (1024K)]
  0x000001ef74a372b0 WorkerThread "G1 Conc#2"                       [id=5516, stack(0x00000010ae200000,0x00000010ae300000) (1024K)]
  0x000001ef4cb2e140 ConcurrentGCThread "G1 Refine#0"               [id=18428, stack(0x00000010ac400000,0x00000010ac500000) (1024K)]
  0x000001ef6d96d000 ConcurrentGCThread "G1 Service"                [id=14760, stack(0x00000010ac500000,0x00000010ac600000) (1024K)]
Total: 21

Threads with active compile tasks:
C2 CompilerThread0     9528 12644       4       org.jetbrains.kotlin.resolve.calls.inference.components.ConstraintInjector$TypeCheckerStateForConstraintInjector::runIsSubtypeOf$isSubtypeOf (21 bytes)
C1 CompilerThread0     9528 12703       3       org.jetbrains.kotlin.com.intellij.util.CachedValueImpl::getRawData (11 bytes)
C1 CompilerThread1     9528 12700       3       org.jetbrains.kotlin.resolve.calls.tower.PSICallResolver::runResolutionAndInferenceForGivenCandidates (463 bytes)
C1 CompilerThread2     9528 12702   !   3       org.jetbrains.kotlin.storage.LockBasedStorageManager$MapBasedMemoizedFunction::invoke (410 bytes)
C1 CompilerThread3     9528 12704       3       org.jetbrains.kotlin.resolve.calls.components.CreateFreshVariablesSubstitutor::shouldBeFlexible$default (19 bytes)
C2 CompilerThread1     9528 12567       4       org.jetbrains.kotlin.types.AbstractTypeChecker::isSubtypeOf (69 bytes)
C2 CompilerThread2     9528 12694   !   4       java.util.concurrent.ConcurrentHashMap::putVal (432 bytes)
C2 CompilerThread3     9528 12497       4       org.jetbrains.kotlin.resolve.calls.inference.components.ConstraintInjector$TypeCheckerStateForConstraintInjector::runIsSubtypeOf (136 bytes)
Total: 8

VM state: synchronizing (normal execution)

VM Mutex/Monitor currently owned by a thread:  ([mutex/lock_event])
[0x00007ffc25f9af50] Threads_lock - owner thread: 0x000001ef6dac0610

Heap address: 0x0000000706000000, size: 4000 MB, Compressed Oops mode: Zero based, Oop shift amount: 3

CDS archive(s) mapped at: [0x000001ef00000000-0x000001ef00c90000-0x000001ef00c90000), size 13172736, SharedBaseAddress: 0x000001ef00000000, ArchiveRelocationMode: 1.
Compressed class space mapped at: 0x000001ef01000000-0x000001ef41000000, reserved size: 1073741824
Narrow klass base: 0x000001ef00000000, Narrow klass shift: 0, Narrow klass range: 0x100000000

GC Precious Log:
 CardTable entry size: 512
 Card Set container configuration: InlinePtr #cards 4 size 8 Array Of Cards #cards 16 size 48 Howl #buckets 8 coarsen threshold 3686 Howl Bitmap #cards 512 size 80 coarsen threshold 460 Card regions per heap region 1 cards per card region 4096
 CPUs: 16 total, 16 available
 Memory: 15998M
 Large Page Support: Disabled
 NUMA Support: Disabled
 Compressed Oops: Enabled (Zero based)
 Heap Region Size: 2M
 Heap Min Capacity: 8M
 Heap Initial Capacity: 250M
 Heap Max Capacity: 4000M
 Pre-touch: Disabled
 Parallel Workers: 13
 Concurrent Workers: 3
 Concurrent Refinement Workers: 13
 Periodic GC: Disabled

Heap:
 garbage-first heap   total 153600K, used 101329K [0x0000000706000000, 0x0000000800000000)
  region size 2048K, 10 young (20480K), 3 survivors (6144K)
 Metaspace       used 61857K, committed 62784K, reserved 1114112K
  class space    used 7018K, committed 7488K, reserved 1048576K

Heap Regions: E=young(eden), S=young(survivor), O=old, HS=humongous(starts), HC=humongous(continues), CS=collection set, F=free, TAMS=top-at-mark-start, PB=parsable bottom
|   0|0x0000000706000000, 0x0000000706200000, 0x0000000706200000|100%|HS|  |TAMS 0x0000000706000000| PB 0x0000000706000000| Complete 
|   1|0x0000000706200000, 0x0000000706400000, 0x0000000706400000|100%|HC|  |TAMS 0x0000000706200000| PB 0x0000000706200000| Complete 
|   2|0x0000000706400000, 0x0000000706600000, 0x0000000706600000|100%| O|  |TAMS 0x0000000706400000| PB 0x0000000706400000| Untracked 
|   3|0x0000000706600000, 0x0000000706800000, 0x0000000706800000|100%| O|  |TAMS 0x0000000706600000| PB 0x0000000706600000| Untracked 
|   4|0x0000000706800000, 0x0000000706a00000, 0x0000000706a00000|100%| O|  |TAMS 0x0000000706800000| PB 0x0000000706800000| Untracked 
|   5|0x0000000706a00000, 0x0000000706c00000, 0x0000000706c00000|100%| O|  |TAMS 0x0000000706a00000| PB 0x0000000706a00000| Untracked 
|   6|0x0000000706c00000, 0x0000000706e00000, 0x0000000706e00000|100%| O|  |TAMS 0x0000000706c00000| PB 0x0000000706c00000| Untracked 
|   7|0x0000000706e00000, 0x0000000707000000, 0x0000000707000000|100%| O|  |TAMS 0x0000000706e00000| PB 0x0000000706e00000| Untracked 
|   8|0x0000000707000000, 0x0000000707200000, 0x0000000707200000|100%| O|  |TAMS 0x0000000707000000| PB 0x0000000707000000| Untracked 
|   9|0x0000000707200000, 0x0000000707400000, 0x0000000707400000|100%| O|  |TAMS 0x0000000707200000| PB 0x0000000707200000| Untracked 
|  10|0x0000000707400000, 0x0000000707600000, 0x0000000707600000|100%| O|  |TAMS 0x0000000707400000| PB 0x0000000707400000| Untracked 
|  11|0x0000000707600000, 0x0000000707800000, 0x0000000707800000|100%| O|  |TAMS 0x0000000707600000| PB 0x0000000707600000| Untracked 
|  12|0x0000000707800000, 0x0000000707a00000, 0x0000000707a00000|100%|HS|  |TAMS 0x0000000707800000| PB 0x0000000707800000| Complete 
|  13|0x0000000707a00000, 0x0000000707c00000, 0x0000000707c00000|100%|HC|  |TAMS 0x0000000707a00000| PB 0x0000000707a00000| Complete 
|  14|0x0000000707c00000, 0x0000000707e00000, 0x0000000707e00000|100%|HC|  |TAMS 0x0000000707c00000| PB 0x0000000707c00000| Complete 
|  15|0x0000000707e00000, 0x0000000708000000, 0x0000000708000000|100%| O|  |TAMS 0x0000000707e00000| PB 0x0000000707e00000| Untracked 
|  16|0x0000000708000000, 0x0000000708200000, 0x0000000708200000|100%| O|  |TAMS 0x0000000708000000| PB 0x0000000708000000| Untracked 
|  17|0x0000000708200000, 0x0000000708400000, 0x0000000708400000|100%| O|  |TAMS 0x0000000708200000| PB 0x0000000708200000| Untracked 
|  18|0x0000000708400000, 0x0000000708600000, 0x0000000708600000|100%|HS|  |TAMS 0x0000000708400000| PB 0x0000000708400000| Complete 
|  19|0x0000000708600000, 0x0000000708800000, 0x0000000708800000|100%| O|  |TAMS 0x0000000708600000| PB 0x0000000708600000| Untracked 
|  20|0x0000000708800000, 0x0000000708a00000, 0x0000000708a00000|100%|HS|  |TAMS 0x0000000708800000| PB 0x0000000708800000| Complete 
|  21|0x0000000708a00000, 0x0000000708c00000, 0x0000000708c00000|100%| O|  |TAMS 0x0000000708a00000| PB 0x0000000708a00000| Untracked 
|  22|0x0000000708c00000, 0x0000000708e00000, 0x0000000708e00000|100%| O|  |TAMS 0x0000000708c00000| PB 0x0000000708c00000| Untracked 
|  23|0x0000000708e00000, 0x0000000709000000, 0x0000000709000000|100%| O|  |TAMS 0x0000000708e00000| PB 0x0000000708e00000| Untracked 
|  24|0x0000000709000000, 0x0000000709200000, 0x0000000709200000|100%| O|  |TAMS 0x0000000709000000| PB 0x0000000709000000| Untracked 
|  25|0x0000000709200000, 0x0000000709400000, 0x0000000709400000|100%| O|  |TAMS 0x0000000709200000| PB 0x0000000709200000| Untracked 
|  26|0x0000000709400000, 0x0000000709600000, 0x0000000709600000|100%| O|  |TAMS 0x0000000709400000| PB 0x0000000709400000| Untracked 
|  27|0x0000000709600000, 0x0000000709800000, 0x0000000709800000|100%| O|  |TAMS 0x0000000709600000| PB 0x0000000709600000| Untracked 
|  28|0x0000000709800000, 0x0000000709a00000, 0x0000000709a00000|100%| O|  |TAMS 0x0000000709800000| PB 0x0000000709800000| Untracked 
|  29|0x0000000709a00000, 0x0000000709c00000, 0x0000000709c00000|100%| O|  |TAMS 0x0000000709a00000| PB 0x0000000709a00000| Untracked 
|  30|0x0000000709c00000, 0x0000000709e00000, 0x0000000709e00000|100%| O|  |TAMS 0x0000000709c00000| PB 0x0000000709c00000| Untracked 
|  31|0x0000000709e00000, 0x000000070a000000, 0x000000070a000000|100%| O|  |TAMS 0x0000000709e00000| PB 0x0000000709e00000| Untracked 
|  32|0x000000070a000000, 0x000000070a200000, 0x000000070a200000|100%| O|  |TAMS 0x000000070a000000| PB 0x000000070a000000| Untracked 
|  33|0x000000070a200000, 0x000000070a400000, 0x000000070a400000|100%| O|Cm|TAMS 0x000000070a200000| PB 0x000000070a200000| Complete 
|  34|0x000000070a400000, 0x000000070a600000, 0x000000070a600000|100%| O|  |TAMS 0x000000070a400000| PB 0x000000070a400000| Untracked 
|  35|0x000000070a600000, 0x000000070a800000, 0x000000070a800000|100%| O|  |TAMS 0x000000070a600000| PB 0x000000070a600000| Untracked 
|  36|0x000000070a800000, 0x000000070aa00000, 0x000000070aa00000|100%| O|  |TAMS 0x000000070a800000| PB 0x000000070a800000| Untracked 
|  37|0x000000070aa00000, 0x000000070ac00000, 0x000000070ac00000|100%| O|  |TAMS 0x000000070aa00000| PB 0x000000070aa00000| Untracked 
|  38|0x000000070ac00000, 0x000000070ae00000, 0x000000070ae00000|100%| O|  |TAMS 0x000000070ac00000| PB 0x000000070ac00000| Untracked 
|  39|0x000000070ae00000, 0x000000070ae00000, 0x000000070b000000|  0%| F|  |TAMS 0x000000070ae00000| PB 0x000000070ae00000| Untracked 
|  40|0x000000070b000000, 0x000000070b11e620, 0x000000070b200000| 55%| O|  |TAMS 0x000000070b000000| PB 0x000000070b000000| Untracked 
|  41|0x000000070b200000, 0x000000070b200000, 0x000000070b400000|  0%| F|  |TAMS 0x000000070b200000| PB 0x000000070b200000| Untracked 
|  42|0x000000070b400000, 0x000000070b400000, 0x000000070b600000|  0%| F|  |TAMS 0x000000070b400000| PB 0x000000070b400000| Untracked 
|  43|0x000000070b600000, 0x000000070b600000, 0x000000070b800000|  0%| F|  |TAMS 0x000000070b600000| PB 0x000000070b600000| Untracked 
|  44|0x000000070b800000, 0x000000070b800000, 0x000000070ba00000|  0%| F|  |TAMS 0x000000070b800000| PB 0x000000070b800000| Untracked 
|  45|0x000000070ba00000, 0x000000070ba00000, 0x000000070bc00000|  0%| F|  |TAMS 0x000000070ba00000| PB 0x000000070ba00000| Untracked 
|  46|0x000000070bc00000, 0x000000070bdd5fe0, 0x000000070be00000| 91%| S|CS|TAMS 0x000000070bc00000| PB 0x000000070bc00000| Complete 
|  47|0x000000070be00000, 0x000000070c000000, 0x000000070c000000|100%| S|CS|TAMS 0x000000070be00000| PB 0x000000070be00000| Complete 
|  48|0x000000070c000000, 0x000000070c200000, 0x000000070c200000|100%| S|CS|TAMS 0x000000070c000000| PB 0x000000070c000000| Complete 
|  49|0x000000070c200000, 0x000000070c200000, 0x000000070c400000|  0%| F|  |TAMS 0x000000070c200000| PB 0x000000070c200000| Untracked 
|  50|0x000000070c400000, 0x000000070c400000, 0x000000070c600000|  0%| F|  |TAMS 0x000000070c400000| PB 0x000000070c400000| Untracked 
|  51|0x000000070c600000, 0x000000070c600000, 0x000000070c800000|  0%| F|  |TAMS 0x000000070c600000| PB 0x000000070c600000| Untracked 
|  52|0x000000070c800000, 0x000000070c800000, 0x000000070ca00000|  0%| F|  |TAMS 0x000000070c800000| PB 0x000000070c800000| Untracked 
|  53|0x000000070ca00000, 0x000000070ca00000, 0x000000070cc00000|  0%| F|  |TAMS 0x000000070ca00000| PB 0x000000070ca00000| Untracked 
|  54|0x000000070cc00000, 0x000000070cc00000, 0x000000070ce00000|  0%| F|  |TAMS 0x000000070cc00000| PB 0x000000070cc00000| Untracked 
|  55|0x000000070ce00000, 0x000000070ce00000, 0x000000070d000000|  0%| F|  |TAMS 0x000000070ce00000| PB 0x000000070ce00000| Untracked 
|  56|0x000000070d000000, 0x000000070d000000, 0x000000070d200000|  0%| F|  |TAMS 0x000000070d000000| PB 0x000000070d000000| Untracked 
|  57|0x000000070d200000, 0x000000070d200000, 0x000000070d400000|  0%| F|  |TAMS 0x000000070d200000| PB 0x000000070d200000| Untracked 
|  58|0x000000070d400000, 0x000000070d400000, 0x000000070d600000|  0%| F|  |TAMS 0x000000070d400000| PB 0x000000070d400000| Untracked 
|  59|0x000000070d600000, 0x000000070d600000, 0x000000070d800000|  0%| F|  |TAMS 0x000000070d600000| PB 0x000000070d600000| Untracked 
|  60|0x000000070d800000, 0x000000070d800000, 0x000000070da00000|  0%| F|  |TAMS 0x000000070d800000| PB 0x000000070d800000| Untracked 
|  61|0x000000070da00000, 0x000000070da00000, 0x000000070dc00000|  0%| F|  |TAMS 0x000000070da00000| PB 0x000000070da00000| Untracked 
|  62|0x000000070dc00000, 0x000000070dc00000, 0x000000070de00000|  0%| F|  |TAMS 0x000000070dc00000| PB 0x000000070dc00000| Untracked 
|  63|0x000000070de00000, 0x000000070de00000, 0x000000070e000000|  0%| F|  |TAMS 0x000000070de00000| PB 0x000000070de00000| Untracked 
|  64|0x000000070e000000, 0x000000070e000000, 0x000000070e200000|  0%| F|  |TAMS 0x000000070e000000| PB 0x000000070e000000| Untracked 
|  65|0x000000070e200000, 0x000000070e200000, 0x000000070e400000|  0%| F|  |TAMS 0x000000070e200000| PB 0x000000070e200000| Untracked 
|  66|0x000000070e400000, 0x000000070e400000, 0x000000070e600000|  0%| F|  |TAMS 0x000000070e400000| PB 0x000000070e400000| Untracked 
|  67|0x000000070e600000, 0x000000070e7fe698, 0x000000070e800000| 99%| E|  |TAMS 0x000000070e600000| PB 0x000000070e600000| Complete 
|  68|0x000000070e800000, 0x000000070ea00000, 0x000000070ea00000|100%| E|CS|TAMS 0x000000070e800000| PB 0x000000070e800000| Complete 
| 111|0x0000000713e00000, 0x0000000714000000, 0x0000000714000000|100%| E|CS|TAMS 0x0000000713e00000| PB 0x0000000713e00000| Complete 
| 112|0x0000000714000000, 0x0000000714200000, 0x0000000714200000|100%| E|CS|TAMS 0x0000000714000000| PB 0x0000000714000000| Complete 
| 113|0x0000000714200000, 0x0000000714400000, 0x0000000714400000|100%| E|CS|TAMS 0x0000000714200000| PB 0x0000000714200000| Complete 
| 114|0x0000000714400000, 0x0000000714600000, 0x0000000714600000|100%| E|CS|TAMS 0x0000000714400000| PB 0x0000000714400000| Complete 
| 124|0x0000000715800000, 0x0000000715a00000, 0x0000000715a00000|100%| E|CS|TAMS 0x0000000715800000| PB 0x0000000715800000| Complete 
|1999|0x00000007ffe00000, 0x0000000800000000, 0x0000000800000000|100%| O|  |TAMS 0x00000007ffe00000| PB 0x00000007ffe00000| Untracked 

Card table byte_map: [0x000001ef66eb0000,0x000001ef67680000] _byte_map_base: 0x000001ef63680000

Marking Bits: (CMBitMap*) 0x000001ef4cacf120
 Bits: [0x000001ef67680000, 0x000001ef6b500000)

Polling page: 0x000001ef4cb30000

Metaspace:

Usage:
  Non-class:     53.55 MB used.
      Class:      6.85 MB used.
       Both:     60.41 MB used.

Virtual space:
  Non-class space:       64.00 MB reserved,      54.00 MB ( 84%) committed,  1 nodes.
      Class space:        1.00 GB reserved,       7.31 MB ( <1%) committed,  1 nodes.
             Both:        1.06 GB reserved,      61.31 MB (  6%) committed. 

Chunk freelists:
   Non-Class:  9.92 MB
       Class:  8.55 MB
        Both:  18.47 MB

MaxMetaspaceSize: unlimited
CompressedClassSpaceSize: 1.00 GB
Initial GC threshold: 21.00 MB
Current GC threshold: 101.81 MB
CDS: on
 - commit_granule_bytes: 65536.
 - commit_granule_words: 8192.
 - virtual_space_node_default_size: 8388608.
 - enlarge_chunks_in_place: 1.
 - use_allocation_guard: 0.


Internal statistics:

num_allocs_failed_limit: 10.
num_arena_births: 1360.
num_arena_deaths: 0.
num_vsnodes_births: 2.
num_vsnodes_deaths: 0.
num_space_committed: 979.
num_space_uncommitted: 0.
num_chunks_returned_to_freelist: 10.
num_chunks_taken_from_freelist: 3824.
num_chunk_merges: 10.
num_chunk_splits: 2796.
num_chunks_enlarged: 2109.
num_inconsistent_stats: 0.

CodeHeap 'non-profiled nmethods': size=119168Kb used=6631Kb max_used=7094Kb free=112536Kb
 bounds [0x000001ef5e2c0000, 0x000001ef5e9b0000, 0x000001ef65720000]
CodeHeap 'profiled nmethods': size=119104Kb used=36124Kb max_used=38351Kb free=82979Kb
 bounds [0x000001ef56720000, 0x000001ef58cb0000, 0x000001ef5db70000]
CodeHeap 'non-nmethods': size=7488Kb used=3326Kb max_used=3398Kb free=4162Kb
 bounds [0x000001ef5db70000, 0x000001ef5ded0000, 0x000001ef5e2c0000]
 total_blobs=11924 nmethods=11257 adapters=565
 compilation: enabled
              stopped_count=0, restarted_count=0
 full_count=0

Compilation events (20 events):
Event: 8.394 Thread 0x000001ef6e78e1c0 12670       3       org.jetbrains.kotlin.types.TypeSubstitutor::unsafeSubstitute (793 bytes)
Event: 8.394 Thread 0x000001ef6e796d80 12671       3       org.jetbrains.kotlin.types.AbstractTypeApproximator::approximateToSubType (27 bytes)
Event: 8.395 Thread 0x000001ef732803f0 12672       3       org.jetbrains.kotlin.types.checker.TypeIntersector$ResultNullability$START::combine (12 bytes)
Event: 8.395 Thread 0x000001ef6e6d5590 12673       3       org.jetbrains.kotlin.types.checker.TypeIntersector$ResultNullability::getResultNullability (79 bytes)
Event: 8.395 Thread 0x000001ef732803f0 nmethod 12672 0x000001ef567a3990 code [0x000001ef567a3bc0, 0x000001ef567a41b8]
Event: 8.395 Thread 0x000001ef6e796d80 nmethod 12671 0x000001ef56d91b90 code [0x000001ef56d91ec0, 0x000001ef56d92f78]
Event: 8.395 Thread 0x000001ef6e6d5590 nmethod 12673 0x000001ef56f08b10 code [0x000001ef56f08dc0, 0x000001ef56f09aa0]
Event: 8.396 Thread 0x000001ef732803f0 12674       1       org.jetbrains.kotlin.resolve.constants.IntegerLiteralTypeConstructor::getPossibleTypes (5 bytes)
Event: 8.396 Thread 0x000001ef732803f0 nmethod 12674 0x000001ef5e635010 code [0x000001ef5e6351a0, 0x000001ef5e635270]
Event: 8.396 Thread 0x000001ef6e796d80 12676       1       org.jetbrains.kotlin.resolve.calls.results.OverloadingConflictResolver::access$getBuiltIns$p (5 bytes)
Event: 8.396 Thread 0x000001ef6e796d80 nmethod 12676 0x000001ef5e4dcc10 code [0x000001ef5e4dcda0, 0x000001ef5e4dce50]
Event: 8.399 Thread 0x000001ef74c9ff30 nmethod 12658 0x000001ef5e6ca490 code [0x000001ef5e6ca680, 0x000001ef5e6cb248]
Event: 8.401 Thread 0x000001ef74c9ff30 12659       4       org.jetbrains.kotlin.resolve.calls.inference.components.TypeCheckerStateForConstraintSystem::<init> (38 bytes)
Event: 8.405 Thread 0x000001ef6e78e1c0 nmethod 12670 0x000001ef58c93d90 code [0x000001ef58c94fe0, 0x000001ef58ca01e0]
Event: 8.405 Thread 0x000001ef74c9ff30 nmethod 12659 0x000001ef5e6c9a10 code [0x000001ef5e6c9bc0, 0x000001ef5e6ca0c0]
Event: 8.406 Thread 0x000001ef74c9ff30 12677       4       org.jetbrains.kotlin.com.intellij.util.keyFMap.ArrayBackedFMap::getKeys (8 bytes)
Event: 8.410 Thread 0x000001ef732803f0 12679       1       org.jetbrains.kotlin.types.TypeApproximatorConfiguration$FinalApproximationAfterResolutionAndInference::getApproximateIntersectionTypesInContravariantPositions (2 bytes)
Event: 8.413 Thread 0x000001ef6e796d80 12681       3       org.jetbrains.kotlin.psi.KtSimpleNameExpressionImpl::accept (16 bytes)
Event: 8.415 Thread 0x000001ef6e78e1c0 12682       3       org.jetbrains.kotlin.com.intellij.lang.impl.TokenSequence$Builder::performLexing (149 bytes)
Event: 8.415 Thread 0x000001ef6e6d5590 12683       3       org.jetbrains.kotlin.parsing.KotlinParsing::parsePropertyDelegateOrAssignment (41 bytes)

GC Heap History (20 events):
Event: 2.039 GC heap before
{Heap before GC invocations=9 (full 0):
 garbage-first heap   total 63488K, used 53585K [0x0000000706000000, 0x0000000800000000)
  region size 2048K, 11 young (22528K), 2 survivors (4096K)
 Metaspace       used 30694K, committed 30976K, reserved 1114112K
  class space    used 3957K, committed 4096K, reserved 1048576K
}
Event: 2.043 GC heap after
{Heap after GC invocations=10 (full 0):
 garbage-first heap   total 65536K, used 40771K [0x0000000706000000, 0x0000000800000000)
  region size 2048K, 2 young (4096K), 2 survivors (4096K)
 Metaspace       used 30694K, committed 30976K, reserved 1114112K
  class space    used 3957K, committed 4096K, reserved 1048576K
}
Event: 2.193 GC heap before
{Heap before GC invocations=10 (full 0):
 garbage-first heap   total 65536K, used 53059K [0x0000000706000000, 0x0000000800000000)
  region size 2048K, 8 young (16384K), 2 survivors (4096K)
 Metaspace       used 32292K, committed 32640K, reserved 1114112K
  class space    used 4123K, committed 4288K, reserved 1048576K
}
Event: 2.198 GC heap after
{Heap after GC invocations=11 (full 0):
 garbage-first heap   total 126976K, used 48092K [0x0000000706000000, 0x0000000800000000)
  region size 2048K, 1 young (2048K), 1 survivors (2048K)
 Metaspace       used 32292K, committed 32640K, reserved 1114112K
  class space    used 4123K, committed 4288K, reserved 1048576K
}
Event: 2.863 GC heap before
{Heap before GC invocations=11 (full 0):
 garbage-first heap   total 126976K, used 97244K [0x0000000706000000, 0x0000000800000000)
  region size 2048K, 26 young (53248K), 1 survivors (2048K)
 Metaspace       used 41469K, committed 42240K, reserved 1114112K
  class space    used 5081K, committed 5440K, reserved 1048576K
}
Event: 2.869 GC heap after
{Heap after GC invocations=12 (full 0):
 garbage-first heap   total 126976K, used 52150K [0x0000000706000000, 0x0000000800000000)
  region size 2048K, 3 young (6144K), 3 survivors (6144K)
 Metaspace       used 41469K, committed 42240K, reserved 1114112K
  class space    used 5081K, committed 5440K, reserved 1048576K
}
Event: 3.190 GC heap before
{Heap before GC invocations=12 (full 0):
 garbage-first heap   total 126976K, used 68534K [0x0000000706000000, 0x0000000800000000)
  region size 2048K, 12 young (24576K), 3 survivors (6144K)
 Metaspace       used 45147K, committed 45888K, reserved 1114112K
  class space    used 5529K, committed 5888K, reserved 1048576K
}
Event: 3.196 GC heap after
{Heap after GC invocations=13 (full 0):
 garbage-first heap   total 126976K, used 54686K [0x0000000706000000, 0x0000000800000000)
  region size 2048K, 2 young (4096K), 2 survivors (4096K)
 Metaspace       used 45147K, committed 45888K, reserved 1114112K
  class space    used 5529K, committed 5888K, reserved 1048576K
}
Event: 3.581 GC heap before
{Heap before GC invocations=14 (full 0):
 garbage-first heap   total 126976K, used 99742K [0x0000000706000000, 0x0000000800000000)
  region size 2048K, 25 young (51200K), 2 survivors (4096K)
 Metaspace       used 48514K, committed 49344K, reserved 1114112K
  class space    used 5870K, committed 6272K, reserved 1048576K
}
Event: 3.586 GC heap after
{Heap after GC invocations=15 (full 0):
 garbage-first heap   total 126976K, used 57643K [0x0000000706000000, 0x0000000800000000)
  region size 2048K, 3 young (6144K), 3 survivors (6144K)
 Metaspace       used 48514K, committed 49344K, reserved 1114112K
  class space    used 5870K, committed 6272K, reserved 1048576K
}
Event: 4.563 GC heap before
{Heap before GC invocations=15 (full 0):
 garbage-first heap   total 126976K, used 104747K [0x0000000706000000, 0x0000000800000000)
  region size 2048K, 26 young (53248K), 3 survivors (6144K)
 Metaspace       used 54433K, committed 55296K, reserved 1114112K
  class space    used 6471K, committed 6912K, reserved 1048576K
}
Event: 4.576 GC heap after
{Heap after GC invocations=16 (full 0):
 garbage-first heap   total 126976K, used 65478K [0x0000000706000000, 0x0000000800000000)
  region size 2048K, 4 young (8192K), 4 survivors (8192K)
 Metaspace       used 54433K, committed 55296K, reserved 1114112K
  class space    used 6471K, committed 6912K, reserved 1048576K
}
Event: 5.673 GC heap before
{Heap before GC invocations=16 (full 0):
 garbage-first heap   total 126976K, used 106438K [0x0000000706000000, 0x0000000800000000)
  region size 2048K, 25 young (51200K), 4 survivors (8192K)
 Metaspace       used 59004K, committed 59840K, reserved 1114112K
  class space    used 6881K, committed 7296K, reserved 1048576K
}
Event: 5.687 GC heap after
{Heap after GC invocations=17 (full 0):
 garbage-first heap   total 126976K, used 71008K [0x0000000706000000, 0x0000000800000000)
  region size 2048K, 3 young (6144K), 3 survivors (6144K)
 Metaspace       used 59004K, committed 59840K, reserved 1114112K
  class space    used 6881K, committed 7296K, reserved 1048576K
}
Event: 6.455 GC heap before
{Heap before GC invocations=18 (full 0):
 garbage-first heap   total 126976K, used 109920K [0x0000000706000000, 0x0000000800000000)
  region size 2048K, 22 young (45056K), 3 survivors (6144K)
 Metaspace       used 60265K, committed 61120K, reserved 1114112K
  class space    used 6930K, committed 7360K, reserved 1048576K
}
Event: 6.466 GC heap after
{Heap after GC invocations=19 (full 0):
 garbage-first heap   total 126976K, used 76920K [0x0000000706000000, 0x0000000800000000)
  region size 2048K, 3 young (6144K), 3 survivors (6144K)
 Metaspace       used 60265K, committed 61120K, reserved 1114112K
  class space    used 6930K, committed 7360K, reserved 1048576K
}
Event: 7.153 GC heap before
{Heap before GC invocations=19 (full 0):
 garbage-first heap   total 126976K, used 111736K [0x0000000706000000, 0x0000000800000000)
  region size 2048K, 20 young (40960K), 3 survivors (6144K)
 Metaspace       used 60886K, committed 61824K, reserved 1114112K
  class space    used 6954K, committed 7424K, reserved 1048576K
}
Event: 7.165 GC heap after
{Heap after GC invocations=20 (full 0):
 garbage-first heap   total 153600K, used 80860K [0x0000000706000000, 0x0000000800000000)
  region size 2048K, 3 young (6144K), 3 survivors (6144K)
 Metaspace       used 60886K, committed 61824K, reserved 1114112K
  class space    used 6954K, committed 7424K, reserved 1048576K
}
Event: 8.082 GC heap before
{Heap before GC invocations=20 (full 0):
 garbage-first heap   total 153600K, used 134108K [0x0000000706000000, 0x0000000800000000)
  region size 2048K, 28 young (57344K), 3 survivors (6144K)
 Metaspace       used 61663K, committed 62528K, reserved 1114112K
  class space    used 6998K, committed 7424K, reserved 1048576K
}
Event: 8.092 GC heap after
{Heap after GC invocations=21 (full 0):
 garbage-first heap   total 153600K, used 89041K [0x0000000706000000, 0x0000000800000000)
  region size 2048K, 3 young (6144K), 3 survivors (6144K)
 Metaspace       used 61663K, committed 62528K, reserved 1114112K
  class space    used 6998K, committed 7424K, reserved 1048576K
}

Dll operation events (9 events):
Event: 0.005 Loaded shared library C:\Program Files\Java\jdk-21.0.11\bin\java.dll
Event: 0.028 Loaded shared library C:\Program Files\Java\jdk-21.0.11\bin\jsvml.dll
Event: 0.046 Loaded shared library C:\Program Files\Java\jdk-21.0.11\bin\net.dll
Event: 0.048 Loaded shared library C:\Program Files\Java\jdk-21.0.11\bin\nio.dll
Event: 0.067 Loaded shared library C:\Program Files\Java\jdk-21.0.11\bin\zip.dll
Event: 0.095 Loaded shared library C:\Program Files\Java\jdk-21.0.11\bin\jimage.dll
Event: 0.554 Loaded shared library C:\Program Files\Java\jdk-21.0.11\bin\management.dll
Event: 0.558 Loaded shared library C:\Program Files\Java\jdk-21.0.11\bin\management_ext.dll
Event: 1.701 Loaded shared library C:\Program Files\Java\jdk-21.0.11\bin\verify.dll

Deoptimization events (20 events):
Event: 8.276 Thread 0x000001ef4c750b80 Uncommon trap: reason=class_check action=maybe_recompile pc=0x000001ef5e4c7880 method=org.jetbrains.kotlin.com.intellij.lexer.FlexAdapter.locateToken()V @ 29 c2
Event: 8.276 Thread 0x000001ef4c750b80 DEOPT PACKING pc=0x000001ef5e4c7880 sp=0x00000010ac0fc330
Event: 8.276 Thread 0x000001ef4c750b80 DEOPT UNPACKING pc=0x000001ef5dbc46a2 sp=0x00000010ac0fc2e0 mode 2
Event: 8.276 Thread 0x000001ef4c750b80 Uncommon trap: trap_request=0xffffffde fr.pc=0x000001ef5e4d3610 relative=0x00000000000001b0
Event: 8.276 Thread 0x000001ef4c750b80 Uncommon trap: reason=class_check action=maybe_recompile pc=0x000001ef5e4d3610 method=org.jetbrains.kotlin.com.intellij.lexer.FlexAdapter.locateToken()V @ 29 c2
Event: 8.276 Thread 0x000001ef4c750b80 DEOPT PACKING pc=0x000001ef5e4d3610 sp=0x00000010ac0fc3f0
Event: 8.276 Thread 0x000001ef4c750b80 DEOPT UNPACKING pc=0x000001ef5dbc46a2 sp=0x00000010ac0fc350 mode 2
Event: 8.278 Thread 0x000001ef4c750b80 Uncommon trap: trap_request=0xffffff45 fr.pc=0x000001ef5e5aa8e8 relative=0x0000000000000728
Event: 8.278 Thread 0x000001ef4c750b80 Uncommon trap: reason=unstable_if action=reinterpret pc=0x000001ef5e5aa8e8 method=org.jetbrains.kotlin.parsing.KotlinCommonParserDefinition.createElement(Lorg/jetbrains/kotlin/com/intellij/lang/ASTNode;)Lorg/jetbrains/kotlin/com/intellij/psi/PsiElement; @
Event: 8.278 Thread 0x000001ef4c750b80 DEOPT PACKING pc=0x000001ef5e5aa8e8 sp=0x00000010ac0fcb00
Event: 8.278 Thread 0x000001ef4c750b80 DEOPT UNPACKING pc=0x000001ef5dbc46a2 sp=0x00000010ac0fc9e8 mode 2
Event: 8.325 Thread 0x000001ef4c750b80 Uncommon trap: trap_request=0xffffff76 fr.pc=0x000001ef5e4e0b00 relative=0x0000000000001460
Event: 8.325 Thread 0x000001ef4c750b80 Uncommon trap: reason=predicate action=maybe_recompile pc=0x000001ef5e4e0b00 method=org.jetbrains.kotlin.com.intellij.extapi.psi.StubBasedPsiElementBase.getStubOrPsiChildren(Lorg/jetbrains/kotlin/com/intellij/psi/stubs/IStubElementType;Lorg/jetbrains/kotl
Event: 8.325 Thread 0x000001ef4c750b80 DEOPT PACKING pc=0x000001ef5e4e0b00 sp=0x00000010ac0f77f0
Event: 8.325 Thread 0x000001ef4c750b80 DEOPT UNPACKING pc=0x000001ef5dbc46a2 sp=0x00000010ac0f77d0 mode 2
Event: 8.360 Thread 0x000001ef4c750b80 Uncommon trap: trap_request=0xffffff45 fr.pc=0x000001ef5e95a764 relative=0x0000000000002a04
Event: 8.360 Thread 0x000001ef4c750b80 Uncommon trap: reason=unstable_if action=reinterpret pc=0x000001ef5e95a764 method=org.jetbrains.kotlin.types.SpecialTypesKt.getAbbreviation(Lorg/jetbrains/kotlin/types/KotlinType;)Lorg/jetbrains/kotlin/types/SimpleType; @ 11 c2
Event: 8.360 Thread 0x000001ef4c750b80 DEOPT PACKING pc=0x000001ef5e95a764 sp=0x00000010ac0f8c80
Event: 8.360 Thread 0x000001ef4c750b80 DEOPT UNPACKING pc=0x000001ef5dbc46a2 sp=0x00000010ac0f8b20 mode 2
Event: 8.418 Thread 0x000001ef4c750b80 Uncommon trap: trap_request=0xffffff45 fr.pc=0x000001ef5e633f54 relative=0x0000000000000894

Classes loaded (20 events):
Event: 3.162 Loading class java/text/StringCharacterIterator
Event: 3.162 Loading class java/text/CharacterIterator
Event: 3.162 Loading class java/text/CharacterIterator done
Event: 3.163 Loading class java/text/StringCharacterIterator done
Event: 3.628 Loading class java/util/stream/LongStream
Event: 3.628 Loading class java/util/stream/LongStream done
Event: 3.628 Loading class java/util/stream/DoubleStream
Event: 3.628 Loading class java/util/stream/DoubleStream done
Event: 3.686 Loading class java/util/EnumMap$EntrySet
Event: 3.686 Loading class java/util/EnumMap$EntrySet done
Event: 3.686 Loading class java/util/EnumMap$EntryIterator
Event: 3.686 Loading class java/util/EnumMap$EnumMapIterator
Event: 3.687 Loading class java/util/EnumMap$EnumMapIterator done
Event: 3.687 Loading class java/util/EnumMap$EntryIterator done
Event: 3.687 Loading class java/util/EnumMap$EntryIterator$Entry
Event: 3.687 Loading class java/util/EnumMap$EntryIterator$Entry done
Event: 3.707 Loading class java/security/CodeSigner
Event: 3.707 Loading class java/security/CodeSigner done
Event: 4.249 Loading class java/util/RegularEnumSet$EnumSetIterator
Event: 4.249 Loading class java/util/RegularEnumSet$EnumSetIterator done

Classes unloaded (0 events):
No events

Classes redefined (0 events):
No events

Internal exceptions (20 events):
Event: 3.150 Thread 0x000001ef4c750b80 Exception <a 'java/lang/NoSuchMethodError'{0x000000070cb12638}: 'java.lang.Object java.lang.invoke.DirectMethodHandle$Holder.invokeSpecial(java.lang.Object, java.lang.Object, java.lang.Object, java.lang.Object, java.lang.Object, int)'> (0x000000070cb12638) 
thrown [s\open\src\hotspot\share\interpreter\linkResolver.cpp, line 773]
Event: 3.150 Thread 0x000001ef4c750b80 Exception <a 'java/lang/NoSuchMethodError'{0x000000070cb168c8}: 'java.lang.Object java.lang.invoke.Invokers$Holder.linkToTargetMethod(java.lang.Object, java.lang.Object, java.lang.Object, int, java.lang.Object)'> (0x000000070cb168c8) 
thrown [s\open\src\hotspot\share\interpreter\linkResolver.cpp, line 773]
Event: 3.700 Thread 0x000001ef4c750b80 Exception <a 'java/lang/NoSuchMethodError'{0x00000007143d8d48}: 'java.lang.Object java.lang.invoke.DirectMethodHandle$Holder.newInvokeSpecial(java.lang.Object, java.lang.Object, java.lang.Object, java.lang.Object, int, java.lang.Object)'> (0x00000007143d8d48) 
thrown [s\open\src\hotspot\share\interpreter\linkResolver.cpp, line 773]
Event: 3.838 Thread 0x000001ef4c750b80 Implicit null exception at 0x000001ef5e599df2 to 0x000001ef5e59a2c0
Event: 3.838 Thread 0x000001ef4c750b80 Implicit null exception at 0x000001ef5e597abd to 0x000001ef5e597af8
Event: 4.134 Thread 0x000001ef4c750b80 Exception <a 'java/lang/NoSuchMethodError'{0x000000070bfa8e08}: 'java.lang.Object java.lang.invoke.DirectMethodHandle$Holder.newInvokeSpecial(java.lang.Object, int, java.lang.Object)'> (0x000000070bfa8e08) 
thrown [s\open\src\hotspot\share\interpreter\linkResolver.cpp, line 773]
Event: 4.241 Thread 0x000001ef4c750b80 Exception <a 'java/lang/NoSuchMethodError'{0x000000070bbbe3d0}: 'java.lang.Object java.lang.invoke.DirectMethodHandle$Holder.invokeSpecial(java.lang.Object, java.lang.Object, java.lang.Object, java.lang.Object, java.lang.Object, java.lang.Object, int)'> (0x000000070bbbe3d0) 
thrown [s\open\src\hotspot\share\interpreter\linkResolver.cpp, line 773]
Event: 4.253 Thread 0x000001ef4c750b80 Exception <a 'java/lang/NoSuchMethodError'{0x000000070b82d520}: 'java.lang.Object java.lang.invoke.DirectMethodHandle$Holder.newInvokeSpecial(java.lang.Object, java.lang.Object, java.lang.Object, java.lang.Object, java.lang.Object, java.lang.Object, java.lang.Object, int, java.lang.Object)'> (0x000000070b82d520) 
thrown [s\open\src\hotspot\share\interpreter\linkResolver.cpp, line 773]
Event: 4.663 Thread 0x000001ef4c750b80 Implicit null exception at 0x000001ef5e4bc3da to 0x000001ef5e4bc4e4
Event: 4.664 Thread 0x000001ef4c750b80 Exception <a 'java/lang/NoSuchMethodError'{0x00000007140419c0}: 'java.lang.Object java.lang.invoke.DirectMethodHandle$Holder.invokeStatic(java.lang.Object, int, java.lang.Object)'> (0x00000007140419c0) 
thrown [s\open\src\hotspot\share\interpreter\linkResolver.cpp, line 773]
Event: 4.748 Thread 0x000001ef4c750b80 Exception <a 'java/lang/NoSuchMethodError'{0x000000070ce90438}: 'java.lang.Object java.lang.invoke.DirectMethodHandle$Holder.invokeStatic(java.lang.Object, java.lang.Object, int, java.lang.Object)'> (0x000000070ce90438) 
thrown [s\open\src\hotspot\share\interpreter\linkResolver.cpp, line 773]
Event: 4.748 Thread 0x000001ef4c750b80 Exception <a 'java/lang/NoSuchMethodError'{0x000000070ce97ce0}: 'java.lang.Object java.lang.invoke.DirectMethodHandle$Holder.newInvokeSpecial(java.lang.Object, java.lang.Object, int, java.lang.Object)'> (0x000000070ce97ce0) 
thrown [s\open\src\hotspot\share\interpreter\linkResolver.cpp, line 773]
Event: 4.749 Thread 0x000001ef4c750b80 Exception <a 'java/lang/NoSuchMethodError'{0x000000070ce9c890}: 'java.lang.Object java.lang.invoke.DirectMethodHandle$Holder.invokeSpecial(java.lang.Object, java.lang.Object, java.lang.Object, int, java.lang.Object)'> (0x000000070ce9c890) 
thrown [s\open\src\hotspot\share\interpreter\linkResolver.cpp, line 773]
Event: 4.749 Thread 0x000001ef4c750b80 Exception <a 'java/lang/NoSuchMethodError'{0x000000070cea0fd0}: 'java.lang.Object java.lang.invoke.Invokers$Holder.linkToTargetMethod(java.lang.Object, int, java.lang.Object, java.lang.Object)'> (0x000000070cea0fd0) 
thrown [s\open\src\hotspot\share\interpreter\linkResolver.cpp, line 773]
Event: 5.110 Thread 0x000001ef4c750b80 Exception <a 'java/lang/NoSuchMethodError'{0x000000070c439b70}: 'int java.lang.invoke.DirectMethodHandle$Holder.invokeStaticInit(java.lang.Object, int)'> (0x000000070c439b70) 
thrown [s\open\src\hotspot\share\interpreter\linkResolver.cpp, line 773]
Event: 5.242 Thread 0x000001ef4c750b80 Implicit null exception at 0x000001ef5e5c2bc3 to 0x000001ef5e5c7e50
Event: 5.244 Thread 0x000001ef4c750b80 Implicit null exception at 0x000001ef5e5ad090 to 0x000001ef5e5ada50
Event: 5.732 Thread 0x000001ef4c750b80 Exception <a 'java/lang/NoSuchMethodError'{0x00000007159357b8}: 'java.lang.Object java.lang.invoke.DirectMethodHandle$Holder.newInvokeSpecial(java.lang.Object, int, java.lang.Object, java.lang.Object)'> (0x00000007159357b8) 
thrown [s\open\src\hotspot\share\interpreter\linkResolver.cpp, line 773]
Event: 5.732 Thread 0x000001ef4c750b80 Exception <a 'java/lang/NoSuchMethodError'{0x0000000715939b68}: 'java.lang.Object java.lang.invoke.DirectMethodHandle$Holder.invokeSpecial(java.lang.Object, java.lang.Object, int, java.lang.Object, java.lang.Object)'> (0x0000000715939b68) 
thrown [s\open\src\hotspot\share\interpreter\linkResolver.cpp, line 773]
Event: 7.259 Thread 0x000001ef4c750b80 Implicit null exception at 0x000001ef5e7ff023 to 0x000001ef5e7ff8c4

ZGC Phase Switch (0 events):
No events

VM Operations (20 events):
Event: 7.786 Executing VM operation: ICBufferFull
Event: 7.786 Executing VM operation: ICBufferFull done
Event: 7.883 Executing VM operation: HandshakeAllThreads (Deoptimize)
Event: 7.883 Executing VM operation: HandshakeAllThreads (Deoptimize) done
Event: 7.910 Executing VM operation: ICBufferFull
Event: 7.910 Executing VM operation: ICBufferFull done
Event: 8.031 Executing VM operation: ICBufferFull
Event: 8.031 Executing VM operation: ICBufferFull done
Event: 8.045 Executing VM operation: HandshakeAllThreads (Deoptimize)
Event: 8.045 Executing VM operation: HandshakeAllThreads (Deoptimize) done
Event: 8.082 Executing VM operation: G1CollectForAllocation (G1 Evacuation Pause)
Event: 8.092 Executing VM operation: G1CollectForAllocation (G1 Evacuation Pause) done
Event: 8.123 Executing VM operation: G1PauseRemark
Event: 8.132 Executing VM operation: G1PauseRemark done
Event: 8.150 Executing VM operation: G1PauseCleanup
Event: 8.150 Executing VM operation: G1PauseCleanup done
Event: 8.274 Executing VM operation: HandshakeAllThreads (Deoptimize)
Event: 8.274 Executing VM operation: HandshakeAllThreads (Deoptimize) done
Event: 8.307 Executing VM operation: ICBufferFull
Event: 8.307 Executing VM operation: ICBufferFull done

Events (20 events):
Event: 8.131 Thread 0x000001ef6dac0610 flushing nmethod 0x000001ef5748c010
Event: 8.131 Thread 0x000001ef6dac0610 flushing nmethod 0x000001ef574b7590
Event: 8.131 Thread 0x000001ef6dac0610 flushing nmethod 0x000001ef574c1510
Event: 8.131 Thread 0x000001ef6dac0610 flushing nmethod 0x000001ef57526c90
Event: 8.131 Thread 0x000001ef6dac0610 flushing nmethod 0x000001ef57527210
Event: 8.131 Thread 0x000001ef6dac0610 flushing nmethod 0x000001ef57538810
Event: 8.131 Thread 0x000001ef6dac0610 flushing nmethod 0x000001ef5753dd10
Event: 8.131 Thread 0x000001ef6dac0610 flushing nmethod 0x000001ef578b1510
Event: 8.131 Thread 0x000001ef6dac0610 flushing nmethod 0x000001ef5790cb10
Event: 8.131 Thread 0x000001ef6dac0610 flushing nmethod 0x000001ef57960a10
Event: 8.131 Thread 0x000001ef6dac0610 flushing nmethod 0x000001ef57963210
Event: 8.131 Thread 0x000001ef6dac0610 flushing nmethod 0x000001ef57964a90
Event: 8.131 Thread 0x000001ef6dac0610 flushing nmethod 0x000001ef57965e90
Event: 8.131 Thread 0x000001ef6dac0610 flushing nmethod 0x000001ef5796a210
Event: 8.131 Thread 0x000001ef6dac0610 flushing nmethod 0x000001ef5796f210
Event: 8.131 Thread 0x000001ef6dac0610 flushing nmethod 0x000001ef57a07010
Event: 8.131 Thread 0x000001ef6dac0610 flushing nmethod 0x000001ef57a79b90
Event: 8.131 Thread 0x000001ef6dac0610 flushing nmethod 0x000001ef57b24110
Event: 8.131 Thread 0x000001ef6dac0610 flushing nmethod 0x000001ef57d30110
Event: 8.131 Thread 0x000001ef6dac0610 flushing nmethod 0x000001ef57f62e90


Dynamic libraries:
0x00007ff66d530000 - 0x00007ff66d540000 	C:\Program Files\Java\jdk-21.0.11\bin\java.exe
0x00007ffcd07e0000 - 0x00007ffcd0a46000 	C:\WINDOWS\SYSTEM32\ntdll.dll
0x00007ffcce510000 - 0x00007ffcce5d9000 	C:\WINDOWS\System32\KERNEL32.DLL
0x00007ffccdb90000 - 0x00007ffccdf8f000 	C:\WINDOWS\System32\KERNELBASE.dll
0x00007ffcce280000 - 0x00007ffcce3cc000 	C:\WINDOWS\System32\ucrtbase.dll
0x00007ffcba0e0000 - 0x00007ffcba0fe000 	C:\Program Files\Java\jdk-21.0.11\bin\VCRUNTIME140.dll
0x00007ffcba330000 - 0x00007ffcba349000 	C:\Program Files\Java\jdk-21.0.11\bin\jli.dll
0x00007ffcce9f0000 - 0x00007ffcceaac000 	C:\WINDOWS\System32\ADVAPI32.dll
0x00007ffccece0000 - 0x00007ffcced89000 	C:\WINDOWS\System32\msvcrt.dll
0x00007ffcce740000 - 0x00007ffcce7ea000 	C:\WINDOWS\System32\sechost.dll
0x00007ffccf620000 - 0x00007ffccf738000 	C:\WINDOWS\System32\RPCRT4.dll
0x00007ffcce820000 - 0x00007ffcce9e6000 	C:\WINDOWS\System32\USER32.dll
0x00007ffccdb60000 - 0x00007ffccdb87000 	C:\WINDOWS\System32\win32u.dll
0x00007ffcd06a0000 - 0x00007ffcd06cb000 	C:\WINDOWS\System32\GDI32.dll
0x00007ffcce3e0000 - 0x00007ffcce509000 	C:\WINDOWS\System32\gdi32full.dll
0x00007ffc7c5a0000 - 0x00007ffc7c831000 	C:\WINDOWS\WinSxS\amd64_microsoft.windows.common-controls_6595b64144ccf1df_6.0.26100.8972_none_3e0da176e32f9d4b\COMCTL32.dll
0x00007ffccdab0000 - 0x00007ffccdb53000 	C:\WINDOWS\System32\msvcp_win.dll
0x00007ffcc7540000 - 0x00007ffcc754b000 	C:\WINDOWS\SYSTEM32\VERSION.dll
0x00007ffcd05c0000 - 0x00007ffcd05f2000 	C:\WINDOWS\System32\IMM32.DLL
0x00007ffcbcb90000 - 0x00007ffcbcb9c000 	C:\Program Files\Java\jdk-21.0.11\bin\vcruntime140_1.dll
0x00007ffcb3640000 - 0x00007ffcb36cd000 	C:\Program Files\Java\jdk-21.0.11\bin\msvcp140.dll
0x00007ffc25350000 - 0x00007ffc26078000 	C:\Program Files\Java\jdk-21.0.11\bin\server\jvm.dll
0x00007ffcd0700000 - 0x00007ffcd0782000 	C:\WINDOWS\System32\WS2_32.dll
0x00007ffccd850000 - 0x00007ffccd8ae000 	C:\WINDOWS\SYSTEM32\POWRPROF.dll
0x00007ffcc3960000 - 0x00007ffcc3996000 	C:\WINDOWS\SYSTEM32\WINMM.dll
0x00007ffccd830000 - 0x00007ffccd845000 	C:\WINDOWS\SYSTEM32\UMPDC.dll
0x00007ffccc6a0000 - 0x00007ffccc6bb000 	C:\WINDOWS\SYSTEM32\kernel.appcore.dll
0x00007ffcbace0000 - 0x00007ffcbacea000 	C:\Program Files\Java\jdk-21.0.11\bin\jimage.dll
0x00007ffccac00000 - 0x00007ffccae42000 	C:\WINDOWS\SYSTEM32\DBGHELP.DLL
0x00007ffccf8b0000 - 0x00007ffccfc35000 	C:\WINDOWS\System32\combase.dll
0x00007ffccf740000 - 0x00007ffccf819000 	C:\WINDOWS\System32\OLEAUT32.dll
0x00007ffcbc900000 - 0x00007ffcbc93b000 	C:\WINDOWS\SYSTEM32\dbgcore.DLL
0x00007ffccd9f0000 - 0x00007ffccda9c000 	C:\WINDOWS\System32\bcryptPrimitives.dll
0x00007ffcb88d0000 - 0x00007ffcb88f1000 	C:\Program Files\Java\jdk-21.0.11\bin\java.dll
0x00007ffccee90000 - 0x00007ffccf618000 	C:\WINDOWS\System32\SHELL32.dll
0x00007ffccb480000 - 0x00007ffccbd1b000 	C:\WINDOWS\SYSTEM32\windows.storage.dll
0x00007ffcced90000 - 0x00007ffccee89000 	C:\WINDOWS\System32\SHCORE.dll
0x00007ffcd0350000 - 0x00007ffcd03b6000 	C:\WINDOWS\System32\shlwapi.dll
0x00007ffccd910000 - 0x00007ffccd939000 	C:\WINDOWS\SYSTEM32\profapi.dll
0x00007ffca2320000 - 0x00007ffca23f7000 	C:\Program Files\Java\jdk-21.0.11\bin\jsvml.dll
0x00007ffcb8b60000 - 0x00007ffcb8b71000 	C:\Program Files\Java\jdk-21.0.11\bin\net.dll
0x00007ffcc61c0000 - 0x00007ffcc62e8000 	C:\WINDOWS\SYSTEM32\WINHTTP.dll
0x00007ffcccc30000 - 0x00007ffcccc9c000 	C:\WINDOWS\system32\mswsock.dll
0x00007ffcb8670000 - 0x00007ffcb8686000 	C:\Program Files\Java\jdk-21.0.11\bin\nio.dll
0x00007ffcb8650000 - 0x00007ffcb8668000 	C:\Program Files\Java\jdk-21.0.11\bin\zip.dll
0x00007ffcc8410000 - 0x00007ffcc841a000 	C:\Program Files\Java\jdk-21.0.11\bin\management.dll
0x00007ffcc83a0000 - 0x00007ffcc83ac000 	C:\Program Files\Java\jdk-21.0.11\bin\management_ext.dll
0x00007ffcd0690000 - 0x00007ffcd0698000 	C:\WINDOWS\System32\PSAPI.DLL
0x00007ffcbac90000 - 0x00007ffcbaca0000 	C:\Program Files\Java\jdk-21.0.11\bin\verify.dll

dbghelp: loaded successfully - version: 4.0.5 - missing functions: none
symbol engine: initialized successfully - sym options: 0x614 - pdb path: .;C:\Program Files\Java\jdk-21.0.11\bin;C:\WINDOWS\SYSTEM32;C:\WINDOWS\WinSxS\amd64_microsoft.windows.common-controls_6595b64144ccf1df_6.0.26100.8972_none_3e0da176e32f9d4b;C:\Program Files\Java\jdk-21.0.11\bin\server

VM Arguments:
java_command: org.jetbrains.kotlin.cli.jvm.K2JVMCompiler @C:\flutter\packages\flutter_tools\gradle\build\20260824_14553489953215893538.compiler.options
java_class_path (initial): C:\Users\berro\.gradle\caches\modules-2\files-2.1\org.jetbrains.kotlin\kotlin-compiler-embeddable\2.2.20\bb8331b7585e36ea311825b01a1c06860c055fd1\kotlin-compiler-embeddable-2.2.20.jar;C:\Users\berro\.gradle\caches\modules-2\files-2.1\org.jetbrains.kotlin\kotlin-stdlib\2.2.20\5380b19fa1924399b62ce3a1faffebb2b4f82272\kotlin-stdlib-2.2.20.jar;C:\Users\berro\.gradle\caches\modules-2\files-2.1\org.jetbrains.kotlin\kotlin-script-runtime\2.2.20\4c679cbeac0bb583b75c3a080013da8eaf240807\kotlin-script-runtime-2.2.20.jar;C:\Users\berro\.gradle\caches\modules-2\files-2.1\org.jetbrains.kotlin\kotlin-reflect\1.6.10\1cbe9c92c12a94eea200d23c2bbaedaf3daf5132\kotlin-reflect-1.6.10.jar;C:\Users\berro\.gradle\caches\modules-2\files-2.1\org.jetbrains.kotlin\kotlin-daemon-embeddable\2.2.20\feff12d48d7f1eb628742b0a721395e16f8755bf\kotlin-daemon-embeddable-2.2.20.jar;C:\Users\berro\.gradle\caches\modules-2\files-2.1\org.jetbrains.kotlinx\kotlinx-coroutines-core-jvm\1.8.0\ac1dc37a30a93150b704022f8d895ee1bd3a36b3\kotlinx-coroutines-core-jvm-1.8.0.jar;C:\Users\berro\.gradle\caches\modules-2\files-2.1\org.jetbrains\annotations\13.0\919f0dfe192fb4e063e7dacadee7f8bb9a2672a9\annotations-13.0.jar
Launcher Type: SUN_STANDARD

[Global flags]
     intx CICompilerCount                          = 12                                        {product} {ergonomic}
     uint ConcGCThreads                            = 3                                         {product} {ergonomic}
     uint G1ConcRefinementThreads                  = 13                                        {product} {ergonomic}
   size_t G1HeapRegionSize                         = 2097152                                   {product} {ergonomic}
    uintx GCDrainStackTargetSize                   = 64                                        {product} {ergonomic}
   size_t InitialHeapSize                          = 262144000                                 {product} {ergonomic}
   size_t MarkStackSize                            = 4194304                                   {product} {ergonomic}
   size_t MaxHeapSize                              = 4194304000                                {product} {ergonomic}
   size_t MaxNewSize                               = 2516582400                                {product} {ergonomic}
   size_t MinHeapDeltaBytes                        = 2097152                                   {product} {ergonomic}
   size_t MinHeapSize                              = 8388608                                   {product} {ergonomic}
    uintx NonNMethodCodeHeapSize                   = 7602480                                {pd product} {ergonomic}
    uintx NonProfiledCodeHeapSize                  = 122027880                              {pd product} {ergonomic}
    uintx ProfiledCodeHeapSize                     = 122027880                              {pd product} {ergonomic}
    uintx ReservedCodeCacheSize                    = 251658240                              {pd product} {ergonomic}
     bool SegmentedCodeCache                       = true                                      {product} {ergonomic}
   size_t SoftMaxHeapSize                          = 4194304000                             {manageable} {ergonomic}
     bool UseCompressedOops                        = true                           {product lp64_product} {ergonomic}
     bool UseG1GC                                  = true                                      {product} {ergonomic}
     bool UseLargePagesIndividualAllocation        = false                                  {pd product} {ergonomic}

Logging:
Log output configuration:
 #0: stdout all=warning uptime,level,tags foldmultilines=false
 #1: stderr all=off uptime,level,tags foldmultilines=false

Environment Variables:
PATH=C:\Python314\Scripts\;C:\Python314\;C:\Program Files\Common Files\Oracle\Java\javapath;C:\WINDOWS\system32;C:\WINDOWS;C:\WINDOWS\System32\Wbem;C:\WINDOWS\System32\WindowsPowerShell\v1.0\;C:\WINDOWS\System32\OpenSSH\;C:\Program Files\Git\cmd;C:\MinGW\bin;C:\flutter;C:\Program Files\nodejs\;C:\ProgramData\chocolatey\bin;C:\Program Files\nodejs\node_modules\npm\bin;C:\Program Files\PostgreSQL\18\bin;C:\Users\berro\AppData\Local\Programs\Python\Launcher\;C:\Users\berro\AppData\Local\Microsoft\WindowsApps;C:\Users\berro\AppData\Local\Programs\Microsoft VS Code\bin;C:\flutter\bin;C:\Users\berro\AppData\Local\Kingsoft\WPS Office\12.1.0.27458\clitool;C:\Users\berro\AppData\Roaming\npm;
USERNAME=berro
OS=Windows_NT
PROCESSOR_IDENTIFIER=Intel64 Family 6 Model 183 Stepping 1, GenuineIntel
TMP=C:\Users\berro\AppData\Local\Temp
TEMP=C:\Users\berro\AppData\Local\Temp




Periodic native trim disabled

---------------  S Y S T E M  ---------------

OS:
 Windows 11 , 64 bit Build 26100 (10.0.26100.9168)
OS uptime: 2 days 13:05 hours
Hyper-V role detected

CPU: total 16 (initial active 16) (8 cores per cpu, 2 threads per core) family 6 model 183 stepping 1 microcode 0x12b, cx8, cmov, fxsr, ht, mmx, 3dnowpref, sse, sse2, sse3, ssse3, sse4.1, sse4.2, popcnt, lzcnt, tsc, tscinvbit, avx, avx2, aes, erms, clmul, bmi1, bmi2, adx, sha, fma, vzeroupper, clflush, clflushopt, clwb, hv, serialize, rdtscp, rdpid, fsrm, f16c, cet_ibt, cet_ss
Processor Information for processor 0
  Max Mhz: 2500, Current Mhz: 2500, Mhz Limit: 2500
Processor Information for processor 1
  Max Mhz: 2500, Current Mhz: 2500, Mhz Limit: 2500
Processor Information for processor 2
  Max Mhz: 2500, Current Mhz: 2500, Mhz Limit: 2500
Processor Information for processor 3
  Max Mhz: 2500, Current Mhz: 2500, Mhz Limit: 2500
Processor Information for processor 4
  Max Mhz: 2500, Current Mhz: 2500, Mhz Limit: 2500
Processor Information for processor 5
  Max Mhz: 2500, Current Mhz: 2500, Mhz Limit: 2500
Processor Information for processor 6
  Max Mhz: 2500, Current Mhz: 2500, Mhz Limit: 2500
Processor Information for processor 7
  Max Mhz: 2500, Current Mhz: 2500, Mhz Limit: 2500
Processor Information for processor 8
  Max Mhz: 2500, Current Mhz: 2500, Mhz Limit: 2500
Processor Information for processor 9
  Max Mhz: 2500, Current Mhz: 2500, Mhz Limit: 2500
Processor Information for processor 10
  Max Mhz: 2500, Current Mhz: 2500, Mhz Limit: 2500
Processor Information for processor 11
  Max Mhz: 2500, Current Mhz: 2500, Mhz Limit: 2500
Processor Information for processor 12
  Max Mhz: 2500, Current Mhz: 1800, Mhz Limit: 1800
Processor Information for processor 13
  Max Mhz: 2500, Current Mhz: 1800, Mhz Limit: 1800
Processor Information for processor 14
  Max Mhz: 2500, Current Mhz: 1800, Mhz Limit: 1800
Processor Information for processor 15
  Max Mhz: 2500, Current Mhz: 1800, Mhz Limit: 1800

Memory: 4k page, system-wide physical 15998M (788M free)
TotalPageFile size 25990M (AvailPageFile size 8M)
current process WorkingSet (physical memory assigned to process): 424M, peak: 427M
current process commit charge ("private bytes"): 471M, peak: 474M

vm_info: Java HotSpot(TM) 64-Bit Server VM (21.0.11+9-LTS-211) for windows-amd64 JRE (21.0.11+9-LTS-211), built on 2026-03-11T00:23:15Z by "mach5run" with MS VC++ 17.13 (VS2022)

END.
