#
# There is insufficient memory for the Java Runtime Environment to continue.
# Native memory allocation (malloc) failed to allocate 32744 bytes. Error detail: Chunk::new
# Possible reasons:
#   The system is out of physical RAM or swap space
#   This process is running with CompressedOops enabled, and the Java Heap may be blocking the growth of the native heap
# Possible solutions:
#   Reduce memory load on the system
#   Increase physical memory or swap space
#   Check if swap backing store is full
#   Decrease Java heap size (-Xmx/-Xms)
#   Decrease number of Java threads
#   Decrease Java thread stack sizes (-Xss)
#   Set larger code cache with -XX:ReservedCodeCacheSize=
#   JVM is running with Unscaled Compressed Oops mode in which the Java heap is
#     placed in the first 4GB address space. The Java Heap base address is the
#     maximum limit for the native heap growth. Please use -XX:HeapBaseMinAddress
#     to set the Java Heap base and to place the Java Heap above 4GB virtual address.
# This output file may be truncated or incomplete.
#
#  Out of Memory Error (arena.cpp:168), pid=19304, tid=30388
#
# JRE version: OpenJDK Runtime Environment Temurin-21.0.11+10 (21.0.11+10) (build 21.0.11+10-LTS)
# Java VM: OpenJDK 64-Bit Server VM Temurin-21.0.11+10 (21.0.11+10-LTS, mixed mode, sharing, tiered, compressed oops, compressed class ptrs, g1 gc, windows-amd64)
# No core dump will be written. Minidumps are not enabled by default on client versions of Windows
#

---------------  S U M M A R Y ------------

Command Line: --add-opens=java.base/java.lang=ALL-UNNAMED --add-opens=java.base/java.lang.invoke=ALL-UNNAMED --add-opens=java.base/java.util=ALL-UNNAMED --add-opens=java.prefs/java.util.prefs=ALL-UNNAMED --add-exports=jdk.compiler/com.sun.tools.javac.api=ALL-UNNAMED --add-exports=jdk.compiler/com.sun.tools.javac.util=ALL-UNNAMED --add-opens=java.base/java.util=ALL-UNNAMED --add-opens=java.prefs/java.util.prefs=ALL-UNNAMED --add-opens=java.base/java.nio.charset=ALL-UNNAMED --add-opens=java.base/java.net=ALL-UNNAMED --add-opens=java.base/java.util.concurrent=ALL-UNNAMED --add-opens=java.base/java.util.concurrent.atomic=ALL-UNNAMED --add-opens=java.xml/javax.xml.namespace=ALL-UNNAMED --add-opens=java.base/java.time=ALL-UNNAMED -XX:MaxMetaspaceSize=4G -XX:ReservedCodeCacheSize=512m -XX:+HeapDumpOnOutOfMemoryError -Xmx2G -Dfile.encoding=UTF-8 -Duser.country=FR -Duser.language=fr -Duser.variant -javaagent:C:\Users\berro\.gradle\wrapper\dists\gradle-9.1.0-all\7wzd0jkjit61aq2p43wpjgij9\gradle-9.1.0\lib\agents\gradle-instrumentation-agent-9.1.0.jar org.gradle.launcher.daemon.bootstrap.GradleDaemon 9.1.0

Host: 13th Gen Intel(R) Core(TM) i5-13400, 16 cores, 15G,  Windows 11 , 64 bit Build 26100 (10.0.26100.8875)
Time: Mon Aug 10 12:32:35 2026 Afr. centrale Ouest elapsed time: 1.664540 seconds (0d 0h 0m 1s)

---------------  T H R E A D  ---------------

Current thread (0x000002d8282c02f0):  JavaThread "C1 CompilerThread0" daemon [_thread_in_native, id=30388, stack(0x000000deffd00000,0x000000deffe00000) (1024K)]


Current CompileTask:
C1:1664 2930       3       java.lang.invoke.BoundMethodHandle::speciesDataFor (32 bytes)

Stack: [0x000000deffd00000,0x000000deffe00000]
Native frames: (J=compiled Java code, j=interpreted, Vv=VM code, C=native code)
V  [jvm.dll+0x6d7e19]
V  [jvm.dll+0x8b5096]
V  [jvm.dll+0x8b764e]
V  [jvm.dll+0x8b7d33]
V  [jvm.dll+0x284596]
V  [jvm.dll+0xc685d]
V  [jvm.dll+0xc6da1]
V  [jvm.dll+0x286220]
V  [jvm.dll+0x156ef4]
V  [jvm.dll+0x1563fc]
V  [jvm.dll+0x15818d]
V  [jvm.dll+0x25baad]
V  [jvm.dll+0x25a03a]
V  [jvm.dll+0x3f868e]
V  [jvm.dll+0x85fb0d]
V  [jvm.dll+0x6d664d]
C  [ucrtbase.dll+0x2cd30]
C  [KERNEL32.DLL+0x2e957]
C  [ntdll.dll+0xaad6c]


---------------  P R O C E S S  ---------------

Threads class SMR info:
_java_thread_list=0x000002d86f5cb9f0, length=28, elements={
0x000002d87ed65800, 0x000002d82827ea70, 0x000002d8282804e0, 0x000002d828282980,
0x000002d828283510, 0x000002d828287de0, 0x000002d828290a00, 0x000002d82829f690,
0x000002d8282c02f0, 0x000002d82837e450, 0x000002d8285d0860, 0x000002d8285358a0,
0x000002d8286013b0, 0x000002d86e183540, 0x000002d828a02270, 0x000002d86f0f7070,
0x000002d86e70e3f0, 0x000002d86f2423b0, 0x000002d86f218860, 0x000002d86f218ed0,
0x000002d86f1dbc80, 0x000002d8282b9590, 0x000002d8282b81e0, 0x000002d8282ba940,
0x000002d8282b8870, 0x000002d8282b9c20, 0x000002d8282ba2b0, 0x000002d8282b8f00
}

Java Threads: ( => current thread )
  0x000002d87ed65800 JavaThread "main"                              [_thread_blocked, id=22576, stack(0x000000defee00000,0x000000defef00000) (1024K)]
  0x000002d82827ea70 JavaThread "Reference Handler"          daemon [_thread_blocked, id=11744, stack(0x000000deff600000,0x000000deff700000) (1024K)]
  0x000002d8282804e0 JavaThread "Finalizer"                  daemon [_thread_blocked, id=25700, stack(0x000000deff700000,0x000000deff800000) (1024K)]
  0x000002d828282980 JavaThread "Signal Dispatcher"          daemon [_thread_blocked, id=19548, stack(0x000000deff800000,0x000000deff900000) (1024K)]
  0x000002d828283510 JavaThread "Attach Listener"            daemon [_thread_blocked, id=27348, stack(0x000000deff900000,0x000000deffa00000) (1024K)]
  0x000002d828287de0 JavaThread "Service Thread"             daemon [_thread_blocked, id=1740, stack(0x000000deffa00000,0x000000deffb00000) (1024K)]
  0x000002d828290a00 JavaThread "Monitor Deflation Thread"   daemon [_thread_blocked, id=10320, stack(0x000000deffb00000,0x000000deffc00000) (1024K)]
  0x000002d82829f690 JavaThread "C2 CompilerThread0"         daemon [_thread_in_native, id=23880, stack(0x000000deffc00000,0x000000deffd00000) (1024K)]
=>0x000002d8282c02f0 JavaThread "C1 CompilerThread0"         daemon [_thread_in_native, id=30388, stack(0x000000deffd00000,0x000000deffe00000) (1024K)]
  0x000002d82837e450 JavaThread "C1 CompilerThread1"         daemon [_thread_in_native, id=24968, stack(0x000000deffe00000,0x000000defff00000) (1024K)]
  0x000002d8285d0860 JavaThread "Common-Cleaner"             daemon [_thread_blocked, id=11760, stack(0x000000defff00000,0x000000df00000000) (1024K)]
  0x000002d8285358a0 JavaThread "Notification Thread"        daemon [_thread_blocked, id=1268, stack(0x000000de80000000,0x000000de80100000) (1024K)]
  0x000002d8286013b0 JavaThread "C2 CompilerThread1"         daemon [_thread_in_native, id=28352, stack(0x000000de80100000,0x000000de80200000) (1024K)]
  0x000002d86e183540 JavaThread "C1 CompilerThread2"         daemon [_thread_blocked, id=1956, stack(0x000000de80800000,0x000000de80900000) (1024K)]
  0x000002d828a02270 JavaThread "C1 CompilerThread3"         daemon [_thread_blocked, id=28468, stack(0x000000de80900000,0x000000de80a00000) (1024K)]
  0x000002d86f0f7070 JavaThread "Daemon health stats"               [_thread_blocked, id=28956, stack(0x000000de80a00000,0x000000de80b00000) (1024K)]
  0x000002d86e70e3f0 JavaThread "Incoming local TCP Connector on port 54381"        [_thread_in_native, id=18980, stack(0x000000de80b00000,0x000000de80c00000) (1024K)]
  0x000002d86f2423b0 JavaThread "Daemon periodic checks"            [_thread_blocked, id=18136, stack(0x000000de80c00000,0x000000de80d00000) (1024K)]
  0x000002d86f218860 JavaThread "Daemon"                            [_thread_blocked, id=18896, stack(0x000000de80d00000,0x000000de80e00000) (1024K)]
  0x000002d86f218ed0 JavaThread "Handler for socket connection from /127.0.0.1:54381 to /127.0.0.1:54383"        [_thread_in_native, id=20140, stack(0x000000de80e00000,0x000000de80f00000) (1024K)]
  0x000002d86f1dbc80 JavaThread "Cancel handler"                    [_thread_blocked, id=30216, stack(0x000000de80f00000,0x000000de81000000) (1024K)]
  0x000002d8282b9590 JavaThread "Daemon worker"                     [_thread_in_vm, id=16672, stack(0x000000de81000000,0x000000de81100000) (1024K)]
  0x000002d8282b81e0 JavaThread "Asynchronous log dispatcher for DefaultDaemonConnection: socket connection from /127.0.0.1:54381 to /127.0.0.1:54383"        [_thread_blocked, id=2544, stack(0x000000de81100000,0x000000de81200000) (1024K)]
  0x000002d8282ba940 JavaThread "Stdin handler"                     [_thread_blocked, id=10756, stack(0x000000de81200000,0x000000de81300000) (1024K)]
  0x000002d8282b8870 JavaThread "Daemon client event forwarder"        [_thread_blocked, id=29732, stack(0x000000de81300000,0x000000de81400000) (1024K)]
  0x000002d8282b9c20 JavaThread "Cache worker for journal cache (C:\Users\berro\.gradle\caches\journal-1)"        [_thread_blocked, id=1472, stack(0x000000de81400000,0x000000de81500000) (1024K)]
  0x000002d8282ba2b0 JavaThread "File lock request listener"        [_thread_in_native, id=28472, stack(0x000000de81500000,0x000000de81600000) (1024K)]
  0x000002d8282b8f00 JavaThread "Cache worker for file hash cache (C:\Users\berro\.gradle\caches\9.1.0\fileHashes)"        [_thread_blocked, id=26284, stack(0x000000de81600000,0x000000de81700000) (1024K)]
Total: 28

Other Threads:
  0x000002d827fbf9e0 VMThread "VM Thread"                           [id=1232, stack(0x000000deff500000,0x000000deff600000) (1024K)]
  0x000002d827faca90 WatcherThread "VM Periodic Task Thread"        [id=1796, stack(0x000000deff400000,0x000000deff500000) (1024K)]
  0x000002d87edb8b30 WorkerThread "GC Thread#0"                     [id=24512, stack(0x000000defef00000,0x000000deff000000) (1024K)]
  0x000002d8287574f0 WorkerThread "GC Thread#1"                     [id=21400, stack(0x000000de80300000,0x000000de80400000) (1024K)]
  0x000002d828715420 WorkerThread "GC Thread#2"                     [id=12812, stack(0x000000de80400000,0x000000de80500000) (1024K)]
  0x000002d8287157d0 WorkerThread "GC Thread#3"                     [id=12260, stack(0x000000de80500000,0x000000de80600000) (1024K)]
  0x000002d828809260 WorkerThread "GC Thread#4"                     [id=25984, stack(0x000000de80600000,0x000000de80700000) (1024K)]
  0x000002d828809610 WorkerThread "GC Thread#5"                     [id=28108, stack(0x000000de80700000,0x000000de80800000) (1024K)]
  0x000002d86e829a40 WorkerThread "GC Thread#6"                     [id=21972, stack(0x000000de80200000,0x000000de80300000) (1024K)]
  0x000002d87edca240 ConcurrentGCThread "G1 Main Marker"            [id=20164, stack(0x000000deff000000,0x000000deff100000) (1024K)]
  0x000002d87edcbae0 WorkerThread "G1 Conc#0"                       [id=2140, stack(0x000000deff100000,0x000000deff200000) (1024K)]
  0x000002d827efde50 ConcurrentGCThread "G1 Refine#0"               [id=14024, stack(0x000000deff200000,0x000000deff300000) (1024K)]
  0x000002d827efe7e0 ConcurrentGCThread "G1 Service"                [id=8204, stack(0x000000deff300000,0x000000deff400000) (1024K)]
Total: 13

Threads with active compile tasks:
C2 CompilerThread0  1681 2860   !   4       java.lang.ClassLoader::loadClass (121 bytes)
C1 CompilerThread0  1682 2930       3       java.lang.invoke.BoundMethodHandle::speciesDataFor (32 bytes)
C1 CompilerThread1  1682 2933       3       java.lang.invoke.TypeConvertingMethodAdapter::convertType (299 bytes)
C2 CompilerThread1  1683 2927       4       java.lang.invoke.MethodType::makeImpl (109 bytes)
Total: 4

VM state: not at safepoint (normal execution)

VM Mutex/Monitor currently owned by a thread: None

Heap address: 0x0000000080000000, size: 2048 MB, Compressed Oops mode: 32-bit

CDS archive(s) mapped at: [0x000002d829000000-0x000002d829ba0000-0x000002d829ba0000), size 12189696, SharedBaseAddress: 0x000002d829000000, ArchiveRelocationMode: 1.
Compressed class space mapped at: 0x000002d82a000000-0x000002d86a000000, reserved size: 1073741824
Narrow klass base: 0x000002d829000000, Narrow klass shift: 0, Narrow klass range: 0x100000000

GC Precious Log:
 CardTable entry size: 512
 Card Set container configuration: InlinePtr #cards 5 size 8 Array Of Cards #cards 12 size 40 Howl #buckets 4 coarsen threshold 1843 Howl Bitmap #cards 512 size 80 coarsen threshold 460 Card regions per heap region 1 cards per card region 2048
 CPUs: 16 total, 16 available
 Memory: 15998M
 Large Page Support: Disabled
 NUMA Support: Disabled
 Compressed Oops: Enabled (32-bit)
 Heap Region Size: 1M
 Heap Min Capacity: 8M
 Heap Initial Capacity: 250M
 Heap Max Capacity: 2G
 Pre-touch: Disabled
 Parallel Workers: 13
 Concurrent Workers: 3
 Concurrent Refinement Workers: 13
 Periodic GC: Disabled

Heap:
 garbage-first heap   total 256000K, used 69367K [0x0000000080000000, 0x0000000100000000)
  region size 1024K, 58 young (59392K), 6 survivors (6144K)
 Metaspace       used 15832K, committed 16256K, reserved 1114112K
  class space    used 2176K, committed 2368K, reserved 1048576K

Heap Regions: E=young(eden), S=young(survivor), O=old, HS=humongous(starts), HC=humongous(continues), CS=collection set, F=free, TAMS=top-at-mark-start, PB=parsable bottom
|   0|0x0000000080000000, 0x0000000080100000, 0x0000000080100000|100%|HS|  |TAMS 0x0000000080000000| PB 0x0000000080000000| Complete 
|   1|0x0000000080100000, 0x0000000080200000, 0x0000000080200000|100%|HC|  |TAMS 0x0000000080100000| PB 0x0000000080100000| Complete 
|   2|0x0000000080200000, 0x0000000080300000, 0x0000000080300000|100%|HC|  |TAMS 0x0000000080200000| PB 0x0000000080200000| Complete 
|   3|0x0000000080300000, 0x0000000080400000, 0x0000000080400000|100%| O|  |TAMS 0x0000000080300000| PB 0x0000000080300000| Untracked 
|   4|0x0000000080400000, 0x0000000080500000, 0x0000000080500000|100%| O|  |TAMS 0x0000000080400000| PB 0x0000000080400000| Untracked 
|   5|0x0000000080500000, 0x0000000080600000, 0x0000000080600000|100%| O|  |TAMS 0x0000000080500000| PB 0x0000000080500000| Untracked 
|   6|0x0000000080600000, 0x0000000080700000, 0x0000000080700000|100%|HS|  |TAMS 0x0000000080600000| PB 0x0000000080600000| Complete 
|   7|0x0000000080700000, 0x0000000080700000, 0x0000000080800000|  0%| F|  |TAMS 0x0000000080700000| PB 0x0000000080700000| Untracked 
|   8|0x0000000080800000, 0x0000000080900000, 0x0000000080900000|100%| O|  |TAMS 0x0000000080800000| PB 0x0000000080800000| Untracked 
|   9|0x0000000080900000, 0x0000000080a00000, 0x0000000080a00000|100%| O|  |TAMS 0x0000000080900000| PB 0x0000000080900000| Untracked 
|  10|0x0000000080a00000, 0x0000000080b00000, 0x0000000080b00000|100%| O|  |TAMS 0x0000000080a00000| PB 0x0000000080a00000| Untracked 
|  11|0x0000000080b00000, 0x0000000080c00000, 0x0000000080c00000|100%| O|  |TAMS 0x0000000080b00000| PB 0x0000000080b00000| Untracked 
|  12|0x0000000080c00000, 0x0000000080c8cb28, 0x0000000080d00000| 54%| O|  |TAMS 0x0000000080c00000| PB 0x0000000080c00000| Untracked 
|  13|0x0000000080d00000, 0x0000000080d00000, 0x0000000080e00000|  0%| F|  |TAMS 0x0000000080d00000| PB 0x0000000080d00000| Untracked 
|  14|0x0000000080e00000, 0x0000000080e00000, 0x0000000080f00000|  0%| F|  |TAMS 0x0000000080e00000| PB 0x0000000080e00000| Untracked 
|  15|0x0000000080f00000, 0x0000000080f00000, 0x0000000081000000|  0%| F|  |TAMS 0x0000000080f00000| PB 0x0000000080f00000| Untracked 
|  16|0x0000000081000000, 0x0000000081000000, 0x0000000081100000|  0%| F|  |TAMS 0x0000000081000000| PB 0x0000000081000000| Untracked 
|  17|0x0000000081100000, 0x0000000081100000, 0x0000000081200000|  0%| F|  |TAMS 0x0000000081100000| PB 0x0000000081100000| Untracked 
|  18|0x0000000081200000, 0x0000000081200000, 0x0000000081300000|  0%| F|  |TAMS 0x0000000081200000| PB 0x0000000081200000| Untracked 
|  19|0x0000000081300000, 0x0000000081300000, 0x0000000081400000|  0%| F|  |TAMS 0x0000000081300000| PB 0x0000000081300000| Untracked 
|  20|0x0000000081400000, 0x0000000081400000, 0x0000000081500000|  0%| F|  |TAMS 0x0000000081400000| PB 0x0000000081400000| Untracked 
|  21|0x0000000081500000, 0x0000000081500000, 0x0000000081600000|  0%| F|  |TAMS 0x0000000081500000| PB 0x0000000081500000| Untracked 
|  22|0x0000000081600000, 0x0000000081600000, 0x0000000081700000|  0%| F|  |TAMS 0x0000000081600000| PB 0x0000000081600000| Untracked 
|  23|0x0000000081700000, 0x0000000081700000, 0x0000000081800000|  0%| F|  |TAMS 0x0000000081700000| PB 0x0000000081700000| Untracked 
|  24|0x0000000081800000, 0x0000000081800000, 0x0000000081900000|  0%| F|  |TAMS 0x0000000081800000| PB 0x0000000081800000| Untracked 
|  25|0x0000000081900000, 0x0000000081900000, 0x0000000081a00000|  0%| F|  |TAMS 0x0000000081900000| PB 0x0000000081900000| Untracked 
|  26|0x0000000081a00000, 0x0000000081a00000, 0x0000000081b00000|  0%| F|  |TAMS 0x0000000081a00000| PB 0x0000000081a00000| Untracked 
|  27|0x0000000081b00000, 0x0000000081b00000, 0x0000000081c00000|  0%| F|  |TAMS 0x0000000081b00000| PB 0x0000000081b00000| Untracked 
|  28|0x0000000081c00000, 0x0000000081c00000, 0x0000000081d00000|  0%| F|  |TAMS 0x0000000081c00000| PB 0x0000000081c00000| Untracked 
|  29|0x0000000081d00000, 0x0000000081d00000, 0x0000000081e00000|  0%| F|  |TAMS 0x0000000081d00000| PB 0x0000000081d00000| Untracked 
|  30|0x0000000081e00000, 0x0000000081e00000, 0x0000000081f00000|  0%| F|  |TAMS 0x0000000081e00000| PB 0x0000000081e00000| Untracked 
|  31|0x0000000081f00000, 0x0000000081f00000, 0x0000000082000000|  0%| F|  |TAMS 0x0000000081f00000| PB 0x0000000081f00000| Untracked 
|  32|0x0000000082000000, 0x0000000082000000, 0x0000000082100000|  0%| F|  |TAMS 0x0000000082000000| PB 0x0000000082000000| Untracked 
|  33|0x0000000082100000, 0x0000000082100000, 0x0000000082200000|  0%| F|  |TAMS 0x0000000082100000| PB 0x0000000082100000| Untracked 
|  34|0x0000000082200000, 0x0000000082200000, 0x0000000082300000|  0%| F|  |TAMS 0x0000000082200000| PB 0x0000000082200000| Untracked 
|  35|0x0000000082300000, 0x0000000082300000, 0x0000000082400000|  0%| F|  |TAMS 0x0000000082300000| PB 0x0000000082300000| Untracked 
|  36|0x0000000082400000, 0x0000000082400000, 0x0000000082500000|  0%| F|  |TAMS 0x0000000082400000| PB 0x0000000082400000| Untracked 
|  37|0x0000000082500000, 0x0000000082500000, 0x0000000082600000|  0%| F|  |TAMS 0x0000000082500000| PB 0x0000000082500000| Untracked 
|  38|0x0000000082600000, 0x0000000082600000, 0x0000000082700000|  0%| F|  |TAMS 0x0000000082600000| PB 0x0000000082600000| Untracked 
|  39|0x0000000082700000, 0x0000000082700000, 0x0000000082800000|  0%| F|  |TAMS 0x0000000082700000| PB 0x0000000082700000| Untracked 
|  40|0x0000000082800000, 0x0000000082800000, 0x0000000082900000|  0%| F|  |TAMS 0x0000000082800000| PB 0x0000000082800000| Untracked 
|  41|0x0000000082900000, 0x0000000082900000, 0x0000000082a00000|  0%| F|  |TAMS 0x0000000082900000| PB 0x0000000082900000| Untracked 
|  42|0x0000000082a00000, 0x0000000082a00000, 0x0000000082b00000|  0%| F|  |TAMS 0x0000000082a00000| PB 0x0000000082a00000| Untracked 
|  43|0x0000000082b00000, 0x0000000082b00000, 0x0000000082c00000|  0%| F|  |TAMS 0x0000000082b00000| PB 0x0000000082b00000| Untracked 
|  44|0x0000000082c00000, 0x0000000082c00000, 0x0000000082d00000|  0%| F|  |TAMS 0x0000000082c00000| PB 0x0000000082c00000| Untracked 
|  45|0x0000000082d00000, 0x0000000082d00000, 0x0000000082e00000|  0%| F|  |TAMS 0x0000000082d00000| PB 0x0000000082d00000| Untracked 
|  46|0x0000000082e00000, 0x0000000082e00000, 0x0000000082f00000|  0%| F|  |TAMS 0x0000000082e00000| PB 0x0000000082e00000| Untracked 
|  47|0x0000000082f00000, 0x0000000082f00000, 0x0000000083000000|  0%| F|  |TAMS 0x0000000082f00000| PB 0x0000000082f00000| Untracked 
|  48|0x0000000083000000, 0x0000000083000000, 0x0000000083100000|  0%| F|  |TAMS 0x0000000083000000| PB 0x0000000083000000| Untracked 
|  49|0x0000000083100000, 0x0000000083100000, 0x0000000083200000|  0%| F|  |TAMS 0x0000000083100000| PB 0x0000000083100000| Untracked 
|  50|0x0000000083200000, 0x0000000083200000, 0x0000000083300000|  0%| F|  |TAMS 0x0000000083200000| PB 0x0000000083200000| Untracked 
|  51|0x0000000083300000, 0x0000000083300000, 0x0000000083400000|  0%| F|  |TAMS 0x0000000083300000| PB 0x0000000083300000| Untracked 
|  52|0x0000000083400000, 0x0000000083400000, 0x0000000083500000|  0%| F|  |TAMS 0x0000000083400000| PB 0x0000000083400000| Untracked 
|  53|0x0000000083500000, 0x0000000083500000, 0x0000000083600000|  0%| F|  |TAMS 0x0000000083500000| PB 0x0000000083500000| Untracked 
|  54|0x0000000083600000, 0x0000000083600000, 0x0000000083700000|  0%| F|  |TAMS 0x0000000083600000| PB 0x0000000083600000| Untracked 
|  55|0x0000000083700000, 0x0000000083700000, 0x0000000083800000|  0%| F|  |TAMS 0x0000000083700000| PB 0x0000000083700000| Untracked 
|  56|0x0000000083800000, 0x0000000083800000, 0x0000000083900000|  0%| F|  |TAMS 0x0000000083800000| PB 0x0000000083800000| Untracked 
|  57|0x0000000083900000, 0x0000000083900000, 0x0000000083a00000|  0%| F|  |TAMS 0x0000000083900000| PB 0x0000000083900000| Untracked 
|  58|0x0000000083a00000, 0x0000000083a00000, 0x0000000083b00000|  0%| F|  |TAMS 0x0000000083a00000| PB 0x0000000083a00000| Untracked 
|  59|0x0000000083b00000, 0x0000000083b00000, 0x0000000083c00000|  0%| F|  |TAMS 0x0000000083b00000| PB 0x0000000083b00000| Untracked 
|  60|0x0000000083c00000, 0x0000000083c00000, 0x0000000083d00000|  0%| F|  |TAMS 0x0000000083c00000| PB 0x0000000083c00000| Untracked 
|  61|0x0000000083d00000, 0x0000000083d00000, 0x0000000083e00000|  0%| F|  |TAMS 0x0000000083d00000| PB 0x0000000083d00000| Untracked 
|  62|0x0000000083e00000, 0x0000000083e00000, 0x0000000083f00000|  0%| F|  |TAMS 0x0000000083e00000| PB 0x0000000083e00000| Untracked 
|  63|0x0000000083f00000, 0x0000000083f00000, 0x0000000084000000|  0%| F|  |TAMS 0x0000000083f00000| PB 0x0000000083f00000| Untracked 
|  64|0x0000000084000000, 0x0000000084000000, 0x0000000084100000|  0%| F|  |TAMS 0x0000000084000000| PB 0x0000000084000000| Untracked 
|  65|0x0000000084100000, 0x0000000084100000, 0x0000000084200000|  0%| F|  |TAMS 0x0000000084100000| PB 0x0000000084100000| Untracked 
|  66|0x0000000084200000, 0x0000000084200000, 0x0000000084300000|  0%| F|  |TAMS 0x0000000084200000| PB 0x0000000084200000| Untracked 
|  67|0x0000000084300000, 0x0000000084300000, 0x0000000084400000|  0%| F|  |TAMS 0x0000000084300000| PB 0x0000000084300000| Untracked 
|  68|0x0000000084400000, 0x0000000084400000, 0x0000000084500000|  0%| F|  |TAMS 0x0000000084400000| PB 0x0000000084400000| Untracked 
|  69|0x0000000084500000, 0x0000000084500000, 0x0000000084600000|  0%| F|  |TAMS 0x0000000084500000| PB 0x0000000084500000| Untracked 
|  70|0x0000000084600000, 0x0000000084600000, 0x0000000084700000|  0%| F|  |TAMS 0x0000000084600000| PB 0x0000000084600000| Untracked 
|  71|0x0000000084700000, 0x0000000084700000, 0x0000000084800000|  0%| F|  |TAMS 0x0000000084700000| PB 0x0000000084700000| Untracked 
|  72|0x0000000084800000, 0x0000000084800000, 0x0000000084900000|  0%| F|  |TAMS 0x0000000084800000| PB 0x0000000084800000| Untracked 
|  73|0x0000000084900000, 0x0000000084900000, 0x0000000084a00000|  0%| F|  |TAMS 0x0000000084900000| PB 0x0000000084900000| Untracked 
|  74|0x0000000084a00000, 0x0000000084a00000, 0x0000000084b00000|  0%| F|  |TAMS 0x0000000084a00000| PB 0x0000000084a00000| Untracked 
|  75|0x0000000084b00000, 0x0000000084b00000, 0x0000000084c00000|  0%| F|  |TAMS 0x0000000084b00000| PB 0x0000000084b00000| Untracked 
|  76|0x0000000084c00000, 0x0000000084c00000, 0x0000000084d00000|  0%| F|  |TAMS 0x0000000084c00000| PB 0x0000000084c00000| Untracked 
|  77|0x0000000084d00000, 0x0000000084d00000, 0x0000000084e00000|  0%| F|  |TAMS 0x0000000084d00000| PB 0x0000000084d00000| Untracked 
|  78|0x0000000084e00000, 0x0000000084e00000, 0x0000000084f00000|  0%| F|  |TAMS 0x0000000084e00000| PB 0x0000000084e00000| Untracked 
|  79|0x0000000084f00000, 0x0000000084f00000, 0x0000000085000000|  0%| F|  |TAMS 0x0000000084f00000| PB 0x0000000084f00000| Untracked 
|  80|0x0000000085000000, 0x0000000085000000, 0x0000000085100000|  0%| F|  |TAMS 0x0000000085000000| PB 0x0000000085000000| Untracked 
|  81|0x0000000085100000, 0x0000000085100000, 0x0000000085200000|  0%| F|  |TAMS 0x0000000085100000| PB 0x0000000085100000| Untracked 
|  82|0x0000000085200000, 0x0000000085200000, 0x0000000085300000|  0%| F|  |TAMS 0x0000000085200000| PB 0x0000000085200000| Untracked 
|  83|0x0000000085300000, 0x0000000085300000, 0x0000000085400000|  0%| F|  |TAMS 0x0000000085300000| PB 0x0000000085300000| Untracked 
|  84|0x0000000085400000, 0x0000000085400000, 0x0000000085500000|  0%| F|  |TAMS 0x0000000085400000| PB 0x0000000085400000| Untracked 
|  85|0x0000000085500000, 0x0000000085500000, 0x0000000085600000|  0%| F|  |TAMS 0x0000000085500000| PB 0x0000000085500000| Untracked 
|  86|0x0000000085600000, 0x0000000085600000, 0x0000000085700000|  0%| F|  |TAMS 0x0000000085600000| PB 0x0000000085600000| Untracked 
|  87|0x0000000085700000, 0x0000000085700000, 0x0000000085800000|  0%| F|  |TAMS 0x0000000085700000| PB 0x0000000085700000| Untracked 
|  88|0x0000000085800000, 0x0000000085800000, 0x0000000085900000|  0%| F|  |TAMS 0x0000000085800000| PB 0x0000000085800000| Untracked 
|  89|0x0000000085900000, 0x0000000085900000, 0x0000000085a00000|  0%| F|  |TAMS 0x0000000085900000| PB 0x0000000085900000| Untracked 
|  90|0x0000000085a00000, 0x0000000085a00000, 0x0000000085b00000|  0%| F|  |TAMS 0x0000000085a00000| PB 0x0000000085a00000| Untracked 
|  91|0x0000000085b00000, 0x0000000085b00000, 0x0000000085c00000|  0%| F|  |TAMS 0x0000000085b00000| PB 0x0000000085b00000| Untracked 
|  92|0x0000000085c00000, 0x0000000085c00000, 0x0000000085d00000|  0%| F|  |TAMS 0x0000000085c00000| PB 0x0000000085c00000| Untracked 
|  93|0x0000000085d00000, 0x0000000085d00000, 0x0000000085e00000|  0%| F|  |TAMS 0x0000000085d00000| PB 0x0000000085d00000| Untracked 
|  94|0x0000000085e00000, 0x0000000085e00000, 0x0000000085f00000|  0%| F|  |TAMS 0x0000000085e00000| PB 0x0000000085e00000| Untracked 
|  95|0x0000000085f00000, 0x0000000085f00000, 0x0000000086000000|  0%| F|  |TAMS 0x0000000085f00000| PB 0x0000000085f00000| Untracked 
|  96|0x0000000086000000, 0x0000000086000000, 0x0000000086100000|  0%| F|  |TAMS 0x0000000086000000| PB 0x0000000086000000| Untracked 
|  97|0x0000000086100000, 0x0000000086100000, 0x0000000086200000|  0%| F|  |TAMS 0x0000000086100000| PB 0x0000000086100000| Untracked 
|  98|0x0000000086200000, 0x0000000086200000, 0x0000000086300000|  0%| F|  |TAMS 0x0000000086200000| PB 0x0000000086200000| Untracked 
|  99|0x0000000086300000, 0x0000000086300000, 0x0000000086400000|  0%| F|  |TAMS 0x0000000086300000| PB 0x0000000086300000| Untracked 
| 100|0x0000000086400000, 0x0000000086400000, 0x0000000086500000|  0%| F|  |TAMS 0x0000000086400000| PB 0x0000000086400000| Untracked 
| 101|0x0000000086500000, 0x0000000086500000, 0x0000000086600000|  0%| F|  |TAMS 0x0000000086500000| PB 0x0000000086500000| Untracked 
| 102|0x0000000086600000, 0x0000000086600000, 0x0000000086700000|  0%| F|  |TAMS 0x0000000086600000| PB 0x0000000086600000| Untracked 
| 103|0x0000000086700000, 0x0000000086700000, 0x0000000086800000|  0%| F|  |TAMS 0x0000000086700000| PB 0x0000000086700000| Untracked 
| 104|0x0000000086800000, 0x0000000086800000, 0x0000000086900000|  0%| F|  |TAMS 0x0000000086800000| PB 0x0000000086800000| Untracked 
| 105|0x0000000086900000, 0x0000000086900000, 0x0000000086a00000|  0%| F|  |TAMS 0x0000000086900000| PB 0x0000000086900000| Untracked 
| 106|0x0000000086a00000, 0x0000000086a00000, 0x0000000086b00000|  0%| F|  |TAMS 0x0000000086a00000| PB 0x0000000086a00000| Untracked 
| 107|0x0000000086b00000, 0x0000000086b00000, 0x0000000086c00000|  0%| F|  |TAMS 0x0000000086b00000| PB 0x0000000086b00000| Untracked 
| 108|0x0000000086c00000, 0x0000000086c00000, 0x0000000086d00000|  0%| F|  |TAMS 0x0000000086c00000| PB 0x0000000086c00000| Untracked 
| 109|0x0000000086d00000, 0x0000000086d00000, 0x0000000086e00000|  0%| F|  |TAMS 0x0000000086d00000| PB 0x0000000086d00000| Untracked 
| 110|0x0000000086e00000, 0x0000000086e00000, 0x0000000086f00000|  0%| F|  |TAMS 0x0000000086e00000| PB 0x0000000086e00000| Untracked 
| 111|0x0000000086f00000, 0x0000000086f00000, 0x0000000087000000|  0%| F|  |TAMS 0x0000000086f00000| PB 0x0000000086f00000| Untracked 
| 112|0x0000000087000000, 0x0000000087000000, 0x0000000087100000|  0%| F|  |TAMS 0x0000000087000000| PB 0x0000000087000000| Untracked 
| 113|0x0000000087100000, 0x0000000087100000, 0x0000000087200000|  0%| F|  |TAMS 0x0000000087100000| PB 0x0000000087100000| Untracked 
| 114|0x0000000087200000, 0x0000000087200000, 0x0000000087300000|  0%| F|  |TAMS 0x0000000087200000| PB 0x0000000087200000| Untracked 
| 115|0x0000000087300000, 0x0000000087300000, 0x0000000087400000|  0%| F|  |TAMS 0x0000000087300000| PB 0x0000000087300000| Untracked 
| 116|0x0000000087400000, 0x0000000087400000, 0x0000000087500000|  0%| F|  |TAMS 0x0000000087400000| PB 0x0000000087400000| Untracked 
| 117|0x0000000087500000, 0x0000000087500000, 0x0000000087600000|  0%| F|  |TAMS 0x0000000087500000| PB 0x0000000087500000| Untracked 
| 118|0x0000000087600000, 0x0000000087600000, 0x0000000087700000|  0%| F|  |TAMS 0x0000000087600000| PB 0x0000000087600000| Untracked 
| 119|0x0000000087700000, 0x0000000087700000, 0x0000000087800000|  0%| F|  |TAMS 0x0000000087700000| PB 0x0000000087700000| Untracked 
| 120|0x0000000087800000, 0x0000000087800000, 0x0000000087900000|  0%| F|  |TAMS 0x0000000087800000| PB 0x0000000087800000| Untracked 
| 121|0x0000000087900000, 0x0000000087900000, 0x0000000087a00000|  0%| F|  |TAMS 0x0000000087900000| PB 0x0000000087900000| Untracked 
| 122|0x0000000087a00000, 0x0000000087a00000, 0x0000000087b00000|  0%| F|  |TAMS 0x0000000087a00000| PB 0x0000000087a00000| Untracked 
| 123|0x0000000087b00000, 0x0000000087b00000, 0x0000000087c00000|  0%| F|  |TAMS 0x0000000087b00000| PB 0x0000000087b00000| Untracked 
| 124|0x0000000087c00000, 0x0000000087c00000, 0x0000000087d00000|  0%| F|  |TAMS 0x0000000087c00000| PB 0x0000000087c00000| Untracked 
| 125|0x0000000087d00000, 0x0000000087d00000, 0x0000000087e00000|  0%| F|  |TAMS 0x0000000087d00000| PB 0x0000000087d00000| Untracked 
| 126|0x0000000087e00000, 0x0000000087e00000, 0x0000000087f00000|  0%| F|  |TAMS 0x0000000087e00000| PB 0x0000000087e00000| Untracked 
| 127|0x0000000087f00000, 0x0000000087f00000, 0x0000000088000000|  0%| F|  |TAMS 0x0000000087f00000| PB 0x0000000087f00000| Untracked 
| 128|0x0000000088000000, 0x0000000088000000, 0x0000000088100000|  0%| F|  |TAMS 0x0000000088000000| PB 0x0000000088000000| Untracked 
| 129|0x0000000088100000, 0x0000000088100000, 0x0000000088200000|  0%| F|  |TAMS 0x0000000088100000| PB 0x0000000088100000| Untracked 
| 130|0x0000000088200000, 0x0000000088200000, 0x0000000088300000|  0%| F|  |TAMS 0x0000000088200000| PB 0x0000000088200000| Untracked 
| 131|0x0000000088300000, 0x0000000088300000, 0x0000000088400000|  0%| F|  |TAMS 0x0000000088300000| PB 0x0000000088300000| Untracked 
| 132|0x0000000088400000, 0x0000000088400000, 0x0000000088500000|  0%| F|  |TAMS 0x0000000088400000| PB 0x0000000088400000| Untracked 
| 133|0x0000000088500000, 0x0000000088500000, 0x0000000088600000|  0%| F|  |TAMS 0x0000000088500000| PB 0x0000000088500000| Untracked 
| 134|0x0000000088600000, 0x0000000088600000, 0x0000000088700000|  0%| F|  |TAMS 0x0000000088600000| PB 0x0000000088600000| Untracked 
| 135|0x0000000088700000, 0x0000000088700000, 0x0000000088800000|  0%| F|  |TAMS 0x0000000088700000| PB 0x0000000088700000| Untracked 
| 136|0x0000000088800000, 0x0000000088800000, 0x0000000088900000|  0%| F|  |TAMS 0x0000000088800000| PB 0x0000000088800000| Untracked 
| 137|0x0000000088900000, 0x0000000088900000, 0x0000000088a00000|  0%| F|  |TAMS 0x0000000088900000| PB 0x0000000088900000| Untracked 
| 138|0x0000000088a00000, 0x0000000088a00000, 0x0000000088b00000|  0%| F|  |TAMS 0x0000000088a00000| PB 0x0000000088a00000| Untracked 
| 139|0x0000000088b00000, 0x0000000088b00000, 0x0000000088c00000|  0%| F|  |TAMS 0x0000000088b00000| PB 0x0000000088b00000| Untracked 
| 140|0x0000000088c00000, 0x0000000088c00000, 0x0000000088d00000|  0%| F|  |TAMS 0x0000000088c00000| PB 0x0000000088c00000| Untracked 
| 141|0x0000000088d00000, 0x0000000088d00000, 0x0000000088e00000|  0%| F|  |TAMS 0x0000000088d00000| PB 0x0000000088d00000| Untracked 
| 142|0x0000000088e00000, 0x0000000088e00000, 0x0000000088f00000|  0%| F|  |TAMS 0x0000000088e00000| PB 0x0000000088e00000| Untracked 
| 143|0x0000000088f00000, 0x0000000088f00000, 0x0000000089000000|  0%| F|  |TAMS 0x0000000088f00000| PB 0x0000000088f00000| Untracked 
| 144|0x0000000089000000, 0x0000000089000000, 0x0000000089100000|  0%| F|  |TAMS 0x0000000089000000| PB 0x0000000089000000| Untracked 
| 145|0x0000000089100000, 0x0000000089100000, 0x0000000089200000|  0%| F|  |TAMS 0x0000000089100000| PB 0x0000000089100000| Untracked 
| 146|0x0000000089200000, 0x0000000089200000, 0x0000000089300000|  0%| F|  |TAMS 0x0000000089200000| PB 0x0000000089200000| Untracked 
| 147|0x0000000089300000, 0x0000000089300000, 0x0000000089400000|  0%| F|  |TAMS 0x0000000089300000| PB 0x0000000089300000| Untracked 
| 148|0x0000000089400000, 0x0000000089400000, 0x0000000089500000|  0%| F|  |TAMS 0x0000000089400000| PB 0x0000000089400000| Untracked 
| 149|0x0000000089500000, 0x0000000089500000, 0x0000000089600000|  0%| F|  |TAMS 0x0000000089500000| PB 0x0000000089500000| Untracked 
| 150|0x0000000089600000, 0x0000000089600000, 0x0000000089700000|  0%| F|  |TAMS 0x0000000089600000| PB 0x0000000089600000| Untracked 
| 151|0x0000000089700000, 0x0000000089700000, 0x0000000089800000|  0%| F|  |TAMS 0x0000000089700000| PB 0x0000000089700000| Untracked 
| 152|0x0000000089800000, 0x0000000089800000, 0x0000000089900000|  0%| F|  |TAMS 0x0000000089800000| PB 0x0000000089800000| Untracked 
| 153|0x0000000089900000, 0x0000000089900000, 0x0000000089a00000|  0%| F|  |TAMS 0x0000000089900000| PB 0x0000000089900000| Untracked 
| 154|0x0000000089a00000, 0x0000000089a00000, 0x0000000089b00000|  0%| F|  |TAMS 0x0000000089a00000| PB 0x0000000089a00000| Untracked 
| 155|0x0000000089b00000, 0x0000000089b00000, 0x0000000089c00000|  0%| F|  |TAMS 0x0000000089b00000| PB 0x0000000089b00000| Untracked 
| 156|0x0000000089c00000, 0x0000000089c00000, 0x0000000089d00000|  0%| F|  |TAMS 0x0000000089c00000| PB 0x0000000089c00000| Untracked 
| 157|0x0000000089d00000, 0x0000000089d00000, 0x0000000089e00000|  0%| F|  |TAMS 0x0000000089d00000| PB 0x0000000089d00000| Untracked 
| 158|0x0000000089e00000, 0x0000000089e00000, 0x0000000089f00000|  0%| F|  |TAMS 0x0000000089e00000| PB 0x0000000089e00000| Untracked 
| 159|0x0000000089f00000, 0x0000000089f00000, 0x000000008a000000|  0%| F|  |TAMS 0x0000000089f00000| PB 0x0000000089f00000| Untracked 
| 160|0x000000008a000000, 0x000000008a000000, 0x000000008a100000|  0%| F|  |TAMS 0x000000008a000000| PB 0x000000008a000000| Untracked 
| 161|0x000000008a100000, 0x000000008a100000, 0x000000008a200000|  0%| F|  |TAMS 0x000000008a100000| PB 0x000000008a100000| Untracked 
| 162|0x000000008a200000, 0x000000008a200000, 0x000000008a300000|  0%| F|  |TAMS 0x000000008a200000| PB 0x000000008a200000| Untracked 
| 163|0x000000008a300000, 0x000000008a300000, 0x000000008a400000|  0%| F|  |TAMS 0x000000008a300000| PB 0x000000008a300000| Untracked 
| 164|0x000000008a400000, 0x000000008a400000, 0x000000008a500000|  0%| F|  |TAMS 0x000000008a400000| PB 0x000000008a400000| Untracked 
| 165|0x000000008a500000, 0x000000008a500000, 0x000000008a600000|  0%| F|  |TAMS 0x000000008a500000| PB 0x000000008a500000| Untracked 
| 166|0x000000008a600000, 0x000000008a600000, 0x000000008a700000|  0%| F|  |TAMS 0x000000008a600000| PB 0x000000008a600000| Untracked 
| 167|0x000000008a700000, 0x000000008a700000, 0x000000008a800000|  0%| F|  |TAMS 0x000000008a700000| PB 0x000000008a700000| Untracked 
| 168|0x000000008a800000, 0x000000008a800000, 0x000000008a900000|  0%| F|  |TAMS 0x000000008a800000| PB 0x000000008a800000| Untracked 
| 169|0x000000008a900000, 0x000000008a900000, 0x000000008aa00000|  0%| F|  |TAMS 0x000000008a900000| PB 0x000000008a900000| Untracked 
| 170|0x000000008aa00000, 0x000000008aa00000, 0x000000008ab00000|  0%| F|  |TAMS 0x000000008aa00000| PB 0x000000008aa00000| Untracked 
| 171|0x000000008ab00000, 0x000000008ab00000, 0x000000008ac00000|  0%| F|  |TAMS 0x000000008ab00000| PB 0x000000008ab00000| Untracked 
| 172|0x000000008ac00000, 0x000000008ac00000, 0x000000008ad00000|  0%| F|  |TAMS 0x000000008ac00000| PB 0x000000008ac00000| Untracked 
| 173|0x000000008ad00000, 0x000000008ad00000, 0x000000008ae00000|  0%| F|  |TAMS 0x000000008ad00000| PB 0x000000008ad00000| Untracked 
| 174|0x000000008ae00000, 0x000000008ae00000, 0x000000008af00000|  0%| F|  |TAMS 0x000000008ae00000| PB 0x000000008ae00000| Untracked 
| 175|0x000000008af00000, 0x000000008af00000, 0x000000008b000000|  0%| F|  |TAMS 0x000000008af00000| PB 0x000000008af00000| Untracked 
| 176|0x000000008b000000, 0x000000008b000000, 0x000000008b100000|  0%| F|  |TAMS 0x000000008b000000| PB 0x000000008b000000| Untracked 
| 177|0x000000008b100000, 0x000000008b100000, 0x000000008b200000|  0%| F|  |TAMS 0x000000008b100000| PB 0x000000008b100000| Untracked 
| 178|0x000000008b200000, 0x000000008b200000, 0x000000008b300000|  0%| F|  |TAMS 0x000000008b200000| PB 0x000000008b200000| Untracked 
| 179|0x000000008b300000, 0x000000008b300000, 0x000000008b400000|  0%| F|  |TAMS 0x000000008b300000| PB 0x000000008b300000| Untracked 
| 180|0x000000008b400000, 0x000000008b400000, 0x000000008b500000|  0%| F|  |TAMS 0x000000008b400000| PB 0x000000008b400000| Untracked 
| 181|0x000000008b500000, 0x000000008b500000, 0x000000008b600000|  0%| F|  |TAMS 0x000000008b500000| PB 0x000000008b500000| Untracked 
| 182|0x000000008b600000, 0x000000008b600000, 0x000000008b700000|  0%| F|  |TAMS 0x000000008b600000| PB 0x000000008b600000| Untracked 
| 183|0x000000008b700000, 0x000000008b700000, 0x000000008b800000|  0%| F|  |TAMS 0x000000008b700000| PB 0x000000008b700000| Untracked 
| 184|0x000000008b800000, 0x000000008b800000, 0x000000008b900000|  0%| F|  |TAMS 0x000000008b800000| PB 0x000000008b800000| Untracked 
| 185|0x000000008b900000, 0x000000008b900000, 0x000000008ba00000|  0%| F|  |TAMS 0x000000008b900000| PB 0x000000008b900000| Untracked 
| 186|0x000000008ba00000, 0x000000008ba00000, 0x000000008bb00000|  0%| F|  |TAMS 0x000000008ba00000| PB 0x000000008ba00000| Untracked 
| 187|0x000000008bb00000, 0x000000008bb00000, 0x000000008bc00000|  0%| F|  |TAMS 0x000000008bb00000| PB 0x000000008bb00000| Untracked 
| 188|0x000000008bc00000, 0x000000008bc00000, 0x000000008bd00000|  0%| F|  |TAMS 0x000000008bc00000| PB 0x000000008bc00000| Untracked 
| 189|0x000000008bd00000, 0x000000008bd31290, 0x000000008be00000| 19%| S|CS|TAMS 0x000000008bd00000| PB 0x000000008bd00000| Complete 
| 190|0x000000008be00000, 0x000000008bf00000, 0x000000008bf00000|100%| S|CS|TAMS 0x000000008be00000| PB 0x000000008be00000| Complete 
| 191|0x000000008bf00000, 0x000000008c000000, 0x000000008c000000|100%| S|CS|TAMS 0x000000008bf00000| PB 0x000000008bf00000| Complete 
| 192|0x000000008c000000, 0x000000008c100000, 0x000000008c100000|100%| S|CS|TAMS 0x000000008c000000| PB 0x000000008c000000| Complete 
| 193|0x000000008c100000, 0x000000008c200000, 0x000000008c200000|100%| S|CS|TAMS 0x000000008c100000| PB 0x000000008c100000| Complete 
| 194|0x000000008c200000, 0x000000008c300000, 0x000000008c300000|100%| S|CS|TAMS 0x000000008c200000| PB 0x000000008c200000| Complete 
| 195|0x000000008c300000, 0x000000008c300000, 0x000000008c400000|  0%| F|  |TAMS 0x000000008c300000| PB 0x000000008c300000| Untracked 
| 196|0x000000008c400000, 0x000000008c400000, 0x000000008c500000|  0%| F|  |TAMS 0x000000008c400000| PB 0x000000008c400000| Untracked 
| 197|0x000000008c500000, 0x000000008c580000, 0x000000008c600000| 50%| E|  |TAMS 0x000000008c500000| PB 0x000000008c500000| Complete 
| 198|0x000000008c600000, 0x000000008c700000, 0x000000008c700000|100%| E|CS|TAMS 0x000000008c600000| PB 0x000000008c600000| Complete 
| 199|0x000000008c700000, 0x000000008c800000, 0x000000008c800000|100%| E|CS|TAMS 0x000000008c700000| PB 0x000000008c700000| Complete 
| 200|0x000000008c800000, 0x000000008c900000, 0x000000008c900000|100%| E|CS|TAMS 0x000000008c800000| PB 0x000000008c800000| Complete 
| 201|0x000000008c900000, 0x000000008ca00000, 0x000000008ca00000|100%| E|CS|TAMS 0x000000008c900000| PB 0x000000008c900000| Complete 
| 202|0x000000008ca00000, 0x000000008cb00000, 0x000000008cb00000|100%| E|CS|TAMS 0x000000008ca00000| PB 0x000000008ca00000| Complete 
| 203|0x000000008cb00000, 0x000000008cc00000, 0x000000008cc00000|100%| E|CS|TAMS 0x000000008cb00000| PB 0x000000008cb00000| Complete 
| 204|0x000000008cc00000, 0x000000008cd00000, 0x000000008cd00000|100%| E|CS|TAMS 0x000000008cc00000| PB 0x000000008cc00000| Complete 
| 205|0x000000008cd00000, 0x000000008ce00000, 0x000000008ce00000|100%| E|CS|TAMS 0x000000008cd00000| PB 0x000000008cd00000| Complete 
| 206|0x000000008ce00000, 0x000000008cf00000, 0x000000008cf00000|100%| E|CS|TAMS 0x000000008ce00000| PB 0x000000008ce00000| Complete 
| 207|0x000000008cf00000, 0x000000008d000000, 0x000000008d000000|100%| E|CS|TAMS 0x000000008cf00000| PB 0x000000008cf00000| Complete 
| 208|0x000000008d000000, 0x000000008d100000, 0x000000008d100000|100%| E|CS|TAMS 0x000000008d000000| PB 0x000000008d000000| Complete 
| 209|0x000000008d100000, 0x000000008d200000, 0x000000008d200000|100%| E|CS|TAMS 0x000000008d100000| PB 0x000000008d100000| Complete 
| 210|0x000000008d200000, 0x000000008d300000, 0x000000008d300000|100%| E|CS|TAMS 0x000000008d200000| PB 0x000000008d200000| Complete 
| 211|0x000000008d300000, 0x000000008d400000, 0x000000008d400000|100%| E|CS|TAMS 0x000000008d300000| PB 0x000000008d300000| Complete 
| 212|0x000000008d400000, 0x000000008d500000, 0x000000008d500000|100%| E|CS|TAMS 0x000000008d400000| PB 0x000000008d400000| Complete 
| 213|0x000000008d500000, 0x000000008d600000, 0x000000008d600000|100%| E|CS|TAMS 0x000000008d500000| PB 0x000000008d500000| Complete 
| 214|0x000000008d600000, 0x000000008d700000, 0x000000008d700000|100%| E|CS|TAMS 0x000000008d600000| PB 0x000000008d600000| Complete 
| 215|0x000000008d700000, 0x000000008d800000, 0x000000008d800000|100%| E|CS|TAMS 0x000000008d700000| PB 0x000000008d700000| Complete 
| 216|0x000000008d800000, 0x000000008d900000, 0x000000008d900000|100%| E|CS|TAMS 0x000000008d800000| PB 0x000000008d800000| Complete 
| 217|0x000000008d900000, 0x000000008da00000, 0x000000008da00000|100%| E|CS|TAMS 0x000000008d900000| PB 0x000000008d900000| Complete 
| 218|0x000000008da00000, 0x000000008db00000, 0x000000008db00000|100%| E|CS|TAMS 0x000000008da00000| PB 0x000000008da00000| Complete 
| 219|0x000000008db00000, 0x000000008dc00000, 0x000000008dc00000|100%| E|CS|TAMS 0x000000008db00000| PB 0x000000008db00000| Complete 
| 220|0x000000008dc00000, 0x000000008dd00000, 0x000000008dd00000|100%| E|CS|TAMS 0x000000008dc00000| PB 0x000000008dc00000| Complete 
| 221|0x000000008dd00000, 0x000000008de00000, 0x000000008de00000|100%| E|CS|TAMS 0x000000008dd00000| PB 0x000000008dd00000| Complete 
| 222|0x000000008de00000, 0x000000008df00000, 0x000000008df00000|100%| E|CS|TAMS 0x000000008de00000| PB 0x000000008de00000| Complete 
| 223|0x000000008df00000, 0x000000008e000000, 0x000000008e000000|100%| E|CS|TAMS 0x000000008df00000| PB 0x000000008df00000| Complete 
| 224|0x000000008e000000, 0x000000008e100000, 0x000000008e100000|100%| E|CS|TAMS 0x000000008e000000| PB 0x000000008e000000| Complete 
| 225|0x000000008e100000, 0x000000008e200000, 0x000000008e200000|100%| E|CS|TAMS 0x000000008e100000| PB 0x000000008e100000| Complete 
| 226|0x000000008e200000, 0x000000008e300000, 0x000000008e300000|100%| E|CS|TAMS 0x000000008e200000| PB 0x000000008e200000| Complete 
| 227|0x000000008e300000, 0x000000008e400000, 0x000000008e400000|100%| E|CS|TAMS 0x000000008e300000| PB 0x000000008e300000| Complete 
| 228|0x000000008e400000, 0x000000008e500000, 0x000000008e500000|100%| E|CS|TAMS 0x000000008e400000| PB 0x000000008e400000| Complete 
| 229|0x000000008e500000, 0x000000008e600000, 0x000000008e600000|100%| E|CS|TAMS 0x000000008e500000| PB 0x000000008e500000| Complete 
| 230|0x000000008e600000, 0x000000008e700000, 0x000000008e700000|100%| E|CS|TAMS 0x000000008e600000| PB 0x000000008e600000| Complete 
| 231|0x000000008e700000, 0x000000008e800000, 0x000000008e800000|100%| E|CS|TAMS 0x000000008e700000| PB 0x000000008e700000| Complete 
| 232|0x000000008e800000, 0x000000008e900000, 0x000000008e900000|100%| E|CS|TAMS 0x000000008e800000| PB 0x000000008e800000| Complete 
| 233|0x000000008e900000, 0x000000008ea00000, 0x000000008ea00000|100%| E|CS|TAMS 0x000000008e900000| PB 0x000000008e900000| Complete 
| 234|0x000000008ea00000, 0x000000008eb00000, 0x000000008eb00000|100%| E|CS|TAMS 0x000000008ea00000| PB 0x000000008ea00000| Complete 
| 235|0x000000008eb00000, 0x000000008ec00000, 0x000000008ec00000|100%| E|CS|TAMS 0x000000008eb00000| PB 0x000000008eb00000| Complete 
| 236|0x000000008ec00000, 0x000000008ed00000, 0x000000008ed00000|100%| E|CS|TAMS 0x000000008ec00000| PB 0x000000008ec00000| Complete 
| 237|0x000000008ed00000, 0x000000008ee00000, 0x000000008ee00000|100%| E|CS|TAMS 0x000000008ed00000| PB 0x000000008ed00000| Complete 
| 238|0x000000008ee00000, 0x000000008ef00000, 0x000000008ef00000|100%| E|CS|TAMS 0x000000008ee00000| PB 0x000000008ee00000| Complete 
| 239|0x000000008ef00000, 0x000000008f000000, 0x000000008f000000|100%| E|CS|TAMS 0x000000008ef00000| PB 0x000000008ef00000| Complete 
| 240|0x000000008f000000, 0x000000008f100000, 0x000000008f100000|100%| E|CS|TAMS 0x000000008f000000| PB 0x000000008f000000| Complete 
| 241|0x000000008f100000, 0x000000008f200000, 0x000000008f200000|100%| E|CS|TAMS 0x000000008f100000| PB 0x000000008f100000| Complete 
| 242|0x000000008f200000, 0x000000008f300000, 0x000000008f300000|100%| E|CS|TAMS 0x000000008f200000| PB 0x000000008f200000| Complete 
| 243|0x000000008f300000, 0x000000008f400000, 0x000000008f400000|100%| E|CS|TAMS 0x000000008f300000| PB 0x000000008f300000| Complete 
| 244|0x000000008f400000, 0x000000008f500000, 0x000000008f500000|100%| E|CS|TAMS 0x000000008f400000| PB 0x000000008f400000| Complete 
| 245|0x000000008f500000, 0x000000008f600000, 0x000000008f600000|100%| E|CS|TAMS 0x000000008f500000| PB 0x000000008f500000| Complete 
| 246|0x000000008f600000, 0x000000008f700000, 0x000000008f700000|100%| E|CS|TAMS 0x000000008f600000| PB 0x000000008f600000| Complete 
| 247|0x000000008f700000, 0x000000008f800000, 0x000000008f800000|100%| E|CS|TAMS 0x000000008f700000| PB 0x000000008f700000| Complete 
| 248|0x000000008f800000, 0x000000008f900000, 0x000000008f900000|100%| E|CS|TAMS 0x000000008f800000| PB 0x000000008f800000| Complete 
| 249|0x000000008f900000, 0x000000008fa00000, 0x000000008fa00000|100%| E|CS|TAMS 0x000000008f900000| PB 0x000000008f900000| Complete 

Card table byte_map: [0x000002d823140000,0x000002d823540000] _byte_map_base: 0x000002d822d40000

Marking Bits: (CMBitMap*) 0x000002d87edb9960
 Bits: [0x000002d823540000, 0x000002d825540000)

Polling page: 0x000002d87cae0000

Metaspace:

Usage:
  Non-class:     13.43 MB used.
      Class:      2.14 MB used.
       Both:     15.57 MB used.

Virtual space:
  Non-class space:       64.00 MB reserved,      13.69 MB ( 21%) committed,  1 nodes.
      Class space:        1.00 GB reserved,       2.38 MB ( <1%) committed,  1 nodes.
             Both:        1.06 GB reserved,      16.06 MB (  1%) committed. 

Chunk freelists:
   Non-Class:  2.28 MB
       Class:  13.68 MB
        Both:  15.96 MB

MaxMetaspaceSize: 4.00 GB
CompressedClassSpaceSize: 1.00 GB
Initial GC threshold: 21.00 MB
Current GC threshold: 21.00 MB
CDS: on
 - commit_granule_bytes: 65536.
 - commit_granule_words: 8192.
 - virtual_space_node_default_size: 8388608.
 - enlarge_chunks_in_place: 1.
 - use_allocation_guard: 0.


Internal statistics:

num_allocs_failed_limit: 0.
num_arena_births: 566.
num_arena_deaths: 0.
num_vsnodes_births: 2.
num_vsnodes_deaths: 0.
num_space_committed: 257.
num_space_uncommitted: 0.
num_chunks_returned_to_freelist: 0.
num_chunks_taken_from_freelist: 1100.
num_chunk_merges: 0.
num_chunk_splits: 726.
num_chunks_enlarged: 509.
num_inconsistent_stats: 0.

CodeHeap 'non-profiled nmethods': size=258432Kb used=1288Kb max_used=1288Kb free=257143Kb
 bounds [0x000002d8134e0000, 0x000002d813750000, 0x000002d823140000]
CodeHeap 'profiled nmethods': size=258368Kb used=5951Kb max_used=5951Kb free=252416Kb
 bounds [0x000002d803140000, 0x000002d803710000, 0x000002d812d90000]
CodeHeap 'non-nmethods': size=7488Kb used=3092Kb max_used=3105Kb free=4396Kb
 bounds [0x000002d812d90000, 0x000002d8130a0000, 0x000002d8134e0000]
CodeCache: size=524288Kb, used=10331Kb, max_used=10344Kb, free=513955Kb
 total_blobs=3491, nmethods=2931, adapters=461, full_count=0
Compilation: enabled, stopped_count=0, restarted_count=0

Compilation events (20 events):
Event: 1.658 Thread 0x000002d8282c02f0 nmethod 2919 0x000002d8036ff290 code [0x000002d8036ff460, 0x000002d8036ff788]
Event: 1.658 Thread 0x000002d8282c02f0 2920       3       java.lang.invoke.InvokerBytecodeGenerator::emitReturn (107 bytes)
Event: 1.658 Thread 0x000002d82837e450 nmethod 2917 0x000002d8036ff910 code [0x000002d8036ffb60, 0x000002d8037002d0]
Event: 1.658 Thread 0x000002d82837e450 2921       3       java.lang.invoke.InvokerBytecodeGenerator::methodEpilogue (17 bytes)
Event: 1.658 Thread 0x000002d82837e450 nmethod 2921 0x000002d803700590 code [0x000002d803700760, 0x000002d803700a18]
Event: 1.658 Thread 0x000002d82837e450 2923       3       java.lang.invoke.InvokerBytecodeGenerator::bogusMethod (77 bytes)
Event: 1.658 Thread 0x000002d8282c02f0 nmethod 2920 0x000002d803700b10 code [0x000002d803700d20, 0x000002d8037011e8]
Event: 1.658 Thread 0x000002d8282c02f0 2924   !   3       java.lang.invoke.InvokerBytecodeGenerator::toByteArray (18 bytes)
Event: 1.658 Thread 0x000002d8286013b0 2927       4       java.lang.invoke.MethodType::makeImpl (109 bytes)
Event: 1.658 Thread 0x000002d8282c02f0 nmethod 2924 0x000002d803701410 code [0x000002d8037015e0, 0x000002d803701848]
Event: 1.659 Thread 0x000002d8282c02f0 2925       3       java.lang.invoke.InvokerBytecodeGenerator::classDataValues (260 bytes)
Event: 1.659 Thread 0x000002d82837e450 nmethod 2923 0x000002d803701990 code [0x000002d803701be0, 0x000002d803702378]
Event: 1.659 Thread 0x000002d82837e450 2926       3       java.lang.invoke.MethodHandles::classData (17 bytes)
Event: 1.659 Thread 0x000002d82837e450 nmethod 2926 0x000002d803702610 code [0x000002d803702800, 0x000002d803702bd0]
Event: 1.659 Thread 0x000002d86e183540 nmethod 2922 0x000002d803702d90 code [0x000002d803703280, 0x000002d803705600]
Event: 1.660 Thread 0x000002d8282c02f0 nmethod 2925 0x000002d803706010 code [0x000002d8037064c0, 0x000002d803709478]
Event: 1.660 Thread 0x000002d828a02270 nmethod 2918 0x000002d803709e90 code [0x000002d80370a400, 0x000002d80370c818]
Event: 1.660 Thread 0x000002d82837e450 2928       3       java.lang.invoke.MethodType::genericMethodType (6 bytes)
Event: 1.661 Thread 0x000002d82837e450 nmethod 2928 0x000002d80370d410 code [0x000002d80370d5c0, 0x000002d80370d6e0]
Event: 1.663 Thread 0x000002d8282c02f0 2930       3       java.lang.invoke.BoundMethodHandle::speciesDataFor (32 bytes)

GC Heap History (6 events):
Event: 0.269 GC heap before
{Heap before GC invocations=0 (full 0):
 garbage-first heap   total 256000K, used 22528K [0x0000000080000000, 0x0000000100000000)
  region size 1024K, 23 young (23552K), 0 survivors (0K)
 Metaspace       used 946K, committed 1088K, reserved 1114112K
  class space    used 73K, committed 128K, reserved 1048576K
}
Event: 0.271 GC heap after
{Heap after GC invocations=1 (full 0):
 garbage-first heap   total 256000K, used 1717K [0x0000000080000000, 0x0000000100000000)
  region size 1024K, 2 young (2048K), 2 survivors (2048K)
 Metaspace       used 946K, committed 1088K, reserved 1114112K
  class space    used 73K, committed 128K, reserved 1048576K
}
Event: 0.664 GC heap before
{Heap before GC invocations=1 (full 0):
 garbage-first heap   total 256000K, used 40629K [0x0000000080000000, 0x0000000100000000)
  region size 1024K, 38 young (38912K), 2 survivors (2048K)
 Metaspace       used 4598K, committed 4800K, reserved 1114112K
  class space    used 583K, committed 704K, reserved 1048576K
}
Event: 0.667 GC heap after
{Heap after GC invocations=2 (full 0):
 garbage-first heap   total 256000K, used 10429K [0x0000000080000000, 0x0000000100000000)
  region size 1024K, 5 young (5120K), 5 survivors (5120K)
 Metaspace       used 4598K, committed 4800K, reserved 1114112K
  class space    used 583K, committed 704K, reserved 1048576K
}
Event: 1.005 GC heap before
{Heap before GC invocations=2 (full 0):
 garbage-first heap   total 256000K, used 62653K [0x0000000080000000, 0x0000000100000000)
  region size 1024K, 55 young (56320K), 5 survivors (5120K)
 Metaspace       used 5876K, committed 6080K, reserved 1114112K
  class space    used 795K, committed 896K, reserved 1048576K
}
Event: 1.009 GC heap after
{Heap after GC invocations=3 (full 0):
 garbage-first heap   total 256000K, used 17143K [0x0000000080000000, 0x0000000100000000)
  region size 1024K, 6 young (6144K), 6 survivors (6144K)
 Metaspace       used 5876K, committed 6080K, reserved 1114112K
  class space    used 795K, committed 896K, reserved 1048576K
}

Dll operation events (14 events):
Event: 0.009 Loaded shared library C:\Users\berro\.vscode\extensions\redhat.java-1.55.0-win32-x64\jre\21.0.11-win32-x86_64\bin\java.dll
Event: 0.049 Loaded shared library C:\Users\berro\.vscode\extensions\redhat.java-1.55.0-win32-x64\jre\21.0.11-win32-x86_64\bin\zip.dll
Event: 0.061 Loaded shared library C:\Users\berro\.vscode\extensions\redhat.java-1.55.0-win32-x64\jre\21.0.11-win32-x86_64\bin\instrument.dll
Event: 0.065 Loaded shared library C:\Users\berro\.vscode\extensions\redhat.java-1.55.0-win32-x64\jre\21.0.11-win32-x86_64\bin\net.dll
Event: 0.066 Loaded shared library C:\Users\berro\.vscode\extensions\redhat.java-1.55.0-win32-x64\jre\21.0.11-win32-x86_64\bin\nio.dll
Event: 0.068 Loaded shared library C:\Users\berro\.vscode\extensions\redhat.java-1.55.0-win32-x64\jre\21.0.11-win32-x86_64\bin\zip.dll
Event: 0.252 Loaded shared library C:\Users\berro\.vscode\extensions\redhat.java-1.55.0-win32-x64\jre\21.0.11-win32-x86_64\bin\jimage.dll
Event: 0.402 Loaded shared library C:\Users\berro\.vscode\extensions\redhat.java-1.55.0-win32-x64\jre\21.0.11-win32-x86_64\bin\verify.dll
Event: 0.426 Loaded shared library C:\Users\berro\.gradle\native\1def1411415f61bf3af743bc5b6707747c0891f09f0c88961ee8f79bc544acac\windows-amd64\native-platform.dll
Event: 0.432 Loaded shared library C:\Users\berro\.gradle\native\0.2.8\x86_64-windows-gnu\gradle-fileevents.dll
Event: 1.046 Loaded shared library C:\Users\berro\.vscode\extensions\redhat.java-1.55.0-win32-x64\jre\21.0.11-win32-x86_64\bin\management.dll
Event: 1.047 Loaded shared library C:\Users\berro\.vscode\extensions\redhat.java-1.55.0-win32-x64\jre\21.0.11-win32-x86_64\bin\management_ext.dll
Event: 1.131 Loaded shared library C:\Users\berro\.vscode\extensions\redhat.java-1.55.0-win32-x64\jre\21.0.11-win32-x86_64\bin\extnet.dll
Event: 1.277 Loaded shared library C:\Users\berro\.vscode\extensions\redhat.java-1.55.0-win32-x64\jre\21.0.11-win32-x86_64\bin\sunmscapi.dll

Deoptimization events (20 events):
Event: 1.586 Thread 0x000002d8282b9590 DEOPT PACKING pc=0x000002d8135ab6e4 sp=0x000000de810fbf30
Event: 1.586 Thread 0x000002d8282b9590 DEOPT UNPACKING pc=0x000002d812de4422 sp=0x000000de810fbee8 mode 2
Event: 1.605 Thread 0x000002d8282ba2b0 Uncommon trap: trap_request=0xffffff45 fr.pc=0x000002d8135cdc9c relative=0x000000000000017c
Event: 1.605 Thread 0x000002d8282ba2b0 Uncommon trap: reason=unstable_if action=reinterpret pc=0x000002d8135cdc9c method=java.util.concurrent.locks.ReentrantLock$NonfairSync.initialTryLock()Z @ 25 c2
Event: 1.605 Thread 0x000002d8282ba2b0 DEOPT PACKING pc=0x000002d8135cdc9c sp=0x000000de815ff3d0
Event: 1.605 Thread 0x000002d8282ba2b0 DEOPT UNPACKING pc=0x000002d812de4422 sp=0x000000de815ff370 mode 2
Event: 1.616 Thread 0x000002d8282b9590 Uncommon trap: trap_request=0xffffff45 fr.pc=0x000002d81357616c relative=0x00000000000009ec
Event: 1.616 Thread 0x000002d8282b9590 Uncommon trap: reason=unstable_if action=reinterpret pc=0x000002d81357616c method=java.util.regex.Matcher.reset()Ljava/util/regex/Matcher; @ 47 c2
Event: 1.616 Thread 0x000002d8282b9590 DEOPT PACKING pc=0x000002d81357616c sp=0x000000de810fb010
Event: 1.616 Thread 0x000002d8282b9590 DEOPT UNPACKING pc=0x000002d812de4422 sp=0x000000de810faf40 mode 2
Event: 1.616 Thread 0x000002d8282b9590 Uncommon trap: trap_request=0xffffff45 fr.pc=0x000002d813507dbc relative=0x000000000000049c
Event: 1.616 Thread 0x000002d8282b9590 Uncommon trap: reason=unstable_if action=reinterpret pc=0x000002d813507dbc method=java.util.regex.Matcher.match(II)Z @ 76 c2
Event: 1.616 Thread 0x000002d8282b9590 DEOPT PACKING pc=0x000002d813507dbc sp=0x000000de810fb030
Event: 1.616 Thread 0x000002d8282b9590 DEOPT UNPACKING pc=0x000002d812de4422 sp=0x000000de810fafe8 mode 2
Event: 1.616 Thread 0x000002d8282b9590 Uncommon trap: trap_request=0xffffff45 fr.pc=0x000002d813506d84 relative=0x00000000000001c4
Event: 1.616 Thread 0x000002d8282b9590 Uncommon trap: reason=unstable_if action=reinterpret pc=0x000002d813506d84 method=java.util.regex.Matcher.reset()Ljava/util/regex/Matcher; @ 47 c2
Event: 1.616 Thread 0x000002d8282b9590 DEOPT PACKING pc=0x000002d813506d84 sp=0x000000de810faec0
Event: 1.616 Thread 0x000002d8282b9590 DEOPT UNPACKING pc=0x000002d812de4422 sp=0x000000de810fae50 mode 2
Event: 1.620 Thread 0x000002d8282b9590 DEOPT PACKING pc=0x000002d80324b0d9 sp=0x000000de810fac90
Event: 1.620 Thread 0x000002d8282b9590 DEOPT UNPACKING pc=0x000002d812de4bc2 sp=0x000000de810fa128 mode 0

Classes loaded (20 events):
Event: 1.588 Loading class java/util/concurrent/ArrayBlockingQueue
Event: 1.588 Loading class java/util/concurrent/ArrayBlockingQueue done
Event: 1.588 Loading class java/util/concurrent/locks/ReentrantLock$FairSync
Event: 1.589 Loading class java/util/concurrent/locks/ReentrantLock$FairSync done
Event: 1.606 Loading class java/net/DatagramPacket
Event: 1.606 Loading class java/net/DatagramPacket done
Event: 1.606 Loading class sun/nio/ch/DatagramChannelImpl$DatagramPackets
Event: 1.606 Loading class sun/nio/ch/DatagramChannelImpl$DatagramPackets done
Event: 1.627 Loading class java/lang/Character$UnicodeBlock
Event: 1.628 Loading class java/lang/Character$Subset
Event: 1.628 Loading class java/lang/Character$Subset done
Event: 1.628 Loading class java/lang/Character$UnicodeBlock done
Event: 1.637 Loading class sun/security/provider/MD5
Event: 1.637 Loading class sun/security/provider/MD5 done
Event: 1.638 Loading class sun/security/provider/SHA5$SHA512
Event: 1.638 Loading class sun/security/provider/SHA5
Event: 1.638 Loading class sun/security/provider/SHA5 done
Event: 1.638 Loading class sun/security/provider/SHA5$SHA512 done
Event: 1.639 Loading class sun/security/provider/ByteArrayAccess$LE
Event: 1.639 Loading class sun/security/provider/ByteArrayAccess$LE done

Classes unloaded (0 events):
No events

Classes redefined (0 events):
No events

Internal exceptions (20 events):
Event: 1.147 Thread 0x000002d87ed65800 Exception <a 'java/lang/NoSuchMethodError'{0x000000008f05d5f8}: 'java.lang.Object java.lang.invoke.DirectMethodHandle$Holder.invokeVirtual(java.lang.Object, java.lang.Object, java.lang.Object, java.lang.Object, java.lang.Object, java.lang.Object, java.lang.Object, java.lang.Object, java.lang.Object)'> (0x000000008f05d5f8) 
thrown [s\src\hotspot\share\interpreter\linkResolver.cpp, line 773]
Event: 1.172 Thread 0x000002d87ed65800 Exception <a 'java/lang/NoSuchMethodError'{0x000000008ee09410}: 'java.lang.Object java.lang.invoke.DirectMethodHandle$Holder.invokeStaticInit(java.lang.Object, int, int, int, int)'> (0x000000008ee09410) 
thrown [s\src\hotspot\share\interpreter\linkResolver.cpp, line 773]
Event: 1.190 Thread 0x000002d87ed65800 Exception <a 'java/lang/NoSuchMethodError'{0x000000008ee92b98}: 'java.lang.Object java.lang.invoke.DirectMethodHandle$Holder.invokeStaticInit(java.lang.Object, java.lang.Object, int, int, int, int)'> (0x000000008ee92b98) 
thrown [s\src\hotspot\share\interpreter\linkResolver.cpp, line 773]
Event: 1.231 Thread 0x000002d87ed65800 Exception <a 'java/io/IOException'{0x000000008eba2d38}> (0x000000008eba2d38) 
thrown [s\src\hotspot\share\prims\jni.cpp, line 520]
Event: 1.236 Thread 0x000002d87ed65800 Implicit null exception at 0x000002d813531524 to 0x000002d813531b88
Event: 1.239 Thread 0x000002d87ed65800 Exception <a 'java/lang/NoSuchMethodError'{0x000000008ea15a58}: 'java.lang.Object java.lang.invoke.DirectMethodHandle$Holder.newInvokeSpecial(java.lang.Object, java.lang.Object, java.lang.Object, java.lang.Object, java.lang.Object)'> (0x000000008ea15a58) 
thrown [s\src\hotspot\share\interpreter\linkResolver.cpp, line 773]
Event: 1.327 Thread 0x000002d86f218860 Exception <a 'java/lang/NoSuchMethodError'{0x000000008e76d170}: 'void java.lang.invoke.DirectMethodHandle$Holder.invokeSpecial(java.lang.Object, java.lang.Object, java.lang.Object)'> (0x000000008e76d170) 
thrown [s\src\hotspot\share\interpreter\linkResolver.cpp, line 773]
Event: 1.365 Thread 0x000002d8282b9590 Exception <a 'java/lang/NoSuchMethodError'{0x000000008e07e478}: 'long java.lang.invoke.DirectMethodHandle$Holder.invokeInterface(java.lang.Object, java.lang.Object)'> (0x000000008e07e478) 
thrown [s\src\hotspot\share\interpreter\linkResolver.cpp, line 773]
Event: 1.399 Thread 0x000002d8282b9590 Exception <a 'java/lang/NoSuchMethodError'{0x000000008dc74098}: 'void java.lang.invoke.DirectMethodHandle$Holder.invokeStatic(java.lang.Object, java.lang.Object)'> (0x000000008dc74098) 
thrown [s\src\hotspot\share\interpreter\linkResolver.cpp, line 773]
Event: 1.403 Thread 0x000002d8282b9590 Exception <a 'java/lang/NoSuchMethodError'{0x000000008dccef30}: 'java.lang.Object java.lang.invoke.DirectMethodHandle$Holder.invokeVirtual(java.lang.Object, java.lang.Object, java.lang.Object, java.lang.Object, java.lang.Object, java.lang.Object, java.lang.Object, java.lang.Object, java.lang.Object, java.lang.Object, java.lang.Object, java.lang.Object)'> (0x000000008dccef30) 
thrown [s\src\hotspot\share\interpreter\linkResolver.cpp, line 773]
Event: 1.403 Thread 0x000002d8282b9590 Exception <a 'java/lang/NoSuchMethodError'{0x000000008dcd3f58}: 'java.lang.Object java.lang.invoke.DirectMethodHandle$Holder.invokeSpecial(java.lang.Object, java.lang.Object, java.lang.Object, java.lang.Object, java.lang.Object, java.lang.Object, java.lang.Object, java.lang.Object, java.lang.Object, java.lang.Object, java.lang.Object, java.lang.Object, java.lang.Object)'> (0x000000008dcd3f58) 
thrown [s\src\hotspot\share\interpreter\linkResolver.cpp, line 773]
Event: 1.428 Thread 0x000002d8282b9590 Exception <a 'java/lang/NoSuchMethodError'{0x000000008d930fe0}: 'int java.lang.invoke.DirectMethodHandle$Holder.invokeVirtual(java.lang.Object, java.lang.Object, java.lang.Object)'> (0x000000008d930fe0) 
thrown [s\src\hotspot\share\interpreter\linkResolver.cpp, line 773]
Event: 1.456 Thread 0x000002d8282b9590 Exception <a 'java/lang/NoSuchMethodError'{0x000000008d7c6b70}: 'java.lang.Object java.lang.invoke.DirectMethodHandle$Holder.newInvokeSpecial(java.lang.Object, java.lang.Object, java.lang.Object, java.lang.Object, java.lang.Object, java.lang.Object)'> (0x000000008d7c6b70) 
thrown [s\src\hotspot\share\interpreter\linkResolver.cpp, line 773]
Event: 1.496 Thread 0x000002d8282b9590 Exception <a 'java/lang/NoSuchMethodError'{0x000000008d470f38}: 'void java.lang.invoke.DelegatingMethodHandle$Holder.reinvoke_L(java.lang.Object, java.lang.Object, java.lang.Object, java.lang.Object, java.lang.Object, java.lang.Object, java.lang.Object, java.lang.Object, java.lang.Object, java.lang.Object)'> (0x000000008d470f38) 
thrown [s\src\hotspot\share\interpreter\linkResolver.cpp, line 773]
Event: 1.496 Thread 0x000002d8282b9590 Exception <a 'java/lang/NoSuchMethodError'{0x000000008d478a18}: 'java.lang.Object java.lang.invoke.Invokers$Holder.invoker(java.lang.Object, java.lang.Object, java.lang.Object, java.lang.Object, java.lang.Object, java.lang.Object, java.lang.Object, java.lang.Object, java.lang.Object, java.lang.Object)'> (0x000000008d478a18) 
thrown [s\src\hotspot\share\interpreter\linkResolver.cpp, line 773]
Event: 1.576 Thread 0x000002d8282b9590 Exception <a 'java/lang/NoSuchMethodError'{0x000000008cd18180}: 'void java.lang.invoke.DirectMethodHandle$Holder.invokeInterface(java.lang.Object, java.lang.Object)'> (0x000000008cd18180) 
thrown [s\src\hotspot\share\interpreter\linkResolver.cpp, line 773]
Event: 1.576 Thread 0x000002d8282b9590 Exception <a 'java/lang/IncompatibleClassChangeError'{0x000000008cd1b700}: Found class java.lang.Object, but interface was expected> (0x000000008cd1b700) 
thrown [s\src\hotspot\share\interpreter\linkResolver.cpp, line 840]
Event: 1.590 Thread 0x000002d8282b9590 Exception <a 'java/lang/NoSuchMethodError'{0x000000008cc4d890}: 'java.lang.Object java.lang.invoke.DirectMethodHandle$Holder.newInvokeSpecial(java.lang.Object, java.lang.Object, int)'> (0x000000008cc4d890) 
thrown [s\src\hotspot\share\interpreter\linkResolver.cpp, line 773]
Event: 1.647 Thread 0x000002d8282b9590 Exception <a 'java/lang/NoSuchMethodError'{0x000000008c8674f8}: 'java.lang.Object java.lang.invoke.DirectMethodHandle$Holder.invokeVirtual(java.lang.Object, java.lang.Object, java.lang.Object, java.lang.Object, java.lang.Object, java.lang.Object, java.lang.Object, java.lang.Object)'> (0x000000008c8674f8) 
thrown [s\src\hotspot\share\interpreter\linkResolver.cpp, line 773]
Event: 1.662 Thread 0x000002d8282b9590 Exception <a 'java/lang/NoSuchMethodError'{0x000000008c7969c0}: 'java.lang.Object java.lang.invoke.DirectMethodHandle$Holder.invokeVirtual(java.lang.Object, java.lang.Object, java.lang.Object, java.lang.Object, java.lang.Object, java.lang.Object, java.lang.Object, java.lang.Object, java.lang.Object, java.lang.Object)'> (0x000000008c7969c0) 
thrown [s\src\hotspot\share\interpreter\linkResolver.cpp, line 773]

ZGC Phase Switch (0 events):
No events

VM Operations (20 events):
Event: 1.067 Executing non-safepoint VM operation: HandshakeAllThreads (Deoptimize)
Event: 1.067 Executing non-safepoint VM operation: HandshakeAllThreads (Deoptimize) done
Event: 1.088 Executing non-safepoint VM operation: HandshakeAllThreads (Deoptimize)
Event: 1.088 Executing non-safepoint VM operation: HandshakeAllThreads (Deoptimize) done
Event: 1.129 Executing non-safepoint VM operation: HandshakeAllThreads (Deoptimize)
Event: 1.129 Executing non-safepoint VM operation: HandshakeAllThreads (Deoptimize) done
Event: 1.139 Executing non-safepoint VM operation: HandshakeAllThreads (Deoptimize)
Event: 1.139 Executing non-safepoint VM operation: HandshakeAllThreads (Deoptimize) done
Event: 1.160 Executing non-safepoint VM operation: HandshakeAllThreads (Deoptimize)
Event: 1.160 Executing non-safepoint VM operation: HandshakeAllThreads (Deoptimize) done
Event: 1.184 Executing non-safepoint VM operation: HandshakeAllThreads (Deoptimize)
Event: 1.184 Executing non-safepoint VM operation: HandshakeAllThreads (Deoptimize) done
Event: 1.257 Executing non-safepoint VM operation: HandshakeAllThreads (Deoptimize)
Event: 1.257 Executing non-safepoint VM operation: HandshakeAllThreads (Deoptimize) done
Event: 1.279 Executing safepoint VM operation: ICBufferFull
Event: 1.279 Executing safepoint VM operation: ICBufferFull done
Event: 1.589 Executing non-safepoint VM operation: HandshakeAllThreads (Deoptimize)
Event: 1.589 Executing non-safepoint VM operation: HandshakeAllThreads (Deoptimize) done
Event: 1.659 Executing safepoint VM operation: ICBufferFull
Event: 1.660 Executing safepoint VM operation: ICBufferFull done

Memory protections (0 events):
No events

Nmethod flushes (0 events):
No events

Events (20 events):
Event: 0.062 Thread 0x000002d87ed65800 Thread added: 0x000002d8285d0860
Event: 0.077 Thread 0x000002d87ed65800 Thread added: 0x000002d8285358a0
Event: 0.124 Thread 0x000002d82829f690 Thread added: 0x000002d8286013b0
Event: 0.251 Thread 0x000002d8286013b0 Thread added: 0x000002d8286ba0a0
Event: 0.361 Thread 0x000002d8282c02f0 Thread added: 0x000002d86e183540
Event: 0.487 Thread 0x000002d8282c02f0 Thread added: 0x000002d828a02270
Event: 0.807 Thread 0x000002d8286ba0a0 Thread exited: 0x000002d8286ba0a0
Event: 1.067 Thread 0x000002d87ed65800 Thread added: 0x000002d86f0f7070
Event: 1.198 Thread 0x000002d87ed65800 Thread added: 0x000002d86e70e3f0
Event: 1.241 Thread 0x000002d87ed65800 Thread added: 0x000002d86f2423b0
Event: 1.291 Thread 0x000002d86e70e3f0 Thread added: 0x000002d86f218860
Event: 1.293 Thread 0x000002d86f218860 Thread added: 0x000002d86f218ed0
Event: 1.323 Thread 0x000002d86f218860 Thread added: 0x000002d86f1dbc80
Event: 1.327 Thread 0x000002d86f218860 Thread added: 0x000002d8282b9590
Event: 1.334 Thread 0x000002d8282b9590 Thread added: 0x000002d8282b81e0
Event: 1.336 Thread 0x000002d8282b9590 Thread added: 0x000002d8282ba940
Event: 1.339 Thread 0x000002d8282b9590 Thread added: 0x000002d8282b8870
Event: 1.589 Thread 0x000002d8282b9590 Thread added: 0x000002d8282b9c20
Event: 1.605 Thread 0x000002d8282b9590 Thread added: 0x000002d8282ba2b0
Event: 1.652 Thread 0x000002d8282b9590 Thread added: 0x000002d8282b8f00


Dynamic libraries:
0x00007ff6c6780000 - 0x00007ff6c678e000 	C:\Users\berro\.vscode\extensions\redhat.java-1.55.0-win32-x64\jre\21.0.11-win32-x86_64\bin\java.exe
0x00007ffd18260000 - 0x00007ffd184c6000 	C:\WINDOWS\SYSTEM32\ntdll.dll
0x00007ffd16a20000 - 0x00007ffd16ae9000 	C:\WINDOWS\System32\KERNEL32.DLL
0x00007ffd15b80000 - 0x00007ffd15f7e000 	C:\WINDOWS\System32\KERNELBASE.dll
0x00007ffd11fe0000 - 0x00007ffd12080000 	C:\WINDOWS\SYSTEM32\apphelp.dll
0x00007ffd15690000 - 0x00007ffd157dc000 	C:\WINDOWS\System32\ucrtbase.dll
0x00007ffcd9180000 - 0x00007ffcd919e000 	C:\Users\berro\.vscode\extensions\redhat.java-1.55.0-win32-x64\jre\21.0.11-win32-x86_64\bin\VCRUNTIME140.dll
0x00007ffcd97d0000 - 0x00007ffcd97e8000 	C:\Users\berro\.vscode\extensions\redhat.java-1.55.0-win32-x64\jre\21.0.11-win32-x86_64\bin\jli.dll
0x00007ffd17030000 - 0x00007ffd171f7000 	C:\WINDOWS\System32\USER32.dll
0x00007ffd15960000 - 0x00007ffd15987000 	C:\WINDOWS\System32\win32u.dll
0x00007ffd161c0000 - 0x00007ffd161eb000 	C:\WINDOWS\System32\GDI32.dll
0x00007ffce74d0000 - 0x00007ffce7762000 	C:\WINDOWS\WinSxS\amd64_microsoft.windows.common-controls_6595b64144ccf1df_6.0.26100.8875_none_3e0d5d42e32fe9dd\COMCTL32.dll
0x00007ffd161f0000 - 0x00007ffd16299000 	C:\WINDOWS\System32\msvcrt.dll
0x00007ffd15a50000 - 0x00007ffd15b7a000 	C:\WINDOWS\System32\gdi32full.dll
0x00007ffd158b0000 - 0x00007ffd15953000 	C:\WINDOWS\System32\msvcp_win.dll
0x00007ffd17d00000 - 0x00007ffd17d32000 	C:\WINDOWS\System32\IMM32.DLL
0x00007ffcdfa10000 - 0x00007ffcdfa1c000 	C:\Users\berro\.vscode\extensions\redhat.java-1.55.0-win32-x64\jre\21.0.11-win32-x86_64\bin\vcruntime140_1.dll
0x00007ffc98f70000 - 0x00007ffc98ffd000 	C:\Users\berro\.vscode\extensions\redhat.java-1.55.0-win32-x64\jre\21.0.11-win32-x86_64\bin\msvcp140.dll
0x00007ffc58f90000 - 0x00007ffc59d32000 	C:\Users\berro\.vscode\extensions\redhat.java-1.55.0-win32-x64\jre\21.0.11-win32-x86_64\bin\server\jvm.dll
0x00007ffd16680000 - 0x00007ffd16737000 	C:\WINDOWS\System32\ADVAPI32.dll
0x00007ffd16f80000 - 0x00007ffd1702a000 	C:\WINDOWS\System32\sechost.dll
0x00007ffd16320000 - 0x00007ffd16438000 	C:\WINDOWS\System32\RPCRT4.dll
0x00007ffd17d40000 - 0x00007ffd17dc0000 	C:\WINDOWS\System32\WS2_32.dll
0x00007ffd0d8e0000 - 0x00007ffd0d8eb000 	C:\WINDOWS\SYSTEM32\VERSION.dll
0x00007ffd09ed0000 - 0x00007ffd09f06000 	C:\WINDOWS\SYSTEM32\WINMM.dll
0x00007ffd152e0000 - 0x00007ffd1533e000 	C:\WINDOWS\SYSTEM32\POWRPROF.dll
0x00007ffd152c0000 - 0x00007ffd152d4000 	C:\WINDOWS\SYSTEM32\UMPDC.dll
0x00007ffd14120000 - 0x00007ffd1413b000 	C:\WINDOWS\SYSTEM32\kernel.appcore.dll
0x00007ffcdd890000 - 0x00007ffcdd89a000 	C:\Users\berro\.vscode\extensions\redhat.java-1.55.0-win32-x64\jre\21.0.11-win32-x86_64\bin\jimage.dll
0x00007ffd12670000 - 0x00007ffd128b2000 	C:\WINDOWS\SYSTEM32\DBGHELP.DLL
0x00007ffd17dd0000 - 0x00007ffd18153000 	C:\WINDOWS\System32\combase.dll
0x00007ffd16740000 - 0x00007ffd16819000 	C:\WINDOWS\System32\OLEAUT32.dll
0x00007ffcfb6d0000 - 0x00007ffcfb70b000 	C:\WINDOWS\SYSTEM32\dbgcore.DLL
0x00007ffd15990000 - 0x00007ffd15a3c000 	C:\WINDOWS\System32\bcryptPrimitives.dll
0x00007ffcd1920000 - 0x00007ffcd192f000 	C:\Users\berro\.vscode\extensions\redhat.java-1.55.0-win32-x64\jre\21.0.11-win32-x86_64\bin\instrument.dll
0x00007ffcd1070000 - 0x00007ffcd1090000 	C:\Users\berro\.vscode\extensions\redhat.java-1.55.0-win32-x64\jre\21.0.11-win32-x86_64\bin\java.dll
0x00007ffd172c0000 - 0x00007ffd17a52000 	C:\WINDOWS\System32\SHELL32.dll
0x00007ffd12f00000 - 0x00007ffd13792000 	C:\WINDOWS\SYSTEM32\windows.storage.dll
0x00007ffd17b60000 - 0x00007ffd17c57000 	C:\WINDOWS\System32\SHCORE.dll
0x00007ffd16450000 - 0x00007ffd164b7000 	C:\WINDOWS\System32\shlwapi.dll
0x00007ffd153a0000 - 0x00007ffd153c9000 	C:\WINDOWS\SYSTEM32\profapi.dll
0x00007ffcd0f20000 - 0x00007ffcd0f38000 	C:\Users\berro\.vscode\extensions\redhat.java-1.55.0-win32-x64\jre\21.0.11-win32-x86_64\bin\zip.dll
0x00007ffcd9350000 - 0x00007ffcd9360000 	C:\Users\berro\.vscode\extensions\redhat.java-1.55.0-win32-x64\jre\21.0.11-win32-x86_64\bin\net.dll
0x00007ffd0cb20000 - 0x00007ffd0cc47000 	C:\WINDOWS\SYSTEM32\WINHTTP.dll
0x00007ffd146b0000 - 0x00007ffd1471c000 	C:\WINDOWS\system32\mswsock.dll
0x00007ffccf840000 - 0x00007ffccf856000 	C:\Users\berro\.vscode\extensions\redhat.java-1.55.0-win32-x64\jre\21.0.11-win32-x86_64\bin\nio.dll
0x00007ffcdc4f0000 - 0x00007ffcdc500000 	C:\Users\berro\.vscode\extensions\redhat.java-1.55.0-win32-x64\jre\21.0.11-win32-x86_64\bin\verify.dll
0x00007ffcd1b10000 - 0x00007ffcd1b37000 	C:\Users\berro\.gradle\native\1def1411415f61bf3af743bc5b6707747c0891f09f0c88961ee8f79bc544acac\windows-amd64\native-platform.dll
0x00007ffc8cb10000 - 0x00007ffc8cb87000 	C:\Users\berro\.gradle\native\0.2.8\x86_64-windows-gnu\gradle-fileevents.dll
0x00007ffcd91c0000 - 0x00007ffcd91ca000 	C:\Users\berro\.vscode\extensions\redhat.java-1.55.0-win32-x64\jre\21.0.11-win32-x86_64\bin\management.dll
0x00007ffcd9170000 - 0x00007ffcd917c000 	C:\Users\berro\.vscode\extensions\redhat.java-1.55.0-win32-x64\jre\21.0.11-win32-x86_64\bin\management_ext.dll
0x00007ffd16440000 - 0x00007ffd16448000 	C:\WINDOWS\System32\PSAPI.DLL
0x00007ffd13ad0000 - 0x00007ffd13b03000 	C:\WINDOWS\SYSTEM32\IPHLPAPI.DLL
0x00007ffd17c60000 - 0x00007ffd17c6a000 	C:\WINDOWS\System32\NSI.dll
0x00007ffcd0fe0000 - 0x00007ffcd0fe9000 	C:\Users\berro\.vscode\extensions\redhat.java-1.55.0-win32-x64\jre\21.0.11-win32-x86_64\bin\extnet.dll
0x00007ffd14ae0000 - 0x00007ffd14afb000 	C:\WINDOWS\SYSTEM32\CRYPTSP.dll
0x00007ffd14080000 - 0x00007ffd140b9000 	C:\WINDOWS\system32\rsaenh.dll
0x00007ffd14770000 - 0x00007ffd147a2000 	C:\WINDOWS\SYSTEM32\USERENV.dll
0x00007ffd15370000 - 0x00007ffd1539a000 	C:\WINDOWS\SYSTEM32\bcrypt.dll
0x00007ffd14920000 - 0x00007ffd1492c000 	C:\WINDOWS\SYSTEM32\CRYPTBASE.dll
0x00007ffcce300000 - 0x00007ffcce30e000 	C:\Users\berro\.vscode\extensions\redhat.java-1.55.0-win32-x64\jre\21.0.11-win32-x86_64\bin\sunmscapi.dll
0x00007ffd15480000 - 0x00007ffd155f8000 	C:\WINDOWS\System32\CRYPT32.dll
0x00007ffd14c50000 - 0x00007ffd14c80000 	C:\WINDOWS\SYSTEM32\ncrypt.dll
0x00007ffd14c00000 - 0x00007ffd14c3f000 	C:\WINDOWS\SYSTEM32\NTASN1.dll
0x00007ffcb7620000 - 0x00007ffcb7628000 	C:\WINDOWS\system32\wshunix.dll

JVMTI agents:
C:\Users\berro\.gradle\wrapper\dists\gradle-9.1.0-all\7wzd0jkjit61aq2p43wpjgij9\gradle-9.1.0\lib\agents\gradle-instrumentation-agent-9.1.0.jar path:C:\Users\berro\.vscode\extensions\redhat.java-1.55.0-win32-x64\jre\21.0.11-win32-x86_64\bin\instrument.dll, loaded, initialized, instrumentlib options:none

dbghelp: loaded successfully - version: 4.0.5 - missing functions: none
symbol engine: initialized successfully - sym options: 0x614 - pdb path: .;C:\Users\berro\.vscode\extensions\redhat.java-1.55.0-win32-x64\jre\21.0.11-win32-x86_64\bin;C:\WINDOWS\SYSTEM32;C:\WINDOWS\WinSxS\amd64_microsoft.windows.common-controls_6595b64144ccf1df_6.0.26100.8875_none_3e0d5d42e32fe9dd;C:\Users\berro\.vscode\extensions\redhat.java-1.55.0-win32-x64\jre\21.0.11-win32-x86_64\bin\server;C:\Users\berro\.gradle\native\1def1411415f61bf3af743bc5b6707747c0891f09f0c88961ee8f79bc544acac\windows-amd64;C:\Users\berro\.gradle\native\0.2.8\x86_64-windows-gnu

VM Arguments:
jvm_args: --add-opens=java.base/java.lang=ALL-UNNAMED --add-opens=java.base/java.lang.invoke=ALL-UNNAMED --add-opens=java.base/java.util=ALL-UNNAMED --add-opens=java.prefs/java.util.prefs=ALL-UNNAMED --add-exports=jdk.compiler/com.sun.tools.javac.api=ALL-UNNAMED --add-exports=jdk.compiler/com.sun.tools.javac.util=ALL-UNNAMED --add-opens=java.base/java.util=ALL-UNNAMED --add-opens=java.prefs/java.util.prefs=ALL-UNNAMED --add-opens=java.base/java.nio.charset=ALL-UNNAMED --add-opens=java.base/java.net=ALL-UNNAMED --add-opens=java.base/java.util.concurrent=ALL-UNNAMED --add-opens=java.base/java.util.concurrent.atomic=ALL-UNNAMED --add-opens=java.xml/javax.xml.namespace=ALL-UNNAMED --add-opens=java.base/java.time=ALL-UNNAMED -XX:MaxMetaspaceSize=4G -XX:ReservedCodeCacheSize=512m -XX:+HeapDumpOnOutOfMemoryError -Xmx2G -Dfile.encoding=UTF-8 -Duser.country=FR -Duser.language=fr -Duser.variant -javaagent:C:\Users\berro\.gradle\wrapper\dists\gradle-9.1.0-all\7wzd0jkjit61aq2p43wpjgij9\gradle-9.1.0\lib\agents\gradle-instrumentation-agent-9.1.0.jar 
java_command: org.gradle.launcher.daemon.bootstrap.GradleDaemon 9.1.0
java_class_path (initial): C:\Users\berro\.gradle\wrapper\dists\gradle-9.1.0-all\7wzd0jkjit61aq2p43wpjgij9\gradle-9.1.0\lib\gradle-daemon-main-9.1.0.jar
Launcher Type: SUN_STANDARD

[Global flags]
     intx CICompilerCount                          = 12                                        {product} {ergonomic}
     uint ConcGCThreads                            = 3                                         {product} {ergonomic}
     uint G1ConcRefinementThreads                  = 13                                        {product} {ergonomic}
   size_t G1HeapRegionSize                         = 1048576                                   {product} {ergonomic}
    uintx GCDrainStackTargetSize                   = 64                                        {product} {ergonomic}
     bool HeapDumpOnOutOfMemoryError               = true                                   {manageable} {command line}
   size_t InitialHeapSize                          = 262144000                                 {product} {ergonomic}
   size_t MarkStackSize                            = 4194304                                   {product} {ergonomic}
   size_t MaxHeapSize                              = 2147483648                                {product} {command line}
   size_t MaxMetaspaceSize                         = 4294967296                                {product} {command line}
   size_t MaxNewSize                               = 1287651328                                {product} {ergonomic}
   size_t MinHeapDeltaBytes                        = 1048576                                   {product} {ergonomic}
   size_t MinHeapSize                              = 8388608                                   {product} {ergonomic}
    uintx NonNMethodCodeHeapSize                   = 7602480                                {pd product} {ergonomic}
    uintx NonProfiledCodeHeapSize                  = 264634216                              {pd product} {ergonomic}
    uintx ProfiledCodeHeapSize                     = 264634216                              {pd product} {ergonomic}
    uintx ReservedCodeCacheSize                    = 536870912                              {pd product} {command line}
     bool SegmentedCodeCache                       = true                                      {product} {ergonomic}
   size_t SoftMaxHeapSize                          = 2147483648                             {manageable} {ergonomic}
     bool UseCompressedOops                        = true                           {product lp64_product} {ergonomic}
     bool UseG1GC                                  = true                                      {product} {ergonomic}
     bool UseLargePagesIndividualAllocation        = false                                  {pd product} {ergonomic}

Logging:
Log output configuration:
 #0: stdout all=warning uptime,level,tags foldmultilines=false
 #1: stderr all=off uptime,level,tags foldmultilines=false

Release file:
JAVA_VERSION="21.0.11" 
MODULES="java.base java.compiler java.datatransfer java.xml java.prefs java.desktop java.instrument java.logging java.management java.security.sasl java.naming java.rmi java.management.rmi java.net.http java.scripting java.security.jgss java.transaction.xa java.sql java.sql.rowset java.xml.crypto java.se java.smartcardio jdk.accessibility jdk.internal.jvmstat jdk.attach jdk.charsets jdk.internal.opt jdk.zipfs jdk.compiler jdk.crypto.ec jdk.crypto.cryptoki jdk.crypto.mscapi jdk.dynalink jdk.internal.ed jdk.editpad jdk.hotspot.agent jdk.httpserver jdk.internal.le jdk.internal.vm.ci jdk.internal.vm.compiler jdk.internal.vm.compiler.management jdk.jartool jdk.javadoc jdk.jcmd jdk.management jdk.management.agent jdk.jconsole jdk.jdeps jdk.jdwp.agent jdk.jdi jdk.jfr jdk.jshell jdk.jsobject jdk.jstatd jdk.localedata jdk.management.jfr jdk.naming.dns jdk.naming.rmi jdk.net jdk.nio.mapmode jdk.random jdk.sctp jdk.security.auth jdk.security.jgss jdk.unsupported jdk.unsupported.desktop jdk.xml.dom" 

Environment Variables:
PATH=C:\Python314\Scripts\;C:\Python314\;C:\Program Files\Common Files\Oracle\Java\javapath;C:\WINDOWS\system32;C:\WINDOWS;C:\WINDOWS\System32\Wbem;C:\WINDOWS\System32\WindowsPowerShell\v1.0\;C:\WINDOWS\System32\OpenSSH\;C:\Program Files\Git\cmd;C:\MinGW\bin;C:\flutter;C:\Program Files\nodejs\;C:\ProgramData\chocolatey\bin;C:\Program Files\nodejs\node_modules\npm\bin;C:\Program Files\PostgreSQL\18\bin;C:\Users\berro\AppData\Local\Programs\Python\Launcher\;C:\Users\berro\AppData\Local\Microsoft\WindowsApps;C:\Users\berro\AppData\Local\Programs\Microsoft VS Code\bin;C:\flutter\bin;C:\Users\berro\AppData\Local\Kingsoft\WPS Office\12.1.0.27458\clitool;C:\Users\berro\AppData\Roaming\npm;
USERNAME=berro
OS=Windows_NT
PROCESSOR_IDENTIFIER=Intel64 Family 6 Model 183 Stepping 1, GenuineIntel
TMP=C:\Users\berro\AppData\Local\Temp
TEMP=C:\Users\berro\AppData\Local\Temp




Periodic native trim disabled

---------------  S Y S T E M  ---------------

OS:
 Windows 11 , 64 bit Build 26100 (10.0.26100.8875)
OS uptime: 5 days 1:24 hours
Hyper-V role detected

CPU: total 16 (initial active 16) (8 cores per cpu, 2 threads per core) family 6 model 183 stepping 1 microcode 0x12b, cx8, cmov, fxsr, ht, mmx, 3dnowpref, sse, sse2, sse3, ssse3, sse4.1, sse4.2, popcnt, lzcnt, tsc, tscinvbit, avx, avx2, aes, erms, clmul, bmi1, bmi2, adx, sha, fma, vzeroupper, clflush, clflushopt, clwb, hv, serialize, rdtscp, rdpid, fsrm, f16c, cet_ibt, cet_ss
Processor Information for processor 0
  Max Mhz: 2500, Current Mhz: 2500, Mhz Limit: 2500
Processor Information for processor 1
  Max Mhz: 2500, Current Mhz: 2500, Mhz Limit: 2500
Processor Information for processor 2
  Max Mhz: 2500, Current Mhz: 2500, Mhz Limit: 2500
Processor Information for processor 3
  Max Mhz: 2500, Current Mhz: 2500, Mhz Limit: 2500
Processor Information for processor 4
  Max Mhz: 2500, Current Mhz: 2500, Mhz Limit: 2500
Processor Information for processor 5
  Max Mhz: 2500, Current Mhz: 2500, Mhz Limit: 2500
Processor Information for processor 6
  Max Mhz: 2500, Current Mhz: 2500, Mhz Limit: 2500
Processor Information for processor 7
  Max Mhz: 2500, Current Mhz: 2500, Mhz Limit: 2500
Processor Information for processor 8
  Max Mhz: 2500, Current Mhz: 2500, Mhz Limit: 2500
Processor Information for processor 9
  Max Mhz: 2500, Current Mhz: 2500, Mhz Limit: 2500
Processor Information for processor 10
  Max Mhz: 2500, Current Mhz: 2500, Mhz Limit: 2500
Processor Information for processor 11
  Max Mhz: 2500, Current Mhz: 2500, Mhz Limit: 2500
Processor Information for processor 12
  Max Mhz: 2500, Current Mhz: 1800, Mhz Limit: 1800
Processor Information for processor 13
  Max Mhz: 2500, Current Mhz: 1800, Mhz Limit: 1800
Processor Information for processor 14
  Max Mhz: 2500, Current Mhz: 1800, Mhz Limit: 1800
Processor Information for processor 15
  Max Mhz: 2500, Current Mhz: 1800, Mhz Limit: 1800

Memory: 4k page, system-wide physical 15998M (418M free)
TotalPageFile size 25990M (AvailPageFile size 5M)
current process WorkingSet (physical memory assigned to process): 174M, peak: 174M
current process commit charge ("private bytes"): 404M, peak: 404M

vm_info: OpenJDK 64-Bit Server VM (21.0.11+10-LTS) for windows-amd64 JRE (21.0.11+10-LTS), built on 2026-04-21T00:00:00Z by "admin" with MS VC++ 17.12 (VS2022)

END.
