#
# There is insufficient memory for the Java Runtime Environment to continue.
# Native memory allocation (malloc) failed to allocate 1908656 bytes for Chunk::new
# Possible reasons:
#   The system is out of physical RAM or swap space
#   The process is running with CompressedOops enabled, and the Java Heap may be blocking the growth of the native heap
# Possible solutions:
#   Reduce memory load on the system
#   Increase physical memory or swap space
#   Check if swap backing store is full
#   Decrease Java heap size (-Xmx/-Xms)
#   Decrease number of Java threads
#   Decrease Java thread stack sizes (-Xss)
#   Set larger code cache with -XX:ReservedCodeCacheSize=
#   JVM is running with Unscaled Compressed Oops mode in which the Java heap is
#     placed in the first 4GB address space. The Java Heap base address is the
#     maximum limit for the native heap growth. Please use -XX:HeapBaseMinAddress
#     to set the Java Heap base and to place the Java Heap above 4GB virtual address.
# This output file may be truncated or incomplete.
#
#  Out of Memory Error (arena.cpp:168), pid=28500, tid=19036
#
# JRE version: Java(TM) SE Runtime Environment (21.0.11+9) (build 21.0.11+9-LTS-211)
# Java VM: Java HotSpot(TM) 64-Bit Server VM (21.0.11+9-LTS-211, mixed mode, sharing, tiered, compressed oops, compressed class ptrs, g1 gc, windows-amd64)
# No core dump will be written. Minidumps are not enabled by default on client versions of Windows
#

---------------  S U M M A R Y ------------

Command Line: --add-opens=java.base/java.lang=ALL-UNNAMED --add-opens=java.base/java.lang.invoke=ALL-UNNAMED --add-opens=java.base/java.util=ALL-UNNAMED --add-opens=java.prefs/java.util.prefs=ALL-UNNAMED --add-exports=jdk.compiler/com.sun.tools.javac.api=ALL-UNNAMED --add-exports=jdk.compiler/com.sun.tools.javac.util=ALL-UNNAMED --add-opens=java.base/java.util=ALL-UNNAMED --add-opens=java.prefs/java.util.prefs=ALL-UNNAMED --add-opens=java.base/java.nio.charset=ALL-UNNAMED --add-opens=java.base/java.net=ALL-UNNAMED --add-opens=java.base/java.util.concurrent.atomic=ALL-UNNAMED --add-opens=java.xml/javax.xml.namespace=ALL-UNNAMED -XX:MaxMetaspaceSize=512m -XX:ReservedCodeCacheSize=256m -XX:+HeapDumpOnOutOfMemoryError -Xss1m -Xmx2048m -Dfile.encoding=UTF-8 -Duser.country=FR -Duser.language=fr -Duser.variant -javaagent:C:\Users\berro\.gradle\wrapper\dists\gradle-8.14-all\c2qonpi39x1mddn7hk5gh9iqj\gradle-8.14\lib\agents\gradle-instrumentation-agent-8.14.jar org.gradle.launcher.daemon.bootstrap.GradleDaemon 8.14

Host: 13th Gen Intel(R) Core(TM) i5-13400, 16 cores, 15G,  Windows 11 , 64 bit Build 26100 (10.0.26100.9168)
Time: Mon Aug 24 15:10:02 2026 Afr. centrale Ouest elapsed time: 39.894923 seconds (0d 0h 0m 39s)

---------------  T H R E A D  ---------------

Current thread (0x00000213ff94d3d0):  JavaThread "C2 CompilerThread0" daemon [_thread_in_native, id=19036, stack(0x00000066e7200000,0x00000066e7300000) (1024K)]


Current CompileTask:
C2:  39895 13880   !   4       org.gradle.internal.classloader.VisitableURLClassLoader$InstrumentingVisitableURLClassLoader::findClass (36 bytes)

Stack: [0x00000066e7200000,0x00000066e7300000]
Native frames: (J=compiled Java code, j=interpreted, Vv=VM code, C=native code)
V  [jvm.dll+0x6d0ef9]
V  [jvm.dll+0x860126]
V  [jvm.dll+0x86261e]
V  [jvm.dll+0x862cf3]
V  [jvm.dll+0x282bc6]
V  [jvm.dll+0xc67ad]
V  [jvm.dll+0xc6cf1]
V  [jvm.dll+0x3bbe71]
V  [jvm.dll+0x388322]
V  [jvm.dll+0x38776a]
V  [jvm.dll+0x24b520]
V  [jvm.dll+0x24aaff]
V  [jvm.dll+0x1cae7e]
V  [jvm.dll+0x25a7d9]
V  [jvm.dll+0x258d65]
V  [jvm.dll+0x3f50d1]
V  [jvm.dll+0x80ac0d]
V  [jvm.dll+0x6cf79d]
C  [ucrtbase.dll+0x2cd30]
C  [KERNEL32.DLL+0x2ccb7]
C  [ntdll.dll+0xaad6c]


---------------  P R O C E S S  ---------------

Threads class SMR info:
_java_thread_list=0x00000213b4a31c50, length=55, elements={
0x00000213f1109fc0, 0x00000213ff93e530, 0x00000213ff9410a0, 0x00000213ff943b10,
0x00000213ff9447d0, 0x00000213ff949100, 0x00000213ff947f90, 0x00000213ff94d3d0,
0x00000213ff94da80, 0x00000213ffd1ca80, 0x00000213ffc40f50, 0x00000213b20532a0,
0x00000213b2af7030, 0x00000213b2901c50, 0x00000213b2aaf3b0, 0x00000213b28fd4e0,
0x00000213b28ec660, 0x00000213b28eb2b0, 0x00000213b28eccf0, 0x00000213b28ea590,
0x00000213b28ebfd0, 0x00000213b28eb940, 0x00000213b28e9870, 0x00000213b28e9f00,
0x00000213b34a4030, 0x00000213b34a25f0, 0x00000213b34a3310, 0x00000213b34a1f60,
0x00000213b34a2c80, 0x00000213b34a39a0, 0x00000213b34a1240, 0x00000213b34a4d50,
0x00000213b34a53e0, 0x00000213b34a8860, 0x00000213b34a6e20, 0x00000213b34a6100,
0x00000213b34a74b0, 0x00000213b3e7e250, 0x00000213b3e7d530, 0x00000213b3e7b460,
0x00000213b3e7c180, 0x00000213b3e81d60, 0x00000213b3e7ef70, 0x00000213b3e82a80,
0x00000213b3e823f0, 0x00000213b3e809b0, 0x00000213b41da7d0, 0x00000213b41dc8a0,
0x00000213b41dae60, 0x00000213b41dbb80, 0x00000213b41e03b0, 0x00000213b41e10d0,
0x00000213b6cfc200, 0x00000213b6cfad90, 0x00000213b6cfa6c0
}

Java Threads: ( => current thread )
  0x00000213f1109fc0 JavaThread "main"                              [_thread_blocked, id=23828, stack(0x00000066e6400000,0x00000066e6500000) (1024K)]
  0x00000213ff93e530 JavaThread "Reference Handler"          daemon [_thread_blocked, id=26892, stack(0x00000066e6c00000,0x00000066e6d00000) (1024K)]
  0x00000213ff9410a0 JavaThread "Finalizer"                  daemon [_thread_blocked, id=10004, stack(0x00000066e6d00000,0x00000066e6e00000) (1024K)]
  0x00000213ff943b10 JavaThread "Signal Dispatcher"          daemon [_thread_blocked, id=19012, stack(0x00000066e6e00000,0x00000066e6f00000) (1024K)]
  0x00000213ff9447d0 JavaThread "Attach Listener"            daemon [_thread_blocked, id=14244, stack(0x00000066e6f00000,0x00000066e7000000) (1024K)]
  0x00000213ff949100 JavaThread "Service Thread"             daemon [_thread_blocked, id=26328, stack(0x00000066e7000000,0x00000066e7100000) (1024K)]
  0x00000213ff947f90 JavaThread "Monitor Deflation Thread"   daemon [_thread_blocked, id=25644, stack(0x00000066e7100000,0x00000066e7200000) (1024K)]
=>0x00000213ff94d3d0 JavaThread "C2 CompilerThread0"         daemon [_thread_in_native, id=19036, stack(0x00000066e7200000,0x00000066e7300000) (1024K)]
  0x00000213ff94da80 JavaThread "C1 CompilerThread0"         daemon [_thread_blocked, id=26080, stack(0x00000066e7300000,0x00000066e7400000) (1024K)]
  0x00000213ffd1ca80 JavaThread "Common-Cleaner"             daemon [_thread_blocked, id=18704, stack(0x00000066e7500000,0x00000066e7600000) (1024K)]
  0x00000213ffc40f50 JavaThread "Notification Thread"        daemon [_thread_blocked, id=25476, stack(0x00000066e7600000,0x00000066e7700000) (1024K)]
  0x00000213b20532a0 JavaThread "Daemon health stats"               [_thread_blocked, id=16580, stack(0x00000066e7d00000,0x00000066e7e00000) (1024K)]
  0x00000213b2af7030 JavaThread "Incoming local TCP Connector on port 62365"        [_thread_in_native, id=15532, stack(0x00000066e7e00000,0x00000066e7f00000) (1024K)]
  0x00000213b2901c50 JavaThread "Daemon periodic checks"            [_thread_blocked, id=17812, stack(0x00000066e7f00000,0x00000066e8000000) (1024K)]
  0x00000213b2aaf3b0 JavaThread "Daemon"                            [_thread_blocked, id=15704, stack(0x00000066e8000000,0x00000066e8100000) (1024K)]
  0x00000213b28fd4e0 JavaThread "Handler for socket connection from /127.0.0.1:62365 to /127.0.0.1:62366"        [_thread_in_native, id=26348, stack(0x00000066e8100000,0x00000066e8200000) (1024K)]
  0x00000213b28ec660 JavaThread "Cancel handler"                    [_thread_blocked, id=27204, stack(0x00000066e8200000,0x00000066e8300000) (1024K)]
  0x00000213b28eb2b0 JavaThread "Daemon worker"                     [_thread_in_native, id=7416, stack(0x00000066e8300000,0x00000066e8400000) (1024K)]
  0x00000213b28eccf0 JavaThread "Asynchronous log dispatcher for DefaultDaemonConnection: socket connection from /127.0.0.1:62365 to /127.0.0.1:62366"        [_thread_blocked, id=488, stack(0x00000066e8400000,0x00000066e8500000) (1024K)]
  0x00000213b28ea590 JavaThread "Stdin handler"                     [_thread_blocked, id=11228, stack(0x00000066e8500000,0x00000066e8600000) (1024K)]
  0x00000213b28ebfd0 JavaThread "Daemon client event forwarder"        [_thread_blocked, id=5976, stack(0x00000066e8600000,0x00000066e8700000) (1024K)]
  0x00000213b28eb940 JavaThread "Cache worker for journal cache (C:\Users\berro\.gradle\caches\journal-1)"        [_thread_blocked, id=23520, stack(0x00000066e8700000,0x00000066e8800000) (1024K)]
  0x00000213b28e9870 JavaThread "File lock request listener"        [_thread_in_native, id=16284, stack(0x00000066e8800000,0x00000066e8900000) (1024K)]
  0x00000213b28e9f00 JavaThread "Cache worker for file hash cache (C:\Users\berro\.gradle\caches\8.14\fileHashes)"        [_thread_blocked, id=7692, stack(0x00000066e8900000,0x00000066e8a00000) (1024K)]
  0x00000213b34a4030 JavaThread "Cache worker for file hash cache (C:\Users\berro\Desktop\SmartLab\smartlaboratory\android\.gradle\8.14\fileHashes)"        [_thread_blocked, id=27892, stack(0x00000066e9300000,0x00000066e9400000) (1024K)]
  0x00000213b34a25f0 JavaThread "Cache worker for Build Output Cleanup Cache (C:\Users\berro\Desktop\SmartLab\smartlaboratory\android\.gradle\buildOutputCleanup)"        [_thread_blocked, id=18852, stack(0x00000066e9400000,0x00000066e9500000) (1024K)]
  0x00000213b34a3310 JavaThread "File watcher server"        daemon [_thread_in_native, id=8628, stack(0x00000066e9500000,0x00000066e9600000) (1024K)]
  0x00000213b34a1f60 JavaThread "File watcher consumer"      daemon [_thread_blocked, id=17096, stack(0x00000066e9600000,0x00000066e9700000) (1024K)]
  0x00000213b34a2c80 JavaThread "jar transforms"                    [_thread_blocked, id=13996, stack(0x00000066e9700000,0x00000066e9800000) (1024K)]
  0x00000213b34a39a0 JavaThread "jar transforms Thread 2"           [_thread_blocked, id=17380, stack(0x00000066e9800000,0x00000066e9900000) (1024K)]
  0x00000213b34a1240 JavaThread "Cache worker for checksums cache (C:\Users\berro\Desktop\SmartLab\smartlaboratory\android\.gradle\8.14\checksums)"        [_thread_blocked, id=13260, stack(0x00000066e9c00000,0x00000066e9d00000) (1024K)]
  0x00000213b34a4d50 JavaThread "Cache worker for file content cache (C:\Users\berro\.gradle\caches\8.14\fileContent)"        [_thread_blocked, id=13952, stack(0x00000066e9d00000,0x00000066e9e00000) (1024K)]
  0x00000213b34a53e0 JavaThread "Cache worker for cache directory md-supplier (C:\Users\berro\.gradle\caches\8.14\md-supplier)"        [_thread_blocked, id=27424, stack(0x00000066e9e00000,0x00000066e9f00000) (1024K)]
  0x00000213b34a8860 JavaThread "Cache worker for cache directory md-rule (C:\Users\berro\.gradle\caches\8.14\md-rule)"        [_thread_blocked, id=24508, stack(0x00000066e9a00000,0x00000066e9b00000) (1024K)]
  0x00000213b34a6e20 JavaThread "File lock release action executor"        [_thread_blocked, id=10828, stack(0x00000066e9f00000,0x00000066ea000000) (1024K)]
  0x00000213b34a6100 JavaThread "Cache worker for Build Output Cleanup Cache (C:\flutter\packages\flutter_tools\gradle\.gradle\buildOutputCleanup)"        [_thread_blocked, id=25264, stack(0x00000066ea000000,0x00000066ea100000) (1024K)]
  0x00000213b34a74b0 JavaThread "Unconstrained build operations"        [_thread_blocked, id=21152, stack(0x00000066ea100000,0x00000066ea200000) (1024K)]
  0x00000213b3e7e250 JavaThread "Unconstrained build operations Thread 2"        [_thread_blocked, id=4696, stack(0x00000066ea200000,0x00000066ea300000) (1024K)]
  0x00000213b3e7d530 JavaThread "Unconstrained build operations Thread 3"        [_thread_blocked, id=2052, stack(0x00000066ea300000,0x00000066ea400000) (1024K)]
  0x00000213b3e7b460 JavaThread "Memory manager"                    [_thread_blocked, id=20292, stack(0x00000066ea400000,0x00000066ea500000) (1024K)]
  0x00000213b3e7c180 JavaThread "build event listener"              [_thread_blocked, id=10352, stack(0x00000066ea500000,0x00000066ea600000) (1024K)]
  0x00000213b3e81d60 JavaThread "included builds"                   [_thread_blocked, id=26076, stack(0x00000066e7400000,0x00000066e7500000) (1024K)]
  0x00000213b3e7ef70 JavaThread "Cache worker for execution history cache (C:\flutter\packages\flutter_tools\gradle\.gradle\8.14\executionHistory)"        [_thread_blocked, id=24728, stack(0x00000066e7c00000,0x00000066e7d00000) (1024K)]
  0x00000213b3e82a80 JavaThread "Unconstrained build operations Thread 4"        [_thread_blocked, id=26684, stack(0x00000066e9b00000,0x00000066e9c00000) (1024K)]
  0x00000213b3e823f0 JavaThread "Unconstrained build operations Thread 5"        [_thread_blocked, id=25820, stack(0x00000066ea700000,0x00000066ea800000) (1024K)]
  0x00000213b3e809b0 JavaThread "Unconstrained build operations Thread 6"        [_thread_blocked, id=26576, stack(0x00000066ea800000,0x00000066ea900000) (1024K)]
  0x00000213b41da7d0 JavaThread "Unconstrained build operations Thread 7"        [_thread_blocked, id=15712, stack(0x00000066ea900000,0x00000066eaa00000) (1024K)]
  0x00000213b41dc8a0 JavaThread "Unconstrained build operations Thread 8"        [_thread_blocked, id=26104, stack(0x00000066eab00000,0x00000066eac00000) (1024K)]
  0x00000213b41dae60 JavaThread "Unconstrained build operations Thread 9"        [_thread_blocked, id=3824, stack(0x00000066eac00000,0x00000066ead00000) (1024K)]
  0x00000213b41dbb80 JavaThread "Unconstrained build operations Thread 10"        [_thread_blocked, id=20400, stack(0x00000066ead00000,0x00000066eae00000) (1024K)]
  0x00000213b41e03b0 JavaThread "build event listener"              [_thread_blocked, id=1672, stack(0x00000066eaa00000,0x00000066eab00000) (1024K)]
  0x00000213b41e10d0 JavaThread "build event listener"              [_thread_blocked, id=13612, stack(0x00000066eae00000,0x00000066eaf00000) (1024K)]
  0x00000213b6cfc200 Thread "Unknown thread"                        [id=24184, stack(0x00000066e9900000,0x00000066e9a00000) (1024K)]
  0x00000213b6cfad90 Thread "Unknown thread"                        [id=20280, stack(0x00000066ea600000,0x00000066ea700000) (1024K)]
  0x00000213b6cfa6c0 JavaThread "C2 CompilerThread1"         daemon [_thread_in_native, id=10636, stack(0x00000066eb000000,0x00000066eb100000) (1024K)]
Total: 55

Other Threads:
  0x00000213ff920660 VMThread "VM Thread"                           [id=28612, stack(0x00000066e6b00000,0x00000066e6c00000) (1024K)]
  0x00000213ff9d19e0 WatcherThread "VM Periodic Task Thread"        [id=4232, stack(0x00000066e6a00000,0x00000066e6b00000) (1024K)]
  0x00000213f14770c0 WorkerThread "GC Thread#0"                     [id=25748, stack(0x00000066e6500000,0x00000066e6600000) (1024K)]
  0x00000213b1039130 WorkerThread "GC Thread#1"                     [id=164, stack(0x00000066e7700000,0x00000066e7800000) (1024K)]
  0x00000213ffd4e510 WorkerThread "GC Thread#2"                     [id=10460, stack(0x00000066e7800000,0x00000066e7900000) (1024K)]
  0x00000213ffd4e8c0 WorkerThread "GC Thread#3"                     [id=15560, stack(0x00000066e7900000,0x00000066e7a00000) (1024K)]
  0x00000213b1039a70 WorkerThread "GC Thread#4"                     [id=6032, stack(0x00000066e7a00000,0x00000066e7b00000) (1024K)]
  0x00000213b1039e20 WorkerThread "GC Thread#5"                     [id=2888, stack(0x00000066e7b00000,0x00000066e7c00000) (1024K)]
  0x00000213b47ef3d0 WorkerThread "GC Thread#6"                     [id=29588, stack(0x00000066e8a00000,0x00000066e8b00000) (1024K)]
  0x00000213b47f0290 WorkerThread "GC Thread#7"                     [id=23724, stack(0x00000066e8b00000,0x00000066e8c00000) (1024K)]
  0x00000213b47ef780 WorkerThread "GC Thread#8"                     [id=3228, stack(0x00000066e8c00000,0x00000066e8d00000) (1024K)]
  0x00000213b47eda00 WorkerThread "GC Thread#9"                     [id=23168, stack(0x00000066e8d00000,0x00000066e8e00000) (1024K)]
  0x00000213b47eec70 WorkerThread "GC Thread#10"                    [id=25484, stack(0x00000066e8e00000,0x00000066e8f00000) (1024K)]
  0x00000213b47ecef0 WorkerThread "GC Thread#11"                    [id=18148, stack(0x00000066e8f00000,0x00000066e9000000) (1024K)]
  0x00000213b47ef020 WorkerThread "GC Thread#12"                    [id=23748, stack(0x00000066e9000000,0x00000066e9100000) (1024K)]
  0x00000213f1487fc0 ConcurrentGCThread "G1 Main Marker"            [id=22784, stack(0x00000066e6600000,0x00000066e6700000) (1024K)]
  0x00000213f1489860 WorkerThread "G1 Conc#0"                       [id=18912, stack(0x00000066e6700000,0x00000066e6800000) (1024K)]
  0x00000213b47ed2a0 WorkerThread "G1 Conc#1"                       [id=10072, stack(0x00000066e9100000,0x00000066e9200000) (1024K)]
  0x00000213b47ed650 WorkerThread "G1 Conc#2"                       [id=5316, stack(0x00000066e9200000,0x00000066e9300000) (1024K)]
  0x00000213ff839f50 ConcurrentGCThread "G1 Refine#0"               [id=26040, stack(0x00000066e6800000,0x00000066e6900000) (1024K)]
  0x00000213ff83b790 ConcurrentGCThread "G1 Service"                [id=9752, stack(0x00000066e6900000,0x00000066e6a00000) (1024K)]
Total: 21

Threads with active compile tasks:
C2 CompilerThread0    39913 13880   !   4       org.gradle.internal.classloader.VisitableURLClassLoader$InstrumentingVisitableURLClassLoader::findClass (36 bytes)
C2 CompilerThread1    39914 13898       4       java.lang.invoke.DelegatingMethodHandle::makeReinvokerForm (326 bytes)
Total: 2

VM state: not at safepoint (normal execution)

VM Mutex/Monitor currently owned by a thread: None

Heap address: 0x0000000080000000, size: 2048 MB, Compressed Oops mode: 32-bit

CDS archive(s) mapped at: [0x0000021392000000-0x0000021392c90000-0x0000021392c90000), size 13172736, SharedBaseAddress: 0x0000021392000000, ArchiveRelocationMode: 1.
Compressed class space mapped at: 0x0000021393000000-0x00000213ad000000, reserved size: 436207616
Narrow klass base: 0x0000021392000000, Narrow klass shift: 0, Narrow klass range: 0x100000000

GC Precious Log:
 CardTable entry size: 512
 Card Set container configuration: InlinePtr #cards 5 size 8 Array Of Cards #cards 12 size 40 Howl #buckets 4 coarsen threshold 1843 Howl Bitmap #cards 512 size 80 coarsen threshold 460 Card regions per heap region 1 cards per card region 2048
 CPUs: 16 total, 16 available
 Memory: 15998M
 Large Page Support: Disabled
 NUMA Support: Disabled
 Compressed Oops: Enabled (32-bit)
 Heap Region Size: 1M
 Heap Min Capacity: 8M
 Heap Initial Capacity: 250M
 Heap Max Capacity: 2G
 Pre-touch: Disabled
 Parallel Workers: 13
 Concurrent Workers: 3
 Concurrent Refinement Workers: 13
 Periodic GC: Disabled

Heap:
 garbage-first heap   total 186368K, used 133654K [0x0000000080000000, 0x0000000100000000)
  region size 1024K, 29 young (29696K), 3 survivors (3072K)
 Metaspace       used 101454K, committed 103872K, reserved 557056K
  class space    used 14106K, committed 15360K, reserved 425984K

Heap Regions: E=young(eden), S=young(survivor), O=old, HS=humongous(starts), HC=humongous(continues), CS=collection set, F=free, TAMS=top-at-mark-start, PB=parsable bottom
|   0|0x0000000080000000, 0x0000000080100000, 0x0000000080100000|100%|HS|  |TAMS 0x0000000080000000| PB 0x0000000080000000| Complete 
|   1|0x0000000080100000, 0x0000000080200000, 0x0000000080200000|100%|HC|  |TAMS 0x0000000080100000| PB 0x0000000080100000| Complete 
|   2|0x0000000080200000, 0x0000000080300000, 0x0000000080300000|100%|HC|  |TAMS 0x0000000080200000| PB 0x0000000080200000| Complete 
|   3|0x0000000080300000, 0x0000000080400000, 0x0000000080400000|100%| O|  |TAMS 0x0000000080300000| PB 0x0000000080300000| Untracked 
|   4|0x0000000080400000, 0x0000000080500000, 0x0000000080500000|100%| O|  |TAMS 0x0000000080400000| PB 0x0000000080400000| Untracked 
|   5|0x0000000080500000, 0x0000000080600000, 0x0000000080600000|100%| O|  |TAMS 0x0000000080500000| PB 0x0000000080500000| Untracked 
|   6|0x0000000080600000, 0x0000000080700000, 0x0000000080700000|100%|HS|  |TAMS 0x0000000080600000| PB 0x0000000080600000| Complete 
|   7|0x0000000080700000, 0x0000000080800000, 0x0000000080800000|100%| O|  |TAMS 0x0000000080700000| PB 0x0000000080700000| Untracked 
|   8|0x0000000080800000, 0x0000000080900000, 0x0000000080900000|100%| O|  |TAMS 0x0000000080800000| PB 0x0000000080800000| Untracked 
|   9|0x0000000080900000, 0x0000000080a00000, 0x0000000080a00000|100%| O|  |TAMS 0x0000000080900000| PB 0x0000000080900000| Untracked 
|  10|0x0000000080a00000, 0x0000000080b00000, 0x0000000080b00000|100%| O|  |TAMS 0x0000000080a00000| PB 0x0000000080a00000| Untracked 
|  11|0x0000000080b00000, 0x0000000080c00000, 0x0000000080c00000|100%| O|  |TAMS 0x0000000080b00000| PB 0x0000000080b00000| Untracked 
|  12|0x0000000080c00000, 0x0000000080d00000, 0x0000000080d00000|100%| O|  |TAMS 0x0000000080c00000| PB 0x0000000080c00000| Untracked 
|  13|0x0000000080d00000, 0x0000000080e00000, 0x0000000080e00000|100%| O|  |TAMS 0x0000000080d00000| PB 0x0000000080d00000| Untracked 
|  14|0x0000000080e00000, 0x0000000080f00000, 0x0000000080f00000|100%| O|  |TAMS 0x0000000080e00000| PB 0x0000000080e00000| Untracked 
|  15|0x0000000080f00000, 0x0000000081000000, 0x0000000081000000|100%| O|  |TAMS 0x0000000080f00000| PB 0x0000000080f00000| Untracked 
|  16|0x0000000081000000, 0x0000000081100000, 0x0000000081100000|100%| O|  |TAMS 0x0000000081000000| PB 0x0000000081000000| Untracked 
|  17|0x0000000081100000, 0x0000000081200000, 0x0000000081200000|100%| O|  |TAMS 0x0000000081100000| PB 0x0000000081100000| Untracked 
|  18|0x0000000081200000, 0x0000000081300000, 0x0000000081300000|100%| O|  |TAMS 0x0000000081200000| PB 0x0000000081200000| Untracked 
|  19|0x0000000081300000, 0x0000000081400000, 0x0000000081400000|100%| O|  |TAMS 0x0000000081300000| PB 0x0000000081300000| Untracked 
|  20|0x0000000081400000, 0x0000000081500000, 0x0000000081500000|100%| O|  |TAMS 0x0000000081400000| PB 0x0000000081400000| Untracked 
|  21|0x0000000081500000, 0x0000000081600000, 0x0000000081600000|100%| O|  |TAMS 0x0000000081500000| PB 0x0000000081500000| Untracked 
|  22|0x0000000081600000, 0x0000000081700000, 0x0000000081700000|100%| O|  |TAMS 0x0000000081600000| PB 0x0000000081600000| Untracked 
|  23|0x0000000081700000, 0x0000000081800000, 0x0000000081800000|100%| O|  |TAMS 0x0000000081700000| PB 0x0000000081700000| Untracked 
|  24|0x0000000081800000, 0x0000000081900000, 0x0000000081900000|100%| O|  |TAMS 0x0000000081800000| PB 0x0000000081800000| Untracked 
|  25|0x0000000081900000, 0x0000000081a00000, 0x0000000081a00000|100%| O|  |TAMS 0x0000000081900000| PB 0x0000000081900000| Untracked 
|  26|0x0000000081a00000, 0x0000000081b00000, 0x0000000081b00000|100%| O|  |TAMS 0x0000000081a00000| PB 0x0000000081a00000| Untracked 
|  27|0x0000000081b00000, 0x0000000081c00000, 0x0000000081c00000|100%| O|  |TAMS 0x0000000081b00000| PB 0x0000000081b00000| Untracked 
|  28|0x0000000081c00000, 0x0000000081d00000, 0x0000000081d00000|100%| O|  |TAMS 0x0000000081c00000| PB 0x0000000081c00000| Untracked 
|  29|0x0000000081d00000, 0x0000000081e00000, 0x0000000081e00000|100%| O|  |TAMS 0x0000000081d00000| PB 0x0000000081d00000| Untracked 
|  30|0x0000000081e00000, 0x0000000081f00000, 0x0000000081f00000|100%| O|  |TAMS 0x0000000081e00000| PB 0x0000000081e00000| Untracked 
|  31|0x0000000081f00000, 0x0000000082000000, 0x0000000082000000|100%| O|  |TAMS 0x0000000081f00000| PB 0x0000000081f00000| Untracked 
|  32|0x0000000082000000, 0x0000000082100000, 0x0000000082100000|100%| O|  |TAMS 0x0000000082000000| PB 0x0000000082000000| Untracked 
|  33|0x0000000082100000, 0x0000000082200000, 0x0000000082200000|100%| O|  |TAMS 0x0000000082100000| PB 0x0000000082100000| Untracked 
|  34|0x0000000082200000, 0x0000000082300000, 0x0000000082300000|100%| O|  |TAMS 0x0000000082200000| PB 0x0000000082200000| Untracked 
|  35|0x0000000082300000, 0x0000000082400000, 0x0000000082400000|100%|HS|  |TAMS 0x0000000082300000| PB 0x0000000082300000| Complete 
|  36|0x0000000082400000, 0x0000000082500000, 0x0000000082500000|100%|HC|  |TAMS 0x0000000082400000| PB 0x0000000082400000| Complete 
|  37|0x0000000082500000, 0x0000000082600000, 0x0000000082600000|100%| O|  |TAMS 0x0000000082500000| PB 0x0000000082500000| Untracked 
|  38|0x0000000082600000, 0x0000000082700000, 0x0000000082700000|100%|HS|  |TAMS 0x0000000082600000| PB 0x0000000082600000| Complete 
|  39|0x0000000082700000, 0x0000000082800000, 0x0000000082800000|100%| O|  |TAMS 0x0000000082700000| PB 0x0000000082700000| Untracked 
|  40|0x0000000082800000, 0x0000000082900000, 0x0000000082900000|100%| O|  |TAMS 0x0000000082800000| PB 0x0000000082800000| Untracked 
|  41|0x0000000082900000, 0x0000000082a00000, 0x0000000082a00000|100%| O|  |TAMS 0x0000000082900000| PB 0x0000000082900000| Untracked 
|  42|0x0000000082a00000, 0x0000000082b00000, 0x0000000082b00000|100%|HS|  |TAMS 0x0000000082a00000| PB 0x0000000082a00000| Complete 
|  43|0x0000000082b00000, 0x0000000082c00000, 0x0000000082c00000|100%|HC|  |TAMS 0x0000000082b00000| PB 0x0000000082b00000| Complete 
|  44|0x0000000082c00000, 0x0000000082d00000, 0x0000000082d00000|100%| O|  |TAMS 0x0000000082c00000| PB 0x0000000082c00000| Untracked 
|  45|0x0000000082d00000, 0x0000000082e00000, 0x0000000082e00000|100%| O|  |TAMS 0x0000000082d00000| PB 0x0000000082d00000| Untracked 
|  46|0x0000000082e00000, 0x0000000082f00000, 0x0000000082f00000|100%| O|Cm|TAMS 0x0000000082e00000| PB 0x0000000082e00000| Complete 
|  47|0x0000000082f00000, 0x0000000083000000, 0x0000000083000000|100%| O|  |TAMS 0x0000000082f00000| PB 0x0000000082f00000| Untracked 
|  48|0x0000000083000000, 0x0000000083100000, 0x0000000083100000|100%| O|  |TAMS 0x0000000083000000| PB 0x0000000083000000| Untracked 
|  49|0x0000000083100000, 0x0000000083200000, 0x0000000083200000|100%| O|  |TAMS 0x0000000083100000| PB 0x0000000083100000| Untracked 
|  50|0x0000000083200000, 0x0000000083300000, 0x0000000083300000|100%| O|  |TAMS 0x0000000083200000| PB 0x0000000083200000| Untracked 
|  51|0x0000000083300000, 0x0000000083400000, 0x0000000083400000|100%| O|  |TAMS 0x0000000083300000| PB 0x0000000083300000| Untracked 
|  52|0x0000000083400000, 0x0000000083500000, 0x0000000083500000|100%| O|  |TAMS 0x0000000083400000| PB 0x0000000083400000| Untracked 
|  53|0x0000000083500000, 0x0000000083600000, 0x0000000083600000|100%| O|  |TAMS 0x0000000083500000| PB 0x0000000083500000| Untracked 
|  54|0x0000000083600000, 0x0000000083700000, 0x0000000083700000|100%| O|  |TAMS 0x0000000083600000| PB 0x0000000083600000| Untracked 
|  55|0x0000000083700000, 0x0000000083800000, 0x0000000083800000|100%| O|  |TAMS 0x0000000083700000| PB 0x0000000083700000| Untracked 
|  56|0x0000000083800000, 0x0000000083900000, 0x0000000083900000|100%| O|  |TAMS 0x0000000083800000| PB 0x0000000083800000| Untracked 
|  57|0x0000000083900000, 0x0000000083a00000, 0x0000000083a00000|100%| O|  |TAMS 0x0000000083900000| PB 0x0000000083900000| Untracked 
|  58|0x0000000083a00000, 0x0000000083b00000, 0x0000000083b00000|100%| O|  |TAMS 0x0000000083a00000| PB 0x0000000083a00000| Untracked 
|  59|0x0000000083b00000, 0x0000000083c00000, 0x0000000083c00000|100%| O|Cm|TAMS 0x0000000083b00000| PB 0x0000000083b00000| Complete 
|  60|0x0000000083c00000, 0x0000000083d00000, 0x0000000083d00000|100%| O|  |TAMS 0x0000000083c00000| PB 0x0000000083c00000| Untracked 
|  61|0x0000000083d00000, 0x0000000083e00000, 0x0000000083e00000|100%| O|Cm|TAMS 0x0000000083d00000| PB 0x0000000083d00000| Complete 
|  62|0x0000000083e00000, 0x0000000083f00000, 0x0000000083f00000|100%| O|  |TAMS 0x0000000083e00000| PB 0x0000000083e00000| Untracked 
|  63|0x0000000083f00000, 0x0000000084000000, 0x0000000084000000|100%|HS|  |TAMS 0x0000000083f00000| PB 0x0000000083f00000| Complete 
|  64|0x0000000084000000, 0x0000000084100000, 0x0000000084100000|100%|HS|  |TAMS 0x0000000084000000| PB 0x0000000084000000| Complete 
|  65|0x0000000084100000, 0x0000000084200000, 0x0000000084200000|100%|HS|  |TAMS 0x0000000084100000| PB 0x0000000084100000| Complete 
|  66|0x0000000084200000, 0x0000000084300000, 0x0000000084300000|100%|HC|  |TAMS 0x0000000084200000| PB 0x0000000084200000| Complete 
|  67|0x0000000084300000, 0x0000000084400000, 0x0000000084400000|100%|HS|  |TAMS 0x0000000084300000| PB 0x0000000084300000| Complete 
|  68|0x0000000084400000, 0x0000000084500000, 0x0000000084500000|100%| O|  |TAMS 0x0000000084400000| PB 0x0000000084400000| Untracked 
|  69|0x0000000084500000, 0x0000000084600000, 0x0000000084600000|100%| O|  |TAMS 0x0000000084500000| PB 0x0000000084500000| Untracked 
|  70|0x0000000084600000, 0x0000000084700000, 0x0000000084700000|100%|HS|  |TAMS 0x0000000084600000| PB 0x0000000084600000| Complete 
|  71|0x0000000084700000, 0x0000000084800000, 0x0000000084800000|100%| O|  |TAMS 0x0000000084700000| PB 0x0000000084700000| Untracked 
|  72|0x0000000084800000, 0x0000000084900000, 0x0000000084900000|100%|HS|  |TAMS 0x0000000084800000| PB 0x0000000084800000| Complete 
|  73|0x0000000084900000, 0x0000000084a00000, 0x0000000084a00000|100%|HS|  |TAMS 0x0000000084900000| PB 0x0000000084900000| Complete 
|  74|0x0000000084a00000, 0x0000000084b00000, 0x0000000084b00000|100%| O|  |TAMS 0x0000000084a00000| PB 0x0000000084a00000| Untracked 
|  75|0x0000000084b00000, 0x0000000084c00000, 0x0000000084c00000|100%| O|  |TAMS 0x0000000084b00000| PB 0x0000000084b00000| Untracked 
|  76|0x0000000084c00000, 0x0000000084d00000, 0x0000000084d00000|100%| O|  |TAMS 0x0000000084c00000| PB 0x0000000084c00000| Untracked 
|  77|0x0000000084d00000, 0x0000000084e00000, 0x0000000084e00000|100%| O|  |TAMS 0x0000000084d00000| PB 0x0000000084d00000| Untracked 
|  78|0x0000000084e00000, 0x0000000084f00000, 0x0000000084f00000|100%| O|  |TAMS 0x0000000084e00000| PB 0x0000000084e00000| Untracked 
|  79|0x0000000084f00000, 0x0000000085000000, 0x0000000085000000|100%| O|  |TAMS 0x0000000084f00000| PB 0x0000000084f00000| Untracked 
|  80|0x0000000085000000, 0x0000000085100000, 0x0000000085100000|100%| O|  |TAMS 0x0000000085000000| PB 0x0000000085000000| Untracked 
|  81|0x0000000085100000, 0x0000000085200000, 0x0000000085200000|100%| O|  |TAMS 0x0000000085100000| PB 0x0000000085100000| Untracked 
|  82|0x0000000085200000, 0x0000000085300000, 0x0000000085300000|100%| O|  |TAMS 0x0000000085200000| PB 0x0000000085200000| Untracked 
|  83|0x0000000085300000, 0x0000000085400000, 0x0000000085400000|100%| O|  |TAMS 0x0000000085300000| PB 0x0000000085300000| Untracked 
|  84|0x0000000085400000, 0x0000000085500000, 0x0000000085500000|100%|HS|  |TAMS 0x0000000085400000| PB 0x0000000085400000| Complete 
|  85|0x0000000085500000, 0x0000000085600000, 0x0000000085600000|100%|HC|  |TAMS 0x0000000085500000| PB 0x0000000085500000| Complete 
|  86|0x0000000085600000, 0x0000000085700000, 0x0000000085700000|100%| O|  |TAMS 0x0000000085600000| PB 0x0000000085600000| Untracked 
|  87|0x0000000085700000, 0x0000000085800000, 0x0000000085800000|100%| O|  |TAMS 0x0000000085700000| PB 0x0000000085700000| Untracked 
|  88|0x0000000085800000, 0x0000000085900000, 0x0000000085900000|100%| O|  |TAMS 0x0000000085800000| PB 0x0000000085800000| Untracked 
|  89|0x0000000085900000, 0x0000000085a00000, 0x0000000085a00000|100%| O|Cm|TAMS 0x0000000085900000| PB 0x0000000085900000| Complete 
|  90|0x0000000085a00000, 0x0000000085b00000, 0x0000000085b00000|100%| O|  |TAMS 0x0000000085a00000| PB 0x0000000085a00000| Untracked 
|  91|0x0000000085b00000, 0x0000000085c00000, 0x0000000085c00000|100%| O|  |TAMS 0x0000000085b00000| PB 0x0000000085b00000| Untracked 
|  92|0x0000000085c00000, 0x0000000085d00000, 0x0000000085d00000|100%| O|  |TAMS 0x0000000085c00000| PB 0x0000000085c00000| Untracked 
|  93|0x0000000085d00000, 0x0000000085e00000, 0x0000000085e00000|100%| O|  |TAMS 0x0000000085d00000| PB 0x0000000085d00000| Untracked 
|  94|0x0000000085e00000, 0x0000000085e00000, 0x0000000085f00000|  0%| F|  |TAMS 0x0000000085e00000| PB 0x0000000085e00000| Untracked 
|  95|0x0000000085f00000, 0x0000000085f00000, 0x0000000086000000|  0%| F|  |TAMS 0x0000000085f00000| PB 0x0000000085f00000| Untracked 
|  96|0x0000000086000000, 0x0000000086000000, 0x0000000086100000|  0%| F|  |TAMS 0x0000000086000000| PB 0x0000000086000000| Untracked 
|  97|0x0000000086100000, 0x0000000086100000, 0x0000000086200000|  0%| F|  |TAMS 0x0000000086100000| PB 0x0000000086100000| Untracked 
|  98|0x0000000086200000, 0x0000000086200000, 0x0000000086300000|  0%| F|  |TAMS 0x0000000086200000| PB 0x0000000086200000| Untracked 
|  99|0x0000000086300000, 0x0000000086300000, 0x0000000086400000|  0%| F|  |TAMS 0x0000000086300000| PB 0x0000000086300000| Untracked 
| 100|0x0000000086400000, 0x0000000086400000, 0x0000000086500000|  0%| F|  |TAMS 0x0000000086400000| PB 0x0000000086400000| Untracked 
| 101|0x0000000086500000, 0x0000000086500000, 0x0000000086600000|  0%| F|  |TAMS 0x0000000086500000| PB 0x0000000086500000| Untracked 
| 102|0x0000000086600000, 0x000000008669fcc0, 0x0000000086700000| 62%| O|  |TAMS 0x0000000086600000| PB 0x0000000086600000| Untracked 
| 103|0x0000000086700000, 0x0000000086700000, 0x0000000086800000|  0%| F|  |TAMS 0x0000000086700000| PB 0x0000000086700000| Untracked 
| 104|0x0000000086800000, 0x0000000086800000, 0x0000000086900000|  0%| F|  |TAMS 0x0000000086800000| PB 0x0000000086800000| Untracked 
| 105|0x0000000086900000, 0x0000000086900000, 0x0000000086a00000|  0%| F|  |TAMS 0x0000000086900000| PB 0x0000000086900000| Untracked 
| 106|0x0000000086a00000, 0x0000000086a00000, 0x0000000086b00000|  0%| F|  |TAMS 0x0000000086a00000| PB 0x0000000086a00000| Untracked 
| 107|0x0000000086b00000, 0x0000000086b00000, 0x0000000086c00000|  0%| F|  |TAMS 0x0000000086b00000| PB 0x0000000086b00000| Untracked 
| 108|0x0000000086c00000, 0x0000000086c00000, 0x0000000086d00000|  0%| F|  |TAMS 0x0000000086c00000| PB 0x0000000086c00000| Untracked 
| 109|0x0000000086d00000, 0x0000000086d00000, 0x0000000086e00000|  0%| F|  |TAMS 0x0000000086d00000| PB 0x0000000086d00000| Untracked 
| 110|0x0000000086e00000, 0x0000000086e00000, 0x0000000086f00000|  0%| F|  |TAMS 0x0000000086e00000| PB 0x0000000086e00000| Untracked 
| 111|0x0000000086f00000, 0x0000000086f00000, 0x0000000087000000|  0%| F|  |TAMS 0x0000000086f00000| PB 0x0000000086f00000| Untracked 
| 112|0x0000000087000000, 0x0000000087000000, 0x0000000087100000|  0%| F|  |TAMS 0x0000000087000000| PB 0x0000000087000000| Untracked 
| 113|0x0000000087100000, 0x0000000087100000, 0x0000000087200000|  0%| F|  |TAMS 0x0000000087100000| PB 0x0000000087100000| Untracked 
| 114|0x0000000087200000, 0x0000000087200000, 0x0000000087300000|  0%| F|  |TAMS 0x0000000087200000| PB 0x0000000087200000| Untracked 
| 115|0x0000000087300000, 0x0000000087300000, 0x0000000087400000|  0%| F|  |TAMS 0x0000000087300000| PB 0x0000000087300000| Untracked 
| 116|0x0000000087400000, 0x0000000087400000, 0x0000000087500000|  0%| F|  |TAMS 0x0000000087400000| PB 0x0000000087400000| Untracked 
| 117|0x0000000087500000, 0x0000000087500000, 0x0000000087600000|  0%| F|  |TAMS 0x0000000087500000| PB 0x0000000087500000| Untracked 
| 118|0x0000000087600000, 0x0000000087600000, 0x0000000087700000|  0%| F|  |TAMS 0x0000000087600000| PB 0x0000000087600000| Untracked 
| 119|0x0000000087700000, 0x0000000087700000, 0x0000000087800000|  0%| F|  |TAMS 0x0000000087700000| PB 0x0000000087700000| Untracked 
| 120|0x0000000087800000, 0x0000000087800000, 0x0000000087900000|  0%| F|  |TAMS 0x0000000087800000| PB 0x0000000087800000| Untracked 
| 121|0x0000000087900000, 0x00000000879e5e60, 0x0000000087a00000| 89%| S|CS|TAMS 0x0000000087900000| PB 0x0000000087900000| Complete 
| 122|0x0000000087a00000, 0x0000000087b00000, 0x0000000087b00000|100%| S|CS|TAMS 0x0000000087a00000| PB 0x0000000087a00000| Complete 
| 123|0x0000000087b00000, 0x0000000087c00000, 0x0000000087c00000|100%| S|CS|TAMS 0x0000000087b00000| PB 0x0000000087b00000| Complete 
| 124|0x0000000087c00000, 0x0000000087c00000, 0x0000000087d00000|  0%| F|  |TAMS 0x0000000087c00000| PB 0x0000000087c00000| Untracked 
| 125|0x0000000087d00000, 0x0000000087d00000, 0x0000000087e00000|  0%| F|  |TAMS 0x0000000087d00000| PB 0x0000000087d00000| Untracked 
| 126|0x0000000087e00000, 0x0000000087e00000, 0x0000000087f00000|  0%| F|  |TAMS 0x0000000087e00000| PB 0x0000000087e00000| Untracked 
| 127|0x0000000087f00000, 0x0000000087f00000, 0x0000000088000000|  0%| F|  |TAMS 0x0000000087f00000| PB 0x0000000087f00000| Untracked 
| 128|0x0000000088000000, 0x0000000088000000, 0x0000000088100000|  0%| F|  |TAMS 0x0000000088000000| PB 0x0000000088000000| Untracked 
| 129|0x0000000088100000, 0x0000000088100000, 0x0000000088200000|  0%| F|  |TAMS 0x0000000088100000| PB 0x0000000088100000| Untracked 
| 130|0x0000000088200000, 0x0000000088200000, 0x0000000088300000|  0%| F|  |TAMS 0x0000000088200000| PB 0x0000000088200000| Untracked 
| 131|0x0000000088300000, 0x0000000088300000, 0x0000000088400000|  0%| F|  |TAMS 0x0000000088300000| PB 0x0000000088300000| Untracked 
| 132|0x0000000088400000, 0x0000000088400000, 0x0000000088500000|  0%| F|  |TAMS 0x0000000088400000| PB 0x0000000088400000| Untracked 
| 133|0x0000000088500000, 0x0000000088500000, 0x0000000088600000|  0%| F|  |TAMS 0x0000000088500000| PB 0x0000000088500000| Untracked 
| 134|0x0000000088600000, 0x0000000088600000, 0x0000000088700000|  0%| F|  |TAMS 0x0000000088600000| PB 0x0000000088600000| Untracked 
| 135|0x0000000088700000, 0x0000000088700000, 0x0000000088800000|  0%| F|  |TAMS 0x0000000088700000| PB 0x0000000088700000| Untracked 
| 136|0x0000000088800000, 0x0000000088800000, 0x0000000088900000|  0%| F|  |TAMS 0x0000000088800000| PB 0x0000000088800000| Untracked 
| 137|0x0000000088900000, 0x0000000088900000, 0x0000000088a00000|  0%| F|  |TAMS 0x0000000088900000| PB 0x0000000088900000| Untracked 
| 138|0x0000000088a00000, 0x0000000088a00000, 0x0000000088b00000|  0%| F|  |TAMS 0x0000000088a00000| PB 0x0000000088a00000| Untracked 
| 139|0x0000000088b00000, 0x0000000088b00000, 0x0000000088c00000|  0%| F|  |TAMS 0x0000000088b00000| PB 0x0000000088b00000| Untracked 
| 140|0x0000000088c00000, 0x0000000088c00000, 0x0000000088d00000|  0%| F|  |TAMS 0x0000000088c00000| PB 0x0000000088c00000| Untracked 
| 141|0x0000000088d00000, 0x0000000088d00000, 0x0000000088e00000|  0%| F|  |TAMS 0x0000000088d00000| PB 0x0000000088d00000| Untracked 
| 142|0x0000000088e00000, 0x0000000088e00000, 0x0000000088f00000|  0%| F|  |TAMS 0x0000000088e00000| PB 0x0000000088e00000| Untracked 
| 143|0x0000000088f00000, 0x0000000088f00000, 0x0000000089000000|  0%| F|  |TAMS 0x0000000088f00000| PB 0x0000000088f00000| Untracked 
| 144|0x0000000089000000, 0x0000000089000000, 0x0000000089100000|  0%| F|  |TAMS 0x0000000089000000| PB 0x0000000089000000| Untracked 
| 145|0x0000000089100000, 0x0000000089100000, 0x0000000089200000|  0%| F|  |TAMS 0x0000000089100000| PB 0x0000000089100000| Untracked 
| 146|0x0000000089200000, 0x0000000089200000, 0x0000000089300000|  0%| F|  |TAMS 0x0000000089200000| PB 0x0000000089200000| Untracked 
| 147|0x0000000089300000, 0x0000000089380000, 0x0000000089400000| 50%| E|  |TAMS 0x0000000089300000| PB 0x0000000089300000| Complete 
| 148|0x0000000089400000, 0x0000000089500000, 0x0000000089500000|100%| E|CS|TAMS 0x0000000089400000| PB 0x0000000089400000| Complete 
| 149|0x0000000089500000, 0x0000000089600000, 0x0000000089600000|100%| E|CS|TAMS 0x0000000089500000| PB 0x0000000089500000| Complete 
| 150|0x0000000089600000, 0x0000000089700000, 0x0000000089700000|100%| E|CS|TAMS 0x0000000089600000| PB 0x0000000089600000| Complete 
| 151|0x0000000089700000, 0x0000000089800000, 0x0000000089800000|100%| E|CS|TAMS 0x0000000089700000| PB 0x0000000089700000| Complete 
| 152|0x0000000089800000, 0x0000000089900000, 0x0000000089900000|100%| E|CS|TAMS 0x0000000089800000| PB 0x0000000089800000| Complete 
| 153|0x0000000089900000, 0x0000000089a00000, 0x0000000089a00000|100%| E|CS|TAMS 0x0000000089900000| PB 0x0000000089900000| Complete 
| 154|0x0000000089a00000, 0x0000000089b00000, 0x0000000089b00000|100%| E|CS|TAMS 0x0000000089a00000| PB 0x0000000089a00000| Complete 
| 155|0x0000000089b00000, 0x0000000089c00000, 0x0000000089c00000|100%| E|CS|TAMS 0x0000000089b00000| PB 0x0000000089b00000| Complete 
| 156|0x0000000089c00000, 0x0000000089d00000, 0x0000000089d00000|100%| E|CS|TAMS 0x0000000089c00000| PB 0x0000000089c00000| Complete 
| 157|0x0000000089d00000, 0x0000000089e00000, 0x0000000089e00000|100%| E|CS|TAMS 0x0000000089d00000| PB 0x0000000089d00000| Complete 
| 158|0x0000000089e00000, 0x0000000089f00000, 0x0000000089f00000|100%| E|CS|TAMS 0x0000000089e00000| PB 0x0000000089e00000| Complete 
| 159|0x0000000089f00000, 0x000000008a000000, 0x000000008a000000|100%| E|CS|TAMS 0x0000000089f00000| PB 0x0000000089f00000| Complete 
| 160|0x000000008a000000, 0x000000008a100000, 0x000000008a100000|100%| E|CS|TAMS 0x000000008a000000| PB 0x000000008a000000| Complete 
| 161|0x000000008a100000, 0x000000008a200000, 0x000000008a200000|100%| E|CS|TAMS 0x000000008a100000| PB 0x000000008a100000| Complete 
| 162|0x000000008a200000, 0x000000008a300000, 0x000000008a300000|100%| E|CS|TAMS 0x000000008a200000| PB 0x000000008a200000| Complete 
| 163|0x000000008a300000, 0x000000008a400000, 0x000000008a400000|100%| E|CS|TAMS 0x000000008a300000| PB 0x000000008a300000| Complete 
| 164|0x000000008a400000, 0x000000008a500000, 0x000000008a500000|100%| E|CS|TAMS 0x000000008a400000| PB 0x000000008a400000| Complete 
| 165|0x000000008a500000, 0x000000008a600000, 0x000000008a600000|100%| E|CS|TAMS 0x000000008a500000| PB 0x000000008a500000| Complete 
| 166|0x000000008a600000, 0x000000008a700000, 0x000000008a700000|100%| E|CS|TAMS 0x000000008a600000| PB 0x000000008a600000| Complete 
| 167|0x000000008a700000, 0x000000008a800000, 0x000000008a800000|100%| E|CS|TAMS 0x000000008a700000| PB 0x000000008a700000| Complete 
| 168|0x000000008a800000, 0x000000008a900000, 0x000000008a900000|100%| E|CS|TAMS 0x000000008a800000| PB 0x000000008a800000| Complete 
| 169|0x000000008a900000, 0x000000008aa00000, 0x000000008aa00000|100%| E|CS|TAMS 0x000000008a900000| PB 0x000000008a900000| Complete 
| 170|0x000000008aa00000, 0x000000008ab00000, 0x000000008ab00000|100%| E|CS|TAMS 0x000000008aa00000| PB 0x000000008aa00000| Complete 
| 249|0x000000008f900000, 0x000000008fa00000, 0x000000008fa00000|100%| E|CS|TAMS 0x000000008f900000| PB 0x000000008f900000| Complete 
|2038|0x00000000ff600000, 0x00000000ff700000, 0x00000000ff700000|100%| O|  |TAMS 0x00000000ff600000| PB 0x00000000ff600000| Untracked 
|2039|0x00000000ff700000, 0x00000000ff800000, 0x00000000ff800000|100%| E|CS|TAMS 0x00000000ff700000| PB 0x00000000ff700000| Complete 
|2040|0x00000000ff800000, 0x00000000ff900000, 0x00000000ff900000|100%| O|  |TAMS 0x00000000ff800000| PB 0x00000000ff800000| Untracked 
|2041|0x00000000ff900000, 0x00000000ffa00000, 0x00000000ffa00000|100%| E|CS|TAMS 0x00000000ff900000| PB 0x00000000ff900000| Complete 
|2042|0x00000000ffa00000, 0x00000000ffb00000, 0x00000000ffb00000|100%| O|  |TAMS 0x00000000ffa00000| PB 0x00000000ffa00000| Untracked 
|2043|0x00000000ffb00000, 0x00000000ffc00000, 0x00000000ffc00000|100%| O|  |TAMS 0x00000000ffb00000| PB 0x00000000ffb00000| Untracked 
|2044|0x00000000ffc00000, 0x00000000ffd00000, 0x00000000ffd00000|100%| O|  |TAMS 0x00000000ffc00000| PB 0x00000000ffc00000| Untracked 
|2045|0x00000000ffd00000, 0x00000000ffdffff8, 0x00000000ffe00000| 99%| O|  |TAMS 0x00000000ffd00000| PB 0x00000000ffd00000| Untracked 
|2046|0x00000000ffe00000, 0x00000000fff00000, 0x00000000fff00000|100%| O|  |TAMS 0x00000000ffe00000| PB 0x00000000ffe00000| Untracked 
|2047|0x00000000fff00000, 0x0000000100000000, 0x0000000100000000|100%| O|  |TAMS 0x00000000fff00000| PB 0x00000000fff00000| Untracked 

Card table byte_map: [0x00000213fc4a0000,0x00000213fc8a0000] _byte_map_base: 0x00000213fc0a0000

Marking Bits: (CMBitMap*) 0x00000213f14776e0
 Bits: [0x00000213fc8a0000, 0x00000213fe8a0000)

Polling page: 0x00000213f14e0000

Metaspace:

Usage:
  Non-class:     85.33 MB used.
      Class:     13.78 MB used.
       Both:     99.11 MB used.

Virtual space:
  Non-class space:      128.00 MB reserved,      86.50 MB ( 68%) committed,  2 nodes.
      Class space:      416.00 MB reserved,      15.00 MB (  4%) committed,  1 nodes.
             Both:      544.00 MB reserved,     101.50 MB ( 19%) committed. 

Chunk freelists:
   Non-Class:  8.98 MB
       Class:  1005.00 KB
        Both:  9.97 MB

MaxMetaspaceSize: 512.00 MB
CompressedClassSpaceSize: 416.00 MB
Initial GC threshold: 21.00 MB
Current GC threshold: 160.00 MB
CDS: on
 - commit_granule_bytes: 65536.
 - commit_granule_words: 8192.
 - virtual_space_node_default_size: 8388608.
 - enlarge_chunks_in_place: 1.
 - use_allocation_guard: 0.


Internal statistics:

num_allocs_failed_limit: 11.
num_arena_births: 4246.
num_arena_deaths: 0.
num_vsnodes_births: 3.
num_vsnodes_deaths: 0.
num_space_committed: 1624.
num_space_uncommitted: 0.
num_chunks_returned_to_freelist: 11.
num_chunks_taken_from_freelist: 9095.
num_chunk_merges: 11.
num_chunk_splits: 5899.
num_chunks_enlarged: 3632.
num_inconsistent_stats: 0.

CodeHeap 'non-profiled nmethods': size=127360Kb used=6982Kb max_used=7106Kb free=120377Kb
 bounds [0x00000213883a0000, 0x0000021388aa0000, 0x0000021390000000]
CodeHeap 'profiled nmethods': size=127296Kb used=22923Kb max_used=22923Kb free=104372Kb
 bounds [0x0000021380000000, 0x0000021381670000, 0x0000021387c50000]
CodeHeap 'non-nmethods': size=7488Kb used=2894Kb max_used=4596Kb free=4593Kb
 bounds [0x0000021387c50000, 0x00000213880e0000, 0x00000213883a0000]
 total_blobs=12860 nmethods=11874 adapters=890
 compilation: enabled
              stopped_count=0, restarted_count=0
 full_count=0

Compilation events (20 events):
Event: 38.808 Thread 0x00000213b6cfa6c0 13885       4       org.gradle.api.internal.provider.AbstractProperty::getDisplayName (16 bytes)
Event: 38.808 Thread 0x00000213b6cfa6c0 nmethod 13885 0x00000213888d4190 code [0x00000213888d4320, 0x00000213888d43c0]
Event: 38.821 Thread 0x00000213b6cfa6c0 13886       4       java.util.zip.ZipFile$ZipFileInflaterInputStream::available (44 bytes)
Event: 38.822 Thread 0x00000213b6cfa6c0 nmethod 13886 0x000002138895b690 code [0x000002138895b840, 0x000002138895bb90]
Event: 38.828 Thread 0x00000213ff94da80 13887       3       java.lang.invoke.LambdaForm$BasicType::basicType (8 bytes)
Event: 38.828 Thread 0x00000213ff94da80 nmethod 13887 0x000002138165b910 code [0x000002138165bae0, 0x000002138165bd20]
Event: 38.856 Thread 0x00000213b6cf9ff0 13888       1       com.google.gson.reflect.TypeToken::hashCode (5 bytes)
Event: 38.856 Thread 0x00000213b6cf9ff0 nmethod 13888 0x00000213888d3e90 code [0x00000213888d4020, 0x00000213888d40e8]
Event: 38.857 Thread 0x00000213b6cfad90 13889       1       com.google.gson.reflect.TypeToken::getType (5 bytes)
Event: 38.857 Thread 0x00000213b6cfad90 nmethod 13889 0x000002138895b390 code [0x000002138895b520, 0x000002138895b5e8]
Event: 38.857 Thread 0x00000213b6cf9ff0 13890       3       com.google.gson.stream.JsonReader::doPeek (749 bytes)
Event: 38.859 Thread 0x00000213b6cf9ff0 nmethod 13890 0x000002138165be90 code [0x000002138165c360, 0x000002138165df00]
Event: 38.868 Thread 0x00000213ff94da80 13891       3       org.gradle.api.internal.provider.MappingProvider::<init> (8 bytes)
Event: 38.868 Thread 0x00000213b6cfad90 13892   !   3       org.gradle.api.internal.provider.TransformBackedProvider::calculateOwnValue (66 bytes)
Event: 38.869 Thread 0x00000213b6cf9ff0 13893       3       com.google.common.collect.ImmutableMap$Builder::build (179 bytes)
Event: 38.869 Thread 0x00000213ff94da80 nmethod 13891 0x000002138165e710 code [0x000002138165e8c0, 0x000002138165ebf8]
Event: 38.869 Thread 0x00000213b6cfad90 nmethod 13892 0x000002138165ed10 code [0x000002138165ef80, 0x000002138165f960]
Event: 38.869 Thread 0x00000213b6cf9ff0 nmethod 13893 0x000002138165fd90 code [0x00000213816600e0, 0x0000021381661388]
Event: 38.875 Thread 0x00000213b6cf9ff0 13894       3       org.gradle.api.internal.provider.AbstractProperty::finalizeValueOnRead (8 bytes)
Event: 38.875 Thread 0x00000213b6cf9ff0 nmethod 13894 0x0000021381661990 code [0x0000021381661b40, 0x0000021381661d18]

GC Heap History (20 events):
Event: 27.566 GC heap before
{Heap before GC invocations=31 (full 0):
 garbage-first heap   total 124928K, used 113578K [0x0000000080000000, 0x0000000100000000)
  region size 1024K, 45 young (46080K), 4 survivors (4096K)
 Metaspace       used 75645K, committed 77760K, reserved 557056K
  class space    used 10661K, committed 11712K, reserved 425984K
}
Event: 27.568 GC heap after
{Heap after GC invocations=32 (full 0):
 garbage-first heap   total 124928K, used 73328K [0x0000000080000000, 0x0000000100000000)
  region size 1024K, 4 young (4096K), 4 survivors (4096K)
 Metaspace       used 75645K, committed 77760K, reserved 557056K
  class space    used 10661K, committed 11712K, reserved 425984K
}
Event: 27.823 GC heap before
{Heap before GC invocations=33 (full 0):
 garbage-first heap   total 128000K, used 121456K [0x0000000080000000, 0x0000000100000000)
  region size 1024K, 43 young (44032K), 4 survivors (4096K)
 Metaspace       used 77505K, committed 79680K, reserved 557056K
  class space    used 10868K, committed 11968K, reserved 425984K
}
Event: 27.827 GC heap after
{Heap after GC invocations=34 (full 0):
 garbage-first heap   total 135168K, used 89695K [0x0000000080000000, 0x0000000100000000)
  region size 1024K, 6 young (6144K), 6 survivors (6144K)
 Metaspace       used 77505K, committed 79680K, reserved 557056K
  class space    used 10868K, committed 11968K, reserved 425984K
}
Event: 28.021 GC heap before
{Heap before GC invocations=34 (full 0):
 garbage-first heap   total 135168K, used 118367K [0x0000000080000000, 0x0000000100000000)
  region size 1024K, 35 young (35840K), 6 survivors (6144K)
 Metaspace       used 80000K, committed 82240K, reserved 557056K
  class space    used 11141K, committed 12288K, reserved 425984K
}
Event: 28.024 GC heap after
{Heap after GC invocations=35 (full 0):
 garbage-first heap   total 162816K, used 89961K [0x0000000080000000, 0x0000000100000000)
  region size 1024K, 2 young (2048K), 2 survivors (2048K)
 Metaspace       used 80000K, committed 82240K, reserved 557056K
  class space    used 11141K, committed 12288K, reserved 425984K
}
Event: 28.305 GC heap before
{Heap before GC invocations=35 (full 0):
 garbage-first heap   total 162816K, used 131945K [0x0000000080000000, 0x0000000100000000)
  region size 1024K, 41 young (41984K), 2 survivors (2048K)
 Metaspace       used 83234K, committed 85440K, reserved 557056K
  class space    used 11501K, committed 12608K, reserved 425984K
}
Event: 28.307 GC heap after
{Heap after GC invocations=36 (full 0):
 garbage-first heap   total 162816K, used 94232K [0x0000000080000000, 0x0000000100000000)
  region size 1024K, 6 young (6144K), 6 survivors (6144K)
 Metaspace       used 83234K, committed 85440K, reserved 557056K
  class space    used 11501K, committed 12608K, reserved 425984K
}
Event: 28.675 GC heap before
{Heap before GC invocations=36 (full 0):
 garbage-first heap   total 162816K, used 146456K [0x0000000080000000, 0x0000000100000000)
  region size 1024K, 56 young (57344K), 6 survivors (6144K)
 Metaspace       used 87031K, committed 89216K, reserved 557056K
  class space    used 11971K, committed 13056K, reserved 425984K
}
Event: 28.677 GC heap after
{Heap after GC invocations=37 (full 0):
 garbage-first heap   total 162816K, used 97928K [0x0000000080000000, 0x0000000100000000)
  region size 1024K, 3 young (3072K), 3 survivors (3072K)
 Metaspace       used 87031K, committed 89216K, reserved 557056K
  class space    used 11971K, committed 13056K, reserved 425984K
}
Event: 34.353 GC heap before
{Heap before GC invocations=37 (full 0):
 garbage-first heap   total 162816K, used 117384K [0x0000000080000000, 0x0000000100000000)
  region size 1024K, 23 young (23552K), 3 survivors (3072K)
 Metaspace       used 87848K, committed 90176K, reserved 557056K
  class space    used 12079K, committed 13248K, reserved 425984K
}
Event: 34.356 GC heap after
{Heap after GC invocations=38 (full 0):
 garbage-first heap   total 162816K, used 100090K [0x0000000080000000, 0x0000000100000000)
  region size 1024K, 5 young (5120K), 5 survivors (5120K)
 Metaspace       used 87848K, committed 90176K, reserved 557056K
  class space    used 12079K, committed 13248K, reserved 425984K
}
Event: 34.795 GC heap before
{Heap before GC invocations=39 (full 0):
 garbage-first heap   total 173056K, used 150266K [0x0000000080000000, 0x0000000100000000)
  region size 1024K, 52 young (53248K), 5 survivors (5120K)
 Metaspace       used 91038K, committed 93312K, reserved 557056K
  class space    used 12520K, committed 13696K, reserved 425984K
}
Event: 34.798 GC heap after
{Heap after GC invocations=40 (full 0):
 garbage-first heap   total 173056K, used 104206K [0x0000000080000000, 0x0000000100000000)
  region size 1024K, 5 young (5120K), 5 survivors (5120K)
 Metaspace       used 91038K, committed 93312K, reserved 557056K
  class space    used 12520K, committed 13696K, reserved 425984K
}
Event: 37.663 GC heap before
{Heap before GC invocations=40 (full 0):
 garbage-first heap   total 173056K, used 157454K [0x0000000080000000, 0x0000000100000000)
  region size 1024K, 57 young (58368K), 5 survivors (5120K)
 Metaspace       used 93246K, committed 95552K, reserved 557056K
  class space    used 12832K, committed 14016K, reserved 425984K
}
Event: 37.667 GC heap after
{Heap after GC invocations=41 (full 0):
 garbage-first heap   total 173056K, used 106592K [0x0000000080000000, 0x0000000100000000)
  region size 1024K, 8 young (8192K), 8 survivors (8192K)
 Metaspace       used 93246K, committed 95552K, reserved 557056K
  class space    used 12832K, committed 14016K, reserved 425984K
}
Event: 38.069 GC heap before
{Heap before GC invocations=41 (full 0):
 garbage-first heap   total 173056K, used 154720K [0x0000000080000000, 0x0000000100000000)
  region size 1024K, 55 young (56320K), 8 survivors (8192K)
 Metaspace       used 95768K, committed 98176K, reserved 557056K
  class space    used 13191K, committed 14400K, reserved 425984K
}
Event: 38.073 GC heap after
{Heap after GC invocations=42 (full 0):
 garbage-first heap   total 173056K, used 107238K [0x0000000080000000, 0x0000000100000000)
  region size 1024K, 3 young (3072K), 3 survivors (3072K)
 Metaspace       used 95768K, committed 98176K, reserved 557056K
  class space    used 13191K, committed 14400K, reserved 425984K
}
Event: 38.591 GC heap before
{Heap before GC invocations=43 (full 0):
 garbage-first heap   total 186368K, used 159462K [0x0000000080000000, 0x0000000100000000)
  region size 1024K, 53 young (54272K), 3 survivors (3072K)
 Metaspace       used 99581K, committed 101952K, reserved 557056K
  class space    used 13836K, committed 15040K, reserved 425984K
}
Event: 38.593 GC heap after
{Heap after GC invocations=44 (full 0):
 garbage-first heap   total 186368K, used 108054K [0x0000000080000000, 0x0000000100000000)
  region size 1024K, 3 young (3072K), 3 survivors (3072K)
 Metaspace       used 99581K, committed 101952K, reserved 557056K
  class space    used 13836K, committed 15040K, reserved 425984K
}

Dll operation events (15 events):
Event: 0.008 Loaded shared library C:\Program Files\Java\jdk-21.0.11\bin\java.dll
Event: 0.033 Loaded shared library C:\Program Files\Java\jdk-21.0.11\bin\jsvml.dll
Event: 0.081 Loaded shared library C:\Program Files\Java\jdk-21.0.11\bin\zip.dll
Event: 0.083 Loaded shared library C:\Program Files\Java\jdk-21.0.11\bin\instrument.dll
Event: 0.087 Loaded shared library C:\Program Files\Java\jdk-21.0.11\bin\net.dll
Event: 0.089 Loaded shared library C:\Program Files\Java\jdk-21.0.11\bin\nio.dll
Event: 0.091 Loaded shared library C:\Program Files\Java\jdk-21.0.11\bin\zip.dll
Event: 0.313 Loaded shared library C:\Program Files\Java\jdk-21.0.11\bin\jimage.dll
Event: 0.392 Loaded shared library C:\Program Files\Java\jdk-21.0.11\bin\verify.dll
Event: 0.447 Loaded shared library C:\Users\berro\.gradle\native\1def1411415f61bf3af743bc5b6707747c0891f09f0c88961ee8f79bc544acac\windows-amd64\native-platform.dll
Event: 0.452 Loaded shared library C:\Users\berro\.gradle\native\0.2.7\x86_64-windows-gnu\gradle-fileevents.dll
Event: 1.146 Loaded shared library C:\Program Files\Java\jdk-21.0.11\bin\management.dll
Event: 1.149 Loaded shared library C:\Program Files\Java\jdk-21.0.11\bin\management_ext.dll
Event: 1.260 Loaded shared library C:\Program Files\Java\jdk-21.0.11\bin\extnet.dll
Event: 1.421 Loaded shared library C:\Program Files\Java\jdk-21.0.11\bin\sunmscapi.dll

Deoptimization events (20 events):
Event: 38.782 Thread 0x00000213b28eb2b0 Uncommon trap: trap_request=0xffffffde fr.pc=0x0000021388a2fa98 relative=0x00000000000006d8
Event: 38.782 Thread 0x00000213b28eb2b0 Uncommon trap: reason=class_check action=maybe_recompile pc=0x0000021388a2fa98 method=org.gradle.internal.snapshot.impl.AbstractValueProcessor.processValue(Ljava/lang/Object;Lorg/gradle/internal/snapshot/impl/AbstractValueProcessor$ValueVisitor;)Ljava/lan
Event: 38.782 Thread 0x00000213b28eb2b0 DEOPT PACKING pc=0x0000021388a2fa98 sp=0x00000066e83f5450
Event: 38.782 Thread 0x00000213b28eb2b0 DEOPT UNPACKING pc=0x0000021387ca46a2 sp=0x00000066e83f53c8 mode 2
Event: 38.782 Thread 0x00000213b28eb2b0 Uncommon trap: trap_request=0xffffffde fr.pc=0x0000021388a2fa98 relative=0x00000000000006d8
Event: 38.782 Thread 0x00000213b28eb2b0 Uncommon trap: reason=class_check action=maybe_recompile pc=0x0000021388a2fa98 method=org.gradle.internal.snapshot.impl.AbstractValueProcessor.processValue(Ljava/lang/Object;Lorg/gradle/internal/snapshot/impl/AbstractValueProcessor$ValueVisitor;)Ljava/lan
Event: 38.782 Thread 0x00000213b28eb2b0 DEOPT PACKING pc=0x0000021388a2fa98 sp=0x00000066e83f5450
Event: 38.782 Thread 0x00000213b28eb2b0 DEOPT UNPACKING pc=0x0000021387ca46a2 sp=0x00000066e83f53c8 mode 2
Event: 38.853 Thread 0x00000213b28eb2b0 Uncommon trap: trap_request=0xffffff45 fr.pc=0x000002138857838c relative=0x000000000000006c
Event: 38.853 Thread 0x00000213b28eb2b0 Uncommon trap: reason=unstable_if action=reinterpret pc=0x000002138857838c method=java.util.Objects.equals(Ljava/lang/Object;Ljava/lang/Object;)Z @ 6 c2
Event: 38.853 Thread 0x00000213b28eb2b0 DEOPT PACKING pc=0x000002138857838c sp=0x00000066e83f5160
Event: 38.853 Thread 0x00000213b28eb2b0 DEOPT UNPACKING pc=0x0000021387ca46a2 sp=0x00000066e83f5100 mode 2
Event: 38.857 Thread 0x00000213b28eb2b0 Uncommon trap: trap_request=0xffffff45 fr.pc=0x00000213885db614 relative=0x0000000000000374
Event: 38.857 Thread 0x00000213b28eb2b0 Uncommon trap: reason=unstable_if action=reinterpret pc=0x00000213885db614 method=com.google.gson.stream.JsonReader.doPeek()I @ 528 c2
Event: 38.857 Thread 0x00000213b28eb2b0 DEOPT PACKING pc=0x00000213885db614 sp=0x00000066e83f5650
Event: 38.857 Thread 0x00000213b28eb2b0 DEOPT UNPACKING pc=0x0000021387ca46a2 sp=0x00000066e83f55d0 mode 2
Event: 38.869 Thread 0x00000213b28eb2b0 Uncommon trap: trap_request=0xffffff45 fr.pc=0x00000213888dc208 relative=0x00000000000002a8
Event: 38.869 Thread 0x00000213b28eb2b0 Uncommon trap: reason=unstable_if action=reinterpret pc=0x00000213888dc208 method=java.io.WinNTFileSystem.prefixLength(Ljava/lang/String;)I @ 11 c2
Event: 38.869 Thread 0x00000213b28eb2b0 DEOPT PACKING pc=0x00000213888dc208 sp=0x00000066e83f5950
Event: 38.869 Thread 0x00000213b28eb2b0 DEOPT UNPACKING pc=0x0000021387ca46a2 sp=0x00000066e83f58f0 mode 2

Classes loaded (20 events):
Event: 28.739 Loading class java/util/regex/Pattern$Behind
Event: 28.739 Loading class java/util/regex/Pattern$Behind done
Event: 28.739 Loading class java/util/regex/Pattern$Pos
Event: 28.739 Loading class java/util/regex/Pattern$Pos done
Event: 38.144 Loading class java/util/concurrent/atomic/AtomicIntegerArray
Event: 38.144 Loading class java/util/concurrent/atomic/AtomicIntegerArray done
Event: 38.145 Loading class java/util/Currency
Event: 38.145 Loading class java/util/Currency done
Event: 38.149 Loading class java/util/concurrent/atomic/AtomicLongArray
Event: 38.149 Loading class java/util/concurrent/atomic/AtomicLongArray done
Event: 38.170 Loading class sun/reflect/generics/repository/FieldRepository
Event: 38.170 Loading class sun/reflect/generics/repository/FieldRepository done
Event: 38.182 Loading class jdk/internal/vm/annotation/ForceInline
Event: 38.182 Loading class jdk/internal/vm/annotation/ForceInline done
Event: 38.803 Loading class java/net/Proxy
Event: 38.803 Loading class java/net/Proxy done
Event: 38.803 Loading class java/net/Proxy$Type
Event: 38.804 Loading class java/net/Proxy$Type done
Event: 38.854 Loading class java/io/FileReader
Event: 38.854 Loading class java/io/FileReader done

Classes unloaded (0 events):
No events

Classes redefined (0 events):
No events

Internal exceptions (20 events):
Event: 34.478 Thread 0x00000213b28eb2b0 Exception <a 'java/lang/NoSuchMethodError'{0x0000000089596378}: static Lorg/jetbrains/kotlin/gradle/plugin/internal/DefaultBuildIdentifierAccessor$Factory;.<clinit>()V> (0x0000000089596378) 
thrown [s\open\src\hotspot\share\prims\jni.cpp, line 1111]
Event: 34.596 Thread 0x00000213b28eb2b0 Exception <a 'java/lang/NoSuchMethodError'{0x0000000088424e78}: static Ljava/lang/Object;.<clinit>()V> (0x0000000088424e78) 
thrown [s\open\src\hotspot\share\prims\jni.cpp, line 1111]
Event: 34.599 Thread 0x00000213b28eb2b0 Exception <a 'java/lang/NoSuchMethodError'{0x0000000088477fc8}: static Lorg/jetbrains/kotlin/gradle/plugin/statistics/MetricContainer;.<clinit>()V> (0x0000000088477fc8) 
thrown [s\open\src\hotspot\share\prims\jni.cpp, line 1111]
Event: 34.924 Thread 0x00000213b28eb2b0 Exception <a 'java/lang/ClassNotFoundException'{0x00000000890e7d30}: org/jetbrains/kotlin/gradle/targets/js/npm/DefaultNpmDependencyExtensionBeanInfo> (0x00000000890e7d30) 
thrown [s\open\src\hotspot\share\classfile\systemDictionary.cpp, line 313]
Event: 34.924 Thread 0x00000213b28eb2b0 Exception <a 'java/lang/ClassNotFoundException'{0x00000000890f3a18}: org/jetbrains/kotlin/gradle/targets/js/npm/DefaultNpmDependencyExtensionCustomizer> (0x00000000890f3a18) 
thrown [s\open\src\hotspot\share\classfile\systemDictionary.cpp, line 313]
Event: 34.928 Thread 0x00000213b28eb2b0 Exception <a 'java/lang/ClassNotFoundException'{0x0000000088f7b2c0}: org/jetbrains/kotlin/gradle/targets/js/npm/NpmDependencyExtensionKt$defaultNpmDependencyDelegate$1BeanInfo> (0x0000000088f7b2c0) 
thrown [s\open\src\hotspot\share\classfile\systemDictionary.cpp, line 313]
Event: 34.928 Thread 0x00000213b28eb2b0 Exception <a 'java/lang/ClassNotFoundException'{0x0000000088f87230}: org/jetbrains/kotlin/gradle/targets/js/npm/NpmDependencyExtensionDelegateBeanInfo> (0x0000000088f87230) 
thrown [s\open\src\hotspot\share\classfile\systemDictionary.cpp, line 313]
Event: 34.929 Thread 0x00000213b28eb2b0 Exception <a 'java/lang/ClassNotFoundException'{0x0000000088f92f28}: org/jetbrains/kotlin/gradle/targets/js/npm/NpmDependencyExtensionDelegateCustomizer> (0x0000000088f92f28) 
thrown [s\open\src\hotspot\share\classfile\systemDictionary.cpp, line 313]
Event: 34.929 Thread 0x00000213b28eb2b0 Exception <a 'java/lang/ClassNotFoundException'{0x0000000088fca300}: org/jetbrains/kotlin/gradle/targets/js/npm/NpmDependencyExtensionKt$defaultNpmDependencyDelegate$1Customizer> (0x0000000088fca300) 
thrown [s\open\src\hotspot\share\classfile\systemDictionary.cpp, line 313]
Event: 34.931 Thread 0x00000213b28eb2b0 Exception <a 'java/lang/ClassNotFoundException'{0x0000000088e068c0}: org/jetbrains/kotlin/gradle/targets/js/npm/DefaultDevNpmDependencyExtensionBeanInfo> (0x0000000088e068c0) 
thrown [s\open\src\hotspot\share\classfile\systemDictionary.cpp, line 313]
Event: 34.931 Thread 0x00000213b28eb2b0 Exception <a 'java/lang/ClassNotFoundException'{0x0000000088e125b8}: org/jetbrains/kotlin/gradle/targets/js/npm/DefaultDevNpmDependencyExtensionCustomizer> (0x0000000088e125b8) 
thrown [s\open\src\hotspot\share\classfile\systemDictionary.cpp, line 313]
Event: 34.933 Thread 0x00000213b28eb2b0 Exception <a 'java/lang/ClassNotFoundException'{0x0000000088e5ad60}: org/jetbrains/kotlin/gradle/targets/js/npm/DefaultPeerNpmDependencyExtensionBeanInfo> (0x0000000088e5ad60) 
thrown [s\open\src\hotspot\share\classfile\systemDictionary.cpp, line 313]
Event: 34.933 Thread 0x00000213b28eb2b0 Exception <a 'java/lang/ClassNotFoundException'{0x0000000088e66a90}: org/jetbrains/kotlin/gradle/targets/js/npm/DefaultPeerNpmDependencyExtensionCustomizer> (0x0000000088e66a90) 
thrown [s\open\src\hotspot\share\classfile\systemDictionary.cpp, line 313]
Event: 34.935 Thread 0x00000213b28eb2b0 Exception <a 'java/lang/ClassNotFoundException'{0x0000000088eb8648}: org/jetbrains/kotlin/gradle/targets/js/npm/DefaultPeerNpmDependencyExtension$delegate$1BeanInfo> (0x0000000088eb8648) 
thrown [s\open\src\hotspot\share\classfile\systemDictionary.cpp, line 313]
Event: 34.935 Thread 0x00000213b28eb2b0 Exception <a 'java/lang/ClassNotFoundException'{0x0000000088ec4600}: org/jetbrains/kotlin/gradle/targets/js/npm/DefaultPeerNpmDependencyExtension$delegate$1Customizer> (0x0000000088ec4600) 
thrown [s\open\src\hotspot\share\classfile\systemDictionary.cpp, line 313]
Event: 34.943 Thread 0x00000213b28eb2b0 Exception <a 'java/lang/NoSuchFieldError'{0x0000000088da72c8}: Class org.gradle.api.logging.configuration.ConsoleOutput does not have member field 'org.gradle.api.logging.configuration.ConsoleOutput Colored'> (0x0000000088da72c8) 
thrown [s\open\src\hotspot\share\interpreter\linkResolver.cpp, line 982]
Event: 37.934 Thread 0x00000213b28eb2b0 Exception <a 'java/lang/NoSuchMethodError'{0x00000000880ed378}: 'java.lang.Object java.lang.invoke.DirectMethodHandle$Holder.newInvokeSpecial(java.lang.Object, java.lang.Object, java.lang.Object, java.lang.Object, java.lang.Object, java.lang.Object, java.lang.Object, java.lang.Object, java.lang.Object, java.lang.Object, java.lang.Object, java.lang.Object, java.lang.Object, java.lang.Object)'> (0x00000000880ed378) 
thrown [s\open\src\hotspot\share\interpreter\linkResolver.cpp, line 773]
Event: 38.183 Thread 0x00000213b28eb2b0 Exception <a 'java/lang/NoSuchMethodError'{0x000000008a3b3418}: 'void java.lang.invoke.Invokers$Holder.invokeExact_MT(java.lang.Object, java.lang.Object, java.lang.Object, java.lang.Object)'> (0x000000008a3b3418) 
thrown [s\open\src\hotspot\share\interpreter\linkResolver.cpp, line 773]
Event: 38.587 Thread 0x00000213b28eb2b0 Implicit null exception at 0x000002138845d928 to 0x000002138845f5b4
Event: 38.740 Thread 0x00000213b28eb2b0 Implicit null exception at 0x0000021388643dde to 0x0000021388643e61

ZGC Phase Switch (0 events):
No events

VM Operations (20 events):
Event: 36.809 Executing VM operation: Cleanup
Event: 36.809 Executing VM operation: Cleanup done
Event: 37.663 Executing VM operation: G1CollectForAllocation (G1 Evacuation Pause)
Event: 37.667 Executing VM operation: G1CollectForAllocation (G1 Evacuation Pause) done
Event: 37.903 Executing VM operation: HandshakeAllThreads (Deoptimize)
Event: 37.903 Executing VM operation: HandshakeAllThreads (Deoptimize) done
Event: 38.069 Executing VM operation: G1CollectForAllocation (G1 Evacuation Pause)
Event: 38.073 Executing VM operation: G1CollectForAllocation (G1 Evacuation Pause) done
Event: 38.111 Executing VM operation: G1PauseRemark
Event: 38.116 Executing VM operation: G1PauseRemark done
Event: 38.139 Executing VM operation: G1PauseCleanup
Event: 38.139 Executing VM operation: G1PauseCleanup done
Event: 38.591 Executing VM operation: G1CollectForAllocation (G1 Evacuation Pause)
Event: 38.593 Executing VM operation: G1CollectForAllocation (G1 Evacuation Pause) done
Event: 38.851 Executing VM operation: HandshakeAllThreads (Deoptimize)
Event: 38.851 Executing VM operation: HandshakeAllThreads (Deoptimize) done
Event: 38.855 Executing VM operation: HandshakeAllThreads (Deoptimize)
Event: 38.855 Executing VM operation: HandshakeAllThreads (Deoptimize) done
Event: 39.861 Executing VM operation: Cleanup
Event: 39.861 Executing VM operation: Cleanup done

Events (20 events):
Event: 38.115 Thread 0x00000213ff920660 flushing nmethod 0x0000021380c15e10
Event: 38.115 Thread 0x00000213ff920660 flushing nmethod 0x0000021380c4a090
Event: 38.115 Thread 0x00000213ff920660 flushing nmethod 0x00000213884d1990
Event: 38.115 Thread 0x00000213ff920660 flushing nmethod 0x00000213886b5090
Event: 38.115 Thread 0x00000213ff920660 flushing nmethod 0x0000021388778890
Event: 38.115 Thread 0x00000213ff920660 flushing nmethod 0x0000021388801d10
Event: 38.115 Thread 0x00000213ff920660 flushing nmethod 0x0000021388805810
Event: 38.115 Thread 0x00000213ff920660 flushing nmethod 0x000002138000e190
Event: 38.115 Thread 0x00000213ff920660 flushing nmethod 0x000002138003ed90
Event: 38.115 Thread 0x00000213ff920660 flushing nmethod 0x0000021380096310
Event: 38.115 Thread 0x00000213ff920660 flushing nmethod 0x00000213800fb090
Event: 38.115 Thread 0x00000213ff920660 flushing nmethod 0x00000213800fd490
Event: 38.115 Thread 0x00000213ff920660 flushing nmethod 0x00000213800fd890
Event: 38.115 Thread 0x00000213ff920660 flushing nmethod 0x0000021380326a10
Event: 38.115 Thread 0x00000213ff920660 flushing nmethod 0x0000021380329a90
Event: 38.115 Thread 0x00000213ff920660 flushing nmethod 0x00000213805cdc10
Event: 38.187 Thread 0x00000213b6cfc200 Thread added: 0x00000213b6cfc200
Event: 38.630 Thread 0x00000213b6cfad90 Thread added: 0x00000213b6cfad90
Event: 38.630 Thread 0x00000213b6cf9ff0 Thread added: 0x00000213b6cf9ff0
Event: 38.650 Thread 0x00000213b6cfa6c0 Thread added: 0x00000213b6cfa6c0


Dynamic libraries:
0x00007ff66d530000 - 0x00007ff66d540000 	C:\Program Files\Java\jdk-21.0.11\bin\java.exe
0x00007ffcd07e0000 - 0x00007ffcd0a46000 	C:\WINDOWS\SYSTEM32\ntdll.dll
0x00007ffcce510000 - 0x00007ffcce5d9000 	C:\WINDOWS\System32\KERNEL32.DLL
0x00007ffccdb90000 - 0x00007ffccdf8f000 	C:\WINDOWS\System32\KERNELBASE.dll
0x00007ffcce280000 - 0x00007ffcce3cc000 	C:\WINDOWS\System32\ucrtbase.dll
0x00007ffcbcc70000 - 0x00007ffcbcc89000 	C:\Program Files\Java\jdk-21.0.11\bin\jli.dll
0x00007ffcce9f0000 - 0x00007ffcceaac000 	C:\WINDOWS\System32\ADVAPI32.dll
0x00007ffccece0000 - 0x00007ffcced89000 	C:\WINDOWS\System32\msvcrt.dll
0x00007ffcba0e0000 - 0x00007ffcba0fe000 	C:\Program Files\Java\jdk-21.0.11\bin\VCRUNTIME140.dll
0x00007ffcce740000 - 0x00007ffcce7ea000 	C:\WINDOWS\System32\sechost.dll
0x00007ffccf620000 - 0x00007ffccf738000 	C:\WINDOWS\System32\RPCRT4.dll
0x00007ffcce820000 - 0x00007ffcce9e6000 	C:\WINDOWS\System32\USER32.dll
0x00007ffccdb60000 - 0x00007ffccdb87000 	C:\WINDOWS\System32\win32u.dll
0x00007ffcd06a0000 - 0x00007ffcd06cb000 	C:\WINDOWS\System32\GDI32.dll
0x00007ffcce3e0000 - 0x00007ffcce509000 	C:\WINDOWS\System32\gdi32full.dll
0x00007ffccdab0000 - 0x00007ffccdb53000 	C:\WINDOWS\System32\msvcp_win.dll
0x00007ffc7c5a0000 - 0x00007ffc7c831000 	C:\WINDOWS\WinSxS\amd64_microsoft.windows.common-controls_6595b64144ccf1df_6.0.26100.8972_none_3e0da176e32f9d4b\COMCTL32.dll
0x00007ffcc7540000 - 0x00007ffcc754b000 	C:\WINDOWS\SYSTEM32\VERSION.dll
0x00007ffcd05c0000 - 0x00007ffcd05f2000 	C:\WINDOWS\System32\IMM32.DLL
0x00007ffcbcb90000 - 0x00007ffcbcb9c000 	C:\Program Files\Java\jdk-21.0.11\bin\vcruntime140_1.dll
0x00007ffcb3640000 - 0x00007ffcb36cd000 	C:\Program Files\Java\jdk-21.0.11\bin\msvcp140.dll
0x00007ffc25350000 - 0x00007ffc26078000 	C:\Program Files\Java\jdk-21.0.11\bin\server\jvm.dll
0x00007ffcd0700000 - 0x00007ffcd0782000 	C:\WINDOWS\System32\WS2_32.dll
0x00007ffccd850000 - 0x00007ffccd8ae000 	C:\WINDOWS\SYSTEM32\POWRPROF.dll
0x00007ffcc3960000 - 0x00007ffcc3996000 	C:\WINDOWS\SYSTEM32\WINMM.dll
0x00007ffccd830000 - 0x00007ffccd845000 	C:\WINDOWS\SYSTEM32\UMPDC.dll
0x00007ffccc6a0000 - 0x00007ffccc6bb000 	C:\WINDOWS\SYSTEM32\kernel.appcore.dll
0x00007ffcbace0000 - 0x00007ffcbacea000 	C:\Program Files\Java\jdk-21.0.11\bin\jimage.dll
0x00007ffccac00000 - 0x00007ffccae42000 	C:\WINDOWS\SYSTEM32\DBGHELP.DLL
0x00007ffccf8b0000 - 0x00007ffccfc35000 	C:\WINDOWS\System32\combase.dll
0x00007ffccf740000 - 0x00007ffccf819000 	C:\WINDOWS\System32\OLEAUT32.dll
0x00007ffcbc900000 - 0x00007ffcbc93b000 	C:\WINDOWS\SYSTEM32\dbgcore.DLL
0x00007ffccd9f0000 - 0x00007ffccda9c000 	C:\WINDOWS\System32\bcryptPrimitives.dll
0x00007ffcc8380000 - 0x00007ffcc8390000 	C:\Program Files\Java\jdk-21.0.11\bin\instrument.dll
0x00007ffcb88d0000 - 0x00007ffcb88f1000 	C:\Program Files\Java\jdk-21.0.11\bin\java.dll
0x00007ffccee90000 - 0x00007ffccf618000 	C:\WINDOWS\System32\SHELL32.dll
0x00007ffccb480000 - 0x00007ffccbd1b000 	C:\WINDOWS\SYSTEM32\windows.storage.dll
0x00007ffcced90000 - 0x00007ffccee89000 	C:\WINDOWS\System32\SHCORE.dll
0x00007ffcd0350000 - 0x00007ffcd03b6000 	C:\WINDOWS\System32\shlwapi.dll
0x00007ffccd910000 - 0x00007ffccd939000 	C:\WINDOWS\SYSTEM32\profapi.dll
0x00007ffca2320000 - 0x00007ffca23f7000 	C:\Program Files\Java\jdk-21.0.11\bin\jsvml.dll
0x00007ffcb8650000 - 0x00007ffcb8668000 	C:\Program Files\Java\jdk-21.0.11\bin\zip.dll
0x00007ffcb8b60000 - 0x00007ffcb8b71000 	C:\Program Files\Java\jdk-21.0.11\bin\net.dll
0x00007ffcc61c0000 - 0x00007ffcc62e8000 	C:\WINDOWS\SYSTEM32\WINHTTP.dll
0x00007ffcccc30000 - 0x00007ffcccc9c000 	C:\WINDOWS\system32\mswsock.dll
0x00007ffcb8670000 - 0x00007ffcb8686000 	C:\Program Files\Java\jdk-21.0.11\bin\nio.dll
0x00007ffcbac90000 - 0x00007ffcbaca0000 	C:\Program Files\Java\jdk-21.0.11\bin\verify.dll
0x00007ffcb8580000 - 0x00007ffcb85a7000 	C:\Users\berro\.gradle\native\1def1411415f61bf3af743bc5b6707747c0891f09f0c88961ee8f79bc544acac\windows-amd64\native-platform.dll
0x00007ffcb3740000 - 0x00007ffcb37b8000 	C:\Users\berro\.gradle\native\0.2.7\x86_64-windows-gnu\gradle-fileevents.dll
0x00007ffcc8410000 - 0x00007ffcc841a000 	C:\Program Files\Java\jdk-21.0.11\bin\management.dll
0x00007ffcc83a0000 - 0x00007ffcc83ac000 	C:\Program Files\Java\jdk-21.0.11\bin\management_ext.dll
0x00007ffcd0690000 - 0x00007ffcd0698000 	C:\WINDOWS\System32\PSAPI.DLL
0x00007ffccc050000 - 0x00007ffccc083000 	C:\WINDOWS\SYSTEM32\IPHLPAPI.DLL
0x00007ffcd0790000 - 0x00007ffcd079a000 	C:\WINDOWS\System32\NSI.dll
0x00007ffcba760000 - 0x00007ffcba769000 	C:\Program Files\Java\jdk-21.0.11\bin\extnet.dll
0x00007ffccd050000 - 0x00007ffccd06b000 	C:\WINDOWS\SYSTEM32\CRYPTSP.dll
0x00007ffccc600000 - 0x00007ffccc639000 	C:\WINDOWS\system32\rsaenh.dll
0x00007ffcccce0000 - 0x00007ffcccd12000 	C:\WINDOWS\SYSTEM32\USERENV.dll
0x00007ffccd8e0000 - 0x00007ffccd90a000 	C:\WINDOWS\SYSTEM32\bcrypt.dll
0x00007ffccce90000 - 0x00007ffccce9c000 	C:\WINDOWS\SYSTEM32\CRYPTBASE.dll
0x00007ffcc8390000 - 0x00007ffcc839e000 	C:\Program Files\Java\jdk-21.0.11\bin\sunmscapi.dll
0x00007ffcce0f0000 - 0x00007ffcce26e000 	C:\WINDOWS\System32\CRYPT32.dll
0x00007ffccd1c0000 - 0x00007ffccd1f0000 	C:\WINDOWS\SYSTEM32\ncrypt.dll
0x00007ffccd170000 - 0x00007ffccd1af000 	C:\WINDOWS\SYSTEM32\NTASN1.dll
0x00007ffc89be0000 - 0x00007ffc89be8000 	C:\WINDOWS\system32\wshunix.dll

dbghelp: loaded successfully - version: 4.0.5 - missing functions: none
symbol engine: initialized successfully - sym options: 0x614 - pdb path: .;C:\Program Files\Java\jdk-21.0.11\bin;C:\WINDOWS\SYSTEM32;C:\WINDOWS\WinSxS\amd64_microsoft.windows.common-controls_6595b64144ccf1df_6.0.26100.8972_none_3e0da176e32f9d4b;C:\Program Files\Java\jdk-21.0.11\bin\server;C:\Users\berro\.gradle\native\1def1411415f61bf3af743bc5b6707747c0891f09f0c88961ee8f79bc544acac\windows-amd64;C:\Users\berro\.gradle\native\0.2.7\x86_64-windows-gnu

VM Arguments:
jvm_args: --add-opens=java.base/java.lang=ALL-UNNAMED --add-opens=java.base/java.lang.invoke=ALL-UNNAMED --add-opens=java.base/java.util=ALL-UNNAMED --add-opens=java.prefs/java.util.prefs=ALL-UNNAMED --add-exports=jdk.compiler/com.sun.tools.javac.api=ALL-UNNAMED --add-exports=jdk.compiler/com.sun.tools.javac.util=ALL-UNNAMED --add-opens=java.base/java.util=ALL-UNNAMED --add-opens=java.prefs/java.util.prefs=ALL-UNNAMED --add-opens=java.base/java.nio.charset=ALL-UNNAMED --add-opens=java.base/java.net=ALL-UNNAMED --add-opens=java.base/java.util.concurrent.atomic=ALL-UNNAMED --add-opens=java.xml/javax.xml.namespace=ALL-UNNAMED -XX:MaxMetaspaceSize=512m -XX:ReservedCodeCacheSize=256m -XX:+HeapDumpOnOutOfMemoryError -Xss1m -Xmx2048m -Dfile.encoding=UTF-8 -Duser.country=FR -Duser.language=fr -Duser.variant -javaagent:C:\Users\berro\.gradle\wrapper\dists\gradle-8.14-all\c2qonpi39x1mddn7hk5gh9iqj\gradle-8.14\lib\agents\gradle-instrumentation-agent-8.14.jar 
java_command: org.gradle.launcher.daemon.bootstrap.GradleDaemon 8.14
java_class_path (initial): C:\Users\berro\.gradle\wrapper\dists\gradle-8.14-all\c2qonpi39x1mddn7hk5gh9iqj\gradle-8.14\lib\gradle-daemon-main-8.14.jar
Launcher Type: SUN_STANDARD

[Global flags]
     intx CICompilerCount                          = 12                                        {product} {ergonomic}
   size_t CompressedClassSpaceSize                 = 436207616                                 {product} {ergonomic}
     uint ConcGCThreads                            = 3                                         {product} {ergonomic}
     uint G1ConcRefinementThreads                  = 13                                        {product} {ergonomic}
   size_t G1HeapRegionSize                         = 1048576                                   {product} {ergonomic}
    uintx GCDrainStackTargetSize                   = 64                                        {product} {ergonomic}
     bool HeapDumpOnOutOfMemoryError               = true                                   {manageable} {command line}
   size_t InitialHeapSize                          = 262144000                                 {product} {ergonomic}
   size_t MarkStackSize                            = 4194304                                   {product} {ergonomic}
   size_t MaxHeapSize                              = 2147483648                                {product} {command line}
   size_t MaxMetaspaceSize                         = 536870912                                 {product} {command line}
   size_t MaxNewSize                               = 1287651328                                {product} {ergonomic}
   size_t MinHeapDeltaBytes                        = 1048576                                   {product} {ergonomic}
   size_t MinHeapSize                              = 8388608                                   {product} {ergonomic}
    uintx NonNMethodCodeHeapSize                   = 7602480                                {pd product} {ergonomic}
    uintx NonProfiledCodeHeapSize                  = 130416488                              {pd product} {ergonomic}
    uintx ProfiledCodeHeapSize                     = 130416488                              {pd product} {ergonomic}
    uintx ReservedCodeCacheSize                    = 268435456                              {pd product} {command line}
     bool SegmentedCodeCache                       = true                                      {product} {ergonomic}
   size_t SoftMaxHeapSize                          = 2147483648                             {manageable} {ergonomic}
     intx ThreadStackSize                          = 1024                                   {pd product} {command line}
     bool UseCompressedOops                        = true                           {product lp64_product} {ergonomic}
     bool UseG1GC                                  = true                                      {product} {ergonomic}
     bool UseLargePagesIndividualAllocation        = false                                  {pd product} {ergonomic}

Logging:
Log output configuration:
 #0: stdout all=warning uptime,level,tags foldmultilines=false
 #1: stderr all=off uptime,level,tags foldmultilines=false

Environment Variables:
PATH=C:\Python314\Scripts\;C:\Python314\;C:\Program Files\Common Files\Oracle\Java\javapath;C:\WINDOWS\system32;C:\WINDOWS;C:\WINDOWS\System32\Wbem;C:\WINDOWS\System32\WindowsPowerShell\v1.0\;C:\WINDOWS\System32\OpenSSH\;C:\Program Files\Git\cmd;C:\MinGW\bin;C:\flutter;C:\Program Files\nodejs\;C:\ProgramData\chocolatey\bin;C:\Program Files\nodejs\node_modules\npm\bin;C:\Program Files\PostgreSQL\18\bin;C:\Users\berro\AppData\Local\Programs\Python\Launcher\;C:\Users\berro\AppData\Local\Microsoft\WindowsApps;C:\Users\berro\AppData\Local\Programs\Microsoft VS Code\bin;C:\flutter\bin;C:\Users\berro\AppData\Local\Kingsoft\WPS Office\12.1.0.27458\clitool;C:\Users\berro\AppData\Roaming\npm;
USERNAME=berro
OS=Windows_NT
PROCESSOR_IDENTIFIER=Intel64 Family 6 Model 183 Stepping 1, GenuineIntel
TMP=C:\Users\berro\AppData\Local\Temp
TEMP=C:\Users\berro\AppData\Local\Temp




Periodic native trim disabled

---------------  S Y S T E M  ---------------

OS:
 Windows 11 , 64 bit Build 26100 (10.0.26100.9168)
OS uptime: 2 days 13:19 hours
Hyper-V role detected

CPU: total 16 (initial active 16) (8 cores per cpu, 2 threads per core) family 6 model 183 stepping 1 microcode 0x12b, cx8, cmov, fxsr, ht, mmx, 3dnowpref, sse, sse2, sse3, ssse3, sse4.1, sse4.2, popcnt, lzcnt, tsc, tscinvbit, avx, avx2, aes, erms, clmul, bmi1, bmi2, adx, sha, fma, vzeroupper, clflush, clflushopt, clwb, hv, serialize, rdtscp, rdpid, fsrm, f16c, cet_ibt, cet_ss
Processor Information for processor 0
  Max Mhz: 2500, Current Mhz: 2500, Mhz Limit: 2500
Processor Information for processor 1
  Max Mhz: 2500, Current Mhz: 2500, Mhz Limit: 2500
Processor Information for processor 2
  Max Mhz: 2500, Current Mhz: 2500, Mhz Limit: 2500
Processor Information for processor 3
  Max Mhz: 2500, Current Mhz: 2500, Mhz Limit: 2500
Processor Information for processor 4
  Max Mhz: 2500, Current Mhz: 2500, Mhz Limit: 2500
Processor Information for processor 5
  Max Mhz: 2500, Current Mhz: 2500, Mhz Limit: 2500
Processor Information for processor 6
  Max Mhz: 2500, Current Mhz: 2500, Mhz Limit: 2500
Processor Information for processor 7
  Max Mhz: 2500, Current Mhz: 2500, Mhz Limit: 2500
Processor Information for processor 8
  Max Mhz: 2500, Current Mhz: 2500, Mhz Limit: 2500
Processor Information for processor 9
  Max Mhz: 2500, Current Mhz: 2500, Mhz Limit: 2500
Processor Information for processor 10
  Max Mhz: 2500, Current Mhz: 2500, Mhz Limit: 2500
Processor Information for processor 11
  Max Mhz: 2500, Current Mhz: 2500, Mhz Limit: 2500
Processor Information for processor 12
  Max Mhz: 2500, Current Mhz: 1800, Mhz Limit: 1800
Processor Information for processor 13
  Max Mhz: 2500, Current Mhz: 1800, Mhz Limit: 1800
Processor Information for processor 14
  Max Mhz: 2500, Current Mhz: 1800, Mhz Limit: 1800
Processor Information for processor 15
  Max Mhz: 2500, Current Mhz: 1800, Mhz Limit: 1800

Memory: 4k page, system-wide physical 15998M (585M free)
TotalPageFile size 25990M (AvailPageFile size 3M)
current process WorkingSet (physical memory assigned to process): 465M, peak: 465M
current process commit charge ("private bytes"): 515M, peak: 516M

vm_info: Java HotSpot(TM) 64-Bit Server VM (21.0.11+9-LTS-211) for windows-amd64 JRE (21.0.11+9-LTS-211), built on 2026-03-11T00:23:15Z by "mach5run" with MS VC++ 17.13 (VS2022)

END.
