#
# There is insufficient memory for the Java Runtime Environment to continue.
# Native memory allocation (malloc) failed to allocate 1279856 bytes. Error detail: Chunk::new
# Possible reasons:
#   The system is out of physical RAM or swap space
#   This process is running with CompressedOops enabled, and the Java Heap may be blocking the growth of the native heap
# Possible solutions:
#   Reduce memory load on the system
#   Increase physical memory or swap space
#   Check if swap backing store is full
#   Decrease Java heap size (-Xmx/-Xms)
#   Decrease number of Java threads
#   Decrease Java thread stack sizes (-Xss)
#   Set larger code cache with -XX:ReservedCodeCacheSize=
#   JVM is running with Unscaled Compressed Oops mode in which the Java heap is
#     placed in the first 4GB address space. The Java Heap base address is the
#     maximum limit for the native heap growth. Please use -XX:HeapBaseMinAddress
#     to set the Java Heap base and to place the Java Heap above 4GB virtual address.
# This output file may be truncated or incomplete.
#
#  Out of Memory Error (arena.cpp:168), pid=6560, tid=22620
#
# JRE version: OpenJDK Runtime Environment Temurin-21.0.11+10 (21.0.11+10) (build 21.0.11+10-LTS)
# Java VM: OpenJDK 64-Bit Server VM Temurin-21.0.11+10 (21.0.11+10-LTS, mixed mode, sharing, tiered, compressed oops, compressed class ptrs, parallel gc, windows-amd64)
# No core dump will be written. Minidumps are not enabled by default on client versions of Windows
#

---------------  S U M M A R Y ------------

Command Line: --add-modules=ALL-SYSTEM --add-opens=java.base/java.util=ALL-UNNAMED --add-opens=java.base/java.lang=ALL-UNNAMED --add-opens=java.base/sun.nio.fs=ALL-UNNAMED -Declipse.application=org.eclipse.jdt.ls.core.id1 -Dosgi.bundles.defaultStartLevel=4 -Declipse.product=org.eclipse.jdt.ls.core.product -Djava.import.generatesMetadataFilesAtProjectRoot=false -DDetectVMInstallationsJob.disabled=true -Dfile.encoding=utf8 -XX:+UseParallelGC -XX:GCTimeRatio=4 -XX:AdaptiveSizePolicyWeight=90 -Dsun.zip.disableMemoryMapping=true -Xmx2G -Xms100m -Xlog:disable -javaagent:c:\Users\berro\.vscode\extensions\redhat.java-1.55.0-win32-x64\lombok\lombok-1.18.39-4050.jar -XX:+HeapDumpOnOutOfMemoryError -XX:HeapDumpPath=c:\Users\berro\AppData\Roaming\Code\User\workspaceStorage\d9d662d8687ec3ffb3f06aecfdfc910c\redhat.java -Daether.dependencyCollector.impl=bf c:\Users\berro\.vscode\extensions\redhat.java-1.55.0-win32-x64\server\plugins\org.eclipse.equinox.launcher_1.7.200.v20260619-2039.jar -configuration c:\Users\berro\AppData\Roaming\Code\User\globalStorage\redhat.java\1.55.0\config_win -data c:\Users\berro\AppData\Roaming\Code\User\workspaceStorage\d9d662d8687ec3ffb3f06aecfdfc910c\redhat.java\jdt_ws --pipe=\\.\pipe\lsp-c104d85027006e0c6eb24de502c5f60c-sock

Host: 13th Gen Intel(R) Core(TM) i5-13400, 16 cores, 15G,  Windows 11 , 64 bit Build 26100 (10.0.26100.9168)
Time: Wed Aug 19 15:05:37 2026 Afr. centrale Ouest elapsed time: 5092.563165 seconds (0d 1h 24m 52s)

---------------  T H R E A D  ---------------

Current thread (0x0000019d5c463e80):  JavaThread "C2 CompilerThread1" daemon [_thread_in_native, id=22620, stack(0x0000008a0f800000,0x0000008a0f900000) (1024K)]


Current CompileTask:
C2:5092563 15268       4       org.eclipse.jdt.internal.core.index.DiskIndex::readChunk (266 bytes)

Stack: [0x0000008a0f800000,0x0000008a0f900000]
Native frames: (J=compiled Java code, j=interpreted, Vv=VM code, C=native code)
V  [jvm.dll+0x6d7e19]
V  [jvm.dll+0x8b5096]
V  [jvm.dll+0x8b764e]
V  [jvm.dll+0x8b7d33]
V  [jvm.dll+0x284596]
V  [jvm.dll+0xc685d]
V  [jvm.dll+0xc6da1]
V  [jvm.dll+0x3bed31]
V  [jvm.dll+0x38b2b2]
V  [jvm.dll+0x38a6fa]
V  [jvm.dll+0x24c700]
V  [jvm.dll+0x24bce0]
V  [jvm.dll+0x1cb4ae]
V  [jvm.dll+0x25baad]
V  [jvm.dll+0x25a03a]
V  [jvm.dll+0x3f868e]
V  [jvm.dll+0x85fb0d]
V  [jvm.dll+0x6d664d]
C  [ucrtbase.dll+0x2cd30]
C  [KERNEL32.DLL+0x2ccb7]
C  [ntdll.dll+0xaad6c]


---------------  P R O C E S S  ---------------

Threads class SMR info:
_java_thread_list=0x0000019d68208b50, length=68, elements={
0x0000019d790b1360, 0x0000019d7903b8f0, 0x0000019d7903f290, 0x0000019d79045610,
0x0000019d790462f0, 0x0000019d79048230, 0x0000019d7de25cd0, 0x0000019d7de267e0,
0x0000019d7de5dcb0, 0x0000019d7e09e9d0, 0x0000019d7f8047d0, 0x0000019d581e4b20,
0x0000019d5821afa0, 0x0000019d58239650, 0x0000019d5824bd60, 0x0000019d58b9e010,
0x0000019d58861820, 0x0000019d589f2220, 0x0000019d5835a150, 0x0000019d58358080,
0x0000019d58359430, 0x0000019d58358da0, 0x0000019d5835a7e0, 0x0000019d5835ae70,
0x0000019d587896e0, 0x0000019d5878aa90, 0x0000019d58789d70, 0x0000019d5878a400,
0x0000019d587889c0, 0x0000019d5878b120, 0x0000019d58789050, 0x0000019d58787ca0,
0x0000019d58788330, 0x0000019d5a9f3310, 0x0000019d5a9f39a0, 0x0000019d5a9f2c80,
0x0000019d5a9f4030, 0x0000019d5a9f46c0, 0x0000019d5a9f25f0, 0x0000019d5a9f4d50,
0x0000019d5a9f6100, 0x0000019d5a9f74b0, 0x0000019d5a9f5a70, 0x0000019d5e1d8130,
0x0000019d58359ac0, 0x0000019d58358710, 0x0000019d5e1d3270, 0x0000019d5e1d87c0,
0x0000019d5e1d8e50, 0x0000019d5e1d6060, 0x0000019d5e1d2be0, 0x0000019d5c969280,
0x0000019d5c969fa0, 0x0000019d5c96b350, 0x0000019d5c967ed0, 0x0000019d5c96a630,
0x0000019d5c96c070, 0x0000019d5c96acc0, 0x0000019d5c968560, 0x0000019d5c96f4f0,
0x0000019d5c96d420, 0x0000019d5c2894c0, 0x0000019d5c28cfd0, 0x0000019d5c28b590,
0x0000019d5c289b50, 0x0000019d5c463e80, 0x0000019d5c28af00, 0x0000019d5c28f0a0
}

Java Threads: ( => current thread )
  0x0000019d790b1360 JavaThread "main"                              [_thread_blocked, id=11740, stack(0x0000008a0aa00000,0x0000008a0ab00000) (1024K)]
  0x0000019d7903b8f0 JavaThread "Reference Handler"          daemon [_thread_blocked, id=23920, stack(0x0000008a0ae00000,0x0000008a0af00000) (1024K)]
  0x0000019d7903f290 JavaThread "Finalizer"                  daemon [_thread_blocked, id=3632, stack(0x0000008a0af00000,0x0000008a0b000000) (1024K)]
  0x0000019d79045610 JavaThread "Signal Dispatcher"          daemon [_thread_blocked, id=7852, stack(0x0000008a0b000000,0x0000008a0b100000) (1024K)]
  0x0000019d790462f0 JavaThread "Attach Listener"            daemon [_thread_blocked, id=1844, stack(0x0000008a0b100000,0x0000008a0b200000) (1024K)]
  0x0000019d79048230 JavaThread "Service Thread"             daemon [_thread_blocked, id=26416, stack(0x0000008a0b200000,0x0000008a0b300000) (1024K)]
  0x0000019d7de25cd0 JavaThread "Monitor Deflation Thread"   daemon [_thread_blocked, id=13760, stack(0x0000008a0b300000,0x0000008a0b400000) (1024K)]
  0x0000019d7de267e0 JavaThread "C2 CompilerThread0"         daemon [_thread_blocked, id=28444, stack(0x0000008a0b400000,0x0000008a0b500000) (1024K)]
  0x0000019d7de5dcb0 JavaThread "C1 CompilerThread0"         daemon [_thread_blocked, id=12180, stack(0x0000008a0b500000,0x0000008a0b600000) (1024K)]
  0x0000019d7e09e9d0 JavaThread "Common-Cleaner"             daemon [_thread_blocked, id=2004, stack(0x0000008a0b800000,0x0000008a0b900000) (1024K)]
  0x0000019d7f8047d0 JavaThread "Notification Thread"        daemon [_thread_blocked, id=5996, stack(0x0000008a0ba00000,0x0000008a0bb00000) (1024K)]
  0x0000019d581e4b20 JavaThread "Active Thread: Equinox Container: 86e6b805-644d-416a-aefb-11bf89fdbfdd"        [_thread_blocked, id=3988, stack(0x0000008a0c400000,0x0000008a0c500000) (1024K)]
  0x0000019d5821afa0 JavaThread "Refresh Thread: Equinox Container: 86e6b805-644d-416a-aefb-11bf89fdbfdd" daemon [_thread_blocked, id=29104, stack(0x0000008a0bb00000,0x0000008a0bc00000) (1024K)]
  0x0000019d58239650 JavaThread "Framework Event Dispatcher: Equinox Container: 86e6b805-644d-416a-aefb-11bf89fdbfdd" daemon [_thread_blocked, id=3672, stack(0x0000008a0c200000,0x0000008a0c300000) (1024K)]
  0x0000019d5824bd60 JavaThread "Start Level: Equinox Container: 86e6b805-644d-416a-aefb-11bf89fdbfdd" daemon [_thread_blocked, id=26204, stack(0x0000008a0c300000,0x0000008a0c400000) (1024K)]
  0x0000019d58b9e010 JavaThread "Bundle File Closer"         daemon [_thread_blocked, id=15636, stack(0x0000008a0cb00000,0x0000008a0cc00000) (1024K)]
  0x0000019d58861820 JavaThread "SCR Component Actor"        daemon [_thread_blocked, id=29048, stack(0x0000008a0b700000,0x0000008a0b800000) (1024K)]
  0x0000019d589f2220 JavaThread "Worker-JM"                         [_thread_blocked, id=7712, stack(0x0000008a0cd00000,0x0000008a0ce00000) (1024K)]
  0x0000019d5835a150 JavaThread "JNA Cleaner"                daemon [_thread_blocked, id=15652, stack(0x0000008a0cf00000,0x0000008a0d000000) (1024K)]
  0x0000019d58358080 JavaThread "Worker-0"                          [_thread_blocked, id=24556, stack(0x0000008a0d000000,0x0000008a0d100000) (1024K)]
  0x0000019d58359430 JavaThread "Java indexing"              daemon [_thread_in_Java, id=7580, stack(0x0000008a0d400000,0x0000008a0d500000) (1024K)]
  0x0000019d58358da0 JavaThread "Worker-3: Updating project configurations"        [_thread_blocked, id=24132, stack(0x0000008a0d800000,0x0000008a0d900000) (1024K)]
  0x0000019d5835a7e0 JavaThread "Thread-1"                   daemon [_thread_in_native, id=20540, stack(0x0000008a0d900000,0x0000008a0da00000) (1024K)]
  0x0000019d5835ae70 JavaThread "Thread-2"                   daemon [_thread_in_native, id=12620, stack(0x0000008a0da00000,0x0000008a0db00000) (1024K)]
  0x0000019d587896e0 JavaThread "Thread-3"                   daemon [_thread_in_native, id=27212, stack(0x0000008a0db00000,0x0000008a0dc00000) (1024K)]
  0x0000019d5878aa90 JavaThread "Thread-4"                   daemon [_thread_in_native, id=26644, stack(0x0000008a0dc00000,0x0000008a0dd00000) (1024K)]
  0x0000019d58789d70 JavaThread "Thread-5"                   daemon [_thread_in_native, id=23632, stack(0x0000008a0dd00000,0x0000008a0de00000) (1024K)]
  0x0000019d5878a400 JavaThread "Thread-6"                   daemon [_thread_in_native, id=6936, stack(0x0000008a0de00000,0x0000008a0df00000) (1024K)]
  0x0000019d587889c0 JavaThread "Thread-7"                   daemon [_thread_in_native, id=28792, stack(0x0000008a0df00000,0x0000008a0e000000) (1024K)]
  0x0000019d5878b120 JavaThread "Thread-8"                   daemon [_thread_in_native, id=5392, stack(0x0000008a0e000000,0x0000008a0e100000) (1024K)]
  0x0000019d58789050 JavaThread "Thread-9"                   daemon [_thread_in_native, id=14856, stack(0x0000008a0e100000,0x0000008a0e200000) (1024K)]
  0x0000019d58787ca0 JavaThread "Thread-10"                  daemon [_thread_in_native, id=11852, stack(0x0000008a0e200000,0x0000008a0e300000) (1024K)]
  0x0000019d58788330 JavaThread "Thread-11"                  daemon [_thread_in_native, id=13848, stack(0x0000008a0e300000,0x0000008a0e400000) (1024K)]
  0x0000019d5a9f3310 JavaThread "Thread-12"                  daemon [_thread_in_native, id=29116, stack(0x0000008a0e400000,0x0000008a0e500000) (1024K)]
  0x0000019d5a9f39a0 JavaThread "Thread-13"                  daemon [_thread_in_native, id=25664, stack(0x0000008a0e500000,0x0000008a0e600000) (1024K)]
  0x0000019d5a9f2c80 JavaThread "Thread-14"                  daemon [_thread_in_native, id=4952, stack(0x0000008a0e600000,0x0000008a0e700000) (1024K)]
  0x0000019d5a9f4030 JavaThread "Thread-15"                  daemon [_thread_in_native, id=20484, stack(0x0000008a0e700000,0x0000008a0e800000) (1024K)]
  0x0000019d5a9f46c0 JavaThread "Thread-16"                  daemon [_thread_in_native, id=4756, stack(0x0000008a0e800000,0x0000008a0e900000) (1024K)]
  0x0000019d5a9f25f0 JavaThread "Thread-17"                  daemon [_thread_in_native, id=22728, stack(0x0000008a0e900000,0x0000008a0ea00000) (1024K)]
  0x0000019d5a9f4d50 JavaThread "pool-2-thread-1"                   [_thread_blocked, id=27340, stack(0x0000008a0ea00000,0x0000008a0eb00000) (1024K)]
  0x0000019d5a9f6100 JavaThread "WorkspaceEventsHandler"            [_thread_blocked, id=7348, stack(0x0000008a0f000000,0x0000008a0f100000) (1024K)]
  0x0000019d5a9f74b0 JavaThread "pool-1-thread-1"                   [_thread_blocked, id=2492, stack(0x0000008a0f100000,0x0000008a0f200000) (1024K)]
  0x0000019d5a9f5a70 JavaThread "Timer-0"                           [_thread_blocked, id=13416, stack(0x0000008a0f500000,0x0000008a0f600000) (1024K)]
  0x0000019d5e1d8130 JavaThread "Timer-1"                           [_thread_blocked, id=10932, stack(0x0000008a0d200000,0x0000008a0d300000) (1024K)]
  0x0000019d58359ac0 JavaThread "Timer-2"                           [_thread_blocked, id=24108, stack(0x0000008a0d600000,0x0000008a0d700000) (1024K)]
  0x0000019d58358710 JavaThread "Timer-3"                           [_thread_blocked, id=26164, stack(0x0000008a0d700000,0x0000008a0d800000) (1024K)]
  0x0000019d5e1d3270 JavaThread "Timer-4"                           [_thread_blocked, id=26296, stack(0x0000008a0ee00000,0x0000008a0ef00000) (1024K)]
  0x0000019d5e1d87c0 JavaThread "Timer-5"                           [_thread_blocked, id=22976, stack(0x0000008a0f600000,0x0000008a0f700000) (1024K)]
  0x0000019d5e1d8e50 JavaThread "Timer-6"                           [_thread_blocked, id=25404, stack(0x0000008a0a700000,0x0000008a0a800000) (1024K)]
  0x0000019d5e1d6060 JavaThread "Timer-7"                           [_thread_blocked, id=18148, stack(0x0000008a0c600000,0x0000008a0c700000) (1024K)]
  0x0000019d5e1d2be0 JavaThread "Timer-8"                           [_thread_blocked, id=6232, stack(0x0000008a0a800000,0x0000008a0a900000) (1024K)]
  0x0000019d5c969280 JavaThread "Compiler Source File Reader" daemon [_thread_blocked, id=21728, stack(0x0000008a0a900000,0x0000008a0aa00000) (1024K)]
  0x0000019d5c969fa0 JavaThread "Timer-9"                           [_thread_blocked, id=22444, stack(0x0000008a0b600000,0x0000008a0b700000) (1024K)]
  0x0000019d5c96b350 JavaThread "Timer-10"                          [_thread_blocked, id=15300, stack(0x0000008a0c500000,0x0000008a0c600000) (1024K)]
  0x0000019d5c967ed0 JavaThread "Timer-11"                          [_thread_blocked, id=9492, stack(0x0000008a0c700000,0x0000008a0c800000) (1024K)]
  0x0000019d5c96a630 JavaThread "Timer-12"                          [_thread_blocked, id=10472, stack(0x0000008a0d100000,0x0000008a0d200000) (1024K)]
  0x0000019d5c96c070 JavaThread "Worker-12"                         [_thread_blocked, id=25452, stack(0x0000008a0ec00000,0x0000008a0ed00000) (1024K)]
  0x0000019d5c96acc0 JavaThread "Timer-13"                          [_thread_blocked, id=1708, stack(0x0000008a0d300000,0x0000008a0d400000) (1024K)]
  0x0000019d5c968560 JavaThread "Timer-14"                          [_thread_blocked, id=25968, stack(0x0000008a0d500000,0x0000008a0d600000) (1024K)]
  0x0000019d5c96f4f0 JavaThread "Worker-13"                         [_thread_blocked, id=26124, stack(0x0000008a0f300000,0x0000008a0f400000) (1024K)]
  0x0000019d5c96d420 JavaThread "Worker-14: Updating workspace"        [_thread_in_native, id=15712, stack(0x0000008a0f700000,0x0000008a0f800000) (1024K)]
  0x0000019d5c2894c0 JavaThread "Timer-15"                          [_thread_blocked, id=4696, stack(0x0000008a0ed00000,0x0000008a0ee00000) (1024K)]
  0x0000019d5c28cfd0 JavaThread "Connection worker"                 [_thread_blocked, id=27684, stack(0x0000008a0ef00000,0x0000008a0f000000) (1024K)]
  0x0000019d5c28b590 JavaThread "pool-24-thread-1"                  [_thread_blocked, id=20304, stack(0x0000008a0f200000,0x0000008a0f300000) (1024K)]
  0x0000019d5c289b50 JavaThread "Exec process Thread 7"             [_thread_in_native, id=27608, stack(0x0000008a0f400000,0x0000008a0f500000) (1024K)]
=>0x0000019d5c463e80 JavaThread "C2 CompilerThread1"         daemon [_thread_in_native, id=22620, stack(0x0000008a0f800000,0x0000008a0f900000) (1024K)]
  0x0000019d5c28af00 JavaThread "Exec process Thread 8"             [_thread_in_native, id=12816, stack(0x0000008a0f900000,0x0000008a0fa00000) (1024K)]
  0x0000019d5c28f0a0 JavaThread "Exec process Thread 9"             [_thread_in_native, id=12776, stack(0x0000008a0fa00000,0x0000008a0fb00000) (1024K)]
Total: 68

Other Threads:
  0x0000019d7de24920 VMThread "VM Thread"                           [id=17840, stack(0x0000008a0ad00000,0x0000008a0ae00000) (1024K)]
  0x0000019d78f2ca00 WatcherThread "VM Periodic Task Thread"        [id=12968, stack(0x0000008a0ac00000,0x0000008a0ad00000) (1024K)]
  0x0000019d790c8340 WorkerThread "GC Thread#0"                     [id=29272, stack(0x0000008a0ab00000,0x0000008a0ac00000) (1024K)]
  0x0000019d7fe055d0 WorkerThread "GC Thread#1"                     [id=29172, stack(0x0000008a0bc00000,0x0000008a0bd00000) (1024K)]
  0x0000019d7fe850b0 WorkerThread "GC Thread#2"                     [id=17284, stack(0x0000008a0bd00000,0x0000008a0be00000) (1024K)]
  0x0000019d7fe85460 WorkerThread "GC Thread#3"                     [id=5148, stack(0x0000008a0be00000,0x0000008a0bf00000) (1024K)]
  0x0000019d7feee560 WorkerThread "GC Thread#4"                     [id=9416, stack(0x0000008a0bf00000,0x0000008a0c000000) (1024K)]
  0x0000019d7feee910 WorkerThread "GC Thread#5"                     [id=25240, stack(0x0000008a0c000000,0x0000008a0c100000) (1024K)]
  0x0000019d7fbd1f00 WorkerThread "GC Thread#6"                     [id=28940, stack(0x0000008a0c100000,0x0000008a0c200000) (1024K)]
  0x0000019d7fbd13f0 WorkerThread "GC Thread#7"                     [id=26420, stack(0x0000008a0b900000,0x0000008a0ba00000) (1024K)]
  0x0000019d7fbd17a0 WorkerThread "GC Thread#8"                     [id=5028, stack(0x0000008a0c800000,0x0000008a0c900000) (1024K)]
  0x0000019d7fbd0530 WorkerThread "GC Thread#9"                     [id=9464, stack(0x0000008a0c900000,0x0000008a0ca00000) (1024K)]
  0x0000019d7fbd08e0 WorkerThread "GC Thread#10"                    [id=27456, stack(0x0000008a0ca00000,0x0000008a0cb00000) (1024K)]
  0x0000019d7fbd0c90 WorkerThread "GC Thread#11"                    [id=19400, stack(0x0000008a0cc00000,0x0000008a0cd00000) (1024K)]
  0x0000019d7fbd1040 WorkerThread "GC Thread#12"                    [id=8692, stack(0x0000008a0ce00000,0x0000008a0cf00000) (1024K)]
Total: 15

Threads with active compile tasks:
C2 CompilerThread1  5092625 15268       4       org.eclipse.jdt.internal.core.index.DiskIndex::readChunk (266 bytes)
Total: 1

VM state: not at safepoint (normal execution)

VM Mutex/Monitor currently owned by a thread: None

Heap address: 0x0000000080000000, size: 2048 MB, Compressed Oops mode: 32-bit

CDS archive(s) mapped at: [0x0000019d13000000-0x0000019d13ba0000-0x0000019d13ba0000), size 12189696, SharedBaseAddress: 0x0000019d13000000, ArchiveRelocationMode: 1.
Compressed class space mapped at: 0x0000019d14000000-0x0000019d54000000, reserved size: 1073741824
Narrow klass base: 0x0000019d13000000, Narrow klass shift: 0, Narrow klass range: 0x100000000

GC Precious Log:
 CardTable entry size: 512
 CPUs: 16 total, 16 available
 Memory: 15998M
 Large Page Support: Disabled
 NUMA Support: Disabled
 Compressed Oops: Enabled (32-bit)
 Alignments: Space 512K, Generation 512K, Heap 2M
 Heap Min Capacity: 100M
 Heap Initial Capacity: 100M
 Heap Max Capacity: 2G
 Pre-touch: Disabled
 Parallel Workers: 13

Heap:
 PSYoungGen      total 6656K, used 5426K [0x00000000d5580000, 0x00000000d6280000, 0x0000000100000000)
  eden space 3072K, 71% used [0x00000000d5580000,0x00000000d57ae788,0x00000000d5880000)
  from space 3584K, 90% used [0x00000000d5880000,0x00000000d5ba8000,0x00000000d5c00000)
  to   space 5120K, 0% used [0x00000000d5d80000,0x00000000d5d80000,0x00000000d6280000)
 ParOldGen       total 1062400K, used 1062311K [0x0000000080000000, 0x00000000c0d80000, 0x00000000d5580000)
  object space 1062400K, 99% used [0x0000000080000000,0x00000000c0d69e40,0x00000000c0d80000)
 Metaspace       used 105496K, committed 107712K, reserved 1179648K
  class space    used 13766K, committed 14784K, reserved 1048576K

Card table byte_map: [0x0000019d78a40000,0x0000019d78e50000] _byte_map_base: 0x0000019d78640000

Marking Bits: (ParMarkBitMap*) 0x00007ff95cc44460
 Begin Bits: [0x0000019d0f000000, 0x0000019d11000000)
 End Bits:   [0x0000019d11000000, 0x0000019d13000000)

Polling page: 0x0000019d76e80000

Metaspace:

Usage:
  Non-class:     89.58 MB used.
      Class:     13.44 MB used.
       Both:    103.02 MB used.

Virtual space:
  Non-class space:      128.00 MB reserved,      90.75 MB ( 71%) committed,  2 nodes.
      Class space:        1.00 GB reserved,      14.44 MB (  1%) committed,  1 nodes.
             Both:        1.12 GB reserved,     105.19 MB (  9%) committed. 

Chunk freelists:
   Non-Class:  4.89 MB
       Class:  1.62 MB
        Both:  6.51 MB

MaxMetaspaceSize: unlimited
CompressedClassSpaceSize: 1.00 GB
Initial GC threshold: 21.00 MB
Current GC threshold: 148.69 MB
CDS: on
 - commit_granule_bytes: 65536.
 - commit_granule_words: 8192.
 - virtual_space_node_default_size: 8388608.
 - enlarge_chunks_in_place: 1.
 - use_allocation_guard: 0.


Internal statistics:

num_allocs_failed_limit: 9.
num_arena_births: 2152.
num_arena_deaths: 14.
num_vsnodes_births: 3.
num_vsnodes_deaths: 0.
num_space_committed: 1683.
num_space_uncommitted: 0.
num_chunks_returned_to_freelist: 23.
num_chunks_taken_from_freelist: 6757.
num_chunk_merges: 15.
num_chunk_splits: 4443.
num_chunks_enlarged: 2863.
num_inconsistent_stats: 0.

CodeHeap 'non-profiled nmethods': size=119168Kb used=14793Kb max_used=14793Kb free=104374Kb
 bounds [0x0000019d07ba0000, 0x0000019d08a20000, 0x0000019d0f000000]
CodeHeap 'profiled nmethods': size=119104Kb used=30838Kb max_used=30838Kb free=88265Kb
 bounds [0x0000019d00000000, 0x0000019d01e20000, 0x0000019d07450000]
CodeHeap 'non-nmethods': size=7488Kb used=1482Kb max_used=3196Kb free=6005Kb
 bounds [0x0000019d07450000, 0x0000019d077d0000, 0x0000019d07ba0000]
CodeCache: size=245760Kb, used=47113Kb, max_used=48827Kb, free=198644Kb
 total_blobs=14522, nmethods=13722, adapters=705, full_count=0
Compilation: enabled, stopped_count=0, restarted_count=0

Compilation events (20 events):
Event: 5091.513 Thread 0x0000019d7de5dcb0 nmethod 15262 0x0000019d01e0c490 code [0x0000019d01e0c620, 0x0000019d01e0c728]
Event: 5091.513 Thread 0x0000019d7de5dcb0 15263       3       java.util.LinkedHashMap::keySet (5 bytes)
Event: 5091.513 Thread 0x0000019d7de5dcb0 nmethod 15263 0x0000019d01e0c790 code [0x0000019d01e0c940, 0x0000019d01e0cb00]
Event: 5091.513 Thread 0x0000019d7de267e0 nmethod 15250 0x0000019d08a0a610 code [0x0000019d08a0a7a0, 0x0000019d08a0a8d8]
Event: 5091.514 Thread 0x0000019d7de5dcb0 15264       3       org.eclipse.jdt.internal.core.JavaModel::equals (15 bytes)
Event: 5091.514 Thread 0x0000019d7de5dcb0 nmethod 15264 0x0000019d01e0cb90 code [0x0000019d01e0cd40, 0x0000019d01e0cfd8]
Event: 5091.516 Thread 0x0000019d5c463e80 nmethod 15261 0x0000019d08a0aa10 code [0x0000019d08a0ac20, 0x0000019d08a0b2f8]
Event: 5091.520 Thread 0x0000019d7de5dcb0 15265 % !   3       org.eclipse.jdt.internal.core.ClasspathChange::requestIndexing @ 368 (585 bytes)
Event: 5091.521 Thread 0x0000019d7de5dcb0 nmethod 15265% 0x0000019d01e0d090 code [0x0000019d01e0d540, 0x0000019d01e0fbf8]
Event: 5091.521 Thread 0x0000019d7de5dcb0 15266   !   3       org.eclipse.jdt.internal.core.ClasspathChange::requestIndexing (585 bytes)
Event: 5091.522 Thread 0x0000019d7de267e0 15267       4       sun.security.provider.HashDrbg::addBytes (130 bytes)
Event: 5091.522 Thread 0x0000019d7de5dcb0 nmethod 15266 0x0000019d01e10c10 code [0x0000019d01e110a0, 0x0000019d01e131a0]
Event: 5091.523 Thread 0x0000019d5c463e80 15268       4       org.eclipse.jdt.internal.core.index.DiskIndex::readChunk (266 bytes)
Event: 5091.524 Thread 0x0000019d7de5dcb0 15269 %     3       org.eclipse.jdt.internal.core.index.DiskIndex::computeDocumentNames @ 237 (607 bytes)
Event: 5091.525 Thread 0x0000019d7de267e0 nmethod 15267 0x0000019d08a0b990 code [0x0000019d08a0bb20, 0x0000019d08a0be68]
Event: 5091.525 Thread 0x0000019d7de5dcb0 nmethod 15269% 0x0000019d01e14090 code [0x0000019d01e144e0, 0x0000019d01e16e48]
Event: 5091.526 Thread 0x0000019d7de267e0 15270       4       org.eclipse.jdt.internal.core.index.DiskIndex::readStreamChars (529 bytes)
Event: 5091.532 Thread 0x0000019d7de5dcb0 15272       3       java.lang.invoke.DelegatingMethodHandle$Holder::reinvoke_L (18 bytes)
Event: 5091.532 Thread 0x0000019d7de5dcb0 nmethod 15272 0x0000019d01e18110 code [0x0000019d01e182e0, 0x0000019d01e18768]
Event: 5091.532 Thread 0x0000019d7de5dcb0 15273 %     3       org.eclipse.jdt.internal.core.index.DiskIndex::computeDocumentNames @ 186 (607 bytes)

GC Heap History (20 events):
Event: 5046.207 GC heap before
{Heap before GC invocations=3541 (full 4):
 PSYoungGen      total 7680K, used 7552K [0x00000000d5580000, 0x00000000d6000000, 0x0000000100000000)
  eden space 7168K, 100% used [0x00000000d5580000,0x00000000d5c80000,0x00000000d5c80000)
  from space 512K, 75% used [0x00000000d5f00000,0x00000000d5f60000,0x00000000d5f80000)
  to   space 512K, 0% used [0x00000000d5f80000,0x00000000d5f80000,0x00000000d6000000)
 ParOldGen       total 1050112K, used 1049885K [0x0000000080000000, 0x00000000c0180000, 0x00000000d5580000)
  object space 1050112K, 99% used [0x0000000080000000,0x00000000c0147788,0x00000000c0180000)
 Metaspace       used 104306K, committed 106496K, reserved 1179648K
  class space    used 13625K, committed 14592K, reserved 1048576K
}
Event: 5046.208 GC heap after
{Heap after GC invocations=3541 (full 4):
 PSYoungGen      total 7680K, used 384K [0x00000000d5580000, 0x00000000d6000000, 0x0000000100000000)
  eden space 7168K, 0% used [0x00000000d5580000,0x00000000d5580000,0x00000000d5c80000)
  from space 512K, 75% used [0x00000000d5f80000,0x00000000d5fe0000,0x00000000d6000000)
  to   space 512K, 0% used [0x00000000d5f00000,0x00000000d5f00000,0x00000000d5f80000)
 ParOldGen       total 1050112K, used 1050061K [0x0000000080000000, 0x00000000c0180000, 0x00000000d5580000)
  object space 1050112K, 99% used [0x0000000080000000,0x00000000c0173788,0x00000000c0180000)
 Metaspace       used 104306K, committed 106496K, reserved 1179648K
  class space    used 13625K, committed 14592K, reserved 1048576K
}
Event: 5047.726 GC heap before
{Heap before GC invocations=3542 (full 4):
 PSYoungGen      total 7680K, used 7552K [0x00000000d5580000, 0x00000000d6000000, 0x0000000100000000)
  eden space 7168K, 100% used [0x00000000d5580000,0x00000000d5c80000,0x00000000d5c80000)
  from space 512K, 75% used [0x00000000d5f80000,0x00000000d5fe0000,0x00000000d6000000)
  to   space 512K, 0% used [0x00000000d5f00000,0x00000000d5f00000,0x00000000d5f80000)
 ParOldGen       total 1050112K, used 1050061K [0x0000000080000000, 0x00000000c0180000, 0x00000000d5580000)
  object space 1050112K, 99% used [0x0000000080000000,0x00000000c0173788,0x00000000c0180000)
 Metaspace       used 104880K, committed 107072K, reserved 1179648K
  class space    used 13698K, committed 14656K, reserved 1048576K
}
Event: 5047.728 GC heap after
{Heap after GC invocations=3542 (full 4):
 PSYoungGen      total 7680K, used 416K [0x00000000d5580000, 0x00000000d6000000, 0x0000000100000000)
  eden space 7168K, 0% used [0x00000000d5580000,0x00000000d5580000,0x00000000d5c80000)
  from space 512K, 81% used [0x00000000d5f00000,0x00000000d5f68000,0x00000000d5f80000)
  to   space 512K, 0% used [0x00000000d5f80000,0x00000000d5f80000,0x00000000d6000000)
 ParOldGen       total 1050624K, used 1050285K [0x0000000080000000, 0x00000000c0200000, 0x00000000d5580000)
  object space 1050624K, 99% used [0x0000000080000000,0x00000000c01ab498,0x00000000c0200000)
 Metaspace       used 104880K, committed 107072K, reserved 1179648K
  class space    used 13698K, committed 14656K, reserved 1048576K
}
Event: 5057.044 GC heap before
{Heap before GC invocations=3543 (full 4):
 PSYoungGen      total 7680K, used 7584K [0x00000000d5580000, 0x00000000d6000000, 0x0000000100000000)
  eden space 7168K, 100% used [0x00000000d5580000,0x00000000d5c80000,0x00000000d5c80000)
  from space 512K, 81% used [0x00000000d5f00000,0x00000000d5f68000,0x00000000d5f80000)
  to   space 512K, 0% used [0x00000000d5f80000,0x00000000d5f80000,0x00000000d6000000)
 ParOldGen       total 1050624K, used 1050285K [0x0000000080000000, 0x00000000c0200000, 0x00000000d5580000)
  object space 1050624K, 99% used [0x0000000080000000,0x00000000c01ab498,0x00000000c0200000)
 Metaspace       used 105205K, committed 107392K, reserved 1179648K
  class space    used 13741K, committed 14720K, reserved 1048576K
}
Event: 5057.045 GC heap after
{Heap after GC invocations=3543 (full 4):
 PSYoungGen      total 7680K, used 448K [0x00000000d5580000, 0x00000000d6000000, 0x0000000100000000)
  eden space 7168K, 0% used [0x00000000d5580000,0x00000000d5580000,0x00000000d5c80000)
  from space 512K, 87% used [0x00000000d5f80000,0x00000000d5ff0000,0x00000000d6000000)
  to   space 512K, 0% used [0x00000000d5f00000,0x00000000d5f00000,0x00000000d5f80000)
 ParOldGen       total 1050624K, used 1050405K [0x0000000080000000, 0x00000000c0200000, 0x00000000d5580000)
  object space 1050624K, 99% used [0x0000000080000000,0x00000000c01c9498,0x00000000c0200000)
 Metaspace       used 105205K, committed 107392K, reserved 1179648K
  class space    used 13741K, committed 14720K, reserved 1048576K
}
Event: 5063.860 GC heap before
{Heap before GC invocations=3544 (full 4):
 PSYoungGen      total 7680K, used 7600K [0x00000000d5580000, 0x00000000d6000000, 0x0000000100000000)
  eden space 7168K, 99% used [0x00000000d5580000,0x00000000d5c7c3f0,0x00000000d5c80000)
  from space 512K, 87% used [0x00000000d5f80000,0x00000000d5ff0000,0x00000000d6000000)
  to   space 512K, 0% used [0x00000000d5f00000,0x00000000d5f00000,0x00000000d5f80000)
 ParOldGen       total 1050624K, used 1050405K [0x0000000080000000, 0x00000000c0200000, 0x00000000d5580000)
  object space 1050624K, 99% used [0x0000000080000000,0x00000000c01c9498,0x00000000c0200000)
 Metaspace       used 105263K, committed 107456K, reserved 1179648K
  class space    used 13751K, committed 14720K, reserved 1048576K
}
Event: 5063.862 GC heap after
{Heap after GC invocations=3544 (full 4):
 PSYoungGen      total 7680K, used 416K [0x00000000d5580000, 0x00000000d6000000, 0x0000000100000000)
  eden space 7168K, 0% used [0x00000000d5580000,0x00000000d5580000,0x00000000d5c80000)
  from space 512K, 81% used [0x00000000d5f00000,0x00000000d5f68000,0x00000000d5f80000)
  to   space 512K, 0% used [0x00000000d5f80000,0x00000000d5f80000,0x00000000d6000000)
 ParOldGen       total 1051648K, used 1051402K [0x0000000080000000, 0x00000000c0300000, 0x00000000d5580000)
  object space 1051648K, 99% used [0x0000000080000000,0x00000000c02c29a8,0x00000000c0300000)
 Metaspace       used 105263K, committed 107456K, reserved 1179648K
  class space    used 13751K, committed 14720K, reserved 1048576K
}
Event: 5071.694 GC heap before
{Heap before GC invocations=3545 (full 4):
 PSYoungGen      total 7680K, used 7584K [0x00000000d5580000, 0x00000000d6000000, 0x0000000100000000)
  eden space 7168K, 100% used [0x00000000d5580000,0x00000000d5c80000,0x00000000d5c80000)
  from space 512K, 81% used [0x00000000d5f00000,0x00000000d5f68000,0x00000000d5f80000)
  to   space 512K, 0% used [0x00000000d5f80000,0x00000000d5f80000,0x00000000d6000000)
 ParOldGen       total 1051648K, used 1051402K [0x0000000080000000, 0x00000000c0300000, 0x00000000d5580000)
  object space 1051648K, 99% used [0x0000000080000000,0x00000000c02c29a8,0x00000000c0300000)
 Metaspace       used 105429K, committed 107648K, reserved 1179648K
  class space    used 13766K, committed 14784K, reserved 1048576K
}
Event: 5071.697 GC heap after
{Heap after GC invocations=3545 (full 4):
 PSYoungGen      total 7680K, used 416K [0x00000000d5580000, 0x00000000d6000000, 0x0000000100000000)
  eden space 7168K, 0% used [0x00000000d5580000,0x00000000d5580000,0x00000000d5c80000)
  from space 512K, 81% used [0x00000000d5f80000,0x00000000d5fe8000,0x00000000d6000000)
  to   space 512K, 0% used [0x00000000d5f00000,0x00000000d5f00000,0x00000000d5f80000)
 ParOldGen       total 1051648K, used 1051474K [0x0000000080000000, 0x00000000c0300000, 0x00000000d5580000)
  object space 1051648K, 99% used [0x0000000080000000,0x00000000c02d49a8,0x00000000c0300000)
 Metaspace       used 105429K, committed 107648K, reserved 1179648K
  class space    used 13766K, committed 14784K, reserved 1048576K
}
Event: 5089.914 GC heap before
{Heap before GC invocations=3546 (full 4):
 PSYoungGen      total 7680K, used 7583K [0x00000000d5580000, 0x00000000d6000000, 0x0000000100000000)
  eden space 7168K, 99% used [0x00000000d5580000,0x00000000d5c7ffe8,0x00000000d5c80000)
  from space 512K, 81% used [0x00000000d5f80000,0x00000000d5fe8000,0x00000000d6000000)
  to   space 512K, 0% used [0x00000000d5f00000,0x00000000d5f00000,0x00000000d5f80000)
 ParOldGen       total 1051648K, used 1051474K [0x0000000080000000, 0x00000000c0300000, 0x00000000d5580000)
  object space 1051648K, 99% used [0x0000000080000000,0x00000000c02d49a8,0x00000000c0300000)
 Metaspace       used 105447K, committed 107712K, reserved 1179648K
  class space    used 13766K, committed 14784K, reserved 1048576K
}
Event: 5089.916 GC heap after
{Heap after GC invocations=3546 (full 4):
 PSYoungGen      total 7680K, used 489K [0x00000000d5580000, 0x00000000d6000000, 0x0000000100000000)
  eden space 7168K, 0% used [0x00000000d5580000,0x00000000d5580000,0x00000000d5c80000)
  from space 512K, 95% used [0x00000000d5f00000,0x00000000d5f7a428,0x00000000d5f80000)
  to   space 512K, 0% used [0x00000000d5f80000,0x00000000d5f80000,0x00000000d6000000)
 ParOldGen       total 1052160K, used 1051738K [0x0000000080000000, 0x00000000c0380000, 0x00000000d5580000)
  object space 1052160K, 99% used [0x0000000080000000,0x00000000c03169a8,0x00000000c0380000)
 Metaspace       used 105447K, committed 107712K, reserved 1179648K
  class space    used 13766K, committed 14784K, reserved 1048576K
}
Event: 5089.920 GC heap before
{Heap before GC invocations=3547 (full 4):
 PSYoungGen      total 7680K, used 7657K [0x00000000d5580000, 0x00000000d6000000, 0x0000000100000000)
  eden space 7168K, 100% used [0x00000000d5580000,0x00000000d5c80000,0x00000000d5c80000)
  from space 512K, 95% used [0x00000000d5f00000,0x00000000d5f7a428,0x00000000d5f80000)
  to   space 512K, 0% used [0x00000000d5f80000,0x00000000d5f80000,0x00000000d6000000)
 ParOldGen       total 1052160K, used 1051738K [0x0000000080000000, 0x00000000c0380000, 0x00000000d5580000)
  object space 1052160K, 99% used [0x0000000080000000,0x00000000c03169a8,0x00000000c0380000)
 Metaspace       used 105447K, committed 107712K, reserved 1179648K
  class space    used 13766K, committed 14784K, reserved 1048576K
}
Event: 5089.921 GC heap after
{Heap after GC invocations=3547 (full 4):
 PSYoungGen      total 7680K, used 128K [0x00000000d5580000, 0x00000000d6000000, 0x0000000100000000)
  eden space 7168K, 0% used [0x00000000d5580000,0x00000000d5580000,0x00000000d5c80000)
  from space 512K, 25% used [0x00000000d5f80000,0x00000000d5fa0000,0x00000000d6000000)
  to   space 512K, 0% used [0x00000000d5f00000,0x00000000d5f00000,0x00000000d5f80000)
 ParOldGen       total 1052160K, used 1052011K [0x0000000080000000, 0x00000000c0380000, 0x00000000d5580000)
  object space 1052160K, 99% used [0x0000000080000000,0x00000000c035add0,0x00000000c0380000)
 Metaspace       used 105447K, committed 107712K, reserved 1179648K
  class space    used 13766K, committed 14784K, reserved 1048576K
}
Event: 5089.931 GC heap before
{Heap before GC invocations=3548 (full 4):
 PSYoungGen      total 7680K, used 7178K [0x00000000d5580000, 0x00000000d6000000, 0x0000000100000000)
  eden space 7168K, 98% used [0x00000000d5580000,0x00000000d5c62858,0x00000000d5c80000)
  from space 512K, 25% used [0x00000000d5f80000,0x00000000d5fa0000,0x00000000d6000000)
  to   space 512K, 0% used [0x00000000d5f00000,0x00000000d5f00000,0x00000000d5f80000)
 ParOldGen       total 1052160K, used 1052011K [0x0000000080000000, 0x00000000c0380000, 0x00000000d5580000)
  object space 1052160K, 99% used [0x0000000080000000,0x00000000c035add0,0x00000000c0380000)
 Metaspace       used 105447K, committed 107712K, reserved 1179648K
  class space    used 13766K, committed 14784K, reserved 1048576K
}
Event: 5089.932 GC heap after
{Heap after GC invocations=3548 (full 4):
 PSYoungGen      total 7680K, used 320K [0x00000000d5580000, 0x00000000d6000000, 0x0000000100000000)
  eden space 7168K, 0% used [0x00000000d5580000,0x00000000d5580000,0x00000000d5c80000)
  from space 512K, 62% used [0x00000000d5f00000,0x00000000d5f50000,0x00000000d5f80000)
  to   space 512K, 0% used [0x00000000d5f80000,0x00000000d5f80000,0x00000000d6000000)
 ParOldGen       total 1052160K, used 1052011K [0x0000000080000000, 0x00000000c0380000, 0x00000000d5580000)
  object space 1052160K, 99% used [0x0000000080000000,0x00000000c035add0,0x00000000c0380000)
 Metaspace       used 105447K, committed 107712K, reserved 1179648K
  class space    used 13766K, committed 14784K, reserved 1048576K
}
Event: 5091.505 GC heap before
{Heap before GC invocations=3549 (full 4):
 PSYoungGen      total 7680K, used 7488K [0x00000000d5580000, 0x00000000d6000000, 0x0000000100000000)
  eden space 7168K, 100% used [0x00000000d5580000,0x00000000d5c80000,0x00000000d5c80000)
  from space 512K, 62% used [0x00000000d5f00000,0x00000000d5f50000,0x00000000d5f80000)
  to   space 512K, 0% used [0x00000000d5f80000,0x00000000d5f80000,0x00000000d6000000)
 ParOldGen       total 1052160K, used 1052011K [0x0000000080000000, 0x00000000c0380000, 0x00000000d5580000)
  object space 1052160K, 99% used [0x0000000080000000,0x00000000c035add0,0x00000000c0380000)
 Metaspace       used 105479K, committed 107712K, reserved 1179648K
  class space    used 13766K, committed 14784K, reserved 1048576K
}
Event: 5091.506 GC heap after
{Heap after GC invocations=3549 (full 4):
 PSYoungGen      total 7680K, used 384K [0x00000000d5580000, 0x00000000d6000000, 0x0000000100000000)
  eden space 7168K, 0% used [0x00000000d5580000,0x00000000d5580000,0x00000000d5c80000)
  from space 512K, 75% used [0x00000000d5f80000,0x00000000d5fe0000,0x00000000d6000000)
  to   space 512K, 0% used [0x00000000d5f00000,0x00000000d5f00000,0x00000000d5f80000)
 ParOldGen       total 1052160K, used 1052059K [0x0000000080000000, 0x00000000c0380000, 0x00000000d5580000)
  object space 1052160K, 99% used [0x0000000080000000,0x00000000c0366dd0,0x00000000c0380000)
 Metaspace       used 105479K, committed 107712K, reserved 1179648K
  class space    used 13766K, committed 14784K, reserved 1048576K
}
Event: 5091.534 GC heap before
{Heap before GC invocations=3550 (full 4):
 PSYoungGen      total 7680K, used 7552K [0x00000000d5580000, 0x00000000d6000000, 0x0000000100000000)
  eden space 7168K, 100% used [0x00000000d5580000,0x00000000d5c80000,0x00000000d5c80000)
  from space 512K, 75% used [0x00000000d5f80000,0x00000000d5fe0000,0x00000000d6000000)
  to   space 512K, 0% used [0x00000000d5f00000,0x00000000d5f00000,0x00000000d5f80000)
 ParOldGen       total 1052160K, used 1052059K [0x0000000080000000, 0x00000000c0380000, 0x00000000d5580000)
  object space 1052160K, 99% used [0x0000000080000000,0x00000000c0366dd0,0x00000000c0380000)
 Metaspace       used 105496K, committed 107712K, reserved 1179648K
  class space    used 13766K, committed 14784K, reserved 1048576K
}
Event: 5092.560 GC heap after
{Heap after GC invocations=3550 (full 4):
 PSYoungGen      total 7680K, used 480K [0x00000000d5580000, 0x00000000d6480000, 0x0000000100000000)
  eden space 7168K, 0% used [0x00000000d5580000,0x00000000d5580000,0x00000000d5c80000)
  from space 512K, 93% used [0x00000000d5f00000,0x00000000d5f78020,0x00000000d5f80000)
  to   space 4096K, 0% used [0x00000000d6080000,0x00000000d6080000,0x00000000d6480000)
 ParOldGen       total 1055232K, used 1055055K [0x0000000080000000, 0x00000000c0680000, 0x00000000d5580000)
  object space 1055232K, 99% used [0x0000000080000000,0x00000000c0653dd0,0x00000000c0680000)
 Metaspace       used 105496K, committed 107712K, reserved 1179648K
  class space    used 13766K, committed 14784K, reserved 1048576K
}

Dll operation events (18 events):
Event: 0.019 Loaded shared library c:\Users\berro\.vscode\extensions\redhat.java-1.55.0-win32-x64\jre\21.0.11-win32-x86_64\bin\java.dll
Event: 0.124 Loaded shared library c:\Users\berro\.vscode\extensions\redhat.java-1.55.0-win32-x64\jre\21.0.11-win32-x86_64\bin\zip.dll
Event: 0.151 Loaded shared library C:\Users\berro\.vscode\extensions\redhat.java-1.55.0-win32-x64\jre\21.0.11-win32-x86_64\bin\instrument.dll
Event: 0.164 Loaded shared library C:\Users\berro\.vscode\extensions\redhat.java-1.55.0-win32-x64\jre\21.0.11-win32-x86_64\bin\net.dll
Event: 0.167 Loaded shared library C:\Users\berro\.vscode\extensions\redhat.java-1.55.0-win32-x64\jre\21.0.11-win32-x86_64\bin\nio.dll
Event: 0.171 Loaded shared library C:\Users\berro\.vscode\extensions\redhat.java-1.55.0-win32-x64\jre\21.0.11-win32-x86_64\bin\zip.dll
Event: 0.210 Loaded shared library C:\Users\berro\.vscode\extensions\redhat.java-1.55.0-win32-x64\jre\21.0.11-win32-x86_64\bin\jimage.dll
Event: 0.365 Loaded shared library c:\Users\berro\.vscode\extensions\redhat.java-1.55.0-win32-x64\jre\21.0.11-win32-x86_64\bin\verify.dll
Event: 1.651 Loaded shared library C:\Users\berro\AppData\Roaming\Code\User\globalStorage\redhat.java\1.55.0\config_win\org.eclipse.equinox.launcher\org.eclipse.equinox.launcher.win32.win32.x86_64_1.3.100.v20260613-0559\eclipse_11924.dll
Event: 4.704 Loaded shared library C:\Users\berro\AppData\Local\Temp\jna-93627148\jna2287033360193403548.dll
Event: 8.821 Loaded shared library C:\Users\berro\.gradle\native\1def1411415f61bf3af743bc5b6707747c0891f09f0c88961ee8f79bc544acac\windows-amd64\native-platform.dll
Event: 9.519 Loaded shared library C:\Users\berro\.vscode\extensions\redhat.java-1.55.0-win32-x64\jre\21.0.11-win32-x86_64\bin\management.dll
Event: 9.522 Loaded shared library C:\Users\berro\.vscode\extensions\redhat.java-1.55.0-win32-x64\jre\21.0.11-win32-x86_64\bin\management_ext.dll
Event: 10.735 Loaded shared library C:\Users\berro\.vscode\extensions\redhat.java-1.55.0-win32-x64\jre\21.0.11-win32-x86_64\bin\extnet.dll
Event: 10.906 Loaded shared library C:\Users\berro\.vscode\extensions\redhat.java-1.55.0-win32-x64\jre\21.0.11-win32-x86_64\bin\sunmscapi.dll
Event: 154.504 Loaded shared library C:\Users\berro\.gradle\native\c067742578af261105cb4f569cf0c3c89f3d7b1fecec35dd04571415982c5e48\windows-amd64\native-platform.dll
Event: 183.867 Loaded shared library C:\Users\berro\.gradle\native\1def1411415f61bf3af743bc5b6707747c0891f09f0c88961ee8f79bc544acac\windows-amd64-min\native-platform.dll
Event: 5045.358 Loaded shared library C:\Users\berro\.gradle\native\e1d6ef7f7dcc3fd88c89a11ec53ec762bb8ba0a96d01ffa2cd45eb1d1d8dd5c5\windows-amd64\native-platform.dll

Deoptimization events (20 events):
Event: 5091.527 Thread 0x0000019d58359430 DEOPT PACKING pc=0x0000019d01d32073 sp=0x0000008a0d4fe730
Event: 5091.527 Thread 0x0000019d58359430 DEOPT UNPACKING pc=0x0000019d074a4242 sp=0x0000008a0d4fdbc8 mode 0
Event: 5091.530 Thread 0x0000019d58358080 Uncommon trap: trap_request=0xffffffbe fr.pc=0x0000019d08a0bdb4 relative=0x0000000000000294
Event: 5091.530 Thread 0x0000019d58358080 Uncommon trap: reason=profile_predicate action=maybe_recompile pc=0x0000019d08a0bdb4 method=sun.security.provider.HashDrbg.addBytes([BI[[B)V @ 36 c2
Event: 5091.530 Thread 0x0000019d58358080 DEOPT PACKING pc=0x0000019d08a0bdb4 sp=0x0000008a0d0febf0
Event: 5091.530 Thread 0x0000019d58358080 DEOPT UNPACKING pc=0x0000019d074a3aa2 sp=0x0000008a0d0feb40 mode 2
Event: 5091.533 Thread 0x0000019d58359430 DEOPT PACKING pc=0x0000019d01d32073 sp=0x0000008a0d4fe6b0
Event: 5091.533 Thread 0x0000019d58359430 DEOPT UNPACKING pc=0x0000019d074a4242 sp=0x0000008a0d4fdb48 mode 0
Event: 5091.533 Thread 0x0000019d58359430 DEOPT PACKING pc=0x0000019d01d32073 sp=0x0000008a0d4fe6b0
Event: 5091.533 Thread 0x0000019d58359430 DEOPT UNPACKING pc=0x0000019d074a4242 sp=0x0000008a0d4fdb48 mode 0
Event: 5091.533 Thread 0x0000019d58359430 DEOPT PACKING pc=0x0000019d01d32073 sp=0x0000008a0d4fe6b0
Event: 5091.533 Thread 0x0000019d58359430 DEOPT UNPACKING pc=0x0000019d074a4242 sp=0x0000008a0d4fdb48 mode 0
Event: 5091.533 Thread 0x0000019d58359430 DEOPT PACKING pc=0x0000019d01d32073 sp=0x0000008a0d4fe6b0
Event: 5091.533 Thread 0x0000019d58359430 DEOPT UNPACKING pc=0x0000019d074a4242 sp=0x0000008a0d4fdb48 mode 0
Event: 5091.533 Thread 0x0000019d58359430 DEOPT PACKING pc=0x0000019d01d32073 sp=0x0000008a0d4fe6b0
Event: 5091.533 Thread 0x0000019d58359430 DEOPT UNPACKING pc=0x0000019d074a4242 sp=0x0000008a0d4fdb48 mode 0
Event: 5091.533 Thread 0x0000019d58359430 DEOPT PACKING pc=0x0000019d01d32073 sp=0x0000008a0d4fe6b0
Event: 5091.533 Thread 0x0000019d58359430 DEOPT UNPACKING pc=0x0000019d074a4242 sp=0x0000008a0d4fdb48 mode 0
Event: 5091.533 Thread 0x0000019d58359430 DEOPT PACKING pc=0x0000019d01d32073 sp=0x0000008a0d4fe6b0
Event: 5091.534 Thread 0x0000019d58359430 DEOPT UNPACKING pc=0x0000019d074a4242 sp=0x0000008a0d4fdb48 mode 0

Classes loaded (20 events):
Event: 254.374 Loading class java/util/TreeMap$NavigableSubMap$SubMapIterator done
Event: 254.374 Loading class java/util/TreeMap$NavigableSubMap$SubMapKeyIterator done
Event: 5032.946 Loading class sun/security/ssl/PreSharedKeyExtension$PskIdentity
Event: 5032.947 Loading class sun/security/ssl/PreSharedKeyExtension$PskIdentity done
Event: 5032.948 Loading class sun/security/ssl/PreSharedKeyExtension$CHPreSharedKeySpec
Event: 5032.951 Loading class sun/security/ssl/PreSharedKeyExtension$CHPreSharedKeySpec done
Event: 5032.951 Loading class sun/security/ssl/PreSharedKeyExtension$PartialClientHelloMessage
Event: 5032.951 Loading class sun/security/ssl/PreSharedKeyExtension$PartialClientHelloMessage done
Event: 5032.951 Loading class sun/security/ssl/SSLEngineOutputRecord
Event: 5032.952 Loading class sun/security/ssl/SSLEngineOutputRecord done
Event: 5033.035 Loading class sun/security/ssl/SSLEngineOutputRecord$HandshakeFragment
Event: 5033.036 Loading class sun/security/ssl/SSLEngineOutputRecord$HandshakeFragment done
Event: 5033.036 Loading class sun/security/ssl/SSLEngineOutputRecord$HandshakeMemo
Event: 5033.036 Loading class sun/security/ssl/SSLEngineOutputRecord$RecordMemo
Event: 5033.037 Loading class sun/security/ssl/SSLEngineOutputRecord$RecordMemo done
Event: 5033.037 Loading class sun/security/ssl/SSLEngineOutputRecord$HandshakeMemo done
Event: 5033.260 Loading class sun/security/ssl/PreSharedKeyExtension$SHPreSharedKeySpec
Event: 5033.260 Loading class sun/security/ssl/PreSharedKeyExtension$SHPreSharedKeySpec done
Event: 5063.740 Loading class sun/net/ConnectionResetException
Event: 5063.740 Loading class sun/net/ConnectionResetException done

Classes unloaded (7 events):
Event: 5.151 Thread 0x0000019d7de24920 Unloading class 0x0000019d141acc00 'java/lang/invoke/LambdaForm$MH+0x0000019d141acc00'
Event: 5.151 Thread 0x0000019d7de24920 Unloading class 0x0000019d141ac800 'java/lang/invoke/LambdaForm$MH+0x0000019d141ac800'
Event: 5.151 Thread 0x0000019d7de24920 Unloading class 0x0000019d141ac400 'java/lang/invoke/LambdaForm$MH+0x0000019d141ac400'
Event: 5.151 Thread 0x0000019d7de24920 Unloading class 0x0000019d141ac000 'java/lang/invoke/LambdaForm$MH+0x0000019d141ac000'
Event: 5.151 Thread 0x0000019d7de24920 Unloading class 0x0000019d141abc00 'java/lang/invoke/LambdaForm$BMH+0x0000019d141abc00'
Event: 5.151 Thread 0x0000019d7de24920 Unloading class 0x0000019d141ab800 'java/lang/invoke/LambdaForm$DMH+0x0000019d141ab800'
Event: 5.151 Thread 0x0000019d7de24920 Unloading class 0x0000019d141aa400 'java/lang/invoke/LambdaForm$DMH+0x0000019d141aa400'

Classes redefined (0 events):
No events

Internal exceptions (20 events):
Event: 5089.925 Thread 0x0000019d58358da0 Exception <a 'sun/nio/fs/WindowsException'{0x00000000d5afbf20}> (0x00000000d5afbf20) 
thrown [s\src\hotspot\share\prims\jni.cpp, line 520]
Event: 5089.927 Thread 0x0000019d58358da0 Exception <a 'sun/nio/fs/WindowsException'{0x00000000d5bf77b0}> (0x00000000d5bf77b0) 
thrown [s\src\hotspot\share\prims\jni.cpp, line 520]
Event: 5089.927 Thread 0x0000019d58358da0 Exception <a 'sun/nio/fs/WindowsException'{0x00000000d5bf82b0}> (0x00000000d5bf82b0) 
thrown [s\src\hotspot\share\prims\jni.cpp, line 520]
Event: 5089.927 Thread 0x0000019d58358da0 Exception <a 'sun/nio/fs/WindowsException'{0x00000000d5bf9588}> (0x00000000d5bf9588) 
thrown [s\src\hotspot\share\prims\jni.cpp, line 520]
Event: 5089.927 Thread 0x0000019d58358da0 Exception <a 'sun/nio/fs/WindowsException'{0x00000000d5bf9ce0}> (0x00000000d5bf9ce0) 
thrown [s\src\hotspot\share\prims\jni.cpp, line 520]
Event: 5089.928 Thread 0x0000019d58358da0 Exception <a 'sun/nio/fs/WindowsException'{0x00000000d5c03e20}> (0x00000000d5c03e20) 
thrown [s\src\hotspot\share\prims\jni.cpp, line 520]
Event: 5089.928 Thread 0x0000019d58358da0 Exception <a 'sun/nio/fs/WindowsException'{0x00000000d5c04948}> (0x00000000d5c04948) 
thrown [s\src\hotspot\share\prims\jni.cpp, line 520]
Event: 5089.932 Thread 0x0000019d58358da0 Exception <a 'sun/nio/fs/WindowsException'{0x00000000d55cb1c0}> (0x00000000d55cb1c0) 
thrown [s\src\hotspot\share\prims\jni.cpp, line 520]
Event: 5089.932 Thread 0x0000019d58358da0 Exception <a 'sun/nio/fs/WindowsException'{0x00000000d55cbcc0}> (0x00000000d55cbcc0) 
thrown [s\src\hotspot\share\prims\jni.cpp, line 520]
Event: 5089.933 Thread 0x0000019d58358da0 Exception <a 'sun/nio/fs/WindowsException'{0x00000000d55cd1a8}> (0x00000000d55cd1a8) 
thrown [s\src\hotspot\share\prims\jni.cpp, line 520]
Event: 5089.933 Thread 0x0000019d58358da0 Exception <a 'sun/nio/fs/WindowsException'{0x00000000d55cd900}> (0x00000000d55cd900) 
thrown [s\src\hotspot\share\prims\jni.cpp, line 520]
Event: 5089.946 Thread 0x0000019d58358da0 Exception <a 'sun/nio/fs/WindowsException'{0x00000000d567cee8}> (0x00000000d567cee8) 
thrown [s\src\hotspot\share\prims\jni.cpp, line 520]
Event: 5089.946 Thread 0x0000019d58358da0 Exception <a 'sun/nio/fs/WindowsException'{0x00000000d567d640}> (0x00000000d567d640) 
thrown [s\src\hotspot\share\prims\jni.cpp, line 520]
Event: 5089.947 Thread 0x0000019d58358da0 Exception <a 'sun/nio/fs/WindowsException'{0x00000000d56879c0}> (0x00000000d56879c0) 
thrown [s\src\hotspot\share\prims\jni.cpp, line 520]
Event: 5089.947 Thread 0x0000019d58358da0 Exception <a 'sun/nio/fs/WindowsException'{0x00000000d56884e8}> (0x00000000d56884e8) 
thrown [s\src\hotspot\share\prims\jni.cpp, line 520]
Event: 5091.507 Thread 0x0000019d5c96d420 Exception <a 'sun/nio/fs/WindowsException'{0x00000000d5593688}> (0x00000000d5593688) 
thrown [s\src\hotspot\share\prims\jni.cpp, line 520]
Event: 5091.507 Thread 0x0000019d5c96d420 Exception <a 'sun/nio/fs/WindowsException'{0x00000000d5593de0}> (0x00000000d5593de0) 
thrown [s\src\hotspot\share\prims\jni.cpp, line 520]
Event: 5091.508 Thread 0x0000019d5c96d420 Exception <a 'sun/nio/fs/WindowsException'{0x00000000d559eb90}> (0x00000000d559eb90) 
thrown [s\src\hotspot\share\prims\jni.cpp, line 520]
Event: 5091.508 Thread 0x0000019d5c96d420 Exception <a 'sun/nio/fs/WindowsException'{0x00000000d559f6b8}> (0x00000000d559f6b8) 
thrown [s\src\hotspot\share\prims\jni.cpp, line 520]
Event: 5091.529 Thread 0x0000019d58359430 Exception <a 'sun/nio/fs/WindowsException'{0x00000000d5963158}> (0x00000000d5963158) 
thrown [s\src\hotspot\share\prims\jni.cpp, line 520]

ZGC Phase Switch (0 events):
No events

VM Operations (20 events):
Event: 5060.047 Executing safepoint VM operation: Cleanup
Event: 5060.047 Executing safepoint VM operation: Cleanup done
Event: 5063.860 Executing safepoint VM operation: ParallelGCFailedAllocation (Allocation Failure)
Event: 5063.862 Executing safepoint VM operation: ParallelGCFailedAllocation (Allocation Failure) done
Event: 5071.694 Executing safepoint VM operation: ParallelGCFailedAllocation (Allocation Failure)
Event: 5071.697 Executing safepoint VM operation: ParallelGCFailedAllocation (Allocation Failure) done
Event: 5084.764 Executing safepoint VM operation: Cleanup
Event: 5084.764 Executing safepoint VM operation: Cleanup done
Event: 5088.767 Executing safepoint VM operation: Cleanup
Event: 5088.767 Executing safepoint VM operation: Cleanup done
Event: 5089.914 Executing safepoint VM operation: ParallelGCFailedAllocation (Allocation Failure)
Event: 5089.916 Executing safepoint VM operation: ParallelGCFailedAllocation (Allocation Failure) done
Event: 5089.920 Executing safepoint VM operation: ParallelGCFailedAllocation (Allocation Failure)
Event: 5089.921 Executing safepoint VM operation: ParallelGCFailedAllocation (Allocation Failure) done
Event: 5089.930 Executing safepoint VM operation: ParallelGCFailedAllocation (Allocation Failure)
Event: 5089.932 Executing safepoint VM operation: ParallelGCFailedAllocation (Allocation Failure) done
Event: 5091.505 Executing safepoint VM operation: ParallelGCFailedAllocation (Allocation Failure)
Event: 5091.506 Executing safepoint VM operation: ParallelGCFailedAllocation (Allocation Failure) done
Event: 5091.534 Executing safepoint VM operation: ParallelGCFailedAllocation (Allocation Failure)
Event: 5092.560 Executing safepoint VM operation: ParallelGCFailedAllocation (Allocation Failure) done

Memory protections (0 events):
No events

Nmethod flushes (20 events):
Event: 177.816 Thread 0x0000019d7de24920 flushing  nmethod 0x0000019d00e94f10
Event: 177.816 Thread 0x0000019d7de24920 flushing  nmethod 0x0000019d00e9ff10
Event: 177.816 Thread 0x0000019d7de24920 flushing  nmethod 0x0000019d00ea0310
Event: 177.816 Thread 0x0000019d7de24920 flushing  nmethod 0x0000019d00ea0710
Event: 177.816 Thread 0x0000019d7de24920 flushing  nmethod 0x0000019d00ea0c10
Event: 177.816 Thread 0x0000019d7de24920 flushing  nmethod 0x0000019d00ea1590
Event: 177.816 Thread 0x0000019d7de24920 flushing  nmethod 0x0000019d00ea4010
Event: 177.816 Thread 0x0000019d7de24920 flushing  nmethod 0x0000019d00ea5290
Event: 177.816 Thread 0x0000019d7de24920 flushing  nmethod 0x0000019d00ea5790
Event: 177.816 Thread 0x0000019d7de24920 flushing  nmethod 0x0000019d00eacb10
Event: 177.816 Thread 0x0000019d7de24920 flushing  nmethod 0x0000019d00eb4490
Event: 177.816 Thread 0x0000019d7de24920 flushing  nmethod 0x0000019d00eb5890
Event: 177.816 Thread 0x0000019d7de24920 flushing  nmethod 0x0000019d00ec3910
Event: 177.816 Thread 0x0000019d7de24920 flushing  nmethod 0x0000019d00ec3d90
Event: 177.816 Thread 0x0000019d7de24920 flushing  nmethod 0x0000019d00ec5990
Event: 177.816 Thread 0x0000019d7de24920 flushing  nmethod 0x0000019d00ed1890
Event: 177.816 Thread 0x0000019d7de24920 flushing  nmethod 0x0000019d00ed6410
Event: 177.816 Thread 0x0000019d7de24920 flushing  nmethod 0x0000019d00ef2190
Event: 177.816 Thread 0x0000019d7de24920 flushing  nmethod 0x0000019d00f12810
Event: 177.816 Thread 0x0000019d7de24920 flushing  nmethod 0x0000019d00f28b90

Events (20 events):
Event: 5071.661 Thread 0x0000019d5c2894c0 Thread exited: 0x0000019d5c2894c0
Event: 5071.680 Thread 0x0000019d58358da0 Thread added: 0x0000019d5c2894c0
Event: 5071.704 Thread 0x0000019d5c2894c0 Thread added: 0x0000019d5c289b50
Event: 5089.910 Thread 0x0000019d5c289b50 Thread exited: 0x0000019d5c289b50
Event: 5089.943 Thread 0x0000019d7de267e0 Thread added: 0x0000019d5c464c20
Event: 5089.954 Thread 0x0000019d5c2894c0 Thread exited: 0x0000019d5c2894c0
Event: 5090.061 Thread 0x0000019d58358da0 Thread added: 0x0000019d5c28af00
Event: 5090.064 Thread 0x0000019d5c464c20 Thread exited: 0x0000019d5c464c20
Event: 5090.078 Thread 0x0000019d5c28af00 Thread added: 0x0000019d5c2894c0
Event: 5090.473 Thread 0x0000019d5c2894c0 Thread exited: 0x0000019d5c2894c0
Event: 5090.475 Thread 0x0000019d5c28af00 Thread exited: 0x0000019d5c28af00
Event: 5090.480 Thread 0x0000019d58358da0 Thread added: 0x0000019d5c28af00
Event: 5090.490 Thread 0x0000019d5c28af00 Thread added: 0x0000019d5c28b590
Event: 5090.599 Thread 0x0000019d5c28b590 Thread exited: 0x0000019d5c28b590
Event: 5090.600 Thread 0x0000019d5c28af00 Thread exited: 0x0000019d5c28af00
Event: 5090.603 Thread 0x0000019d58358da0 Thread added: 0x0000019d5c2894c0
Event: 5090.605 Thread 0x0000019d58358da0 Thread added: 0x0000019d5c28cfd0
Event: 5090.645 Thread 0x0000019d5c28cfd0 Thread added: 0x0000019d5c28b590
Event: 5090.667 Thread 0x0000019d5c28cfd0 Thread added: 0x0000019d5c289b50
Event: 5091.511 Thread 0x0000019d7de5dcb0 Thread added: 0x0000019d5c463e80


Dynamic libraries:
0x00007ff743a10000 - 0x00007ff743a1e000 	c:\Users\berro\.vscode\extensions\redhat.java-1.55.0-win32-x64\jre\21.0.11-win32-x86_64\bin\java.exe
0x00007ff9d4be0000 - 0x00007ff9d4e46000 	C:\WINDOWS\SYSTEM32\ntdll.dll
0x00007ff9d3db0000 - 0x00007ff9d3e79000 	C:\WINDOWS\System32\KERNEL32.DLL
0x00007ff9d20e0000 - 0x00007ff9d24df000 	C:\WINDOWS\System32\KERNELBASE.dll
0x00007ff9ce7d0000 - 0x00007ff9ce86f000 	C:\WINDOWS\SYSTEM32\apphelp.dll
0x00007ff9d2580000 - 0x00007ff9d26cc000 	C:\WINDOWS\System32\ucrtbase.dll
0x00007ff9c01b0000 - 0x00007ff9c01ce000 	c:\Users\berro\.vscode\extensions\redhat.java-1.55.0-win32-x64\jre\21.0.11-win32-x86_64\bin\VCRUNTIME140.dll
0x00007ff9c4720000 - 0x00007ff9c4738000 	c:\Users\berro\.vscode\extensions\redhat.java-1.55.0-win32-x64\jre\21.0.11-win32-x86_64\bin\jli.dll
0x00007ff9d38e0000 - 0x00007ff9d3aa6000 	C:\WINDOWS\System32\USER32.dll
0x00007ff9d1df0000 - 0x00007ff9d1e17000 	C:\WINDOWS\System32\win32u.dll
0x00007ff9859d0000 - 0x00007ff985c61000 	C:\WINDOWS\WinSxS\amd64_microsoft.windows.common-controls_6595b64144ccf1df_6.0.26100.8972_none_3e0da176e32f9d4b\COMCTL32.dll
0x00007ff9d4630000 - 0x00007ff9d46d9000 	C:\WINDOWS\System32\msvcrt.dll
0x00007ff9d4030000 - 0x00007ff9d405b000 	C:\WINDOWS\System32\GDI32.dll
0x00007ff9d1e20000 - 0x00007ff9d1f49000 	C:\WINDOWS\System32\gdi32full.dll
0x00007ff9d2860000 - 0x00007ff9d2903000 	C:\WINDOWS\System32\msvcp_win.dll
0x00007ff9d3110000 - 0x00007ff9d3142000 	C:\WINDOWS\System32\IMM32.DLL
0x00007ff9cc330000 - 0x00007ff9cc33c000 	c:\Users\berro\.vscode\extensions\redhat.java-1.55.0-win32-x64\jre\21.0.11-win32-x86_64\bin\vcruntime140_1.dll
0x00007ff9afab0000 - 0x00007ff9afb3d000 	c:\Users\berro\.vscode\extensions\redhat.java-1.55.0-win32-x64\jre\21.0.11-win32-x86_64\bin\msvcp140.dll
0x00007ff95bf80000 - 0x00007ff95cd22000 	c:\Users\berro\.vscode\extensions\redhat.java-1.55.0-win32-x64\jre\21.0.11-win32-x86_64\bin\server\jvm.dll
0x00007ff9d2910000 - 0x00007ff9d29cc000 	C:\WINDOWS\System32\ADVAPI32.dll
0x00007ff9d4080000 - 0x00007ff9d412a000 	C:\WINDOWS\System32\sechost.dll
0x00007ff9d3c90000 - 0x00007ff9d3da8000 	C:\WINDOWS\System32\RPCRT4.dll
0x00007ff9d4130000 - 0x00007ff9d41b2000 	C:\WINDOWS\System32\WS2_32.dll
0x00007ff9c9e10000 - 0x00007ff9c9e1b000 	C:\WINDOWS\SYSTEM32\VERSION.dll
0x00007ff9d1c50000 - 0x00007ff9d1cae000 	C:\WINDOWS\SYSTEM32\POWRPROF.dll
0x00007ff9c6210000 - 0x00007ff9c6246000 	C:\WINDOWS\SYSTEM32\WINMM.dll
0x00007ff9d1c30000 - 0x00007ff9d1c45000 	C:\WINDOWS\SYSTEM32\UMPDC.dll
0x00007ff9d0aa0000 - 0x00007ff9d0abb000 	C:\WINDOWS\SYSTEM32\kernel.appcore.dll
0x00007ff9cc2e0000 - 0x00007ff9cc2ea000 	c:\Users\berro\.vscode\extensions\redhat.java-1.55.0-win32-x64\jre\21.0.11-win32-x86_64\bin\jimage.dll
0x00007ff9cf300000 - 0x00007ff9cf542000 	C:\WINDOWS\SYSTEM32\DBGHELP.DLL
0x00007ff9d42a0000 - 0x00007ff9d4625000 	C:\WINDOWS\System32\combase.dll
0x00007ff9d41c0000 - 0x00007ff9d4299000 	C:\WINDOWS\System32\OLEAUT32.dll
0x00007ff9be130000 - 0x00007ff9be16b000 	C:\WINDOWS\SYSTEM32\dbgcore.DLL
0x00007ff9d27a0000 - 0x00007ff9d284c000 	C:\WINDOWS\System32\bcryptPrimitives.dll
0x00007ff9ce760000 - 0x00007ff9ce76f000 	c:\Users\berro\.vscode\extensions\redhat.java-1.55.0-win32-x64\jre\21.0.11-win32-x86_64\bin\instrument.dll
0x00007ff9bff70000 - 0x00007ff9bff90000 	c:\Users\berro\.vscode\extensions\redhat.java-1.55.0-win32-x64\jre\21.0.11-win32-x86_64\bin\java.dll
0x00007ff9d3150000 - 0x00007ff9d38d8000 	C:\WINDOWS\System32\SHELL32.dll
0x00007ff9cf880000 - 0x00007ff9d011b000 	C:\WINDOWS\SYSTEM32\windows.storage.dll
0x00007ff9d3ab0000 - 0x00007ff9d3ba9000 	C:\WINDOWS\System32\SHCORE.dll
0x00007ff9d29e0000 - 0x00007ff9d2a46000 	C:\WINDOWS\System32\shlwapi.dll
0x00007ff9d1d10000 - 0x00007ff9d1d39000 	C:\WINDOWS\SYSTEM32\profapi.dll
0x00007ff9bfd50000 - 0x00007ff9bfd68000 	c:\Users\berro\.vscode\extensions\redhat.java-1.55.0-win32-x64\jre\21.0.11-win32-x86_64\bin\zip.dll
0x00007ff9c9b50000 - 0x00007ff9c9b60000 	C:\Users\berro\.vscode\extensions\redhat.java-1.55.0-win32-x64\jre\21.0.11-win32-x86_64\bin\net.dll
0x00007ff9ca2f0000 - 0x00007ff9ca418000 	C:\WINDOWS\SYSTEM32\WINHTTP.dll
0x00007ff9d1030000 - 0x00007ff9d109c000 	C:\WINDOWS\system32\mswsock.dll
0x00007ff9bf810000 - 0x00007ff9bf826000 	C:\Users\berro\.vscode\extensions\redhat.java-1.55.0-win32-x64\jre\21.0.11-win32-x86_64\bin\nio.dll
0x00007ff9c8a40000 - 0x00007ff9c8a50000 	c:\Users\berro\.vscode\extensions\redhat.java-1.55.0-win32-x64\jre\21.0.11-win32-x86_64\bin\verify.dll
0x00007ff9b18c0000 - 0x00007ff9b1905000 	C:\Users\berro\AppData\Roaming\Code\User\globalStorage\redhat.java\1.55.0\config_win\org.eclipse.equinox.launcher\org.eclipse.equinox.launcher.win32.win32.x86_64_1.3.100.v20260613-0559\eclipse_11924.dll
0x00007ff9d3e80000 - 0x00007ff9d4019000 	C:\WINDOWS\System32\ole32.dll
0x00007ff9d1450000 - 0x00007ff9d146b000 	C:\WINDOWS\SYSTEM32\CRYPTSP.dll
0x00007ff9d0a00000 - 0x00007ff9d0a39000 	C:\WINDOWS\system32\rsaenh.dll
0x00007ff9d10e0000 - 0x00007ff9d1112000 	C:\WINDOWS\SYSTEM32\USERENV.dll
0x00007ff9d1ce0000 - 0x00007ff9d1d0a000 	C:\WINDOWS\SYSTEM32\bcrypt.dll
0x00007ff9d1290000 - 0x00007ff9d129c000 	C:\WINDOWS\SYSTEM32\CRYPTBASE.dll
0x00007ff9d0450000 - 0x00007ff9d0483000 	C:\WINDOWS\SYSTEM32\IPHLPAPI.DLL
0x00007ff9d4b20000 - 0x00007ff9d4b2a000 	C:\WINDOWS\System32\NSI.dll
0x00007ff9af6b0000 - 0x00007ff9af6f9000 	C:\Users\berro\AppData\Local\Temp\jna-93627148\jna2287033360193403548.dll
0x00007ff9d4b30000 - 0x00007ff9d4b38000 	C:\WINDOWS\System32\PSAPI.DLL
0x00007ff9c9ff0000 - 0x00007ff9ca00d000 	C:\WINDOWS\SYSTEM32\dhcpcsvc6.DLL
0x00007ff9c9fc0000 - 0x00007ff9c9fe5000 	C:\WINDOWS\SYSTEM32\dhcpcsvc.DLL
0x00007ff9b68e0000 - 0x00007ff9b6907000 	C:\Users\berro\.gradle\native\1def1411415f61bf3af743bc5b6707747c0891f09f0c88961ee8f79bc544acac\windows-amd64\native-platform.dll
0x00007ff9c0370000 - 0x00007ff9c037a000 	C:\Users\berro\.vscode\extensions\redhat.java-1.55.0-win32-x64\jre\21.0.11-win32-x86_64\bin\management.dll
0x00007ff9c0120000 - 0x00007ff9c012c000 	C:\Users\berro\.vscode\extensions\redhat.java-1.55.0-win32-x64\jre\21.0.11-win32-x86_64\bin\management_ext.dll
0x00007ff9c00a0000 - 0x00007ff9c00a9000 	C:\Users\berro\.vscode\extensions\redhat.java-1.55.0-win32-x64\jre\21.0.11-win32-x86_64\bin\extnet.dll
0x00007ff9ce750000 - 0x00007ff9ce75e000 	C:\Users\berro\.vscode\extensions\redhat.java-1.55.0-win32-x64\jre\21.0.11-win32-x86_64\bin\sunmscapi.dll
0x00007ff9d1f50000 - 0x00007ff9d20ce000 	C:\WINDOWS\System32\CRYPT32.dll
0x00007ff9d15c0000 - 0x00007ff9d15f0000 	C:\WINDOWS\SYSTEM32\ncrypt.dll
0x00007ff9d1570000 - 0x00007ff9d15af000 	C:\WINDOWS\SYSTEM32\NTASN1.dll
0x00007ff9c2260000 - 0x00007ff9c2268000 	C:\WINDOWS\system32\wshunix.dll
0x00007ff9c0760000 - 0x00007ff9c0787000 	C:\Users\berro\.gradle\native\c067742578af261105cb4f569cf0c3c89f3d7b1fecec35dd04571415982c5e48\windows-amd64\native-platform.dll
0x00007ff9d0540000 - 0x00007ff9d0698000 	C:\WINDOWS\SYSTEM32\DNSAPI.dll
0x00007ff9d0e30000 - 0x00007ff9d0e3d000 	C:\WINDOWS\SYSTEM32\DSPARSE.dll
0x00007ff9c2160000 - 0x00007ff9c216b000 	C:\Windows\System32\rasadhlp.dll
0x00007ff9c9510000 - 0x00007ff9c9596000 	C:\WINDOWS\System32\fwpuclnt.dll
0x00007ff9b4350000 - 0x00007ff9b4377000 	C:\Users\berro\.gradle\native\1def1411415f61bf3af743bc5b6707747c0891f09f0c88961ee8f79bc544acac\windows-amd64-min\native-platform.dll
0x00007ff9c07d0000 - 0x00007ff9c07f7000 	C:\Users\berro\.gradle\native\e1d6ef7f7dcc3fd88c89a11ec53ec762bb8ba0a96d01ffa2cd45eb1d1d8dd5c5\windows-amd64\native-platform.dll

JVMTI agents:
c:\Users\berro\.vscode\extensions\redhat.java-1.55.0-win32-x64\lombok\lombok-1.18.39-4050.jar path:c:\Users\berro\.vscode\extensions\redhat.java-1.55.0-win32-x64\jre\21.0.11-win32-x86_64\bin\instrument.dll, loaded, initialized, instrumentlib options:none

dbghelp: loaded successfully - version: 4.0.5 - missing functions: none
symbol engine: initialized successfully - sym options: 0x614 - pdb path: .;c:\Users\berro\.vscode\extensions\redhat.java-1.55.0-win32-x64\jre\21.0.11-win32-x86_64\bin;C:\WINDOWS\SYSTEM32;C:\WINDOWS\WinSxS\amd64_microsoft.windows.common-controls_6595b64144ccf1df_6.0.26100.8972_none_3e0da176e32f9d4b;c:\Users\berro\.vscode\extensions\redhat.java-1.55.0-win32-x64\jre\21.0.11-win32-x86_64\bin\server;C:\Users\berro\AppData\Roaming\Code\User\globalStorage\redhat.java\1.55.0\config_win\org.eclipse.equinox.launcher\org.eclipse.equinox.launcher.win32.win32.x86_64_1.3.100.v20260613-0559;C:\Users\berro\AppData\Local\Temp\jna-93627148;C:\Users\berro\.gradle\native\1def1411415f61bf3af743bc5b6707747c0891f09f0c88961ee8f79bc544acac\windows-amd64;C:\Users\berro\.gradle\native\c067742578af261105cb4f569cf0c3c89f3d7b1fecec35dd04571415982c5e48\windows-amd64;C:\Users\berro\.gradle\native\1def1411415f61bf3af743bc5b6707747c0891f09f0c88961ee8f79bc544acac\windows-amd64-min;C:\Users\berro\.gradle\native\e1d6ef7f7dcc3fd88c89a11ec53ec762bb8ba0a96d01ffa2cd45eb1d1d8dd5c5\windows-amd64

VM Arguments:
jvm_args: --add-modules=ALL-SYSTEM --add-opens=java.base/java.util=ALL-UNNAMED --add-opens=java.base/java.lang=ALL-UNNAMED --add-opens=java.base/sun.nio.fs=ALL-UNNAMED -Declipse.application=org.eclipse.jdt.ls.core.id1 -Dosgi.bundles.defaultStartLevel=4 -Declipse.product=org.eclipse.jdt.ls.core.product -Djava.import.generatesMetadataFilesAtProjectRoot=false -DDetectVMInstallationsJob.disabled=true -Dfile.encoding=utf8 -XX:+UseParallelGC -XX:GCTimeRatio=4 -XX:AdaptiveSizePolicyWeight=90 -Dsun.zip.disableMemoryMapping=true -Xmx2G -Xms100m -Xlog:disable -javaagent:c:\Users\berro\.vscode\extensions\redhat.java-1.55.0-win32-x64\lombok\lombok-1.18.39-4050.jar -XX:+HeapDumpOnOutOfMemoryError -XX:HeapDumpPath=c:\Users\berro\AppData\Roaming\Code\User\workspaceStorage\d9d662d8687ec3ffb3f06aecfdfc910c\redhat.java -Daether.dependencyCollector.impl=bf 
java_command: c:\Users\berro\.vscode\extensions\redhat.java-1.55.0-win32-x64\server\plugins\org.eclipse.equinox.launcher_1.7.200.v20260619-2039.jar -configuration c:\Users\berro\AppData\Roaming\Code\User\globalStorage\redhat.java\1.55.0\config_win -data c:\Users\berro\AppData\Roaming\Code\User\workspaceStorage\d9d662d8687ec3ffb3f06aecfdfc910c\redhat.java\jdt_ws --pipe=\\.\pipe\lsp-c104d85027006e0c6eb24de502c5f60c-sock
java_class_path (initial): c:\Users\berro\.vscode\extensions\redhat.java-1.55.0-win32-x64\server\plugins\org.eclipse.equinox.launcher_1.7.200.v20260619-2039.jar
Launcher Type: SUN_STANDARD

[Global flags]
    uintx AdaptiveSizePolicyWeight                 = 90                                        {product} {command line}
     intx CICompilerCount                          = 12                                        {product} {ergonomic}
    uintx GCTimeRatio                              = 4                                         {product} {command line}
     bool HeapDumpOnOutOfMemoryError               = true                                   {manageable} {command line}
    ccstr HeapDumpPath                             = c:\Users\berro\AppData\Roaming\Code\User\workspaceStorage\d9d662d8687ec3ffb3f06aecfdfc910c\redhat.java         {manageable} {command line}
   size_t InitialHeapSize                          = 104857600                                 {product} {command line}
   size_t MaxHeapSize                              = 2147483648                                {product} {command line}
   size_t MaxNewSize                               = 715653120                                 {product} {ergonomic}
   size_t MinHeapDeltaBytes                        = 524288                                    {product} {ergonomic}
   size_t MinHeapSize                              = 104857600                                 {product} {command line}
   size_t NewSize                                  = 34603008                                  {product} {ergonomic}
    uintx NonNMethodCodeHeapSize                   = 7602480                                {pd product} {ergonomic}
    uintx NonProfiledCodeHeapSize                  = 122027880                              {pd product} {ergonomic}
   size_t OldSize                                  = 70254592                                  {product} {ergonomic}
    uintx ProfiledCodeHeapSize                     = 122027880                              {pd product} {ergonomic}
    uintx ReservedCodeCacheSize                    = 251658240                              {pd product} {ergonomic}
     bool SegmentedCodeCache                       = true                                      {product} {ergonomic}
   size_t SoftMaxHeapSize                          = 2147483648                             {manageable} {ergonomic}
     bool UseCompressedOops                        = true                           {product lp64_product} {ergonomic}
     bool UseLargePagesIndividualAllocation        = false                                  {pd product} {ergonomic}
     bool UseParallelGC                            = true                                      {product} {command line}

Logging:
Log output configuration:
 #0: stdout all=off uptime,level,tags foldmultilines=false
 #1: stderr all=off uptime,level,tags foldmultilines=false

Release file:
JAVA_VERSION="21.0.11" 
MODULES="java.base java.compiler java.datatransfer java.xml java.prefs java.desktop java.instrument java.logging java.management java.security.sasl java.naming java.rmi java.management.rmi java.net.http java.scripting java.security.jgss java.transaction.xa java.sql java.sql.rowset java.xml.crypto java.se java.smartcardio jdk.accessibility jdk.internal.jvmstat jdk.attach jdk.charsets jdk.internal.opt jdk.zipfs jdk.compiler jdk.crypto.ec jdk.crypto.cryptoki jdk.crypto.mscapi jdk.dynalink jdk.internal.ed jdk.editpad jdk.hotspot.agent jdk.httpserver jdk.internal.le jdk.internal.vm.ci jdk.internal.vm.compiler jdk.internal.vm.compiler.management jdk.jartool jdk.javadoc jdk.jcmd jdk.management jdk.management.agent jdk.jconsole jdk.jdeps jdk.jdwp.agent jdk.jdi jdk.jfr jdk.jshell jdk.jsobject jdk.jstatd jdk.localedata jdk.management.jfr jdk.naming.dns jdk.naming.rmi jdk.net jdk.nio.mapmode jdk.random jdk.sctp jdk.security.auth jdk.security.jgss jdk.unsupported jdk.unsupported.desktop jdk.xml.dom" 

Environment Variables:
PATH=C:\Python314\Scripts\;C:\Python314\;C:\Program Files\Common Files\Oracle\Java\javapath;C:\WINDOWS\system32;C:\WINDOWS;C:\WINDOWS\System32\Wbem;C:\WINDOWS\System32\WindowsPowerShell\v1.0\;C:\WINDOWS\System32\OpenSSH\;C:\Program Files\Git\cmd;C:\MinGW\bin;C:\flutter;C:\Program Files\nodejs\;C:\ProgramData\chocolatey\bin;C:\Program Files\nodejs\node_modules\npm\bin;C:\Program Files\PostgreSQL\18\bin;C:\Users\berro\AppData\Local\Programs\Python\Launcher\;C:\Users\berro\AppData\Local\Microsoft\WindowsApps;C:\Users\berro\AppData\Local\Programs\Microsoft VS Code\bin;C:\flutter\bin;C:\Users\berro\AppData\Local\Kingsoft\WPS Office\12.1.0.27458\clitool;C:\Users\berro\AppData\Roaming\npm;
USERNAME=berro
OS=Windows_NT
PROCESSOR_IDENTIFIER=Intel64 Family 6 Model 183 Stepping 1, GenuineIntel
TMP=C:\Users\berro\AppData\Local\Temp
TEMP=C:\Users\berro\AppData\Local\Temp




Periodic native trim disabled

---------------  S Y S T E M  ---------------

OS:
 Windows 11 , 64 bit Build 26100 (10.0.26100.9168)
OS uptime: 2 days 21:27 hours
Hyper-V role detected

CPU: total 16 (initial active 16) (8 cores per cpu, 2 threads per core) family 6 model 183 stepping 1 microcode 0x12b, cx8, cmov, fxsr, ht, mmx, 3dnowpref, sse, sse2, sse3, ssse3, sse4.1, sse4.2, popcnt, lzcnt, tsc, tscinvbit, avx, avx2, aes, erms, clmul, bmi1, bmi2, adx, sha, fma, vzeroupper, clflush, clflushopt, clwb, hv, serialize, rdtscp, rdpid, fsrm, f16c, cet_ibt, cet_ss
Processor Information for processor 0
  Max Mhz: 2500, Current Mhz: 2500, Mhz Limit: 2500
Processor Information for processor 1
  Max Mhz: 2500, Current Mhz: 2500, Mhz Limit: 2500
Processor Information for processor 2
  Max Mhz: 2500, Current Mhz: 2500, Mhz Limit: 2500
Processor Information for processor 3
  Max Mhz: 2500, Current Mhz: 2500, Mhz Limit: 2500
Processor Information for processor 4
  Max Mhz: 2500, Current Mhz: 2500, Mhz Limit: 2500
Processor Information for processor 5
  Max Mhz: 2500, Current Mhz: 2500, Mhz Limit: 2500
Processor Information for processor 6
  Max Mhz: 2500, Current Mhz: 2500, Mhz Limit: 2500
Processor Information for processor 7
  Max Mhz: 2500, Current Mhz: 2500, Mhz Limit: 2500
Processor Information for processor 8
  Max Mhz: 2500, Current Mhz: 2500, Mhz Limit: 2500
Processor Information for processor 9
  Max Mhz: 2500, Current Mhz: 2500, Mhz Limit: 2500
Processor Information for processor 10
  Max Mhz: 2500, Current Mhz: 2500, Mhz Limit: 2500
Processor Information for processor 11
  Max Mhz: 2500, Current Mhz: 2500, Mhz Limit: 2500
Processor Information for processor 12
  Max Mhz: 2500, Current Mhz: 1800, Mhz Limit: 1800
Processor Information for processor 13
  Max Mhz: 2500, Current Mhz: 1800, Mhz Limit: 1800
Processor Information for processor 14
  Max Mhz: 2500, Current Mhz: 1800, Mhz Limit: 1800
Processor Information for processor 15
  Max Mhz: 2500, Current Mhz: 1800, Mhz Limit: 1800

Memory: 4k page, system-wide physical 15998M (490M free)
TotalPageFile size 25990M (AvailPageFile size 39M)
current process WorkingSet (physical memory assigned to process): 543M, peak: 1562M
current process commit charge ("private bytes"): 1506M, peak: 1795M

vm_info: OpenJDK 64-Bit Server VM (21.0.11+10-LTS) for windows-amd64 JRE (21.0.11+10-LTS), built on 2026-04-21T00:00:00Z by "admin" with MS VC++ 17.12 (VS2022)

END.
