#
# There is insufficient memory for the Java Runtime Environment to continue.
# Native memory allocation (mmap) failed to map 10485760 bytes. Error detail: G1 virtual space
# Possible reasons:
#   The system is out of physical RAM or swap space
#   This process is running with CompressedOops enabled, and the Java Heap may be blocking the growth of the native heap
# Possible solutions:
#   Reduce memory load on the system
#   Increase physical memory or swap space
#   Check if swap backing store is full
#   Decrease Java heap size (-Xmx/-Xms)
#   Decrease number of Java threads
#   Decrease Java thread stack sizes (-Xss)
#   Set larger code cache with -XX:ReservedCodeCacheSize=
#   JVM is running with Unscaled Compressed Oops mode in which the Java heap is
#     placed in the first 4GB address space. The Java Heap base address is the
#     maximum limit for the native heap growth. Please use -XX:HeapBaseMinAddress
#     to set the Java Heap base and to place the Java Heap above 4GB virtual address.
# This output file may be truncated or incomplete.
#
#  Out of Memory Error (os_windows.cpp:3714), pid=29676, tid=24452
#
# JRE version: OpenJDK Runtime Environment Temurin-21.0.11+10 (21.0.11+10) (build 21.0.11+10-LTS)
# Java VM: OpenJDK 64-Bit Server VM Temurin-21.0.11+10 (21.0.11+10-LTS, mixed mode, sharing, tiered, compressed oops, compressed class ptrs, g1 gc, windows-amd64)
# No core dump will be written. Minidumps are not enabled by default on client versions of Windows
#

---------------  S U M M A R Y ------------

Command Line: --add-opens=java.base/java.lang=ALL-UNNAMED --add-opens=java.base/java.lang.invoke=ALL-UNNAMED --add-opens=java.base/java.util=ALL-UNNAMED --add-opens=java.prefs/java.util.prefs=ALL-UNNAMED --add-exports=jdk.compiler/com.sun.tools.javac.api=ALL-UNNAMED --add-exports=jdk.compiler/com.sun.tools.javac.util=ALL-UNNAMED --add-opens=java.base/java.util=ALL-UNNAMED --add-opens=java.prefs/java.util.prefs=ALL-UNNAMED --add-opens=java.base/java.nio.charset=ALL-UNNAMED --add-opens=java.base/java.net=ALL-UNNAMED --add-opens=java.base/java.util.concurrent.atomic=ALL-UNNAMED --add-opens=java.xml/javax.xml.namespace=ALL-UNNAMED -XX:MaxMetaspaceSize=512m -XX:ReservedCodeCacheSize=256m -XX:+HeapDumpOnOutOfMemoryError -Xss1m -Xmx2048m -Dfile.encoding=UTF-8 -Duser.country=FR -Duser.language=fr -Duser.variant -javaagent:C:\Users\berro\.gradle\wrapper\dists\gradle-8.14-all\c2qonpi39x1mddn7hk5gh9iqj\gradle-8.14\lib\agents\gradle-instrumentation-agent-8.14.jar org.gradle.launcher.daemon.bootstrap.GradleDaemon 8.14

Host: 13th Gen Intel(R) Core(TM) i5-13400, 16 cores, 15G,  Windows 11 , 64 bit Build 26100 (10.0.26100.9168)
Time: Mon Aug 24 15:11:33 2026 Afr. centrale Ouest elapsed time: 85.455691 seconds (0d 0h 1m 25s)

---------------  T H R E A D  ---------------

Current thread (0x0000021d29fb28c0):  VMThread "VM Thread"          [id=24452, stack(0x0000007140300000,0x0000007140400000) (1024K)]

Stack: [0x0000007140300000,0x0000007140400000]
Native frames: (J=compiled Java code, j=interpreted, Vv=VM code, C=native code)
V  [jvm.dll+0x6d7e19]
V  [jvm.dll+0x8b5096]
V  [jvm.dll+0x8b764e]
V  [jvm.dll+0x8b7d33]
V  [jvm.dll+0x284596]
V  [jvm.dll+0x6d4735]
V  [jvm.dll+0x6c845a]
V  [jvm.dll+0x35ef08]
V  [jvm.dll+0x366b46]
V  [jvm.dll+0x3b7c2e]
V  [jvm.dll+0x3b7ed8]
V  [jvm.dll+0x33310c]
V  [jvm.dll+0x335926]
V  [jvm.dll+0x33f91d]
V  [jvm.dll+0x374fdf]
V  [jvm.dll+0x8bda20]
V  [jvm.dll+0x8bed94]
V  [jvm.dll+0x8bf2c0]
V  [jvm.dll+0x8bf563]
V  [jvm.dll+0x85fb0d]
V  [jvm.dll+0x6d664d]
C  [ucrtbase.dll+0x2cd30]
C  [KERNEL32.DLL+0x2ccb7]
C  [ntdll.dll+0xaad6c]

VM_Operation (0x000000713feff4e0): G1PauseRemark, mode: safepoint, requested by thread 0x0000021d10d3c470


---------------  P R O C E S S  ---------------

Threads class SMR info:
_java_thread_list=0x0000021d4e2a3de0, length=61, elements={
0x0000021d10cd23c0, 0x0000021d29fd89f0, 0x0000021d29fdbce0, 0x0000021d29fdce80,
0x0000021d29fde800, 0x0000021d29fe5130, 0x0000021d29fe4240, 0x0000021d450a1f30,
0x0000021d450fd4b0, 0x0000021d45272e20, 0x0000021d4534c980, 0x0000021d4b0c2950,
0x0000021d4b00c050, 0x0000021d4af34f30, 0x0000021d4b20c4a0, 0x0000021d4b1c8ee0,
0x0000021d4b1c6780, 0x0000021d4b1c6e10, 0x0000021d4b1c81c0, 0x0000021d4ed2fac0,
0x0000021d4ed31b90, 0x0000021d4ed30e70, 0x0000021d4ed31500, 0x0000021d4ed32220,
0x0000021d4ed2f430, 0x0000021d4ed335d0, 0x0000021d4ed32f40, 0x0000021d4ed30150,
0x0000021d4ed33c60, 0x0000021d4ed307e0, 0x0000021d4ed363c0, 0x0000021d4ed34980,
0x0000021d4ed35d30, 0x0000021d4b1c5a60, 0x0000021d4b1c7b30, 0x0000021d4b1c60f0,
0x0000021d4cdb6f50, 0x0000021d4cdbaa60, 0x0000021d4cdb9d40, 0x0000021d4cdb96b0,
0x0000021d4cdbb780, 0x0000021d4bf5eb30, 0x0000021d4bf5f1c0, 0x0000021d4bf5fee0,
0x0000021d4bf61290, 0x0000021d4bf5de10, 0x0000021d4bf5c3d0, 0x0000021d4bf62640,
0x0000021d4d897d90, 0x0000021d4d896350, 0x0000021d4d899e60, 0x0000021d4d897700,
0x0000021d4d899140, 0x0000021d4d898ab0, 0x0000021d4d89a4f0, 0x0000021d4d898420,
0x0000021d4de63c70, 0x0000021d4de607f0, 0x0000021d4beef8c0, 0x0000021d4beec240,
0x0000021d4beeff90
}

Java Threads: ( => current thread )
  0x0000021d10cd23c0 JavaThread "main"                              [_thread_blocked, id=9920, stack(0x000000713fc00000,0x000000713fd00000) (1024K)]
  0x0000021d29fd89f0 JavaThread "Reference Handler"          daemon [_thread_blocked, id=28292, stack(0x0000007140400000,0x0000007140500000) (1024K)]
  0x0000021d29fdbce0 JavaThread "Finalizer"                  daemon [_thread_blocked, id=3708, stack(0x0000007140500000,0x0000007140600000) (1024K)]
  0x0000021d29fdce80 JavaThread "Signal Dispatcher"          daemon [_thread_blocked, id=19436, stack(0x0000007140600000,0x0000007140700000) (1024K)]
  0x0000021d29fde800 JavaThread "Attach Listener"            daemon [_thread_blocked, id=25896, stack(0x0000007140700000,0x0000007140800000) (1024K)]
  0x0000021d29fe5130 JavaThread "Service Thread"             daemon [_thread_blocked, id=26316, stack(0x0000007140800000,0x0000007140900000) (1024K)]
  0x0000021d29fe4240 JavaThread "Monitor Deflation Thread"   daemon [_thread_blocked, id=19176, stack(0x0000007140900000,0x0000007140a00000) (1024K)]
  0x0000021d450a1f30 JavaThread "C2 CompilerThread0"         daemon [_thread_blocked, id=11108, stack(0x0000007140a00000,0x0000007140b00000) (1024K)]
  0x0000021d450fd4b0 JavaThread "C1 CompilerThread0"         daemon [_thread_blocked, id=8476, stack(0x0000007140b00000,0x0000007140c00000) (1024K)]
  0x0000021d45272e20 JavaThread "Common-Cleaner"             daemon [_thread_blocked, id=26308, stack(0x0000007140d00000,0x0000007140e00000) (1024K)]
  0x0000021d4534c980 JavaThread "Notification Thread"        daemon [_thread_blocked, id=16264, stack(0x0000007140e00000,0x0000007140f00000) (1024K)]
  0x0000021d4b0c2950 JavaThread "Daemon health stats"               [_thread_blocked, id=12516, stack(0x0000007141700000,0x0000007141800000) (1024K)]
  0x0000021d4b00c050 JavaThread "Incoming local TCP Connector on port 63011"        [_thread_in_native, id=24320, stack(0x0000007141800000,0x0000007141900000) (1024K)]
  0x0000021d4af34f30 JavaThread "Daemon periodic checks"            [_thread_blocked, id=27208, stack(0x0000007141a00000,0x0000007141b00000) (1024K)]
  0x0000021d4b20c4a0 JavaThread "Daemon"                            [_thread_blocked, id=28480, stack(0x0000007141b00000,0x0000007141c00000) (1024K)]
  0x0000021d4b1c8ee0 JavaThread "Daemon worker"                     [_thread_blocked, id=14856, stack(0x0000007141e00000,0x0000007141f00000) (1024K)]
  0x0000021d4b1c6780 JavaThread "Cache worker for journal cache (C:\Users\berro\.gradle\caches\journal-1)"        [_thread_blocked, id=21432, stack(0x0000007142200000,0x0000007142300000) (1024K)]
  0x0000021d4b1c6e10 JavaThread "File lock request listener"        [_thread_in_native, id=18020, stack(0x0000007142300000,0x0000007142400000) (1024K)]
  0x0000021d4b1c81c0 JavaThread "Cache worker for file hash cache (C:\Users\berro\.gradle\caches\8.14\fileHashes)"        [_thread_blocked, id=26608, stack(0x0000007142400000,0x0000007142500000) (1024K)]
  0x0000021d4ed2fac0 JavaThread "File lock release action executor"        [_thread_blocked, id=29480, stack(0x0000007142500000,0x0000007142600000) (1024K)]
  0x0000021d4ed31b90 JavaThread "File watcher server"        daemon [_thread_in_native, id=17080, stack(0x0000007141900000,0x0000007141a00000) (1024K)]
  0x0000021d4ed30e70 JavaThread "File watcher consumer"      daemon [_thread_blocked, id=10216, stack(0x0000007143000000,0x0000007143100000) (1024K)]
  0x0000021d4ed31500 JavaThread "jar transforms"                    [_thread_blocked, id=6572, stack(0x0000007143100000,0x0000007143200000) (1024K)]
  0x0000021d4ed32220 JavaThread "jar transforms Thread 2"           [_thread_blocked, id=28624, stack(0x0000007143200000,0x0000007143300000) (1024K)]
  0x0000021d4ed2f430 JavaThread "Cache worker for file content cache (C:\Users\berro\.gradle\caches\8.14\fileContent)"        [_thread_blocked, id=27432, stack(0x0000007143800000,0x0000007143900000) (1024K)]
  0x0000021d4ed335d0 JavaThread "Handler for socket connection from /127.0.0.1:63011 to /127.0.0.1:63053"        [_thread_in_native, id=5612, stack(0x0000007140c00000,0x0000007140d00000) (1024K)]
  0x0000021d4ed32f40 JavaThread "Cancel handler"                    [_thread_blocked, id=8652, stack(0x0000007140f00000,0x0000007141000000) (1024K)]
  0x0000021d4ed30150 JavaThread "Asynchronous log dispatcher for DefaultDaemonConnection: socket connection from /127.0.0.1:63011 to /127.0.0.1:63053"        [_thread_blocked, id=19768, stack(0x0000007141c00000,0x0000007141d00000) (1024K)]
  0x0000021d4ed33c60 JavaThread "Stdin handler"                     [_thread_blocked, id=8844, stack(0x0000007141d00000,0x0000007141e00000) (1024K)]
  0x0000021d4ed307e0 JavaThread "Daemon client event forwarder"        [_thread_blocked, id=8088, stack(0x0000007142000000,0x0000007142100000) (1024K)]
  0x0000021d4ed363c0 JavaThread "Cache worker for file hash cache (C:\Users\berro\Desktop\SmartLab\smartlaboratory\android\.gradle\8.14\fileHashes)"        [_thread_blocked, id=10344, stack(0x0000007142100000,0x0000007142200000) (1024K)]
  0x0000021d4ed34980 JavaThread "Cache worker for Build Output Cleanup Cache (C:\Users\berro\Desktop\SmartLab\smartlaboratory\android\.gradle\buildOutputCleanup)"        [_thread_blocked, id=26448, stack(0x0000007142e00000,0x0000007142f00000) (1024K)]
  0x0000021d4ed35d30 JavaThread "Cache worker for checksums cache (C:\Users\berro\Desktop\SmartLab\smartlaboratory\android\.gradle\8.14\checksums)"        [_thread_blocked, id=9172, stack(0x0000007143400000,0x0000007143500000) (1024K)]
  0x0000021d4b1c5a60 JavaThread "Cache worker for cache directory md-supplier (C:\Users\berro\.gradle\caches\8.14\md-supplier)"        [_thread_blocked, id=13760, stack(0x0000007143500000,0x0000007143600000) (1024K)]
  0x0000021d4b1c7b30 JavaThread "Cache worker for cache directory md-rule (C:\Users\berro\.gradle\caches\8.14\md-rule)"        [_thread_blocked, id=8108, stack(0x0000007143600000,0x0000007143700000) (1024K)]
  0x0000021d4b1c60f0 JavaThread "Cache worker for Build Output Cleanup Cache (C:\flutter\packages\flutter_tools\gradle\.gradle\buildOutputCleanup)"        [_thread_blocked, id=26892, stack(0x0000007143300000,0x0000007143400000) (1024K)]
  0x0000021d4cdb6f50 JavaThread "Unconstrained build operations"        [_thread_blocked, id=8624, stack(0x0000007143b00000,0x0000007143c00000) (1024K)]
  0x0000021d4cdbaa60 JavaThread "Unconstrained build operations Thread 2"        [_thread_blocked, id=18564, stack(0x0000007143c00000,0x0000007143d00000) (1024K)]
  0x0000021d4cdb9d40 JavaThread "Unconstrained build operations Thread 3"        [_thread_blocked, id=23844, stack(0x0000007143d00000,0x0000007143e00000) (1024K)]
  0x0000021d4cdb96b0 JavaThread "Memory manager"                    [_thread_blocked, id=14124, stack(0x0000007143e00000,0x0000007143f00000) (1024K)]
  0x0000021d4cdbb780 JavaThread "build event listener"              [_thread_blocked, id=16896, stack(0x0000007143f00000,0x0000007144000000) (1024K)]
  0x0000021d4bf5eb30 JavaThread "included builds"                   [_thread_blocked, id=28872, stack(0x0000007142f00000,0x0000007143000000) (1024K)]
  0x0000021d4bf5f1c0 JavaThread "Cache worker for execution history cache (C:\flutter\packages\flutter_tools\gradle\.gradle\8.14\executionHistory)"        [_thread_blocked, id=26780, stack(0x0000007144000000,0x0000007144100000) (1024K)]
  0x0000021d4bf5fee0 JavaThread "Unconstrained build operations Thread 4"        [_thread_blocked, id=24016, stack(0x0000007141500000,0x0000007141600000) (1024K)]
  0x0000021d4bf61290 JavaThread "Unconstrained build operations Thread 5"        [_thread_blocked, id=25704, stack(0x0000007143a00000,0x0000007143b00000) (1024K)]
  0x0000021d4bf5de10 JavaThread "Unconstrained build operations Thread 6"        [_thread_blocked, id=8600, stack(0x0000007144100000,0x0000007144200000) (1024K)]
  0x0000021d4bf5c3d0 JavaThread "Unconstrained build operations Thread 7"        [_thread_blocked, id=10016, stack(0x0000007144200000,0x0000007144300000) (1024K)]
  0x0000021d4bf62640 JavaThread "WorkerExecutor Queue"              [_thread_blocked, id=9316, stack(0x0000007144400000,0x0000007144500000) (1024K)]
  0x0000021d4d897d90 JavaThread "RMI Scheduler(0)"           daemon [_thread_blocked, id=18768, stack(0x0000007144600000,0x0000007144700000) (1024K)]
  0x0000021d4d896350 JavaThread "RMI GC Daemon"              daemon [_thread_blocked, id=8068, stack(0x0000007144800000,0x0000007144900000) (1024K)]
  0x0000021d4d899e60 JavaThread "RMI TCP Accept-0"           daemon [_thread_in_native, id=16876, stack(0x0000007144900000,0x0000007144a00000) (1024K)]
  0x0000021d4d897700 JavaThread "RMI Reaper"                        [_thread_blocked, id=28312, stack(0x0000007144a00000,0x0000007144b00000) (1024K)]
  0x0000021d4d899140 JavaThread "RMI TCP Connection(2)-127.0.0.1" daemon [_thread_in_native, id=15504, stack(0x0000007144b00000,0x0000007144c00000) (1024K)]
  0x0000021d4d898ab0 JavaThread "Unconstrained build operations Thread 8"        [_thread_blocked, id=504, stack(0x0000007143700000,0x0000007143800000) (1024K)]
  0x0000021d4d89a4f0 JavaThread "Unconstrained build operations Thread 9"        [_thread_blocked, id=27692, stack(0x0000007144300000,0x0000007144400000) (1024K)]
  0x0000021d4d898420 JavaThread "Unconstrained build operations Thread 10"        [_thread_blocked, id=8184, stack(0x0000007141f00000,0x0000007142000000) (1024K)]
  0x0000021d4de63c70 JavaThread "build event listener"              [_thread_blocked, id=5228, stack(0x000000713fa00000,0x000000713fb00000) (1024K)]
  0x0000021d4de607f0 JavaThread "build event listener"              [_thread_blocked, id=28384, stack(0x0000007144700000,0x0000007144800000) (1024K)]
  0x0000021d4beef8c0 JavaThread "C2 CompilerThread1"         daemon [_thread_blocked, id=12708, stack(0x000000713f900000,0x000000713fa00000) (1024K)]
  0x0000021d4beec240 JavaThread "C2 CompilerThread2"         daemon [_thread_blocked, id=28036, stack(0x000000713fb00000,0x000000713fc00000) (1024K)]
  0x0000021d4beeff90 JavaThread "C1 CompilerThread1"         daemon [_thread_blocked, id=5928, stack(0x0000007143900000,0x0000007143a00000) (1024K)]
Total: 61

Other Threads:
=>0x0000021d29fb28c0 VMThread "VM Thread"                           [id=24452, stack(0x0000007140300000,0x0000007140400000) (1024K)]
  0x0000021d10cc8140 WatcherThread "VM Periodic Task Thread"        [id=24168, stack(0x0000007140200000,0x0000007140300000) (1024K)]
  0x0000021d10d2b260 WorkerThread "GC Thread#0"                     [id=27764, stack(0x000000713fd00000,0x000000713fe00000) (1024K)]
  0x0000021d45350240 WorkerThread "GC Thread#1"                     [id=23848, stack(0x0000007141000000,0x0000007141100000) (1024K)]
  0x0000021d455025b0 WorkerThread "GC Thread#2"                     [id=19416, stack(0x0000007141100000,0x0000007141200000) (1024K)]
  0x0000021d4571bd60 WorkerThread "GC Thread#3"                     [id=11740, stack(0x0000007141200000,0x0000007141300000) (1024K)]
  0x0000021d453f79a0 WorkerThread "GC Thread#4"                     [id=8748, stack(0x0000007141300000,0x0000007141400000) (1024K)]
  0x0000021d453f7d50 WorkerThread "GC Thread#5"                     [id=25072, stack(0x0000007141400000,0x0000007141500000) (1024K)]
  0x0000021d453f8100 WorkerThread "GC Thread#6"                     [id=23276, stack(0x0000007141600000,0x0000007141700000) (1024K)]
  0x0000021d4b200d00 WorkerThread "GC Thread#7"                     [id=3984, stack(0x0000007142600000,0x0000007142700000) (1024K)]
  0x0000021d4b202e30 WorkerThread "GC Thread#8"                     [id=17456, stack(0x0000007142700000,0x0000007142800000) (1024K)]
  0x0000021d4b2010b0 WorkerThread "GC Thread#9"                     [id=26916, stack(0x0000007142800000,0x0000007142900000) (1024K)]
  0x0000021d4b202320 WorkerThread "GC Thread#10"                    [id=24860, stack(0x0000007142900000,0x0000007142a00000) (1024K)]
  0x0000021d4b2026d0 WorkerThread "GC Thread#11"                    [id=28364, stack(0x0000007142a00000,0x0000007142b00000) (1024K)]
  0x0000021d4db9cd20 WorkerThread "GC Thread#12"                    [id=15216, stack(0x0000007142b00000,0x0000007142c00000) (1024K)]
  0x0000021d10d3c470 ConcurrentGCThread "G1 Main Marker"            [id=16176, stack(0x000000713fe00000,0x000000713ff00000) (1024K)]
  0x0000021d10d3e8b0 WorkerThread "G1 Conc#0"                       [id=19392, stack(0x000000713ff00000,0x0000007140000000) (1024K)]
  0x0000021d4db9a490 WorkerThread "G1 Conc#1"                       [id=28320, stack(0x0000007142c00000,0x0000007142d00000) (1024K)]
  0x0000021d4db995d0 WorkerThread "G1 Conc#2"                       [id=28976, stack(0x0000007142d00000,0x0000007142e00000) (1024K)]
  0x0000021d29efb290 ConcurrentGCThread "G1 Refine#0"               [id=11124, stack(0x0000007140000000,0x0000007140100000) (1024K)]
  0x0000021d29efb6d0 ConcurrentGCThread "G1 Service"                [id=9776, stack(0x0000007140100000,0x0000007140200000) (1024K)]
Total: 21

Threads with active compile tasks:
C2 CompilerThread1  85489 15514       4       org.gradle.internal.snapshot.AbstractListChildMap::store (72 bytes)
C2 CompilerThread2  85490 15515       4       org.gradle.internal.operations.DefaultBuildOperationListenerManager$1::progress (47 bytes)
Total: 2

VM state: at safepoint (normal execution)

VM Mutex/Monitor currently owned by a thread:  ([mutex/lock_event])
[0x00007ffc28e4f570] Threads_lock - owner thread: 0x0000021d29fb28c0
[0x00007ffc28e4f670] Heap_lock - owner thread: 0x0000021d10d3c470

OutOfMemory and StackOverflow Exception counts:
OutOfMemoryError java_heap_errors=1
LinkageErrors=254

Heap address: 0x0000000080000000, size: 2048 MB, Compressed Oops mode: 32-bit

CDS archive(s) mapped at: [0x0000021d2a000000-0x0000021d2aba0000-0x0000021d2aba0000), size 12189696, SharedBaseAddress: 0x0000021d2a000000, ArchiveRelocationMode: 1.
Compressed class space mapped at: 0x0000021d2b000000-0x0000021d45000000, reserved size: 436207616
Narrow klass base: 0x0000021d2a000000, Narrow klass shift: 0, Narrow klass range: 0x100000000

GC Precious Log:
 CardTable entry size: 512
 Card Set container configuration: InlinePtr #cards 5 size 8 Array Of Cards #cards 12 size 40 Howl #buckets 4 coarsen threshold 1843 Howl Bitmap #cards 512 size 80 coarsen threshold 460 Card regions per heap region 1 cards per card region 2048
 CPUs: 16 total, 16 available
 Memory: 15998M
 Large Page Support: Disabled
 NUMA Support: Disabled
 Compressed Oops: Enabled (32-bit)
 Heap Region Size: 1M
 Heap Min Capacity: 8M
 Heap Initial Capacity: 250M
 Heap Max Capacity: 2G
 Pre-touch: Disabled
 Parallel Workers: 13
 Concurrent Workers: 3
 Concurrent Refinement Workers: 13
 Periodic GC: Disabled

Heap:
 garbage-first heap   total 188416K, used 120449K [0x0000000080000000, 0x0000000100000000)
  region size 1024K, 11 young (11264K), 8 survivors (8192K)
 Metaspace       used 109029K, committed 111488K, reserved 557056K
  class space    used 15583K, committed 16832K, reserved 425984K

Heap Regions: E=young(eden), S=young(survivor), O=old, HS=humongous(starts), HC=humongous(continues), CS=collection set, F=free, TAMS=top-at-mark-start, PB=parsable bottom
|   0|0x0000000080000000, 0x0000000080100000, 0x0000000080100000|100%|HS|  |TAMS 0x0000000080100000| PB 0x0000000080000000| Complete 
|   1|0x0000000080100000, 0x0000000080200000, 0x0000000080200000|100%|HC|  |TAMS 0x0000000080200000| PB 0x0000000080100000| Complete 
|   2|0x0000000080200000, 0x0000000080300000, 0x0000000080300000|100%|HC|  |TAMS 0x0000000080300000| PB 0x0000000080200000| Complete 
|   3|0x0000000080300000, 0x0000000080400000, 0x0000000080400000|100%| O|  |TAMS 0x0000000080400000| PB 0x0000000080400000| Untracked 
|   4|0x0000000080400000, 0x0000000080500000, 0x0000000080500000|100%| O|  |TAMS 0x0000000080500000| PB 0x0000000080500000| Untracked 
|   5|0x0000000080500000, 0x0000000080600000, 0x0000000080600000|100%| O|  |TAMS 0x0000000080600000| PB 0x0000000080600000| Untracked 
|   6|0x0000000080600000, 0x0000000080700000, 0x0000000080700000|100%|HS|  |TAMS 0x0000000080700000| PB 0x0000000080600000| Complete 
|   7|0x0000000080700000, 0x0000000080800000, 0x0000000080800000|100%| O|  |TAMS 0x0000000080800000| PB 0x0000000080800000| Untracked 
|   8|0x0000000080800000, 0x0000000080900000, 0x0000000080900000|100%| O|  |TAMS 0x0000000080900000| PB 0x0000000080900000| Untracked 
|   9|0x0000000080900000, 0x0000000080a00000, 0x0000000080a00000|100%| O|  |TAMS 0x0000000080a00000| PB 0x0000000080a00000| Untracked 
|  10|0x0000000080a00000, 0x0000000080b00000, 0x0000000080b00000|100%| O|  |TAMS 0x0000000080b00000| PB 0x0000000080b00000| Untracked 
|  11|0x0000000080b00000, 0x0000000080c00000, 0x0000000080c00000|100%| O|  |TAMS 0x0000000080c00000| PB 0x0000000080c00000| Untracked 
|  12|0x0000000080c00000, 0x0000000080d00000, 0x0000000080d00000|100%| O|  |TAMS 0x0000000080d00000| PB 0x0000000080d00000| Untracked 
|  13|0x0000000080d00000, 0x0000000080e00000, 0x0000000080e00000|100%| O|  |TAMS 0x0000000080e00000| PB 0x0000000080e00000| Untracked 
|  14|0x0000000080e00000, 0x0000000080f00000, 0x0000000080f00000|100%| O|  |TAMS 0x0000000080f00000| PB 0x0000000080f00000| Untracked 
|  15|0x0000000080f00000, 0x0000000081000000, 0x0000000081000000|100%| O|  |TAMS 0x0000000081000000| PB 0x0000000081000000| Untracked 
|  16|0x0000000081000000, 0x0000000081100000, 0x0000000081100000|100%| O|  |TAMS 0x0000000081100000| PB 0x0000000081100000| Untracked 
|  17|0x0000000081100000, 0x0000000081200000, 0x0000000081200000|100%| O|  |TAMS 0x0000000081200000| PB 0x0000000081200000| Untracked 
|  18|0x0000000081200000, 0x0000000081300000, 0x0000000081300000|100%| O|  |TAMS 0x0000000081300000| PB 0x0000000081300000| Untracked 
|  19|0x0000000081300000, 0x0000000081400000, 0x0000000081400000|100%| O|  |TAMS 0x0000000081400000| PB 0x0000000081400000| Updating 
|  20|0x0000000081400000, 0x0000000081500000, 0x0000000081500000|100%| O|  |TAMS 0x0000000081500000| PB 0x0000000081500000| Untracked 
|  21|0x0000000081500000, 0x0000000081600000, 0x0000000081600000|100%| O|  |TAMS 0x0000000081600000| PB 0x0000000081600000| Updating 
|  22|0x0000000081600000, 0x0000000081700000, 0x0000000081700000|100%| O|  |TAMS 0x0000000081700000| PB 0x0000000081700000| Untracked 
|  23|0x0000000081700000, 0x0000000081800000, 0x0000000081800000|100%| O|  |TAMS 0x0000000081800000| PB 0x0000000081800000| Untracked 
|  24|0x0000000081800000, 0x0000000081900000, 0x0000000081900000|100%| O|  |TAMS 0x0000000081900000| PB 0x0000000081900000| Untracked 
|  25|0x0000000081900000, 0x0000000081a00000, 0x0000000081a00000|100%| O|  |TAMS 0x0000000081a00000| PB 0x0000000081a00000| Untracked 
|  26|0x0000000081a00000, 0x0000000081b00000, 0x0000000081b00000|100%| O|  |TAMS 0x0000000081b00000| PB 0x0000000081b00000| Updating 
|  27|0x0000000081b00000, 0x0000000081c00000, 0x0000000081c00000|100%| O|  |TAMS 0x0000000081c00000| PB 0x0000000081c00000| Untracked 
|  28|0x0000000081c00000, 0x0000000081d00000, 0x0000000081d00000|100%| O|  |TAMS 0x0000000081d00000| PB 0x0000000081d00000| Untracked 
|  29|0x0000000081d00000, 0x0000000081e00000, 0x0000000081e00000|100%| O|  |TAMS 0x0000000081e00000| PB 0x0000000081e00000| Updating 
|  30|0x0000000081e00000, 0x0000000081f00000, 0x0000000081f00000|100%| O|  |TAMS 0x0000000081f00000| PB 0x0000000081f00000| Updating 
|  31|0x0000000081f00000, 0x0000000082000000, 0x0000000082000000|100%| O|  |TAMS 0x0000000082000000| PB 0x0000000082000000| Updating 
|  32|0x0000000082000000, 0x0000000082100000, 0x0000000082100000|100%| O|  |TAMS 0x0000000082100000| PB 0x0000000082100000| Updating 
|  33|0x0000000082100000, 0x0000000082200000, 0x0000000082200000|100%| O|  |TAMS 0x0000000082200000| PB 0x0000000082200000| Untracked 
|  34|0x0000000082200000, 0x0000000082300000, 0x0000000082300000|100%| O|  |TAMS 0x0000000082300000| PB 0x0000000082300000| Updating 
|  35|0x0000000082300000, 0x0000000082400000, 0x0000000082400000|100%|HS|  |TAMS 0x0000000082400000| PB 0x0000000082300000| Complete 
|  36|0x0000000082400000, 0x0000000082500000, 0x0000000082500000|100%|HC|  |TAMS 0x0000000082500000| PB 0x0000000082400000| Complete 
|  37|0x0000000082500000, 0x0000000082600000, 0x0000000082600000|100%| O|  |TAMS 0x0000000082600000| PB 0x0000000082600000| Updating 
|  38|0x0000000082600000, 0x0000000082700000, 0x0000000082700000|100%| O|  |TAMS 0x0000000082700000| PB 0x0000000082700000| Updating 
|  39|0x0000000082700000, 0x0000000082800000, 0x0000000082800000|100%| O|  |TAMS 0x0000000082800000| PB 0x0000000082800000| Updating 
|  40|0x0000000082800000, 0x0000000082900000, 0x0000000082900000|100%| O|  |TAMS 0x0000000082900000| PB 0x0000000082900000| Untracked 
|  41|0x0000000082900000, 0x0000000082a00000, 0x0000000082a00000|100%| O|  |TAMS 0x0000000082a00000| PB 0x0000000082a00000| Untracked 
|  42|0x0000000082a00000, 0x0000000082b00000, 0x0000000082b00000|100%| O|  |TAMS 0x0000000082b00000| PB 0x0000000082b00000| Untracked 
|  43|0x0000000082b00000, 0x0000000082c00000, 0x0000000082c00000|100%|HS|  |TAMS 0x0000000082c00000| PB 0x0000000082b00000| Complete 
|  44|0x0000000082c00000, 0x0000000082d00000, 0x0000000082d00000|100%|HC|  |TAMS 0x0000000082d00000| PB 0x0000000082c00000| Complete 
|  45|0x0000000082d00000, 0x0000000082e00000, 0x0000000082e00000|100%| O|  |TAMS 0x0000000082e00000| PB 0x0000000082e00000| Untracked 
|  46|0x0000000082e00000, 0x0000000082f00000, 0x0000000082f00000|100%| O|  |TAMS 0x0000000082f00000| PB 0x0000000082f00000| Updating 
|  47|0x0000000082f00000, 0x0000000083000000, 0x0000000083000000|100%| O|  |TAMS 0x0000000083000000| PB 0x0000000083000000| Updating 
|  48|0x0000000083000000, 0x0000000083100000, 0x0000000083100000|100%| O|  |TAMS 0x0000000083100000| PB 0x0000000083100000| Updating 
|  49|0x0000000083100000, 0x0000000083200000, 0x0000000083200000|100%| O|  |TAMS 0x0000000083200000| PB 0x0000000083200000| Untracked 
|  50|0x0000000083200000, 0x0000000083300000, 0x0000000083300000|100%| O|  |TAMS 0x0000000083300000| PB 0x0000000083300000| Untracked 
|  51|0x0000000083300000, 0x0000000083400000, 0x0000000083400000|100%| O|  |TAMS 0x0000000083400000| PB 0x0000000083400000| Untracked 
|  52|0x0000000083400000, 0x0000000083500000, 0x0000000083500000|100%| O|  |TAMS 0x0000000083500000| PB 0x0000000083500000| Untracked 
|  53|0x0000000083500000, 0x0000000083600000, 0x0000000083600000|100%| O|  |TAMS 0x0000000083600000| PB 0x0000000083600000| Untracked 
|  54|0x0000000083600000, 0x0000000083700000, 0x0000000083700000|100%| O|  |TAMS 0x0000000083700000| PB 0x0000000083700000| Untracked 
|  55|0x0000000083700000, 0x0000000083800000, 0x0000000083800000|100%| O|  |TAMS 0x0000000083800000| PB 0x0000000083800000| Updating 
|  56|0x0000000083800000, 0x0000000083900000, 0x0000000083900000|100%| O|  |TAMS 0x0000000083900000| PB 0x0000000083900000| Untracked 
|  57|0x0000000083900000, 0x0000000083a00000, 0x0000000083a00000|100%| O|  |TAMS 0x0000000083a00000| PB 0x0000000083a00000| Updating 
|  58|0x0000000083a00000, 0x0000000083b00000, 0x0000000083b00000|100%| O|  |TAMS 0x0000000083b00000| PB 0x0000000083b00000| Untracked 
|  59|0x0000000083b00000, 0x0000000083c00000, 0x0000000083c00000|100%|HS|  |TAMS 0x0000000083c00000| PB 0x0000000083b00000| Complete 
|  60|0x0000000083c00000, 0x0000000083d00000, 0x0000000083d00000|100%| O|  |TAMS 0x0000000083d00000| PB 0x0000000083d00000| Updating 
|  61|0x0000000083d00000, 0x0000000083e00000, 0x0000000083e00000|100%| O|  |TAMS 0x0000000083e00000| PB 0x0000000083e00000| Untracked 
|  62|0x0000000083e00000, 0x0000000083f00000, 0x0000000083f00000|100%| O|  |TAMS 0x0000000083f00000| PB 0x0000000083f00000| Untracked 
|  63|0x0000000083f00000, 0x0000000084000000, 0x0000000084000000|100%|HS|  |TAMS 0x0000000084000000| PB 0x0000000083f00000| Complete 
|  64|0x0000000084000000, 0x0000000084100000, 0x0000000084100000|100%| O|  |TAMS 0x0000000084100000| PB 0x0000000084100000| Untracked 
|  65|0x0000000084100000, 0x0000000084200000, 0x0000000084200000|100%|HS|  |TAMS 0x0000000084200000| PB 0x0000000084100000| Complete 
|  66|0x0000000084200000, 0x0000000084300000, 0x0000000084300000|100%|HC|  |TAMS 0x0000000084300000| PB 0x0000000084200000| Complete 
|  67|0x0000000084300000, 0x0000000084300000, 0x0000000084400000|  0%| F|  |TAMS 0x0000000084300000| PB 0x0000000084300000| Untracked 
|  68|0x0000000084400000, 0x0000000084500000, 0x0000000084500000|100%|HS|  |TAMS 0x0000000084500000| PB 0x0000000084400000| Complete 
|  69|0x0000000084500000, 0x0000000084600000, 0x0000000084600000|100%|HC|  |TAMS 0x0000000084600000| PB 0x0000000084500000| Complete 
|  70|0x0000000084600000, 0x0000000084700000, 0x0000000084700000|100%|HS|  |TAMS 0x0000000084700000| PB 0x0000000084600000| Complete 
|  71|0x0000000084700000, 0x0000000084800000, 0x0000000084800000|100%|HS|  |TAMS 0x0000000084800000| PB 0x0000000084700000| Complete 
|  72|0x0000000084800000, 0x0000000084900000, 0x0000000084900000|100%| O|  |TAMS 0x0000000084900000| PB 0x0000000084900000| Untracked 
|  73|0x0000000084900000, 0x0000000084a00000, 0x0000000084a00000|100%|HS|  |TAMS 0x0000000084a00000| PB 0x0000000084900000| Complete 
|  74|0x0000000084a00000, 0x0000000084b00000, 0x0000000084b00000|100%|HS|  |TAMS 0x0000000084b00000| PB 0x0000000084a00000| Complete 
|  75|0x0000000084b00000, 0x0000000084c00000, 0x0000000084c00000|100%| O|  |TAMS 0x0000000084c00000| PB 0x0000000084c00000| Updating 
|  76|0x0000000084c00000, 0x0000000084d00000, 0x0000000084d00000|100%| O|  |TAMS 0x0000000084d00000| PB 0x0000000084d00000| Updating 
|  77|0x0000000084d00000, 0x0000000084e00000, 0x0000000084e00000|100%| O|  |TAMS 0x0000000084e00000| PB 0x0000000084e00000| Updating 
|  78|0x0000000084e00000, 0x0000000084f00000, 0x0000000084f00000|100%| O|  |TAMS 0x0000000084f00000| PB 0x0000000084f00000| Untracked 
|  79|0x0000000084f00000, 0x0000000085000000, 0x0000000085000000|100%| O|  |TAMS 0x0000000085000000| PB 0x0000000085000000| Untracked 
|  80|0x0000000085000000, 0x0000000085100000, 0x0000000085100000|100%|HS|  |TAMS 0x0000000085100000| PB 0x0000000085000000| Complete 
|  81|0x0000000085100000, 0x0000000085200000, 0x0000000085200000|100%| O|  |TAMS 0x0000000085200000| PB 0x0000000085200000| Untracked 
|  82|0x0000000085200000, 0x0000000085300000, 0x0000000085300000|100%| O|  |TAMS 0x0000000085300000| PB 0x0000000085300000| Untracked 
|  83|0x0000000085300000, 0x0000000085300000, 0x0000000085400000|  0%| F|  |TAMS 0x0000000085300000| PB 0x0000000085300000| Untracked 
|  84|0x0000000085400000, 0x0000000085500000, 0x0000000085500000|100%| O|  |TAMS 0x0000000085500000| PB 0x0000000085500000| Updating 
|  85|0x0000000085500000, 0x0000000085600000, 0x0000000085600000|100%| O|  |TAMS 0x0000000085600000| PB 0x0000000085600000| Untracked 
|  86|0x0000000085600000, 0x0000000085700000, 0x0000000085700000|100%| O|  |TAMS 0x0000000085700000| PB 0x0000000085700000| Untracked 
|  87|0x0000000085700000, 0x0000000085800000, 0x0000000085800000|100%| O|  |TAMS 0x0000000085800000| PB 0x0000000085800000| Untracked 
|  88|0x0000000085800000, 0x0000000085900000, 0x0000000085900000|100%| O|  |TAMS 0x0000000085900000| PB 0x0000000085900000| Untracked 
|  89|0x0000000085900000, 0x0000000085a00000, 0x0000000085a00000|100%| O|  |TAMS 0x0000000085a00000| PB 0x0000000085a00000| Updating 
|  90|0x0000000085a00000, 0x0000000085b00000, 0x0000000085b00000|100%| O|  |TAMS 0x0000000085b00000| PB 0x0000000085b00000| Updating 
|  91|0x0000000085b00000, 0x0000000085c00000, 0x0000000085c00000|100%| O|  |TAMS 0x0000000085c00000| PB 0x0000000085c00000| Untracked 
|  92|0x0000000085c00000, 0x0000000085d00000, 0x0000000085d00000|100%| O|  |TAMS 0x0000000085d00000| PB 0x0000000085d00000| Untracked 
|  93|0x0000000085d00000, 0x0000000085e00000, 0x0000000085e00000|100%| O|  |TAMS 0x0000000085e00000| PB 0x0000000085e00000| Updating 
|  94|0x0000000085e00000, 0x0000000085f00000, 0x0000000085f00000|100%| O|  |TAMS 0x0000000085f00000| PB 0x0000000085f00000| Untracked 
|  95|0x0000000085f00000, 0x0000000085f00000, 0x0000000086000000|  0%| F|  |TAMS 0x0000000085f00000| PB 0x0000000085f00000| Untracked 
|  96|0x0000000086000000, 0x0000000086000000, 0x0000000086100000|  0%| F|  |TAMS 0x0000000086000000| PB 0x0000000086000000| Untracked 
|  97|0x0000000086100000, 0x0000000086200000, 0x0000000086200000|100%| O|  |TAMS 0x0000000086200000| PB 0x0000000086200000| Untracked 
|  98|0x0000000086200000, 0x0000000086300000, 0x0000000086300000|100%| O|  |TAMS 0x0000000086300000| PB 0x0000000086300000| Updating 
|  99|0x0000000086300000, 0x0000000086400000, 0x0000000086400000|100%| O|  |TAMS 0x0000000086400000| PB 0x0000000086400000| Updating 
| 100|0x0000000086400000, 0x0000000086500000, 0x0000000086500000|100%| O|  |TAMS 0x0000000086500000| PB 0x0000000086500000| Untracked 
| 101|0x0000000086500000, 0x0000000086600000, 0x0000000086600000|100%| O|  |TAMS 0x0000000086600000| PB 0x0000000086600000| Untracked 
| 102|0x0000000086600000, 0x0000000086700000, 0x0000000086700000|100%| O|  |TAMS 0x0000000086700000| PB 0x0000000086700000| Untracked 
| 103|0x0000000086700000, 0x0000000086800000, 0x0000000086800000|100%| O|  |TAMS 0x0000000086800000| PB 0x0000000086800000| Untracked 
| 104|0x0000000086800000, 0x0000000086900000, 0x0000000086900000|100%| O|  |TAMS 0x0000000086900000| PB 0x0000000086900000| Updating 
| 105|0x0000000086900000, 0x00000000869a06b0, 0x0000000086a00000| 62%| O|  |TAMS 0x000000008696c540| PB 0x000000008696c540| Updating 
| 106|0x0000000086a00000, 0x0000000086a00000, 0x0000000086b00000|  0%| F|  |TAMS 0x0000000086a00000| PB 0x0000000086a00000| Untracked 
| 107|0x0000000086b00000, 0x0000000086b00000, 0x0000000086c00000|  0%| F|  |TAMS 0x0000000086b00000| PB 0x0000000086b00000| Untracked 
| 108|0x0000000086c00000, 0x0000000086c00000, 0x0000000086d00000|  0%| F|  |TAMS 0x0000000086c00000| PB 0x0000000086c00000| Untracked 
| 109|0x0000000086d00000, 0x0000000086d00000, 0x0000000086e00000|  0%| F|  |TAMS 0x0000000086d00000| PB 0x0000000086d00000| Untracked 
| 110|0x0000000086e00000, 0x0000000086e00000, 0x0000000086f00000|  0%| F|  |TAMS 0x0000000086e00000| PB 0x0000000086e00000| Untracked 
| 111|0x0000000086f00000, 0x0000000087000000, 0x0000000087000000|100%| S|CS|TAMS 0x0000000086f00000| PB 0x0000000086f00000| Complete 
| 112|0x0000000087000000, 0x0000000087100000, 0x0000000087100000|100%| S|CS|TAMS 0x0000000087000000| PB 0x0000000087000000| Complete 
| 113|0x0000000087100000, 0x0000000087200000, 0x0000000087200000|100%| S|CS|TAMS 0x0000000087100000| PB 0x0000000087100000| Complete 
| 114|0x0000000087200000, 0x0000000087300000, 0x0000000087300000|100%| S|CS|TAMS 0x0000000087200000| PB 0x0000000087200000| Complete 
| 115|0x0000000087300000, 0x0000000087300000, 0x0000000087400000|  0%| F|  |TAMS 0x0000000087300000| PB 0x0000000087300000| Untracked 
| 116|0x0000000087400000, 0x0000000087400000, 0x0000000087500000|  0%| F|  |TAMS 0x0000000087400000| PB 0x0000000087400000| Untracked 
| 117|0x0000000087500000, 0x0000000087500000, 0x0000000087600000|  0%| F|  |TAMS 0x0000000087500000| PB 0x0000000087500000| Untracked 
| 118|0x0000000087600000, 0x0000000087600000, 0x0000000087700000|  0%| F|  |TAMS 0x0000000087600000| PB 0x0000000087600000| Untracked 
| 119|0x0000000087700000, 0x0000000087800000, 0x0000000087800000|100%| S|CS|TAMS 0x0000000087700000| PB 0x0000000087700000| Complete 
| 120|0x0000000087800000, 0x0000000087900000, 0x0000000087900000|100%| S|CS|TAMS 0x0000000087800000| PB 0x0000000087800000| Complete 
| 121|0x0000000087900000, 0x0000000087a00000, 0x0000000087a00000|100%| S|CS|TAMS 0x0000000087900000| PB 0x0000000087900000| Complete 
| 122|0x0000000087a00000, 0x0000000087b00000, 0x0000000087b00000|100%| S|CS|TAMS 0x0000000087a00000| PB 0x0000000087a00000| Complete 
| 123|0x0000000087b00000, 0x0000000087b00000, 0x0000000087c00000|  0%| F|  |TAMS 0x0000000087b00000| PB 0x0000000087b00000| Untracked 
| 124|0x0000000087c00000, 0x0000000087c00000, 0x0000000087d00000|  0%| F|  |TAMS 0x0000000087c00000| PB 0x0000000087c00000| Untracked 
| 125|0x0000000087d00000, 0x0000000087d00000, 0x0000000087e00000|  0%| F|  |TAMS 0x0000000087d00000| PB 0x0000000087d00000| Untracked 
| 126|0x0000000087e00000, 0x0000000087e00000, 0x0000000087f00000|  0%| F|  |TAMS 0x0000000087e00000| PB 0x0000000087e00000| Untracked 
| 127|0x0000000087f00000, 0x0000000087f00000, 0x0000000088000000|  0%| F|  |TAMS 0x0000000087f00000| PB 0x0000000087f00000| Untracked 
| 128|0x0000000088000000, 0x0000000088000000, 0x0000000088100000|  0%| F|  |TAMS 0x0000000088000000| PB 0x0000000088000000| Untracked 
| 129|0x0000000088100000, 0x0000000088100000, 0x0000000088200000|  0%| F|  |TAMS 0x0000000088100000| PB 0x0000000088100000| Untracked 
| 130|0x0000000088200000, 0x0000000088200000, 0x0000000088300000|  0%| F|  |TAMS 0x0000000088200000| PB 0x0000000088200000| Untracked 
| 131|0x0000000088300000, 0x0000000088300000, 0x0000000088400000|  0%| F|  |TAMS 0x0000000088300000| PB 0x0000000088300000| Untracked 
| 132|0x0000000088400000, 0x0000000088400000, 0x0000000088500000|  0%| F|  |TAMS 0x0000000088400000| PB 0x0000000088400000| Untracked 
| 133|0x0000000088500000, 0x0000000088500000, 0x0000000088600000|  0%| F|  |TAMS 0x0000000088500000| PB 0x0000000088500000| Untracked 
| 134|0x0000000088600000, 0x0000000088600000, 0x0000000088700000|  0%| F|  |TAMS 0x0000000088600000| PB 0x0000000088600000| Untracked 
| 135|0x0000000088700000, 0x0000000088700000, 0x0000000088800000|  0%| F|  |TAMS 0x0000000088700000| PB 0x0000000088700000| Untracked 
| 136|0x0000000088800000, 0x0000000088800000, 0x0000000088900000|  0%| F|  |TAMS 0x0000000088800000| PB 0x0000000088800000| Untracked 
| 137|0x0000000088900000, 0x0000000088900000, 0x0000000088a00000|  0%| F|  |TAMS 0x0000000088900000| PB 0x0000000088900000| Untracked 
| 138|0x0000000088a00000, 0x0000000088a00000, 0x0000000088b00000|  0%| F|  |TAMS 0x0000000088a00000| PB 0x0000000088a00000| Untracked 
| 139|0x0000000088b00000, 0x0000000088b00000, 0x0000000088c00000|  0%| F|  |TAMS 0x0000000088b00000| PB 0x0000000088b00000| Untracked 
| 140|0x0000000088c00000, 0x0000000088c00000, 0x0000000088d00000|  0%| F|  |TAMS 0x0000000088c00000| PB 0x0000000088c00000| Untracked 
| 141|0x0000000088d00000, 0x0000000088d00000, 0x0000000088e00000|  0%| F|  |TAMS 0x0000000088d00000| PB 0x0000000088d00000| Untracked 
| 142|0x0000000088e00000, 0x0000000088e00000, 0x0000000088f00000|  0%| F|  |TAMS 0x0000000088e00000| PB 0x0000000088e00000| Untracked 
| 143|0x0000000088f00000, 0x0000000088f00000, 0x0000000089000000|  0%| F|  |TAMS 0x0000000088f00000| PB 0x0000000088f00000| Untracked 
| 144|0x0000000089000000, 0x0000000089000000, 0x0000000089100000|  0%| F|  |TAMS 0x0000000089000000| PB 0x0000000089000000| Untracked 
| 145|0x0000000089100000, 0x0000000089100000, 0x0000000089200000|  0%| F|  |TAMS 0x0000000089100000| PB 0x0000000089100000| Untracked 
| 146|0x0000000089200000, 0x0000000089200000, 0x0000000089300000|  0%| F|  |TAMS 0x0000000089200000| PB 0x0000000089200000| Untracked 
| 147|0x0000000089300000, 0x0000000089300000, 0x0000000089400000|  0%| F|  |TAMS 0x0000000089300000| PB 0x0000000089300000| Untracked 
| 148|0x0000000089400000, 0x0000000089400000, 0x0000000089500000|  0%| F|  |TAMS 0x0000000089400000| PB 0x0000000089400000| Untracked 
| 149|0x0000000089500000, 0x0000000089500000, 0x0000000089600000|  0%| F|  |TAMS 0x0000000089500000| PB 0x0000000089500000| Untracked 
| 150|0x0000000089600000, 0x0000000089600000, 0x0000000089700000|  0%| F|  |TAMS 0x0000000089600000| PB 0x0000000089600000| Untracked 
| 151|0x0000000089700000, 0x0000000089700000, 0x0000000089800000|  0%| F|  |TAMS 0x0000000089700000| PB 0x0000000089700000| Untracked 
| 152|0x0000000089800000, 0x0000000089800000, 0x0000000089900000|  0%| F|  |TAMS 0x0000000089800000| PB 0x0000000089800000| Untracked 
| 153|0x0000000089900000, 0x0000000089900000, 0x0000000089a00000|  0%| F|  |TAMS 0x0000000089900000| PB 0x0000000089900000| Untracked 
| 154|0x0000000089a00000, 0x0000000089a00000, 0x0000000089b00000|  0%| F|  |TAMS 0x0000000089a00000| PB 0x0000000089a00000| Untracked 
| 155|0x0000000089b00000, 0x0000000089b00000, 0x0000000089c00000|  0%| F|  |TAMS 0x0000000089b00000| PB 0x0000000089b00000| Untracked 
| 156|0x0000000089c00000, 0x0000000089c00000, 0x0000000089d00000|  0%| F|  |TAMS 0x0000000089c00000| PB 0x0000000089c00000| Untracked 
| 157|0x0000000089d00000, 0x0000000089d00000, 0x0000000089e00000|  0%| F|  |TAMS 0x0000000089d00000| PB 0x0000000089d00000| Untracked 
| 158|0x0000000089e00000, 0x0000000089e00000, 0x0000000089f00000|  0%| F|  |TAMS 0x0000000089e00000| PB 0x0000000089e00000| Untracked 
| 159|0x0000000089f00000, 0x0000000089f00000, 0x000000008a000000|  0%| F|  |TAMS 0x0000000089f00000| PB 0x0000000089f00000| Untracked 
| 160|0x000000008a000000, 0x000000008a000000, 0x000000008a100000|  0%| F|  |TAMS 0x000000008a000000| PB 0x000000008a000000| Untracked 
| 161|0x000000008a100000, 0x000000008a100000, 0x000000008a200000|  0%| F|  |TAMS 0x000000008a100000| PB 0x000000008a100000| Untracked 
| 162|0x000000008a200000, 0x000000008a200000, 0x000000008a300000|  0%| F|  |TAMS 0x000000008a200000| PB 0x000000008a200000| Untracked 
| 163|0x000000008a300000, 0x000000008a300000, 0x000000008a400000|  0%| F|  |TAMS 0x000000008a300000| PB 0x000000008a300000| Untracked 
| 164|0x000000008a400000, 0x000000008a400000, 0x000000008a500000|  0%| F|  |TAMS 0x000000008a400000| PB 0x000000008a400000| Untracked 
| 165|0x000000008a500000, 0x000000008a500000, 0x000000008a600000|  0%| F|  |TAMS 0x000000008a500000| PB 0x000000008a500000| Untracked 
| 166|0x000000008a600000, 0x000000008a600000, 0x000000008a700000|  0%| F|  |TAMS 0x000000008a600000| PB 0x000000008a600000| Untracked 
| 167|0x000000008a700000, 0x000000008a700000, 0x000000008a800000|  0%| F|  |TAMS 0x000000008a700000| PB 0x000000008a700000| Untracked 
| 168|0x000000008a800000, 0x000000008a800000, 0x000000008a900000|  0%| F|  |TAMS 0x000000008a800000| PB 0x000000008a800000| Untracked 
| 169|0x000000008a900000, 0x000000008a900000, 0x000000008aa00000|  0%| F|  |TAMS 0x000000008a900000| PB 0x000000008a900000| Untracked 
| 170|0x000000008aa00000, 0x000000008aa00000, 0x000000008ab00000|  0%| F|  |TAMS 0x000000008aa00000| PB 0x000000008aa00000| Untracked 
| 171|0x000000008ab00000, 0x000000008ab00000, 0x000000008ac00000|  0%| F|  |TAMS 0x000000008ab00000| PB 0x000000008ab00000| Untracked 
| 249|0x000000008f900000, 0x000000008f900000, 0x000000008fa00000|  0%| F|  |TAMS 0x000000008f900000| PB 0x000000008f900000| Untracked 
|2037|0x00000000ff500000, 0x00000000ff500000, 0x00000000ff600000|  0%| F|  |TAMS 0x00000000ff500000| PB 0x00000000ff500000| Untracked 
|2038|0x00000000ff600000, 0x00000000ff600000, 0x00000000ff700000|  0%| F|  |TAMS 0x00000000ff600000| PB 0x00000000ff600000| Untracked 
|2039|0x00000000ff700000, 0x00000000ff7256f8, 0x00000000ff800000| 14%| E|  |TAMS 0x00000000ff700000| PB 0x00000000ff700000| Complete 
|2040|0x00000000ff800000, 0x00000000ff900000, 0x00000000ff900000|100%| E|CS|TAMS 0x00000000ff800000| PB 0x00000000ff800000| Complete 
|2041|0x00000000ff900000, 0x00000000ffa00000, 0x00000000ffa00000|100%| O|  |TAMS 0x00000000ffa00000| PB 0x00000000ffa00000| Updating 
|2042|0x00000000ffa00000, 0x00000000ffb00000, 0x00000000ffb00000|100%| E|CS|TAMS 0x00000000ffa00000| PB 0x00000000ffa00000| Complete 
|2043|0x00000000ffb00000, 0x00000000ffc00000, 0x00000000ffc00000|100%| O|  |TAMS 0x00000000ffc00000| PB 0x00000000ffc00000| Updating 
|2044|0x00000000ffc00000, 0x00000000ffd00000, 0x00000000ffd00000|100%| O|  |TAMS 0x00000000ffd00000| PB 0x00000000ffd00000| Untracked 
|2045|0x00000000ffd00000, 0x00000000ffe00000, 0x00000000ffe00000|100%| O|  |TAMS 0x00000000ffe00000| PB 0x00000000ffe00000| Untracked 
|2046|0x00000000ffe00000, 0x00000000fff00000, 0x00000000fff00000|100%| O|  |TAMS 0x00000000fff00000| PB 0x00000000fff00000| Untracked 
|2047|0x00000000fff00000, 0x0000000100000000, 0x0000000100000000|100%| O|  |TAMS 0x0000000100000000| PB 0x0000000100000000| Untracked 

Card table byte_map: [0x0000021d24b60000,0x0000021d24f60000] _byte_map_base: 0x0000021d24760000

Marking Bits: (CMBitMap*) 0x0000021d10d2b880
 Bits: [0x0000021d24f60000, 0x0000021d26f60000)

Polling page: 0x0000021d0eaa0000

Metaspace:

Usage:
  Non-class:     91.26 MB used.
      Class:     15.22 MB used.
       Both:    106.47 MB used.

Virtual space:
  Non-class space:      128.00 MB reserved,      92.44 MB ( 72%) committed,  2 nodes.
      Class space:      416.00 MB reserved,      16.44 MB (  4%) committed,  1 nodes.
             Both:      544.00 MB reserved,     108.88 MB ( 20%) committed. 

Chunk freelists:
   Non-Class:  3.56 MB
       Class:  15.54 MB
        Both:  19.10 MB

MaxMetaspaceSize: 512.00 MB
CompressedClassSpaceSize: 416.00 MB
Initial GC threshold: 21.00 MB
Current GC threshold: 165.25 MB
CDS: on
 - commit_granule_bytes: 65536.
 - commit_granule_words: 8192.
 - virtual_space_node_default_size: 8388608.
 - enlarge_chunks_in_place: 1.
 - use_allocation_guard: 0.


Internal statistics:

num_allocs_failed_limit: 6.
num_arena_births: 4630.
num_arena_deaths: 0.
num_vsnodes_births: 3.
num_vsnodes_deaths: 0.
num_space_committed: 1742.
num_space_uncommitted: 0.
num_chunks_returned_to_freelist: 6.
num_chunks_taken_from_freelist: 9834.
num_chunk_merges: 6.
num_chunk_splits: 6384.
num_chunks_enlarged: 3956.
num_inconsistent_stats: 0.

CodeHeap 'non-profiled nmethods': size=127360Kb used=6710Kb max_used=6844Kb free=120649Kb
 bounds [0x0000021d1c270000, 0x0000021d1c920000, 0x0000021d23ed0000]
CodeHeap 'profiled nmethods': size=127296Kb used=23159Kb max_used=23947Kb free=104136Kb
 bounds [0x0000021d13ed0000, 0x0000021d15640000, 0x0000021d1bb20000]
CodeHeap 'non-nmethods': size=7488Kb used=2629Kb max_used=3774Kb free=4858Kb
 bounds [0x0000021d1bb20000, 0x0000021d1bf30000, 0x0000021d1c270000]
CodeCache: size=262144Kb, used=32498Kb, max_used=34565Kb, free=229643Kb
 total_blobs=12286, nmethods=11365, adapters=824, full_count=0
Compilation: enabled, stopped_count=0, restarted_count=0

Compilation events (20 events):
Event: 83.399 Thread 0x0000021d4beeff90 15507       3       org.gradle.api.internal.initialization.DefaultScriptClassPathResolver::lambda$getAnalysisResult$3 (13 bytes)
Event: 83.399 Thread 0x0000021d4beeff90 nmethod 15507 0x0000021d15633690 code [0x0000021d15633860, 0x0000021d15633c78]
Event: 83.399 Thread 0x0000021d4beeff90 15508       3       java.util.BitSet::expandTo (23 bytes)
Event: 83.399 Thread 0x0000021d450fd4b0 nmethod 15506 0x0000021d15633d90 code [0x0000021d15633f80, 0x0000021d15634518]
Event: 83.399 Thread 0x0000021d4beeff90 nmethod 15508 0x0000021d15634690 code [0x0000021d15634840, 0x0000021d156349d8]
Event: 83.399 Thread 0x0000021d4beec240 nmethod 15505 0x0000021d1c91e890 code [0x0000021d1c91ea20, 0x0000021d1c91ead0]
Event: 83.403 Thread 0x0000021d450fd4b0 15509       3       org.gradle.api.internal.artifacts.ivyservice.resolveengine.artifact.ArtifactVisitorToResolvedFileVisitorAdapter::prepareForVisit (11 bytes)
Event: 83.403 Thread 0x0000021d4beeff90 15510       3       org.gradle.api.internal.artifacts.ivyservice.ResolvedFileCollectionVisitor::prepareForVisit (11 bytes)
Event: 83.403 Thread 0x0000021d4beeff90 nmethod 15510 0x0000021d15634a90 code [0x0000021d15634c40, 0x0000021d15634e18]
Event: 83.403 Thread 0x0000021d450fd4b0 nmethod 15509 0x0000021d15634f10 code [0x0000021d156350c0, 0x0000021d15635348]
Event: 83.403 Thread 0x0000021d4beeff90 15511       3       org.gradle.api.internal.file.FileCollectionStructureVisitor::prepareForVisit (4 bytes)
Event: 83.403 Thread 0x0000021d4beeff90 nmethod 15511 0x0000021d14dcf790 code [0x0000021d14dcf920, 0x0000021d14dcfa38]
Event: 83.409 Thread 0x0000021d4beec240 15512       4       org.gradle.internal.snapshot.ChildMap$Entry::<init> (15 bytes)
Event: 83.411 Thread 0x0000021d4beec240 nmethod 15512 0x0000021d1c91eb90 code [0x0000021d1c91ed20, 0x0000021d1c91ef78]
Event: 83.427 Thread 0x0000021d450fd4b0 15513       3       org.gradle.internal.snapshot.PathUtil::computeCombinedCompare (20 bytes)
Event: 83.427 Thread 0x0000021d450fd4b0 nmethod 15513 0x0000021d15635490 code [0x0000021d15635640, 0x0000021d15635820]
Event: 83.429 Thread 0x0000021d4beef8c0 15514       4       org.gradle.internal.snapshot.AbstractListChildMap::store (72 bytes)
Event: 83.433 Thread 0x0000021d4beec240 15515       4       org.gradle.internal.operations.DefaultBuildOperationListenerManager$1::progress (47 bytes)
Event: 83.436 Thread 0x0000021d450fd4b0 15516       3       org.gradle.internal.Deferrable$2::getCompleted (8 bytes)
Event: 83.436 Thread 0x0000021d450fd4b0 nmethod 15516 0x0000021d15635910 code [0x0000021d15635ae0, 0x0000021d15635f10]

GC Heap History (20 events):
Event: 73.192 GC heap before
{Heap before GC invocations=38 (full 0):
 garbage-first heap   total 140288K, used 113928K [0x0000000080000000, 0x0000000100000000)
  region size 1024K, 22 young (22528K), 2 survivors (2048K)
 Metaspace       used 86726K, committed 89024K, reserved 557056K
  class space    used 12401K, committed 13568K, reserved 425984K
}
Event: 73.195 GC heap after
{Heap after GC invocations=39 (full 0):
 garbage-first heap   total 140288K, used 96484K [0x0000000080000000, 0x0000000100000000)
  region size 1024K, 4 young (4096K), 4 survivors (4096K)
 Metaspace       used 86726K, committed 89024K, reserved 557056K
  class space    used 12401K, committed 13568K, reserved 425984K
}
Event: 73.471 GC heap before
{Heap before GC invocations=40 (full 0):
 garbage-first heap   total 171008K, used 133348K [0x0000000080000000, 0x0000000100000000)
  region size 1024K, 35 young (35840K), 4 survivors (4096K)
 Metaspace       used 88311K, committed 90560K, reserved 557056K
  class space    used 12615K, committed 13760K, reserved 425984K
}
Event: 73.475 GC heap after
{Heap after GC invocations=41 (full 0):
 garbage-first heap   total 171008K, used 100493K [0x0000000080000000, 0x0000000100000000)
  region size 1024K, 5 young (5120K), 5 survivors (5120K)
 Metaspace       used 88311K, committed 90560K, reserved 557056K
  class space    used 12615K, committed 13760K, reserved 425984K
}
Event: 74.176 GC heap before
{Heap before GC invocations=41 (full 0):
 garbage-first heap   total 171008K, used 145549K [0x0000000080000000, 0x0000000100000000)
  region size 1024K, 49 young (50176K), 5 survivors (5120K)
 Metaspace       used 91173K, committed 93504K, reserved 557056K
  class space    used 12984K, committed 14144K, reserved 425984K
}
Event: 74.179 GC heap after
{Heap after GC invocations=42 (full 0):
 garbage-first heap   total 171008K, used 101065K [0x0000000080000000, 0x0000000100000000)
  region size 1024K, 4 young (4096K), 4 survivors (4096K)
 Metaspace       used 91173K, committed 93504K, reserved 557056K
  class space    used 12984K, committed 14144K, reserved 425984K
}
Event: 74.768 GC heap before
{Heap before GC invocations=42 (full 0):
 garbage-first heap   total 171008K, used 107209K [0x0000000080000000, 0x0000000100000000)
  region size 1024K, 11 young (11264K), 4 survivors (4096K)
 Metaspace       used 91321K, committed 93632K, reserved 557056K
  class space    used 13001K, committed 14144K, reserved 425984K
}
Event: 74.771 GC heap after
{Heap after GC invocations=43 (full 0):
 garbage-first heap   total 171008K, used 102448K [0x0000000080000000, 0x0000000100000000)
  region size 1024K, 5 young (5120K), 5 survivors (5120K)
 Metaspace       used 91321K, committed 93632K, reserved 557056K
  class space    used 13001K, committed 14144K, reserved 425984K
}
Event: 75.265 GC heap before
{Heap before GC invocations=44 (full 0):
 garbage-first heap   total 176128K, used 149552K [0x0000000080000000, 0x0000000100000000)
  region size 1024K, 49 young (50176K), 5 survivors (5120K)
 Metaspace       used 94244K, committed 96640K, reserved 557056K
  class space    used 13428K, committed 14592K, reserved 425984K
}
Event: 75.269 GC heap after
{Heap after GC invocations=45 (full 0):
 garbage-first heap   total 176128K, used 106894K [0x0000000080000000, 0x0000000100000000)
  region size 1024K, 4 young (4096K), 4 survivors (4096K)
 Metaspace       used 94244K, committed 96640K, reserved 557056K
  class space    used 13428K, committed 14592K, reserved 425984K
}
Event: 78.441 GC heap before
{Heap before GC invocations=45 (full 0):
 garbage-first heap   total 176128K, used 153998K [0x0000000080000000, 0x0000000100000000)
  region size 1024K, 50 young (51200K), 4 survivors (4096K)
 Metaspace       used 96704K, committed 99008K, reserved 557056K
  class space    used 13770K, committed 14912K, reserved 425984K
}
Event: 78.444 GC heap after
{Heap after GC invocations=46 (full 0):
 garbage-first heap   total 176128K, used 109017K [0x0000000080000000, 0x0000000100000000)
  region size 1024K, 7 young (7168K), 7 survivors (7168K)
 Metaspace       used 96704K, committed 99008K, reserved 557056K
  class space    used 13770K, committed 14912K, reserved 425984K
}
Event: 78.767 GC heap before
{Heap before GC invocations=46 (full 0):
 garbage-first heap   total 176128K, used 156121K [0x0000000080000000, 0x0000000100000000)
  region size 1024K, 53 young (54272K), 7 survivors (7168K)
 Metaspace       used 98870K, committed 101248K, reserved 557056K
  class space    used 14072K, committed 15296K, reserved 425984K
}
Event: 78.771 GC heap after
{Heap after GC invocations=47 (full 0):
 garbage-first heap   total 176128K, used 112037K [0x0000000080000000, 0x0000000100000000)
  region size 1024K, 4 young (4096K), 4 survivors (4096K)
 Metaspace       used 98870K, committed 101248K, reserved 557056K
  class space    used 14072K, committed 15296K, reserved 425984K
}
Event: 79.195 GC heap before
{Heap before GC invocations=48 (full 0):
 garbage-first heap   total 188416K, used 158117K [0x0000000080000000, 0x0000000100000000)
  region size 1024K, 49 young (50176K), 4 survivors (4096K)
 Metaspace       used 102273K, committed 104640K, reserved 557056K
  class space    used 14629K, committed 15808K, reserved 425984K
}
Event: 79.197 GC heap after
{Heap after GC invocations=49 (full 0):
 garbage-first heap   total 188416K, used 113079K [0x0000000080000000, 0x0000000100000000)
  region size 1024K, 5 young (5120K), 5 survivors (5120K)
 Metaspace       used 102273K, committed 104640K, reserved 557056K
  class space    used 14629K, committed 15808K, reserved 425984K
}
Event: 79.747 GC heap before
{Heap before GC invocations=49 (full 0):
 garbage-first heap   total 188416K, used 168375K [0x0000000080000000, 0x0000000100000000)
  region size 1024K, 59 young (60416K), 5 survivors (5120K)
 Metaspace       used 106055K, committed 108416K, reserved 557056K
  class space    used 15180K, committed 16384K, reserved 425984K
}
Event: 79.751 GC heap after
{Heap after GC invocations=50 (full 0):
 garbage-first heap   total 188416K, used 113806K [0x0000000080000000, 0x0000000100000000)
  region size 1024K, 4 young (4096K), 4 survivors (4096K)
 Metaspace       used 106055K, committed 108416K, reserved 557056K
  class space    used 15180K, committed 16384K, reserved 425984K
}
Event: 83.404 GC heap before
{Heap before GC invocations=50 (full 0):
 garbage-first heap   total 188416K, used 170126K [0x0000000080000000, 0x0000000100000000)
  region size 1024K, 59 young (60416K), 4 survivors (4096K)
 Metaspace       used 109028K, committed 111488K, reserved 557056K
  class space    used 15583K, committed 16832K, reserved 425984K
}
Event: 83.408 GC heap after
{Heap after GC invocations=51 (full 0):
 garbage-first heap   total 188416K, used 118401K [0x0000000080000000, 0x0000000100000000)
  region size 1024K, 8 young (8192K), 8 survivors (8192K)
 Metaspace       used 109028K, committed 111488K, reserved 557056K
  class space    used 15583K, committed 16832K, reserved 425984K
}

Dll operation events (15 events):
Event: 0.012 Loaded shared library C:\Users\berro\.vscode\extensions\redhat.java-1.55.0-win32-x64\jre\21.0.11-win32-x86_64\bin\java.dll
Event: 0.096 Loaded shared library C:\Users\berro\.vscode\extensions\redhat.java-1.55.0-win32-x64\jre\21.0.11-win32-x86_64\bin\zip.dll
Event: 0.122 Loaded shared library C:\Users\berro\.vscode\extensions\redhat.java-1.55.0-win32-x64\jre\21.0.11-win32-x86_64\bin\instrument.dll
Event: 0.128 Loaded shared library C:\Users\berro\.vscode\extensions\redhat.java-1.55.0-win32-x64\jre\21.0.11-win32-x86_64\bin\net.dll
Event: 0.131 Loaded shared library C:\Users\berro\.vscode\extensions\redhat.java-1.55.0-win32-x64\jre\21.0.11-win32-x86_64\bin\nio.dll
Event: 0.134 Loaded shared library C:\Users\berro\.vscode\extensions\redhat.java-1.55.0-win32-x64\jre\21.0.11-win32-x86_64\bin\zip.dll
Event: 0.360 Loaded shared library C:\Users\berro\.vscode\extensions\redhat.java-1.55.0-win32-x64\jre\21.0.11-win32-x86_64\bin\jimage.dll
Event: 0.495 Loaded shared library C:\Users\berro\.vscode\extensions\redhat.java-1.55.0-win32-x64\jre\21.0.11-win32-x86_64\bin\verify.dll
Event: 0.582 Loaded shared library C:\Users\berro\.gradle\native\1def1411415f61bf3af743bc5b6707747c0891f09f0c88961ee8f79bc544acac\windows-amd64\native-platform.dll
Event: 0.590 Loaded shared library C:\Users\berro\.gradle\native\0.2.7\x86_64-windows-gnu\gradle-fileevents.dll
Event: 1.665 Loaded shared library C:\Users\berro\.vscode\extensions\redhat.java-1.55.0-win32-x64\jre\21.0.11-win32-x86_64\bin\management.dll
Event: 1.673 Loaded shared library C:\Users\berro\.vscode\extensions\redhat.java-1.55.0-win32-x64\jre\21.0.11-win32-x86_64\bin\management_ext.dll
Event: 1.940 Loaded shared library C:\Users\berro\.vscode\extensions\redhat.java-1.55.0-win32-x64\jre\21.0.11-win32-x86_64\bin\extnet.dll
Event: 2.193 Loaded shared library C:\Users\berro\.vscode\extensions\redhat.java-1.55.0-win32-x64\jre\21.0.11-win32-x86_64\bin\sunmscapi.dll
Event: 40.316 Loaded shared library C:\Users\berro\.vscode\extensions\redhat.java-1.55.0-win32-x64\jre\21.0.11-win32-x86_64\bin\rmi.dll

Deoptimization events (20 events):
Event: 83.353 Thread 0x0000021d4b1c8ee0 Uncommon trap: trap_request=0xffffffbe fr.pc=0x0000021d1c7d56f8 relative=0x00000000000002f8
Event: 83.353 Thread 0x0000021d4b1c8ee0 Uncommon trap: reason=profile_predicate action=maybe_recompile pc=0x0000021d1c7d56f8 method=java.util.Collections.indexedBinarySearch(Ljava/util/List;Ljava/lang/Object;Ljava/util/Comparator;)I @ 15 c2
Event: 83.353 Thread 0x0000021d4b1c8ee0 DEOPT PACKING pc=0x0000021d1c7d56f8 sp=0x0000007141ef7d10
Event: 83.353 Thread 0x0000021d4b1c8ee0 DEOPT UNPACKING pc=0x0000021d1bb74422 sp=0x0000007141ef7c50 mode 2
Event: 83.354 Thread 0x0000021d4b1c8ee0 Uncommon trap: trap_request=0xffffffbe fr.pc=0x0000021d1c7d56f8 relative=0x00000000000002f8
Event: 83.354 Thread 0x0000021d4b1c8ee0 Uncommon trap: reason=profile_predicate action=maybe_recompile pc=0x0000021d1c7d56f8 method=java.util.Collections.indexedBinarySearch(Ljava/util/List;Ljava/lang/Object;Ljava/util/Comparator;)I @ 15 c2
Event: 83.354 Thread 0x0000021d4b1c8ee0 DEOPT PACKING pc=0x0000021d1c7d56f8 sp=0x0000007141ef7d10
Event: 83.354 Thread 0x0000021d4b1c8ee0 DEOPT UNPACKING pc=0x0000021d1bb74422 sp=0x0000007141ef7c50 mode 2
Event: 83.354 Thread 0x0000021d4b1c8ee0 Uncommon trap: trap_request=0xffffffbe fr.pc=0x0000021d1c7d56f8 relative=0x00000000000002f8
Event: 83.354 Thread 0x0000021d4b1c8ee0 Uncommon trap: reason=profile_predicate action=maybe_recompile pc=0x0000021d1c7d56f8 method=java.util.Collections.indexedBinarySearch(Ljava/util/List;Ljava/lang/Object;Ljava/util/Comparator;)I @ 15 c2
Event: 83.354 Thread 0x0000021d4b1c8ee0 DEOPT PACKING pc=0x0000021d1c7d56f8 sp=0x0000007141ef7d10
Event: 83.354 Thread 0x0000021d4b1c8ee0 DEOPT UNPACKING pc=0x0000021d1bb74422 sp=0x0000007141ef7c50 mode 2
Event: 83.362 Thread 0x0000021d4b1c8ee0 Uncommon trap: trap_request=0xffffffbe fr.pc=0x0000021d1c7d6268 relative=0x0000000000000268
Event: 83.362 Thread 0x0000021d4b1c8ee0 Uncommon trap: reason=profile_predicate action=maybe_recompile pc=0x0000021d1c7d6268 method=java.util.Collections.indexedBinarySearch(Ljava/util/List;Ljava/lang/Object;Ljava/util/Comparator;)I @ 15 c2
Event: 83.362 Thread 0x0000021d4b1c8ee0 DEOPT PACKING pc=0x0000021d1c7d6268 sp=0x0000007141ef7ca0
Event: 83.362 Thread 0x0000021d4b1c8ee0 DEOPT UNPACKING pc=0x0000021d1bb74422 sp=0x0000007141ef7c50 mode 2
Event: 83.384 Thread 0x0000021d4b1c8ee0 Uncommon trap: trap_request=0xffffff45 fr.pc=0x0000021d1c8925cc relative=0x00000000000000ac
Event: 83.384 Thread 0x0000021d4b1c8ee0 Uncommon trap: reason=unstable_if action=reinterpret pc=0x0000021d1c8925cc method=com.esotericsoftware.kryo.io.Output.writeByte(B)V @ 8 c2
Event: 83.384 Thread 0x0000021d4b1c8ee0 DEOPT PACKING pc=0x0000021d1c8925cc sp=0x0000007141ef7c50
Event: 83.384 Thread 0x0000021d4b1c8ee0 DEOPT UNPACKING pc=0x0000021d1bb74422 sp=0x0000007141ef7bd8 mode 2

Classes loaded (20 events):
Event: 73.992 Loading class sun/reflect/generics/tree/BooleanSignature
Event: 73.992 Loading class sun/reflect/generics/tree/BooleanSignature done
Event: 73.997 Loading class org/xml/sax/Locator
Event: 73.997 Loading class org/xml/sax/Locator done
Event: 73.997 Loading class org/xml/sax/SAXParseException
Event: 73.998 Loading class org/xml/sax/SAXParseException done
Event: 73.999 Loading class org/xml/sax/Attributes
Event: 74.000 Loading class org/xml/sax/Attributes done
Event: 78.884 Loading class java/util/concurrent/atomic/AtomicIntegerArray
Event: 78.884 Loading class java/util/concurrent/atomic/AtomicIntegerArray done
Event: 78.886 Loading class java/util/Currency
Event: 78.887 Loading class java/util/Currency done
Event: 78.889 Loading class java/util/concurrent/atomic/AtomicLongArray
Event: 78.890 Loading class java/util/concurrent/atomic/AtomicLongArray done
Event: 78.906 Loading class sun/reflect/generics/repository/FieldRepository
Event: 78.906 Loading class sun/reflect/generics/repository/FieldRepository done
Event: 78.914 Loading class jdk/internal/vm/annotation/ForceInline
Event: 78.914 Loading class jdk/internal/vm/annotation/ForceInline done
Event: 79.490 Loading class java/io/FileReader
Event: 79.491 Loading class java/io/FileReader done

Classes unloaded (0 events):
No events

Classes redefined (0 events):
No events

Internal exceptions (20 events):
Event: 75.467 Thread 0x0000021d4b1c8ee0 Exception <a 'java/lang/ClassNotFoundException'{0x0000000089262bb0}: org/jetbrains/kotlin/gradle/targets/js/npm/DefaultDevNpmDependencyExtensionCustomizer> (0x0000000089262bb0) 
thrown [s\src\hotspot\share\classfile\systemDictionary.cpp, line 313]
Event: 75.470 Thread 0x0000021d4b1c8ee0 Exception <a 'java/lang/ClassNotFoundException'{0x00000000892ac120}: org/jetbrains/kotlin/gradle/targets/js/npm/DefaultPeerNpmDependencyExtensionBeanInfo> (0x00000000892ac120) 
thrown [s\src\hotspot\share\classfile\systemDictionary.cpp, line 313]
Event: 75.470 Thread 0x0000021d4b1c8ee0 Exception <a 'java/lang/ClassNotFoundException'{0x00000000892b7e50}: org/jetbrains/kotlin/gradle/targets/js/npm/DefaultPeerNpmDependencyExtensionCustomizer> (0x00000000892b7e50) 
thrown [s\src\hotspot\share\classfile\systemDictionary.cpp, line 313]
Event: 75.472 Thread 0x0000021d4b1c8ee0 Exception <a 'java/lang/ClassNotFoundException'{0x000000008910a0c8}: org/jetbrains/kotlin/gradle/targets/js/npm/DefaultPeerNpmDependencyExtension$delegate$1BeanInfo> (0x000000008910a0c8) 
thrown [s\src\hotspot\share\classfile\systemDictionary.cpp, line 313]
Event: 75.473 Thread 0x0000021d4b1c8ee0 Exception <a 'java/lang/ClassNotFoundException'{0x0000000089116080}: org/jetbrains/kotlin/gradle/targets/js/npm/DefaultPeerNpmDependencyExtension$delegate$1Customizer> (0x0000000089116080) 
thrown [s\src\hotspot\share\classfile\systemDictionary.cpp, line 313]
Event: 75.483 Thread 0x0000021d4b1c8ee0 Exception <a 'java/lang/NoSuchFieldError'{0x00000000891f88d8}: Class org.gradle.api.logging.configuration.ConsoleOutput does not have member field 'org.gradle.api.logging.configuration.ConsoleOutput Colored'> (0x00000000891f88d8) 
thrown [s\src\hotspot\share\interpreter\linkResolver.cpp, line 982]
Event: 78.697 Thread 0x0000021d4b1c8ee0 Exception <a 'java/lang/NoSuchMethodError'{0x00000000880f81d0}: 'java.lang.Object java.lang.invoke.DirectMethodHandle$Holder.newInvokeSpecial(java.lang.Object, java.lang.Object, java.lang.Object, java.lang.Object, java.lang.Object, java.lang.Object, java.lang.Object, java.lang.Object, java.lang.Object, java.lang.Object, java.lang.Object, java.lang.Object, java.lang.Object, java.lang.Object)'> (0x00000000880f81d0) 
thrown [s\src\hotspot\share\interpreter\linkResolver.cpp, line 773]
Event: 78.915 Thread 0x0000021d4b1c8ee0 Exception <a 'java/lang/NoSuchMethodError'{0x000000008a10b018}: 'void java.lang.invoke.Invokers$Holder.invokeExact_MT(java.lang.Object, java.lang.Object, java.lang.Object, java.lang.Object)'> (0x000000008a10b018) 
thrown [s\src\hotspot\share\interpreter\linkResolver.cpp, line 773]
Event: 79.448 Thread 0x0000021d4b1c8ee0 Implicit null exception at 0x0000021d1c4bf45e to 0x0000021d1c4bf4e1
Event: 79.516 Thread 0x0000021d4b1c8ee0 Exception <a 'java/lang/NoSuchMethodError'{0x00000000891e8578}: 'void java.lang.invoke.Invokers$Holder.invokeExact_MT(java.lang.Object, java.lang.Object, int, java.lang.Object)'> (0x00000000891e8578) 
thrown [s\src\hotspot\share\interpreter\linkResolver.cpp, line 773]
Event: 80.829 Thread 0x0000021d4b1c8ee0 Exception <a 'java/lang/ClassNotFoundException'{0x000000008a698a40}: com/android/build/gradle/internal/api/ApkVariantOutputImpl_DecoratedBeanInfo> (0x000000008a698a40) 
thrown [s\src\hotspot\share\classfile\systemDictionary.cpp, line 313]
Event: 80.829 Thread 0x0000021d4b1c8ee0 Exception <a 'java/lang/ClassNotFoundException'{0x000000008a6a8520}: com/android/build/gradle/internal/api/ApkVariantOutputImplBeanInfo> (0x000000008a6a8520) 
thrown [s\src\hotspot\share\classfile\systemDictionary.cpp, line 313]
Event: 80.829 Thread 0x0000021d4b1c8ee0 Exception <a 'java/lang/ClassNotFoundException'{0x000000008a6b82d8}: com/android/build/gradle/internal/api/BaseVariantOutputImplBeanInfo> (0x000000008a6b82d8) 
thrown [s\src\hotspot\share\classfile\systemDictionary.cpp, line 313]
Event: 80.830 Thread 0x0000021d4b1c8ee0 Exception <a 'java/lang/ClassNotFoundException'{0x000000008a6c7db0}: com/android/build/gradle/internal/api/BaseVariantOutputImplCustomizer> (0x000000008a6c7db0) 
thrown [s\src\hotspot\share\classfile\systemDictionary.cpp, line 313]
Event: 80.830 Thread 0x0000021d4b1c8ee0 Exception <a 'java/lang/ClassNotFoundException'{0x000000008a6eb190}: com/android/build/gradle/internal/api/ApkVariantOutputImplCustomizer> (0x000000008a6eb190) 
thrown [s\src\hotspot\share\classfile\systemDictionary.cpp, line 313]
Event: 80.831 Thread 0x0000021d4b1c8ee0 Exception <a 'java/lang/ClassNotFoundException'{0x000000008a50a1c0}: com/android/build/gradle/internal/api/ApkVariantOutputImpl_DecoratedCustomizer> (0x000000008a50a1c0) 
thrown [s\src\hotspot\share\classfile\systemDictionary.cpp, line 313]
Event: 81.880 Thread 0x0000021d4b1c8ee0 Exception <a 'java/lang/ClassNotFoundException'{0x0000000089fb4788}: com/android/build/gradle/internal/api/ReadOnlyBuildTypeBeanInfo> (0x0000000089fb4788) 
thrown [s\src\hotspot\share\classfile\systemDictionary.cpp, line 313]
Event: 81.880 Thread 0x0000021d4b1c8ee0 Exception <a 'java/lang/ClassNotFoundException'{0x0000000089fc5788}: com/android/build/gradle/internal/api/ReadOnlyBaseConfigBeanInfo> (0x0000000089fc5788) 
thrown [s\src\hotspot\share\classfile\systemDictionary.cpp, line 313]
Event: 81.880 Thread 0x0000021d4b1c8ee0 Exception <a 'java/lang/ClassNotFoundException'{0x0000000089fd67b0}: com/android/build/gradle/internal/api/ReadOnlyBaseConfigCustomizer> (0x0000000089fd67b0) 
thrown [s\src\hotspot\share\classfile\systemDictionary.cpp, line 313]
Event: 81.881 Thread 0x0000021d4b1c8ee0 Exception <a 'java/lang/ClassNotFoundException'{0x0000000089ff8890}: com/android/build/gradle/internal/api/ReadOnlyBuildTypeCustomizer> (0x0000000089ff8890) 
thrown [s\src\hotspot\share\classfile\systemDictionary.cpp, line 313]

ZGC Phase Switch (0 events):
No events

VM Operations (20 events):
Event: 79.197 Executing safepoint VM operation: G1CollectForAllocation (G1 Evacuation Pause) done
Event: 79.489 Executing non-safepoint VM operation: HandshakeAllThreads (Deoptimize)
Event: 79.489 Executing non-safepoint VM operation: HandshakeAllThreads (Deoptimize) done
Event: 79.492 Executing non-safepoint VM operation: HandshakeAllThreads (Deoptimize)
Event: 79.492 Executing non-safepoint VM operation: HandshakeAllThreads (Deoptimize) done
Event: 79.710 Executing safepoint VM operation: ICBufferFull
Event: 79.710 Executing safepoint VM operation: ICBufferFull done
Event: 79.747 Executing safepoint VM operation: G1CollectForAllocation (G1 Evacuation Pause)
Event: 79.751 Executing safepoint VM operation: G1CollectForAllocation (G1 Evacuation Pause) done
Event: 80.751 Executing safepoint VM operation: Cleanup
Event: 80.764 Executing safepoint VM operation: Cleanup done
Event: 81.765 Executing safepoint VM operation: Cleanup
Event: 81.861 Executing safepoint VM operation: Cleanup done
Event: 81.976 Executing non-safepoint VM operation: HandshakeAllThreads (Deoptimize)
Event: 81.976 Executing non-safepoint VM operation: HandshakeAllThreads (Deoptimize) done
Event: 82.976 Executing safepoint VM operation: Cleanup
Event: 82.976 Executing safepoint VM operation: Cleanup done
Event: 83.404 Executing safepoint VM operation: G1CollectForAllocation (G1 Evacuation Pause)
Event: 83.408 Executing safepoint VM operation: G1CollectForAllocation (G1 Evacuation Pause) done
Event: 83.437 Executing safepoint VM operation: G1PauseRemark

Memory protections (0 events):
No events

Nmethod flushes (20 events):
Event: 83.440 Thread 0x0000021d29fb28c0 flushing  nmethod 0x0000021d1c5b9b90
Event: 83.440 Thread 0x0000021d29fb28c0 flushing  nmethod 0x0000021d13f72b10
Event: 83.440 Thread 0x0000021d29fb28c0 flushing  nmethod 0x0000021d14008e10
Event: 83.440 Thread 0x0000021d29fb28c0 flushing  nmethod 0x0000021d14009b10
Event: 83.440 Thread 0x0000021d29fb28c0 flushing  nmethod 0x0000021d14009e90
Event: 83.440 Thread 0x0000021d29fb28c0 flushing  nmethod 0x0000021d14150510
Event: 83.440 Thread 0x0000021d29fb28c0 flushing  nmethod 0x0000021d1419f890
Event: 83.440 Thread 0x0000021d29fb28c0 flushing  nmethod 0x0000021d141a0210
Event: 83.440 Thread 0x0000021d29fb28c0 flushing  nmethod 0x0000021d14208790
Event: 83.440 Thread 0x0000021d29fb28c0 flushing  nmethod 0x0000021d142f3110
Event: 83.440 Thread 0x0000021d29fb28c0 flushing  nmethod 0x0000021d142f3410
Event: 83.440 Thread 0x0000021d29fb28c0 flushing  nmethod 0x0000021d142f3f90
Event: 83.440 Thread 0x0000021d29fb28c0 flushing  nmethod 0x0000021d142f4890
Event: 83.440 Thread 0x0000021d29fb28c0 flushing  nmethod 0x0000021d1436b610
Event: 83.440 Thread 0x0000021d29fb28c0 flushing  nmethod 0x0000021d1436f010
Event: 83.440 Thread 0x0000021d29fb28c0 flushing  nmethod 0x0000021d143ac010
Event: 83.440 Thread 0x0000021d29fb28c0 flushing  nmethod 0x0000021d143d9a90
Event: 83.440 Thread 0x0000021d29fb28c0 flushing  nmethod 0x0000021d1457d590
Event: 83.440 Thread 0x0000021d29fb28c0 flushing  nmethod 0x0000021d14b2fe10
Event: 83.440 Thread 0x0000021d29fb28c0 flushing  nmethod 0x0000021d14b30410

Events (20 events):
Event: 75.071 Thread 0x0000021d4b1c8ee0 Thread added: 0x0000021d4de607f0
Event: 75.304 Thread 0x0000021d50d7de00 Thread exited: 0x0000021d50d7de00
Event: 75.641 Thread 0x0000021d450fd4b0 Thread added: 0x0000021d50d83d60
Event: 76.036 Thread 0x0000021d50d83d60 Thread exited: 0x0000021d50d83d60
Event: 76.947 Thread 0x0000021d50d81480 Thread exited: 0x0000021d50d81480
Event: 77.073 Thread 0x0000021d50d806e0 Thread exited: 0x0000021d50d806e0
Event: 78.318 Thread 0x0000021d50d7eba0 Thread exited: 0x0000021d50d7eba0
Event: 78.532 Thread 0x0000021d450fd4b0 Thread added: 0x0000021d4c985c10
Event: 78.917 Thread 0x0000021d450fd4b0 Thread added: 0x0000021d4c9862e0
Event: 78.917 Thread 0x0000021d450fd4b0 Thread added: 0x0000021d50d806e0
Event: 78.917 Thread 0x0000021d450fd4b0 Thread added: 0x0000021d4beec240
Event: 78.941 Thread 0x0000021d450fd4b0 Thread added: 0x0000021d4beed6b0
Event: 79.158 Thread 0x0000021d4beed6b0 Thread exited: 0x0000021d4beed6b0
Event: 80.771 Thread 0x0000021d4c985c10 Thread exited: 0x0000021d4c985c10
Event: 80.771 Thread 0x0000021d4beec240 Thread exited: 0x0000021d4beec240
Event: 81.867 Thread 0x0000021d50d806e0 Thread exited: 0x0000021d50d806e0
Event: 81.867 Thread 0x0000021d4c9862e0 Thread exited: 0x0000021d4c9862e0
Event: 81.948 Thread 0x0000021d450fd4b0 Thread added: 0x0000021d4beef8c0
Event: 81.958 Thread 0x0000021d450fd4b0 Thread added: 0x0000021d4beec240
Event: 82.177 Thread 0x0000021d450fd4b0 Thread added: 0x0000021d4beeff90


Dynamic libraries:
0x00007ff6fc710000 - 0x00007ff6fc71e000 	C:\Users\berro\.vscode\extensions\redhat.java-1.55.0-win32-x64\jre\21.0.11-win32-x86_64\bin\java.exe
0x00007ffcd07e0000 - 0x00007ffcd0a46000 	C:\WINDOWS\SYSTEM32\ntdll.dll
0x00007ffcce510000 - 0x00007ffcce5d9000 	C:\WINDOWS\System32\KERNEL32.DLL
0x00007ffccdb90000 - 0x00007ffccdf8f000 	C:\WINDOWS\System32\KERNELBASE.dll
0x00007ffcce280000 - 0x00007ffcce3cc000 	C:\WINDOWS\System32\ucrtbase.dll
0x00007ffcbacf0000 - 0x00007ffcbad08000 	C:\Users\berro\.vscode\extensions\redhat.java-1.55.0-win32-x64\jre\21.0.11-win32-x86_64\bin\jli.dll
0x00007ffcba310000 - 0x00007ffcba32e000 	C:\Users\berro\.vscode\extensions\redhat.java-1.55.0-win32-x64\jre\21.0.11-win32-x86_64\bin\VCRUNTIME140.dll
0x00007ffcce820000 - 0x00007ffcce9e6000 	C:\WINDOWS\System32\USER32.dll
0x00007ffc7c5a0000 - 0x00007ffc7c831000 	C:\WINDOWS\WinSxS\amd64_microsoft.windows.common-controls_6595b64144ccf1df_6.0.26100.8972_none_3e0da176e32f9d4b\COMCTL32.dll
0x00007ffccdb60000 - 0x00007ffccdb87000 	C:\WINDOWS\System32\win32u.dll
0x00007ffccece0000 - 0x00007ffcced89000 	C:\WINDOWS\System32\msvcrt.dll
0x00007ffcd06a0000 - 0x00007ffcd06cb000 	C:\WINDOWS\System32\GDI32.dll
0x00007ffcce3e0000 - 0x00007ffcce509000 	C:\WINDOWS\System32\gdi32full.dll
0x00007ffccdab0000 - 0x00007ffccdb53000 	C:\WINDOWS\System32\msvcp_win.dll
0x00007ffcd05c0000 - 0x00007ffcd05f2000 	C:\WINDOWS\System32\IMM32.DLL
0x00007ffcbb0b0000 - 0x00007ffcbb0bc000 	C:\Users\berro\.vscode\extensions\redhat.java-1.55.0-win32-x64\jre\21.0.11-win32-x86_64\bin\vcruntime140_1.dll
0x00007ffca9880000 - 0x00007ffca990d000 	C:\Users\berro\.vscode\extensions\redhat.java-1.55.0-win32-x64\jre\21.0.11-win32-x86_64\bin\msvcp140.dll
0x00007ffc28190000 - 0x00007ffc28f32000 	C:\Users\berro\.vscode\extensions\redhat.java-1.55.0-win32-x64\jre\21.0.11-win32-x86_64\bin\server\jvm.dll
0x00007ffcce9f0000 - 0x00007ffcceaac000 	C:\WINDOWS\System32\ADVAPI32.dll
0x00007ffcce740000 - 0x00007ffcce7ea000 	C:\WINDOWS\System32\sechost.dll
0x00007ffccf620000 - 0x00007ffccf738000 	C:\WINDOWS\System32\RPCRT4.dll
0x00007ffcd0700000 - 0x00007ffcd0782000 	C:\WINDOWS\System32\WS2_32.dll
0x00007ffccd850000 - 0x00007ffccd8ae000 	C:\WINDOWS\SYSTEM32\POWRPROF.dll
0x00007ffcc7540000 - 0x00007ffcc754b000 	C:\WINDOWS\SYSTEM32\VERSION.dll
0x00007ffcc3960000 - 0x00007ffcc3996000 	C:\WINDOWS\SYSTEM32\WINMM.dll
0x00007ffccd830000 - 0x00007ffccd845000 	C:\WINDOWS\SYSTEM32\UMPDC.dll
0x00007ffccc6a0000 - 0x00007ffccc6bb000 	C:\WINDOWS\SYSTEM32\kernel.appcore.dll
0x00007ffcbafc0000 - 0x00007ffcbafca000 	C:\Users\berro\.vscode\extensions\redhat.java-1.55.0-win32-x64\jre\21.0.11-win32-x86_64\bin\jimage.dll
0x00007ffccac00000 - 0x00007ffccae42000 	C:\WINDOWS\SYSTEM32\DBGHELP.DLL
0x00007ffccf8b0000 - 0x00007ffccfc35000 	C:\WINDOWS\System32\combase.dll
0x00007ffccf740000 - 0x00007ffccf819000 	C:\WINDOWS\System32\OLEAUT32.dll
0x00007ffcbc900000 - 0x00007ffcbc93b000 	C:\WINDOWS\SYSTEM32\dbgcore.DLL
0x00007ffccd9f0000 - 0x00007ffccda9c000 	C:\WINDOWS\System32\bcryptPrimitives.dll
0x00007ffcb8c00000 - 0x00007ffcb8c0f000 	C:\Users\berro\.vscode\extensions\redhat.java-1.55.0-win32-x64\jre\21.0.11-win32-x86_64\bin\instrument.dll
0x00007ffcba2f0000 - 0x00007ffcba310000 	C:\Users\berro\.vscode\extensions\redhat.java-1.55.0-win32-x64\jre\21.0.11-win32-x86_64\bin\java.dll
0x00007ffccee90000 - 0x00007ffccf618000 	C:\WINDOWS\System32\SHELL32.dll
0x00007ffccb480000 - 0x00007ffccbd1b000 	C:\WINDOWS\SYSTEM32\windows.storage.dll
0x00007ffcced90000 - 0x00007ffccee89000 	C:\WINDOWS\System32\SHCORE.dll
0x00007ffcd0350000 - 0x00007ffcd03b6000 	C:\WINDOWS\System32\shlwapi.dll
0x00007ffccd910000 - 0x00007ffccd939000 	C:\WINDOWS\SYSTEM32\profapi.dll
0x00007ffcba160000 - 0x00007ffcba178000 	C:\Users\berro\.vscode\extensions\redhat.java-1.55.0-win32-x64\jre\21.0.11-win32-x86_64\bin\zip.dll
0x00007ffcbac40000 - 0x00007ffcbac50000 	C:\Users\berro\.vscode\extensions\redhat.java-1.55.0-win32-x64\jre\21.0.11-win32-x86_64\bin\net.dll
0x00007ffcc61c0000 - 0x00007ffcc62e8000 	C:\WINDOWS\SYSTEM32\WINHTTP.dll
0x00007ffcccc30000 - 0x00007ffcccc9c000 	C:\WINDOWS\system32\mswsock.dll
0x00007ffcb9f30000 - 0x00007ffcb9f46000 	C:\Users\berro\.vscode\extensions\redhat.java-1.55.0-win32-x64\jre\21.0.11-win32-x86_64\bin\nio.dll
0x00007ffcba2e0000 - 0x00007ffcba2f0000 	C:\Users\berro\.vscode\extensions\redhat.java-1.55.0-win32-x64\jre\21.0.11-win32-x86_64\bin\verify.dll
0x00007ffcb8580000 - 0x00007ffcb85a7000 	C:\Users\berro\.gradle\native\1def1411415f61bf3af743bc5b6707747c0891f09f0c88961ee8f79bc544acac\windows-amd64\native-platform.dll
0x00007ffc9ffa0000 - 0x00007ffca0018000 	C:\Users\berro\.gradle\native\0.2.7\x86_64-windows-gnu\gradle-fileevents.dll
0x00007ffcba150000 - 0x00007ffcba15a000 	C:\Users\berro\.vscode\extensions\redhat.java-1.55.0-win32-x64\jre\21.0.11-win32-x86_64\bin\management.dll
0x00007ffcb8b90000 - 0x00007ffcb8b9c000 	C:\Users\berro\.vscode\extensions\redhat.java-1.55.0-win32-x64\jre\21.0.11-win32-x86_64\bin\management_ext.dll
0x00007ffcd0690000 - 0x00007ffcd0698000 	C:\WINDOWS\System32\PSAPI.DLL
0x00007ffccc050000 - 0x00007ffccc083000 	C:\WINDOWS\SYSTEM32\IPHLPAPI.DLL
0x00007ffcd0790000 - 0x00007ffcd079a000 	C:\WINDOWS\System32\NSI.dll
0x00007ffcb8b80000 - 0x00007ffcb8b89000 	C:\Users\berro\.vscode\extensions\redhat.java-1.55.0-win32-x64\jre\21.0.11-win32-x86_64\bin\extnet.dll
0x00007ffccd050000 - 0x00007ffccd06b000 	C:\WINDOWS\SYSTEM32\CRYPTSP.dll
0x00007ffccc600000 - 0x00007ffccc639000 	C:\WINDOWS\system32\rsaenh.dll
0x00007ffcccce0000 - 0x00007ffcccd12000 	C:\WINDOWS\SYSTEM32\USERENV.dll
0x00007ffccd8e0000 - 0x00007ffccd90a000 	C:\WINDOWS\SYSTEM32\bcrypt.dll
0x00007ffccce90000 - 0x00007ffccce9c000 	C:\WINDOWS\SYSTEM32\CRYPTBASE.dll
0x00007ffcb8bf0000 - 0x00007ffcb8bfe000 	C:\Users\berro\.vscode\extensions\redhat.java-1.55.0-win32-x64\jre\21.0.11-win32-x86_64\bin\sunmscapi.dll
0x00007ffcce0f0000 - 0x00007ffcce26e000 	C:\WINDOWS\System32\CRYPT32.dll
0x00007ffccd1c0000 - 0x00007ffccd1f0000 	C:\WINDOWS\SYSTEM32\ncrypt.dll
0x00007ffccd170000 - 0x00007ffccd1af000 	C:\WINDOWS\SYSTEM32\NTASN1.dll
0x00007ffc89be0000 - 0x00007ffc89be8000 	C:\WINDOWS\system32\wshunix.dll
0x00007ffcbcc20000 - 0x00007ffcbcc27000 	C:\Users\berro\.vscode\extensions\redhat.java-1.55.0-win32-x64\jre\21.0.11-win32-x86_64\bin\rmi.dll

JVMTI agents:
C:\Users\berro\.gradle\wrapper\dists\gradle-8.14-all\c2qonpi39x1mddn7hk5gh9iqj\gradle-8.14\lib\agents\gradle-instrumentation-agent-8.14.jar path:C:\Users\berro\.vscode\extensions\redhat.java-1.55.0-win32-x64\jre\21.0.11-win32-x86_64\bin\instrument.dll, loaded, initialized, instrumentlib options:none

dbghelp: loaded successfully - version: 4.0.5 - missing functions: none
symbol engine: initialized successfully - sym options: 0x614 - pdb path: .;C:\Users\berro\.vscode\extensions\redhat.java-1.55.0-win32-x64\jre\21.0.11-win32-x86_64\bin;C:\WINDOWS\SYSTEM32;C:\WINDOWS\WinSxS\amd64_microsoft.windows.common-controls_6595b64144ccf1df_6.0.26100.8972_none_3e0da176e32f9d4b;C:\Users\berro\.vscode\extensions\redhat.java-1.55.0-win32-x64\jre\21.0.11-win32-x86_64\bin\server;C:\Users\berro\.gradle\native\1def1411415f61bf3af743bc5b6707747c0891f09f0c88961ee8f79bc544acac\windows-amd64;C:\Users\berro\.gradle\native\0.2.7\x86_64-windows-gnu

VM Arguments:
jvm_args: --add-opens=java.base/java.lang=ALL-UNNAMED --add-opens=java.base/java.lang.invoke=ALL-UNNAMED --add-opens=java.base/java.util=ALL-UNNAMED --add-opens=java.prefs/java.util.prefs=ALL-UNNAMED --add-exports=jdk.compiler/com.sun.tools.javac.api=ALL-UNNAMED --add-exports=jdk.compiler/com.sun.tools.javac.util=ALL-UNNAMED --add-opens=java.base/java.util=ALL-UNNAMED --add-opens=java.prefs/java.util.prefs=ALL-UNNAMED --add-opens=java.base/java.nio.charset=ALL-UNNAMED --add-opens=java.base/java.net=ALL-UNNAMED --add-opens=java.base/java.util.concurrent.atomic=ALL-UNNAMED --add-opens=java.xml/javax.xml.namespace=ALL-UNNAMED -XX:MaxMetaspaceSize=512m -XX:ReservedCodeCacheSize=256m -XX:+HeapDumpOnOutOfMemoryError -Xss1m -Xmx2048m -Dfile.encoding=UTF-8 -Duser.country=FR -Duser.language=fr -Duser.variant -javaagent:C:\Users\berro\.gradle\wrapper\dists\gradle-8.14-all\c2qonpi39x1mddn7hk5gh9iqj\gradle-8.14\lib\agents\gradle-instrumentation-agent-8.14.jar 
java_command: org.gradle.launcher.daemon.bootstrap.GradleDaemon 8.14
java_class_path (initial): C:\Users\berro\.gradle\wrapper\dists\gradle-8.14-all\c2qonpi39x1mddn7hk5gh9iqj\gradle-8.14\lib\gradle-daemon-main-8.14.jar
Launcher Type: SUN_STANDARD

[Global flags]
     intx CICompilerCount                          = 12                                        {product} {ergonomic}
   size_t CompressedClassSpaceSize                 = 436207616                                 {product} {ergonomic}
     uint ConcGCThreads                            = 3                                         {product} {ergonomic}
     uint G1ConcRefinementThreads                  = 13                                        {product} {ergonomic}
   size_t G1HeapRegionSize                         = 1048576                                   {product} {ergonomic}
    uintx GCDrainStackTargetSize                   = 64                                        {product} {ergonomic}
     bool HeapDumpOnOutOfMemoryError               = true                                   {manageable} {command line}
   size_t InitialHeapSize                          = 262144000                                 {product} {ergonomic}
   size_t MarkStackSize                            = 4194304                                   {product} {ergonomic}
   size_t MaxHeapSize                              = 2147483648                                {product} {command line}
   size_t MaxMetaspaceSize                         = 536870912                                 {product} {command line}
   size_t MaxNewSize                               = 1287651328                                {product} {ergonomic}
   size_t MinHeapDeltaBytes                        = 1048576                                   {product} {ergonomic}
   size_t MinHeapSize                              = 8388608                                   {product} {ergonomic}
    uintx NonNMethodCodeHeapSize                   = 7602480                                {pd product} {ergonomic}
    uintx NonProfiledCodeHeapSize                  = 130416488                              {pd product} {ergonomic}
    uintx ProfiledCodeHeapSize                     = 130416488                              {pd product} {ergonomic}
    uintx ReservedCodeCacheSize                    = 268435456                              {pd product} {command line}
     bool SegmentedCodeCache                       = true                                      {product} {ergonomic}
   size_t SoftMaxHeapSize                          = 2147483648                             {manageable} {ergonomic}
     intx ThreadStackSize                          = 1024                                   {pd product} {command line}
     bool UseCompressedOops                        = true                           {product lp64_product} {ergonomic}
     bool UseG1GC                                  = true                                      {product} {ergonomic}
     bool UseLargePagesIndividualAllocation        = false                                  {pd product} {ergonomic}

Logging:
Log output configuration:
 #0: stdout all=warning uptime,level,tags foldmultilines=false
 #1: stderr all=off uptime,level,tags foldmultilines=false

Release file:
JAVA_VERSION="21.0.11" 
MODULES="java.base java.compiler java.datatransfer java.xml java.prefs java.desktop java.instrument java.logging java.management java.security.sasl java.naming java.rmi java.management.rmi java.net.http java.scripting java.security.jgss java.transaction.xa java.sql java.sql.rowset java.xml.crypto java.se java.smartcardio jdk.accessibility jdk.internal.jvmstat jdk.attach jdk.charsets jdk.internal.opt jdk.zipfs jdk.compiler jdk.crypto.ec jdk.crypto.cryptoki jdk.crypto.mscapi jdk.dynalink jdk.internal.ed jdk.editpad jdk.hotspot.agent jdk.httpserver jdk.internal.le jdk.internal.vm.ci jdk.internal.vm.compiler jdk.internal.vm.compiler.management jdk.jartool jdk.javadoc jdk.jcmd jdk.management jdk.management.agent jdk.jconsole jdk.jdeps jdk.jdwp.agent jdk.jdi jdk.jfr jdk.jshell jdk.jsobject jdk.jstatd jdk.localedata jdk.management.jfr jdk.naming.dns jdk.naming.rmi jdk.net jdk.nio.mapmode jdk.random jdk.sctp jdk.security.auth jdk.security.jgss jdk.unsupported jdk.unsupported.desktop jdk.xml.dom" 

Environment Variables:
PATH=C:\Python314\Scripts\;C:\Python314\;C:\Program Files\Common Files\Oracle\Java\javapath;C:\WINDOWS\system32;C:\WINDOWS;C:\WINDOWS\System32\Wbem;C:\WINDOWS\System32\WindowsPowerShell\v1.0\;C:\WINDOWS\System32\OpenSSH\;C:\Program Files\Git\cmd;C:\MinGW\bin;C:\flutter;C:\Program Files\nodejs\;C:\ProgramData\chocolatey\bin;C:\Program Files\nodejs\node_modules\npm\bin;C:\Program Files\PostgreSQL\18\bin;C:\Users\berro\AppData\Local\Programs\Python\Launcher\;C:\Users\berro\AppData\Local\Microsoft\WindowsApps;C:\Users\berro\AppData\Local\Programs\Microsoft VS Code\bin;C:\flutter\bin;C:\Users\berro\AppData\Local\Kingsoft\WPS Office\12.1.0.27458\clitool;C:\Users\berro\AppData\Roaming\npm;
USERNAME=berro
OS=Windows_NT
PROCESSOR_IDENTIFIER=Intel64 Family 6 Model 183 Stepping 1, GenuineIntel
TMP=C:\Users\berro\AppData\Local\Temp
TEMP=C:\Users\berro\AppData\Local\Temp




Periodic native trim disabled

---------------  S Y S T E M  ---------------

OS:
 Windows 11 , 64 bit Build 26100 (10.0.26100.9168)
OS uptime: 2 days 13:20 hours
Hyper-V role detected

CPU: total 16 (initial active 16) (8 cores per cpu, 2 threads per core) family 6 model 183 stepping 1 microcode 0x12b, cx8, cmov, fxsr, ht, mmx, 3dnowpref, sse, sse2, sse3, ssse3, sse4.1, sse4.2, popcnt, lzcnt, tsc, tscinvbit, avx, avx2, aes, erms, clmul, bmi1, bmi2, adx, sha, fma, vzeroupper, clflush, clflushopt, clwb, hv, serialize, rdtscp, rdpid, fsrm, f16c, cet_ibt, cet_ss
Processor Information for processor 0
  Max Mhz: 2500, Current Mhz: 2500, Mhz Limit: 2500
Processor Information for processor 1
  Max Mhz: 2500, Current Mhz: 2500, Mhz Limit: 2500
Processor Information for processor 2
  Max Mhz: 2500, Current Mhz: 2500, Mhz Limit: 2500
Processor Information for processor 3
  Max Mhz: 2500, Current Mhz: 2500, Mhz Limit: 2500
Processor Information for processor 4
  Max Mhz: 2500, Current Mhz: 2500, Mhz Limit: 2500
Processor Information for processor 5
  Max Mhz: 2500, Current Mhz: 2500, Mhz Limit: 2500
Processor Information for processor 6
  Max Mhz: 2500, Current Mhz: 2500, Mhz Limit: 2500
Processor Information for processor 7
  Max Mhz: 2500, Current Mhz: 2500, Mhz Limit: 2500
Processor Information for processor 8
  Max Mhz: 2500, Current Mhz: 2500, Mhz Limit: 2500
Processor Information for processor 9
  Max Mhz: 2500, Current Mhz: 2500, Mhz Limit: 2500
Processor Information for processor 10
  Max Mhz: 2500, Current Mhz: 2500, Mhz Limit: 2500
Processor Information for processor 11
  Max Mhz: 2500, Current Mhz: 2500, Mhz Limit: 2500
Processor Information for processor 12
  Max Mhz: 2500, Current Mhz: 1800, Mhz Limit: 1800
Processor Information for processor 13
  Max Mhz: 2500, Current Mhz: 1800, Mhz Limit: 1800
Processor Information for processor 14
  Max Mhz: 2500, Current Mhz: 1800, Mhz Limit: 1800
Processor Information for processor 15
  Max Mhz: 2500, Current Mhz: 1800, Mhz Limit: 1800

Memory: 4k page, system-wide physical 15998M (557M free)
TotalPageFile size 25990M (AvailPageFile size 9M)
current process WorkingSet (physical memory assigned to process): 436M, peak: 436M
current process commit charge ("private bytes"): 535M, peak: 545M

vm_info: OpenJDK 64-Bit Server VM (21.0.11+10-LTS) for windows-amd64 JRE (21.0.11+10-LTS), built on 2026-04-21T00:00:00Z by "admin" with MS VC++ 17.12 (VS2022)

END.
